--------- beginning of main
06-03 02:24:31.185 25369 25369 I VRI[ShellActivity]@503d92: ViewPostIme pointer 0
06-03 02:24:31.192 25369 25369 I GestureDetector: obtain mCurrentDownEvent. id: -880773245 caller: io.sentry.android.core.internal.gestures.g.a:5 io.sentry.android.core.internal.gestures.g.dispatchTouchEvent:12 com.android.internal.policy.DecorView.dispatchTouchEvent:728 
06-03 02:24:31.210 25369 25369 I VRI[ShellActivity]@503d92: call setFrameRateCategory for touch hint category=high hint, reason=touch, vri=VRI[ShellActivity]@503d92
06-03 02:24:31.215 25369 25369 I VRI[ShellActivity]@503d92: ViewPostIme pointer 1
06-03 02:24:31.216 25369 25369 I GestureDetector: obtain mCurrentMotionEventRaw. action: 1 id: -946164697
06-03 02:24:31.351 25369 25369 I View    : setRequestedFrameRate frameRate=NaN, this=androidx.compose.ui.platform.AndroidComposeView{13e8151 VFED..... ........ 0,0-1080,2340 aid=1073741824}, caller=android.view.ViewGroup.setRequestedFrameRate:9952 fr.a:1 androidx.compose.ui.platform.AndroidComposeView.dispatchDraw:100 android.view.View.draw:26345 android.view.View.updateDisplayListIfDirty:25175 
06-03 02:24:31.351 25369 25369 I View    : setRequestedFrameRate frameRate=NaN, this=android.view.View{e3b4c10 V.ED..... ........ 0,0-0,0}, caller=fr.a:1 androidx.compose.ui.platform.AndroidComposeView.dispatchDraw:109 android.view.View.draw:26345 android.view.View.updateDisplayListIfDirty:25175 android.view.ViewGroup.recreateChildDisplayList:4794 
--------- beginning of system
06-03 02:24:31.436 25369 25369 D ActivityThread: com.lotterynet.pro will use render engine as VK
06-03 02:24:31.685 25369 25373 I .lotterynet.pro: Background concurrent mark compact GC freed 12MB AllocSpace bytes, 38(1240KB) LOS objects, 49% free, 16MB/32MB, paused 904us,7.652ms total 60.265ms
06-03 02:24:31.704 25369 25369 I DecorView: setWindowBackground: isPopOver=false color=fff8fafc d=android.graphics.drawable.ColorDrawable@7ce776d
06-03 02:24:31.711 25369 25369 I Supabase-Core: SupabaseClient created! Please report any bugs you find.
06-03 02:24:31.755 25369 25369 I ViewRootImpl: dVRR is disabled
06-03 02:24:31.755 25369 25396 D NativeCustomFrequencyManager: [NativeCFMS] BpCustomFrequencyManager::BpCustomFrequencyManager()
06-03 02:24:31.779 25369 25369 D InputTransport: Input channel constructed: 'fc6c4dc', fd=203
06-03 02:24:31.782 25369 25369 I InsetsController: onStateChanged: host=com.lotterynet.pro/com.lotterynet.pro.ui.admin.AdminMonitorActivity, from=android.view.ViewRootImpl.onInsetsStateChanged:3026, state=InsetsState: {mDisplayFrame=Rect(0, 0 - 1080, 2340), mDisplayCutout=DisplayCutout{insets=Rect(0, 80 - 0, 0) waterfall=Insets{left=0, top=0, right=0, bottom=0} boundingRect={Bounds=[Rect(0, 0 - 0, 0), Rect(472, 0 - 608, 80), Rect(0, 0 - 0, 0), Rect(0, 0 - 0, 0)]} cutoutPathParserInfo={CutoutPathParserInfo{displayWidth=1080 displayHeight=2340 physicalDisplayWidth=1080 physicalDisplayHeight=2340 density={2.8125} cutoutSpec={M 0,0 H -24.177777778 V 28.4444444444 H 24.177777778 V 0 H 0 Z @dp} rotation={0} scale={1.0} physicalPixelDisplaySizeRatio={1.0}}} sideOverrides={}}, mRoundedCorners=RoundedCorners{[RoundedCorner{position=TopLeft, radius=113, center=Point(113, 113)}, RoundedCorner{position=TopRight, radius=113, center=Point(967, 113)}, RoundedCorner{position=BottomRight, radius=113, center=Point(967, 2227)}, RoundedCorner{position=BottomLeft, radius=113, center=Point(113, 2227)}]}  mRoundedCornerFrame=Rect(0, 0 - 1080, 2340), mPrivacyIndicatorBounds=PrivacyIndicatorBounds {static bounds=Rect(956, 0 - 1080, 80) rotation=0}, mDisplayShape=DisplayShape{ spec=-311912193 displayWidth=1080 displayHeight=2340 physicalPixelDisplaySizeRatio=1.0 rotation=0 offsetX=0 offsetY=0 scale=1.0}, mSources= { InsetsSource: {e4b20000 mType=statusBars mFrame=[0,0][1080,80] mVisible=true mFlags= mSideHint=TOP mBoundingRects=null}, InsetsSource: {e4b20005 mType=mandatorySystemGestures mFrame=[0,0][1080,114] mVisible=true mFlags= mSideHint=TOP mBoundingRects=null}, InsetsSource: {e4b20006 mType=tappableElement mFrame=[0,0][1080,80] mVisible=true mFlags= mSideHint=TOP mBoundingRects=null}, InsetsSource: {3 mType=ime mFrame=[0,0][0,0] mVisible=false mFlags= mSideHint=NONE mBoundingRects=null}, InsetsSource: {27 mType=displayCutout mFrame=[0,0][1080,80] mVisible=true mFlags= mSideHint=TOP mBoundingRects=null}, InsetsSource: {2e8d0001 mType=navigationBars mFrame=[0,2205][1080,2340] mVisible=true mFlags= mSideHint=BOTTOM mBoundingRects=null}, InsetsSource: {2e8d0004 mType=systemGestures mFrame=[0,0][0,0] mVisible=true mFlags= mSideHint=NONE mBoundingRects=null}, InsetsSource: {2e8d0005 mType=mandatorySystemGestures mFrame=[0,2205][1080,2340] mVisible=true mFlags= mSideHint=BOTTOM mBoundingRects=null}, InsetsSource: {2e8d0006 mType=tappableElement mFrame=[0,2205][1080,2340] mVisible=true mFlags= mSideHint=BOTTOM mBoundingRects=null}, InsetsSource: {2e8d0024 mType=systemGestures mFrame=[0,0][0,0] mVisible=true mFlags= mSideHint=NONE mBoundingRects=null} }
06-03 02:24:31.782 25369 25369 I VRI[AdminMonitorActivity]@9f5d552: synced displayState. AttachInfo displayState=2
06-03 02:24:31.784 25369 25369 I VRI[AdminMonitorActivity]@9f5d552: setView = com.android.internal.policy.DecorView@fcf7b7f IsHRR=false mFlingFrameRateChange=0 TM=true
06-03 02:24:31.784 25369 25369 I Choreographer: Skipped 31 frames!  The application may be doing too much work on its main thread.
06-03 02:24:31.931 25369 25369 D BufferQueueConsumer: [](id:63190000002b,api:0,p:-1,c:25369) connect: controlledByApp=false
06-03 02:24:31.933 25369 25369 I BLASTBufferQueue: [VRI[AdminMonitorActivity]@9f5d552#43](f:0,a:0,s:0) constructor()
06-03 02:24:31.936 25369 25369 I BLASTBufferQueue_Java: new BLASTBufferQueue, mName= VRI[AdminMonitorActivity]@9f5d552 mNativeObject= 0xb40000725726b800 caller= android.view.ViewRootImpl.updateBlastSurfaceIfNeeded:3585 android.view.ViewRootImpl.relayoutWindow:11685 android.view.ViewRootImpl.performTraversals:4804 android.view.ViewRootImpl.doTraversal:3924 android.view.ViewRootImpl$TraversalRunnable.run:12903 android.view.Choreographer$CallbackRecord.run:1901 android.view.Choreographer$CallbackRecord.run:1910 android.view.Choreographer.doCallbacks:1367 android.view.Choreographer.doFrame:1292 android.view.Choreographer$FrameDisplayEventReceiver.run:1870 
06-03 02:24:31.936 25369 25369 I BLASTBufferQueue_Java: update, w= 1080 h= 2340 mName = VRI[AdminMonitorActivity]@9f5d552 mNativeObject= 0xb40000725726b800 sc.mNativeObject= 0xb4000072eb1b1500 format= -1 caller= android.view.ViewRootImpl.updateBlastSurfaceIfNeeded:3590 android.view.ViewRootImpl.relayoutWindow:11685 android.view.ViewRootImpl.performTraversals:4804 android.view.ViewRootImpl.doTraversal:3924 android.view.ViewRootImpl$TraversalRunnable.run:12903 android.view.Choreographer$CallbackRecord.run:1901 
06-03 02:24:31.936 25369 25369 I BLASTBufferQueue: [VRI[AdminMonitorActivity]@9f5d552#43](f:0,a:0,s:0) update width=1080 height=2340 format=-1 mTransformHint=0
06-03 02:24:31.937 25369 25369 I VRI[AdminMonitorActivity]@9f5d552: Relayout returned: old=(0,0,1080,2340) new=(0,0,1080,2340) relayoutAsync=false req=(1080,2340)0 dur=24 res=0x3 s={true 0xb4000071a4b3e200} ch=true seqId=0
06-03 02:24:31.938 25369 25369 I VRI[AdminMonitorActivity]@9f5d552: performConfigurationChange setNightDimText nightDimLevel=0
06-03 02:24:31.938 25369 25369 D VRI[AdminMonitorActivity]@9f5d552: mThreadedRenderer.initialize() mSurface={isValid=true 0xb4000071a4b3e200} hwInitialized=true
06-03 02:24:31.949 25369 25369 D VRI[AdminMonitorActivity]@9f5d552: reportNextDraw android.view.ViewRootImpl.performTraversals:5443 android.view.ViewRootImpl.doTraversal:3924 android.view.ViewRootImpl$TraversalRunnable.run:12903 android.view.Choreographer$CallbackRecord.run:1901 android.view.Choreographer$CallbackRecord.run:1910 
06-03 02:24:31.949 25369 25369 D VRI[AdminMonitorActivity]@9f5d552: Setup new sync=wmsSync-VRI[AdminMonitorActivity]@9f5d552#96
06-03 02:24:31.949 25369 25369 I VRI[AdminMonitorActivity]@9f5d552: Creating new active sync group VRI[AdminMonitorActivity]@9f5d552#97
06-03 02:24:31.950 25369 25369 D VRI[AdminMonitorActivity]@9f5d552: registerCallbacksForSync syncBuffer=false
06-03 02:24:31.971 25369 25369 I View    : setRequestedFrameRate frameRate=0.0, this=androidx.compose.ui.platform.AndroidComposeView{2663e4 VFED..... ........ 0,0-1080,2340 aid=1073741824}, caller=android.view.ViewGroup.setRequestedFrameRate:9952 fr.a:1 androidx.compose.ui.platform.AndroidComposeView.dispatchDraw:100 android.view.View.draw:26345 android.view.View.updateDisplayListIfDirty:25175 
06-03 02:24:31.971 25369 25369 I View    : setRequestedFrameRate frameRate=-4.0, this=android.view.View{7126671 V.ED..... ......I. 0,0-0,0}, caller=fr.a:1 androidx.compose.ui.platform.AndroidComposeView.dispatchDraw:109 android.view.View.draw:26345 android.view.View.updateDisplayListIfDirty:25175 android.view.View.draw:26072 
06-03 02:24:31.975 25369 25418 D VRI[AdminMonitorActivity]@9f5d552: Received frameDrawingCallback syncResult=0 frameNum=1.
06-03 02:24:31.975 25369 25418 I VRI[AdminMonitorActivity]@9f5d552: mWNT: t=0xb4000071a4ac1700 mBlastBufferQueue=0xb40000725726b800 fn= 1 HdrRenderState mRenderHdrSdrRatio=1.0 caller= android.view.ViewRootImpl$12.onFrameDraw:15441 android.view.ThreadedRenderer$1.onFrameDraw:718 <bottom of call stack> 
06-03 02:24:31.975 25369 25418 I VRI[AdminMonitorActivity]@9f5d552: Setting up sync and frameCommitCallback
06-03 02:24:31.983 25369 25396 I BLASTBufferQueue: [VRI[AdminMonitorActivity]@9f5d552#43](f:0,a:0,s:0) onFrameAvailable the first frame is available
06-03 02:24:31.983 25369 25396 I BLASTBufferQueue: [VRI[AdminMonitorActivity]@9f5d552#43](f:0,a:1,s:0) acquireNextBufferLocked size=1080x2340 mFrameNumber=1 applyTransaction=true mTimestamp=76061509592917(auto) mPendingTransactions.size=0 graphicBufferId=108959025332487 transform=0
06-03 02:24:31.983 25369 25396 I VRI[AdminMonitorActivity]@9f5d552: Received frameCommittedCallback lastAttemptedDrawFrameNum=1 didProduceBuffer=true
06-03 02:24:31.984 25369 25396 D HWUI    : CFMS:: SetUp Pid : 25369    Tid : 25396
06-03 02:24:31.984 25369 25369 D VRI[AdminMonitorActivity]@9f5d552: reportDrawFinished seqId=0
06-03 02:24:31.985 25369 25369 I View    : setRequestedFrameRate frameRate=NaN, this=androidx.compose.ui.platform.AndroidComposeView{13e8151 VFED..... ........ 0,0-1080,2340 aid=1073741824}, caller=android.view.ViewGroup.setRequestedFrameRate:9952 fr.a:1 androidx.compose.ui.platform.AndroidComposeView.dispatchDraw:100 android.view.View.draw:26345 android.view.View.updateDisplayListIfDirty:25175 
06-03 02:24:31.985 25369 25369 I View    : setRequestedFrameRate frameRate=NaN, this=android.view.View{e3b4c10 V.ED..... ........ 0,0-0,0}, caller=fr.a:1 androidx.compose.ui.platform.AndroidComposeView.dispatchDraw:109 android.view.View.draw:26345 android.view.View.updateDisplayListIfDirty:25175 android.view.ViewGroup.recreateChildDisplayList:4794 
06-03 02:24:31.993 25369 25396 D HWUI    : HWUI - treat SMPTE_170M as sRGB
06-03 02:24:31.993 25369 25369 I ImeFocusController: onPreWindowFocus: skipped hasWindowFocus=false mHasImeFocus=true
06-03 02:24:31.993 25369 25369 I ImeFocusController: onPostWindowFocus: skipped hasWindowFocus=false mHasImeFocus=true
06-03 02:24:32.003 25369 25369 I View    : setRequestedFrameRate frameRate=NaN, this=androidx.compose.ui.platform.AndroidComposeView{2663e4 VFED..... ........ 0,0-1080,2340 aid=1073741824}, caller=android.view.ViewGroup.setRequestedFrameRate:9952 fr.a:1 androidx.compose.ui.platform.AndroidComposeView.dispatchDraw:100 android.view.View.draw:26345 android.view.View.updateDisplayListIfDirty:25175 
06-03 02:24:32.003 25369 25369 I View    : setRequestedFrameRate frameRate=NaN, this=android.view.View{7126671 V.ED..... ........ 0,0-0,0}, caller=fr.a:1 androidx.compose.ui.platform.AndroidComposeView.dispatchDraw:109 android.view.View.draw:26345 android.view.View.updateDisplayListIfDirty:25175 android.view.View.draw:26072 
06-03 02:24:32.042 25369 25369 I InsetsSourceConsumer: applyRequestedVisibilityToControl: visible=true, type=navigationBars, host=com.lotterynet.pro/com.lotterynet.pro.ui.admin.AdminMonitorActivity
06-03 02:24:32.043 25369 25369 I InsetsSourceConsumer: applyRequestedVisibilityToControl: visible=true, type=statusBars, host=com.lotterynet.pro/com.lotterynet.pro.ui.admin.AdminMonitorActivity
06-03 02:24:32.047 25369 25369 I View    : setRequestedFrameRate frameRate=NaN, this=androidx.compose.ui.platform.AndroidComposeView{2663e4 VFED..... ........ 0,0-1080,2340 aid=1073741824}, caller=android.view.ViewGroup.setRequestedFrameRate:9952 fr.a:1 androidx.compose.ui.platform.AndroidComposeView.dispatchDraw:100 android.view.View.draw:26345 android.view.View.updateDisplayListIfDirty:25175 
06-03 02:24:32.047 25369 25369 I View    : setRequestedFrameRate frameRate=NaN, this=android.view.View{7126671 V.ED..... ........ 0,0-0,0}, caller=fr.a:1 androidx.compose.ui.platform.AndroidComposeView.dispatchDraw:109 android.view.View.draw:26345 android.view.View.updateDisplayListIfDirty:25175 android.view.ViewGroup.recreateChildDisplayList:4794 
06-03 02:24:32.076 25369 25369 D VRI[AdminMonitorActivity]@9f5d552: mThreadedRenderer.initializeIfNeeded()#2 mSurface={isValid=true 0xb4000071a4b3e200}
06-03 02:24:32.077 25369 25369 D InputMethodManagerUtils: startInputInner - Id : 0
06-03 02:24:32.078 25369 25369 I InputMethodManager: startInputInner - IInputMethodManagerGlobalInvoker.startInputOrWindowGainedFocus
06-03 02:24:32.091 25369 25369 I View    : setRequestedFrameRate frameRate=NaN, this=androidx.compose.ui.platform.AndroidComposeView{2663e4 VFED..... ........ 0,0-1080,2340 aid=1073741824}, caller=android.view.ViewGroup.setRequestedFrameRate:9952 fr.a:1 androidx.compose.ui.platform.AndroidComposeView.dispatchDraw:100 android.view.View.draw:26345 android.view.View.updateDisplayListIfDirty:25175 
06-03 02:24:32.091 25369 25369 I View    : setRequestedFrameRate frameRate=NaN, this=android.view.View{7126671 V.ED..... ........ 0,0-0,0}, caller=fr.a:1 androidx.compose.ui.platform.AndroidComposeView.dispatchDraw:109 android.view.View.draw:26345 android.view.View.updateDisplayListIfDirty:25175 android.view.ViewGroup.recreateChildDisplayList:4794 
06-03 02:24:32.092 25369 25369 I InputMethodManager: handleMessage: setImeVisibility visible=false
06-03 02:24:32.092 25369 25369 D InsetsController: hide(ime(), fromIme=false)
06-03 02:24:32.092 25369 25369 I ImeTracker: com.lotterynet.pro:483fe9fd: onCancelled at PHASE_CLIENT_ALREADY_HIDDEN
06-03 02:24:32.100 25369 25787 D InputTransport: Input channel constructed: 'ClientS', fd=253
06-03 02:24:32.235 25369 28651 I Supabase-Realtime: Connected to realtime websocket!
06-03 02:24:32.466 25369 25373 I .lotterynet.pro: Background concurrent mark compact GC freed 13MB AllocSpace bytes, 23(772KB) LOS objects, 50% free, 16MB/32MB, paused 557us,5.998ms total 85.279ms
06-03 02:24:32.471 25369 25374 D InputTransport: Input channel destroyed: 'ClientS', fd=253
06-03 02:24:32.550 25369 25369 I VRI[ShellActivity]@503d92: handleAppVisibility mAppVisible = true visible = false
06-03 02:24:32.550 25369 25369 D VRI[ShellActivity]@503d92: visibilityChanged oldVisibility=true newVisibility=false
06-03 02:24:32.576 25369 25369 I BLASTBufferQueue: [VRI[ShellActivity]@503d92#42](f:0,a:3,s:0) destructor()
06-03 02:24:32.576 25369 25369 D BufferQueueConsumer: [VRI[ShellActivity]@503d92#42(BLAST Consumer)42](id:63190000002a,api:0,p:-1,c:25369) disconnect
06-03 02:24:32.578 25369 25369 I VRI[ShellActivity]@503d92: Relayout returned: old=(0,0,1080,2340) new=(0,0,1080,2340) relayoutAsync=false req=(1080,2340)8 dur=3 res=0x2 s={false 0x0} ch=true seqId=0
06-03 02:24:32.578 25369 25369 D VRI[ShellActivity]@503d92: Not drawing due to not visible. Reason=!mAppVisible && !mForceDecorViewVisibility
06-03 02:24:32.579 25369 25369 I VRI[ShellActivity]@503d92: stopped(true) old = false
06-03 02:24:32.579 25369 25369 D VRI[ShellActivity]@503d92: WindowStopped on com.lotterynet.pro/com.lotterynet.pro.ui.shell.ShellActivity set to true
06-03 02:24:41.054 25369 25369 I View    : setRequestedFrameRate frameRate=NaN, this=androidx.compose.ui.platform.AndroidComposeView{2663e4 VFED..... ........ 0,0-1080,2340 aid=1073741824}, caller=android.view.ViewGroup.setRequestedFrameRate:9952 fr.a:1 androidx.compose.ui.platform.AndroidComposeView.dispatchDraw:100 android.view.View.draw:26345 android.view.View.updateDisplayListIfDirty:25175 
06-03 02:24:41.054 25369 25369 I View    : setRequestedFrameRate frameRate=NaN, this=android.view.View{7126671 V.ED..... ........ 0,0-0,0}, caller=fr.a:1 androidx.compose.ui.platform.AndroidComposeView.dispatchDraw:109 android.view.View.draw:26345 android.view.View.updateDisplayListIfDirty:25175 android.view.ViewGroup.recreateChildDisplayList:4794 
06-03 02:25:33.085 25369 25369 I VRI[AdminMonitorActivity]@9f5d552: ViewPostIme pointer 0
06-03 02:25:33.086 25369 25369 I GestureDetector: obtain mCurrentDownEvent. id: -205603417 caller: io.sentry.android.core.internal.gestures.g.a:5 io.sentry.android.core.internal.gestures.g.dispatchTouchEvent:12 com.android.internal.policy.DecorView.dispatchTouchEvent:728 
06-03 02:25:33.088 25369 25369 I VRI[AdminMonitorActivity]@9f5d552: call setFrameRateCategory for touch hint category=high hint, reason=touch, vri=VRI[AdminMonitorActivity]@9f5d552
06-03 02:25:33.095 25369 25369 I VRI[AdminMonitorActivity]@9f5d552: ViewPostIme pointer 1
06-03 02:25:33.095 25369 25369 I GestureDetector: obtain mCurrentMotionEventRaw. action: 1 id: -610676627
06-03 02:25:33.113 25369 25369 I View    : setRequestedFrameRate frameRate=NaN, this=androidx.compose.ui.platform.AndroidComposeView{2663e4 VFED..... ........ 0,0-1080,2340 aid=1073741824}, caller=android.view.ViewGroup.setRequestedFrameRate:9952 fr.a:1 androidx.compose.ui.platform.AndroidComposeView.dispatchDraw:100 android.view.View.draw:26345 android.view.View.updateDisplayListIfDirty:25175 
06-03 02:25:33.113 25369 25369 I View    : setRequestedFrameRate frameRate=NaN, this=android.view.View{7126671 V.ED..... ........ 0,0-0,0}, caller=fr.a:1 androidx.compose.ui.platform.AndroidComposeView.dispatchDraw:109 android.view.View.draw:26345 android.view.View.updateDisplayListIfDirty:25175 android.view.ViewGroup.recreateChildDisplayList:4794 
06-03 02:25:33.127 25369 25369 I VRI[ShellActivity]@503d92: handleAppVisibility mAppVisible = false visible = true
06-03 02:25:33.127 25369 25369 I VRI[ShellActivity]@503d92: stopped(false) old = true
06-03 02:25:33.127 25369 25369 D VRI[ShellActivity]@503d92: WindowStopped on com.lotterynet.pro/com.lotterynet.pro.ui.shell.ShellActivity set to false
06-03 02:25:33.127 25369 25369 D ViewRootImpl: Skipping stats log for color mode
06-03 02:25:33.148 25369 25369 D BufferQueueConsumer: [](id:63190000002c,api:0,p:-1,c:25369) connect: controlledByApp=false
06-03 02:25:33.149 25369 25369 I BLASTBufferQueue: [VRI[ShellActivity]@503d92#44](f:0,a:0,s:0) constructor()
06-03 02:25:33.149 25369 25369 I BLASTBufferQueue_Java: new BLASTBufferQueue, mName= VRI[ShellActivity]@503d92 mNativeObject= 0xb400007257307800 caller= android.view.ViewRootImpl.updateBlastSurfaceIfNeeded:3585 android.view.ViewRootImpl.relayoutWindow:11685 android.view.ViewRootImpl.performTraversals:4804 android.view.ViewRootImpl.doTraversal:3924 android.view.ViewRootImpl$TraversalRunnable.run:12903 android.view.Choreographer$CallbackRecord.run:1901 android.view.Choreographer$CallbackRecord.run:1910 android.view.Choreographer.doCallbacks:1367 android.view.Choreographer.doFrame:1292 android.view.Choreographer$FrameDisplayEventReceiver.run:1870 
06-03 02:25:33.149 25369 25369 I BLASTBufferQueue_Java: update, w= 1080 h= 2340 mName = VRI[ShellActivity]@503d92 mNativeObject= 0xb400007257307800 sc.mNativeObject= 0xb400007257177140 format= -1 caller= android.view.ViewRootImpl.updateBlastSurfaceIfNeeded:3590 android.view.ViewRootImpl.relayoutWindow:11685 android.view.ViewRootImpl.performTraversals:4804 android.view.ViewRootImpl.doTraversal:3924 android.view.ViewRootImpl$TraversalRunnable.run:12903 android.view.Choreographer$CallbackRecord.run:1901 
06-03 02:25:33.149 25369 25369 I BLASTBufferQueue: [VRI[ShellActivity]@503d92#44](f:0,a:0,s:0) update width=1080 height=2340 format=-1 mTransformHint=0
06-03 02:25:33.150 25369 25369 I VRI[ShellActivity]@503d92: Relayout returned: old=(0,0,1080,2340) new=(0,0,1080,2340) relayoutAsync=false req=(1080,2340)0 dur=13 res=0x3 s={true 0xb400007257192a00} ch=true seqId=0
06-03 02:25:33.151 25369 25369 D VRI[ShellActivity]@503d92: mThreadedRenderer.initialize() mSurface={isValid=true 0xb400007257192a00} hwInitialized=true
06-03 02:25:33.153 25369 25369 D VRI[ShellActivity]@503d92: reportNextDraw android.view.ViewRootImpl.performTraversals:5443 android.view.ViewRootImpl.doTraversal:3924 android.view.ViewRootImpl$TraversalRunnable.run:12903 android.view.Choreographer$CallbackRecord.run:1901 android.view.Choreographer$CallbackRecord.run:1910 
06-03 02:25:33.153 25369 25369 D VRI[ShellActivity]@503d92: Setup new sync=wmsSync-VRI[ShellActivity]@503d92#98
06-03 02:25:33.153 25369 25369 I VRI[ShellActivity]@503d92: Creating new active sync group VRI[ShellActivity]@503d92#99
06-03 02:25:33.154 25369 25369 D VRI[ShellActivity]@503d92: Start draw after previous draw not visible
06-03 02:25:33.156 25369 25369 D VRI[ShellActivity]@503d92: registerCallbacksForSync syncBuffer=false
06-03 02:25:33.160 25369 25369 I View    : setRequestedFrameRate frameRate=NaN, this=androidx.compose.ui.platform.AndroidComposeView{13e8151 VFED..... ........ 0,0-1080,2340 aid=1073741824}, caller=android.view.ViewGroup.setRequestedFrameRate:9952 fr.a:1 androidx.compose.ui.platform.AndroidComposeView.dispatchDraw:100 android.view.View.draw:26345 android.view.View.updateDisplayListIfDirty:25175 
06-03 02:25:33.161 25369 25369 I View    : setRequestedFrameRate frameRate=NaN, this=android.view.View{e3b4c10 V.ED..... ........ 0,0-0,0}, caller=fr.a:1 androidx.compose.ui.platform.AndroidComposeView.dispatchDraw:109 android.view.View.draw:26345 android.view.View.updateDisplayListIfDirty:25175 android.view.View.draw:26072 
06-03 02:25:33.161 25369 25418 D VRI[ShellActivity]@503d92: Received frameDrawingCallback syncResult=0 frameNum=1.
06-03 02:25:33.161 25369 25418 I VRI[ShellActivity]@503d92: mWNT: t=0xb4000071a4361f80 mBlastBufferQueue=0xb400007257307800 fn= 1 HdrRenderState mRenderHdrSdrRatio=1.0 caller= android.view.ViewRootImpl$12.onFrameDraw:15441 android.view.ThreadedRenderer$1.onFrameDraw:718 <bottom of call stack> 
06-03 02:25:33.162 25369 25418 I VRI[ShellActivity]@503d92: Setting up sync and frameCommitCallback
06-03 02:25:33.165 25369 25396 I BLASTBufferQueue: [VRI[ShellActivity]@503d92#44](f:0,a:0,s:0) onFrameAvailable the first frame is available
06-03 02:25:33.166 25369 25396 I BLASTBufferQueue: [VRI[ShellActivity]@503d92#44](f:0,a:1,s:0) acquireNextBufferLocked size=1080x2340 mFrameNumber=1 applyTransaction=true mTimestamp=76122692086536(auto) mPendingTransactions.size=0 graphicBufferId=108959025332489 transform=0
06-03 02:25:33.166 25369 25396 I VRI[ShellActivity]@503d92: Received frameCommittedCallback lastAttemptedDrawFrameNum=1 didProduceBuffer=true
06-03 02:25:33.167 25369 25369 D VRI[ShellActivity]@503d92: reportDrawFinished seqId=0
06-03 02:25:33.168 25369 25369 I InsetsSourceConsumer: applyRequestedVisibilityToControl: visible=true, type=navigationBars, host=com.lotterynet.pro/com.lotterynet.pro.ui.shell.ShellActivity
06-03 02:25:33.169 25369 25369 I InsetsSourceConsumer: applyRequestedVisibilityToControl: visible=true, type=statusBars, host=com.lotterynet.pro/com.lotterynet.pro.ui.shell.ShellActivity
06-03 02:25:33.176 25369 25369 I ImeFocusController: onPreWindowFocus: skipped hasWindowFocus=false mHasImeFocus=true
06-03 02:25:33.176 25369 25369 I ImeFocusController: onPostWindowFocus: skipped hasWindowFocus=false mHasImeFocus=true
06-03 02:25:33.180 25369 25369 I View    : setRequestedFrameRate frameRate=NaN, this=androidx.compose.ui.platform.AndroidComposeView{2663e4 VFED..... ........ 0,0-1080,2340 aid=1073741824}, caller=android.view.ViewGroup.setRequestedFrameRate:9952 fr.a:1 androidx.compose.ui.platform.AndroidComposeView.dispatchDraw:100 android.view.View.draw:26345 android.view.View.updateDisplayListIfDirty:25175 
06-03 02:25:33.181 25369 25369 I View    : setRequestedFrameRate frameRate=NaN, this=android.view.View{7126671 V.ED..... ........ 0,0-0,0}, caller=fr.a:1 androidx.compose.ui.platform.AndroidComposeView.dispatchDraw:109 android.view.View.draw:26345 android.view.View.updateDisplayListIfDirty:25175 android.view.ViewGroup.recreateChildDisplayList:4794 
06-03 02:25:33.233 25369 25369 D VRI[ShellActivity]@503d92: mThreadedRenderer.initializeIfNeeded()#2 mSurface={isValid=true 0xb400007257192a00}
06-03 02:25:33.234 25369 25369 D InputMethodManagerUtils: startInputInner - Id : 0
06-03 02:25:33.234 25369 25369 I InputMethodManager: startInputInner - IInputMethodManagerGlobalInvoker.startInputOrWindowGainedFocus
06-03 02:25:33.236 25369 25369 I InputMethodManager: handleMessage: setImeVisibility visible=false
06-03 02:25:33.237 25369 25369 D InsetsController: hide(ime(), fromIme=false)
06-03 02:25:33.237 25369 25369 I ImeTracker: com.lotterynet.pro:9f01e026: onCancelled at PHASE_CLIENT_ALREADY_HIDDEN
06-03 02:25:33.241 25369 25787 D InputTransport: Input channel constructed: 'ClientS', fd=201
06-03 02:25:33.623 25369 25369 I VRI[AdminMonitorActivity]@9f5d552: handleAppVisibility mAppVisible = true visible = false
06-03 02:25:33.623 25369 25369 D VRI[AdminMonitorActivity]@9f5d552: visibilityChanged oldVisibility=true newVisibility=false
06-03 02:25:33.644 25369 25369 I BLASTBufferQueue: [VRI[AdminMonitorActivity]@9f5d552#43](f:0,a:3,s:0) destructor()
06-03 02:25:33.644 25369 25369 D BufferQueueConsumer: [VRI[AdminMonitorActivity]@9f5d552#43(BLAST Consumer)43](id:63190000002b,api:0,p:-1,c:25369) disconnect
06-03 02:25:33.647 25369 25369 I VRI[AdminMonitorActivity]@9f5d552: Relayout returned: old=(0,0,1080,2340) new=(0,0,1080,2340) relayoutAsync=false req=(1080,2340)8 dur=9 res=0x2 s={false 0x0} ch=true seqId=0
06-03 02:25:33.647 25369 25369 D VRI[AdminMonitorActivity]@9f5d552: Not drawing due to not visible. Reason=!mAppVisible && !mForceDecorViewVisibility
06-03 02:25:33.647 25369 25369 I VRI[AdminMonitorActivity]@9f5d552: stopped(true) old = false
06-03 02:25:33.647 25369 25369 D VRI[AdminMonitorActivity]@9f5d552: WindowStopped on com.lotterynet.pro/com.lotterynet.pro.ui.admin.AdminMonitorActivity set to true
06-03 02:25:33.660 25369 25369 W WindowOnBackDispatcher: sendCancelIfRunning: isInProgress=false callback=android.app.Activity$$ExternalSyntheticLambda0@49e2395
06-03 02:25:33.663 25369 25369 D ViewRootImpl: Skipping stats log for color mode
06-03 02:25:33.663 25369 25369 I VRI[AdminMonitorActivity]@9f5d552: dispatchDetachedFromWindow
06-03 02:25:33.669 25369 25369 D InputTransport: Input channel destroyed: 'fc6c4dc', fd=203
06-03 02:25:37.316 25369 25374 D InputTransport: Input channel destroyed: 'ClientS', fd=201
06-03 02:25:55.897 25369 25369 I VRI[ShellActivity]@503d92: ViewPostIme pointer 0
06-03 02:25:55.898 25369 25369 I GestureDetector: obtain mCurrentDownEvent. id: -262809169 caller: io.sentry.android.core.internal.gestures.g.a:5 io.sentry.android.core.internal.gestures.g.dispatchTouchEvent:12 com.android.internal.policy.DecorView.dispatchTouchEvent:728 
06-03 02:25:55.899 25369 25369 I VRI[ShellActivity]@503d92: call setFrameRateCategory for touch hint category=high hint, reason=touch, vri=VRI[ShellActivity]@503d92
06-03 02:25:55.920 25369 25369 I GestureDetector: obtain mCurrentMotionEventRaw. action: 2 id: -253461348
06-03 02:25:55.931 25369 25369 I View    : setRequestedFrameRate frameRate=NaN, this=androidx.compose.ui.platform.AndroidComposeView{13e8151 VFED..... ........ 0,0-1080,2340 aid=1073741824}, caller=android.view.ViewGroup.setRequestedFrameRate:9952 fr.a:1 androidx.compose.ui.platform.AndroidComposeView.dispatchDraw:100 android.view.View.draw:26345 android.view.View.updateDisplayListIfDirty:25175 
06-03 02:25:55.932 25369 25369 I View    : setRequestedFrameRate frameRate=-4.0, this=android.view.View{e3b4c10 V.ED..... ........ 0,0-0,0}, caller=fr.a:1 androidx.compose.ui.platform.AndroidComposeView.dispatchDraw:109 android.view.View.draw:26345 android.view.View.updateDisplayListIfDirty:25175 android.view.ViewGroup.recreateChildDisplayList:4794 
06-03 02:25:55.941 25369 25369 I View    : setRequestedFrameRate frameRate=NaN, this=androidx.compose.ui.platform.AndroidComposeView{13e8151 VFED..... ........ 0,0-1080,2340 aid=1073741824}, caller=android.view.ViewGroup.setRequestedFrameRate:9952 fr.a:1 androidx.compose.ui.platform.AndroidComposeView.dispatchDraw:100 android.view.View.draw:26345 android.view.View.updateDisplayListIfDirty:25175 
06-03 02:25:55.942 25369 25369 I View    : setRequestedFrameRate frameRate=-4.0, this=android.view.View{e3b4c10 V.ED..... ........ 0,0-0,0}, caller=fr.a:1 androidx.compose.ui.platform.AndroidComposeView.dispatchDraw:109 android.view.View.draw:26345 android.view.View.updateDisplayListIfDirty:25175 android.view.ViewGroup.recreateChildDisplayList:4794 
06-03 02:25:55.952 25369 25369 I View    : setRequestedFrameRate frameRate=NaN, this=androidx.compose.ui.platform.AndroidComposeView{13e8151 VFED..... ........ 0,0-1080,2340 aid=1073741824}, caller=android.view.ViewGroup.setRequestedFrameRate:9952 fr.a:1 androidx.compose.ui.platform.AndroidComposeView.dispatchDraw:100 android.view.View.draw:26345 android.view.View.updateDisplayListIfDirty:25175 
06-03 02:25:55.952 25369 25369 I View    : setRequestedFrameRate frameRate=-4.0, this=android.view.View{e3b4c10 V.ED..... ........ 0,0-0,0}, caller=fr.a:1 androidx.compose.ui.platform.AndroidComposeView.dispatchDraw:109 android.view.View.draw:26345 android.view.View.updateDisplayListIfDirty:25175 android.view.ViewGroup.recreateChildDisplayList:4794 
06-03 02:25:55.969 25369 25369 I View    : setRequestedFrameRate frameRate=NaN, this=androidx.compose.ui.platform.AndroidComposeView{13e8151 VFED..... ........ 0,0-1080,2340 aid=1073741824}, caller=android.view.ViewGroup.setRequestedFrameRate:9952 fr.a:1 androidx.compose.ui.platform.AndroidComposeView.dispatchDraw:100 android.view.View.draw:26345 android.view.View.updateDisplayListIfDirty:25175 
06-03 02:25:55.969 25369 25369 I View    : setRequestedFrameRate frameRate=-4.0, this=android.view.View{e3b4c10 V.ED..... ........ 0,0-0,0}, caller=fr.a:1 androidx.compose.ui.platform.AndroidComposeView.dispatchDraw:109 android.view.View.draw:26345 android.view.View.updateDisplayListIfDirty:25175 android.view.ViewGroup.recreateChildDisplayList:4794 
06-03 02:25:55.980 25369 25369 I View    : setRequestedFrameRate frameRate=NaN, this=androidx.compose.ui.platform.AndroidComposeView{13e8151 VFED..... ........ 0,0-1080,2340 aid=1073741824}, caller=android.view.ViewGroup.setRequestedFrameRate:9952 fr.a:1 androidx.compose.ui.platform.AndroidComposeView.dispatchDraw:100 android.view.View.draw:26345 android.view.View.updateDisplayListIfDirty:25175 
06-03 02:25:55.980 25369 25369 I View    : setRequestedFrameRate frameRate=-4.0, this=android.view.View{e3b4c10 V.ED..... ........ 0,0-0,0}, caller=fr.a:1 androidx.compose.ui.platform.AndroidComposeView.dispatchDraw:109 android.view.View.draw:26345 android.view.View.updateDisplayListIfDirty:25175 android.view.ViewGroup.recreateChildDisplayList:4794 
06-03 02:25:55.991 25369 25369 I View    : setRequestedFrameRate frameRate=NaN, this=androidx.compose.ui.platform.AndroidComposeView{13e8151 VFED..... ........ 0,0-1080,2340 aid=1073741824}, caller=android.view.ViewGroup.setRequestedFrameRate:9952 fr.a:1 androidx.compose.ui.platform.AndroidComposeView.dispatchDraw:100 android.view.View.draw:26345 android.view.View.updateDisplayListIfDirty:25175 
06-03 02:25:55.991 25369 25369 I View    : setRequestedFrameRate frameRate=-4.0, this=android.view.View{e3b4c10 V.ED..... ........ 0,0-0,0}, caller=fr.a:1 androidx.compose.ui.platform.AndroidComposeView.dispatchDraw:109 android.view.View.draw:26345 android.view.View.updateDisplayListIfDirty:25175 android.view.ViewGroup.recreateChildDisplayList:4794 
06-03 02:25:56.005 25369 25369 I View    : setRequestedFrameRate frameRate=NaN, this=androidx.compose.ui.platform.AndroidComposeView{13e8151 VFED..... ........ 0,0-1080,2340 aid=1073741824}, caller=android.view.ViewGroup.setRequestedFrameRate:9952 fr.a:1 androidx.compose.ui.platform.AndroidComposeView.dispatchDraw:100 android.view.View.draw:26345 android.view.View.updateDisplayListIfDirty:25175 
06-03 02:25:56.005 25369 25369 I View    : setRequestedFrameRate frameRate=-4.0, this=android.view.View{e3b4c10 V.ED..... ........ 0,0-0,0}, caller=fr.a:1 androidx.compose.ui.platform.AndroidComposeView.dispatchDraw:109 android.view.View.draw:26345 android.view.View.updateDisplayListIfDirty:25175 android.view.ViewGroup.recreateChildDisplayList:4794 
06-03 02:25:56.015 25369 25369 I View    : setRequestedFrameRate frameRate=NaN, this=androidx.compose.ui.platform.AndroidComposeView{13e8151 VFED..... ........ 0,0-1080,2340 aid=1073741824}, caller=android.view.ViewGroup.setRequestedFrameRate:9952 fr.a:1 androidx.compose.ui.platform.AndroidComposeView.dispatchDraw:100 android.view.View.draw:26345 android.view.View.updateDisplayListIfDirty:25175 
06-03 02:25:56.015 25369 25369 I View    : setRequestedFrameRate frameRate=-4.0, this=android.view.View{e3b4c10 V.ED..... ........ 0,0-0,0}, caller=fr.a:1 androidx.compose.ui.platform.AndroidComposeView.dispatchDraw:109 android.view.View.draw:26345 android.view.View.updateDisplayListIfDirty:25175 android.view.ViewGroup.recreateChildDisplayList:4794 
06-03 02:25:56.025 25369 25369 I View    : setRequestedFrameRate frameRate=NaN, this=androidx.compose.ui.platform.AndroidComposeView{13e8151 VFED..... ........ 0,0-1080,2340 aid=1073741824}, caller=android.view.ViewGroup.setRequestedFrameRate:9952 fr.a:1 androidx.compose.ui.platform.AndroidComposeView.dispatchDraw:100 android.view.View.draw:26345 android.view.View.updateDisplayListIfDirty:25175 
06-03 02:25:56.025 25369 25369 I View    : setRequestedFrameRate frameRate=-4.0, this=android.view.View{e3b4c10 V.ED..... ........ 0,0-0,0}, caller=fr.a:1 androidx.compose.ui.platform.AndroidComposeView.dispatchDraw:109 android.view.View.draw:26345 android.view.View.updateDisplayListIfDirty:25175 android.view.ViewGroup.recreateChildDisplayList:4794 
06-03 02:25:56.036 25369 25369 I View    : setRequestedFrameRate frameRate=NaN, this=androidx.compose.ui.platform.AndroidComposeView{13e8151 VFED..... ........ 0,0-1080,2340 aid=1073741824}, caller=android.view.ViewGroup.setRequestedFrameRate:9952 fr.a:1 androidx.compose.ui.platform.AndroidComposeView.dispatchDraw:100 android.view.View.draw:26345 android.view.View.updateDisplayListIfDirty:25175 
06-03 02:25:56.036 25369 25369 I View    : setRequestedFrameRate frameRate=-4.0, this=android.view.View{e3b4c10 V.ED..... ........ 0,0-0,0}, caller=fr.a:1 androidx.compose.ui.platform.AndroidComposeView.dispatchDraw:109 android.view.View.draw:26345 android.view.View.updateDisplayListIfDirty:25175 android.view.ViewGroup.recreateChildDisplayList:4794 
06-03 02:25:56.048 25369 25369 I View    : setRequestedFrameRate frameRate=NaN, this=androidx.compose.ui.platform.AndroidComposeView{13e8151 VFED..... ........ 0,0-1080,2340 aid=1073741824}, caller=android.view.ViewGroup.setRequestedFrameRate:9952 fr.a:1 androidx.compose.ui.platform.AndroidComposeView.dispatchDraw:100 android.view.View.draw:26345 android.view.View.updateDisplayListIfDirty:25175 
06-03 02:25:56.048 25369 25369 I View    : setRequestedFrameRate frameRate=-4.0, this=android.view.View{e3b4c10 V.ED..... ........ 0,0-0,0}, caller=fr.a:1 androidx.compose.ui.platform.AndroidComposeView.dispatchDraw:109 android.view.View.draw:26345 android.view.View.updateDisplayListIfDirty:25175 android.view.ViewGroup.recreateChildDisplayList:4794 
06-03 02:25:56.059 25369 25369 I View    : setRequestedFrameRate frameRate=NaN, this=androidx.compose.ui.platform.AndroidComposeView{13e8151 VFED..... ........ 0,0-1080,2340 aid=1073741824}, caller=android.view.ViewGroup.setRequestedFrameRate:9952 fr.a:1 androidx.compose.ui.platform.AndroidComposeView.dispatchDraw:100 android.view.View.draw:26345 android.view.View.updateDisplayListIfDirty:25175 
06-03 02:25:56.059 25369 25369 I View    : setRequestedFrameRate frameRate=-4.0, this=android.view.View{e3b4c10 V.ED..... ........ 0,0-0,0}, caller=fr.a:1 androidx.compose.ui.platform.AndroidComposeView.dispatchDraw:109 android.view.View.draw:26345 android.view.View.updateDisplayListIfDirty:25175 android.view.ViewGroup.recreateChildDisplayList:4794 
06-03 02:25:56.070 25369 25369 I View    : setRequestedFrameRate frameRate=NaN, this=androidx.compose.ui.platform.AndroidComposeView{13e8151 VFED..... ........ 0,0-1080,2340 aid=1073741824}, caller=android.view.ViewGroup.setRequestedFrameRate:9952 fr.a:1 androidx.compose.ui.platform.AndroidComposeView.dispatchDraw:100 android.view.View.draw:26345 android.view.View.updateDisplayListIfDirty:25175 
06-03 02:25:56.070 25369 25369 I View    : setRequestedFrameRate frameRate=-4.0, this=android.view.View{e3b4c10 V.ED..... ........ 0,0-0,0}, caller=fr.a:1 androidx.compose.ui.platform.AndroidComposeView.dispatchDraw:109 android.view.View.draw:26345 android.view.View.updateDisplayListIfDirty:25175 android.view.ViewGroup.recreateChildDisplayList:4794 
06-03 02:25:56.080 25369 25369 I View    : setRequestedFrameRate frameRate=NaN, this=androidx.compose.ui.platform.AndroidComposeView{13e8151 VFED..... ........ 0,0-1080,2340 aid=1073741824}, caller=android.view.ViewGroup.setRequestedFrameRate:9952 fr.a:1 androidx.compose.ui.platform.AndroidComposeView.dispatchDraw:100 android.view.View.draw:26345 android.view.View.updateDisplayListIfDirty:25175 
06-03 02:25:56.080 25369 25369 I View    : setRequestedFrameRate frameRate=-4.0, this=android.view.View{e3b4c10 V.ED..... ........ 0,0-0,0}, caller=fr.a:1 androidx.compose.ui.platform.AndroidComposeView.dispatchDraw:109 android.view.View.draw:26345 android.view.View.updateDisplayListIfDirty:25175 android.view.ViewGroup.recreateChildDisplayList:4794 
06-03 02:25:56.093 25369 25369 I View    : setRequestedFrameRate frameRate=NaN, this=androidx.compose.ui.platform.AndroidComposeView{13e8151 VFED..... ........ 0,0-1080,2340 aid=1073741824}, caller=android.view.ViewGroup.setRequestedFrameRate:9952 fr.a:1 androidx.compose.ui.platform.AndroidComposeView.dispatchDraw:100 android.view.View.draw:26345 android.view.View.updateDisplayListIfDirty:25175 
06-03 02:25:56.093 25369 25369 I View    : setRequestedFrameRate frameRate=-4.0, this=android.view.View{e3b4c10 V.ED..... ........ 0,0-0,0}, caller=fr.a:1 androidx.compose.ui.platform.AndroidComposeView.dispatchDraw:109 android.view.View.draw:26345 android.view.View.updateDisplayListIfDirty:25175 android.view.ViewGroup.recreateChildDisplayList:4794 
06-03 02:25:56.103 25369 25369 I View    : setRequestedFrameRate frameRate=NaN, this=androidx.compose.ui.platform.AndroidComposeView{13e8151 VFED..... ........ 0,0-1080,2340 aid=1073741824}, caller=android.view.ViewGroup.setRequestedFrameRate:9952 fr.a:1 androidx.compose.ui.platform.AndroidComposeView.dispatchDraw:100 android.view.View.draw:26345 android.view.View.updateDisplayListIfDirty:25175 
06-03 02:25:56.104 25369 25369 I View    : setRequestedFrameRate frameRate=-4.0, this=android.view.View{e3b4c10 V.ED..... ........ 0,0-0,0}, caller=fr.a:1 androidx.compose.ui.platform.AndroidComposeView.dispatchDraw:109 android.view.View.draw:26345 android.view.View.updateDisplayListIfDirty:25175 android.view.ViewGroup.recreateChildDisplayList:4794 
06-03 02:25:56.114 25369 25369 I View    : setRequestedFrameRate frameRate=NaN, this=androidx.compose.ui.platform.AndroidComposeView{13e8151 VFED..... ........ 0,0-1080,2340 aid=1073741824}, caller=android.view.ViewGroup.setRequestedFrameRate:9952 fr.a:1 androidx.compose.ui.platform.AndroidComposeView.dispatchDraw:100 android.view.View.draw:26345 android.view.View.updateDisplayListIfDirty:25175 
06-03 02:25:56.114 25369 25369 I View    : setRequestedFrameRate frameRate=-4.0, this=android.view.View{e3b4c10 V.ED..... ........ 0,0-0,0}, caller=fr.a:1 androidx.compose.ui.platform.AndroidComposeView.dispatchDraw:109 android.view.View.draw:26345 android.view.View.updateDisplayListIfDirty:25175 android.view.ViewGroup.recreateChildDisplayList:4794 
06-03 02:25:56.124 25369 25369 I View    : setRequestedFrameRate frameRate=NaN, this=androidx.compose.ui.platform.AndroidComposeView{13e8151 VFED..... ........ 0,0-1080,2340 aid=1073741824}, caller=android.view.ViewGroup.setRequestedFrameRate:9952 fr.a:1 androidx.compose.ui.platform.AndroidComposeView.dispatchDraw:100 android.view.View.draw:26345 android.view.View.updateDisplayListIfDirty:25175 
06-03 02:25:56.124 25369 25369 I View    : setRequestedFrameRate frameRate=-4.0, this=android.view.View{e3b4c10 V.ED..... ........ 0,0-0,0}, caller=fr.a:1 androidx.compose.ui.platform.AndroidComposeView.dispatchDraw:109 android.view.View.draw:26345 android.view.View.updateDisplayListIfDirty:25175 android.view.ViewGroup.recreateChildDisplayList:4794 
06-03 02:25:56.138 25369 25369 I View    : setRequestedFrameRate frameRate=NaN, this=androidx.compose.ui.platform.AndroidComposeView{13e8151 VFED..... ........ 0,0-1080,2340 aid=1073741824}, caller=android.view.ViewGroup.setRequestedFrameRate:9952 fr.a:1 androidx.compose.ui.platform.AndroidComposeView.dispatchDraw:100 android.view.View.draw:26345 android.view.View.updateDisplayListIfDirty:25175 
06-03 02:25:56.138 25369 25369 I View    : setRequestedFrameRate frameRate=-4.0, this=android.view.View{e3b4c10 V.ED..... ........ 0,0-0,0}, caller=fr.a:1 androidx.compose.ui.platform.AndroidComposeView.dispatchDraw:109 android.view.View.draw:26345 android.view.View.updateDisplayListIfDirty:25175 android.view.ViewGroup.recreateChildDisplayList:4794 
06-03 02:25:56.147 25369 25369 I View    : setRequestedFrameRate frameRate=NaN, this=androidx.compose.ui.platform.AndroidComposeView{13e8151 VFED..... ........ 0,0-1080,2340 aid=1073741824}, caller=android.view.ViewGroup.setRequestedFrameRate:9952 fr.a:1 androidx.compose.ui.platform.AndroidComposeView.dispatchDraw:100 android.view.View.draw:26345 android.view.View.updateDisplayListIfDirty:25175 
06-03 02:25:56.147 25369 25369 I View    : setRequestedFrameRate frameRate=-4.0, this=android.view.View{e3b4c10 V.ED..... ........ 0,0-0,0}, caller=fr.a:1 androidx.compose.ui.platform.AndroidComposeView.dispatchDraw:109 android.view.View.draw:26345 android.view.View.updateDisplayListIfDirty:25175 android.view.ViewGroup.recreateChildDisplayList:4794 
06-03 02:25:56.159 25369 25369 I View    : setRequestedFrameRate frameRate=NaN, this=androidx.compose.ui.platform.AndroidComposeView{13e8151 VFED..... ........ 0,0-1080,2340 aid=1073741824}, caller=android.view.ViewGroup.setRequestedFrameRate:9952 fr.a:1 androidx.compose.ui.platform.AndroidComposeView.dispatchDraw:100 android.view.View.draw:26345 android.view.View.updateDisplayListIfDirty:25175 
06-03 02:25:56.159 25369 25369 I View    : setRequestedFrameRate frameRate=-4.0, this=android.view.View{e3b4c10 V.ED..... ........ 0,0-0,0}, caller=fr.a:1 androidx.compose.ui.platform.AndroidComposeView.dispatchDraw:109 android.view.View.draw:26345 android.view.View.updateDisplayListIfDirty:25175 android.view.ViewGroup.recreateChildDisplayList:4794 
06-03 02:25:56.170 25369 25369 I View    : setRequestedFrameRate frameRate=NaN, this=androidx.compose.ui.platform.AndroidComposeView{13e8151 VFED..... ........ 0,0-1080,2340 aid=1073741824}, caller=android.view.ViewGroup.setRequestedFrameRate:9952 fr.a:1 androidx.compose.ui.platform.AndroidComposeView.dispatchDraw:100 android.view.View.draw:26345 android.view.View.updateDisplayListIfDirty:25175 
06-03 02:25:56.171 25369 25369 I View    : setRequestedFrameRate frameRate=-4.0, this=android.view.View{e3b4c10 V.ED..... ........ 0,0-0,0}, caller=fr.a:1 androidx.compose.ui.platform.AndroidComposeView.dispatchDraw:109 android.view.View.draw:26345 android.view.View.updateDisplayListIfDirty:25175 android.view.ViewGroup.recreateChildDisplayList:4794 
06-03 02:25:56.180 25369 25369 I View    : setRequestedFrameRate frameRate=NaN, this=androidx.compose.ui.platform.AndroidComposeView{13e8151 VFED..... ........ 0,0-1080,2340 aid=1073741824}, caller=android.view.ViewGroup.setRequestedFrameRate:9952 fr.a:1 androidx.compose.ui.platform.AndroidComposeView.dispatchDraw:100 android.view.View.draw:26345 android.view.View.updateDisplayListIfDirty:25175 
06-03 02:25:56.180 25369 25369 I View    : setRequestedFrameRate frameRate=-4.0, this=android.view.View{e3b4c10 V.ED..... ........ 0,0-0,0}, caller=fr.a:1 androidx.compose.ui.platform.AndroidComposeView.dispatchDraw:109 android.view.View.draw:26345 android.view.View.updateDisplayListIfDirty:25175 android.view.ViewGroup.recreateChildDisplayList:4794 
06-03 02:25:56.193 25369 25369 I View    : setRequestedFrameRate frameRate=NaN, this=androidx.compose.ui.platform.AndroidComposeView{13e8151 VFED..... ........ 0,0-1080,2340 aid=1073741824}, caller=android.view.ViewGroup.setRequestedFrameRate:9952 fr.a:1 androidx.compose.ui.platform.AndroidComposeView.dispatchDraw:100 android.view.View.draw:26345 android.view.View.updateDisplayListIfDirty:25175 
06-03 02:25:56.193 25369 25369 I View    : setRequestedFrameRate frameRate=-4.0, this=android.view.View{e3b4c10 V.ED..... ........ 0,0-0,0}, caller=fr.a:1 androidx.compose.ui.platform.AndroidComposeView.dispatchDraw:109 android.view.View.draw:26345 android.view.View.updateDisplayListIfDirty:25175 android.view.ViewGroup.recreateChildDisplayList:4794 
06-03 02:25:56.203 25369 25369 I View    : setRequestedFrameRate frameRate=NaN, this=androidx.compose.ui.platform.AndroidComposeView{13e8151 VFED..... ........ 0,0-1080,2340 aid=1073741824}, caller=android.view.ViewGroup.setRequestedFrameRate:9952 fr.a:1 androidx.compose.ui.platform.AndroidComposeView.dispatchDraw:100 android.view.View.draw:26345 android.view.View.updateDisplayListIfDirty:25175 
06-03 02:25:56.203 25369 25369 I View    : setRequestedFrameRate frameRate=-4.0, this=android.view.View{e3b4c10 V.ED..... ........ 0,0-0,0}, caller=fr.a:1 androidx.compose.ui.platform.AndroidComposeView.dispatchDraw:109 android.view.View.draw:26345 android.view.View.updateDisplayListIfDirty:25175 android.view.ViewGroup.recreateChildDisplayList:4794 
06-03 02:25:56.214 25369 25369 I View    : setRequestedFrameRate frameRate=NaN, this=androidx.compose.ui.platform.AndroidComposeView{13e8151 VFED..... ........ 0,0-1080,2340 aid=1073741824}, caller=android.view.ViewGroup.setRequestedFrameRate:9952 fr.a:1 androidx.compose.ui.platform.AndroidComposeView.dispatchDraw:100 android.view.View.draw:26345 android.view.View.updateDisplayListIfDirty:25175 
06-03 02:25:56.214 25369 25369 I View    : setRequestedFrameRate frameRate=-4.0, this=android.view.View{e3b4c10 V.ED..... ........ 0,0-0,0}, caller=fr.a:1 androidx.compose.ui.platform.AndroidComposeView.dispatchDraw:109 android.view.View.draw:26345 android.view.View.updateDisplayListIfDirty:25175 android.view.ViewGroup.recreateChildDisplayList:4794 
06-03 02:25:56.225 25369 25369 I View    : setRequestedFrameRate frameRate=NaN, this=androidx.compose.ui.platform.AndroidComposeView{13e8151 VFED..... ........ 0,0-1080,2340 aid=1073741824}, caller=android.view.ViewGroup.setRequestedFrameRate:9952 fr.a:1 androidx.compose.ui.platform.AndroidComposeView.dispatchDraw:100 android.view.View.draw:26345 android.view.View.updateDisplayListIfDirty:25175 
06-03 02:25:56.225 25369 25369 I View    : setRequestedFrameRate frameRate=-4.0, this=android.view.View{e3b4c10 V.ED..... ........ 0,0-0,0}, caller=fr.a:1 androidx.compose.ui.platform.AndroidComposeView.dispatchDraw:109 android.view.View.draw:26345 android.view.View.updateDisplayListIfDirty:25175 android.view.ViewGroup.recreateChildDisplayList:4794 
06-03 02:25:56.267 25369 25369 I View    : setRequestedFrameRate frameRate=NaN, this=androidx.compose.ui.platform.AndroidComposeView{13e8151 VFED..... ........ 0,0-1080,2340 aid=1073741824}, caller=android.view.ViewGroup.setRequestedFrameRate:9952 fr.a:1 androidx.compose.ui.platform.AndroidComposeView.dispatchDraw:100 android.view.View.draw:26345 android.view.View.updateDisplayListIfDirty:25175 
06-03 02:25:56.267 25369 25369 I View    : setRequestedFrameRate frameRate=-4.0, this=android.view.View{e3b4c10 V.ED..... ........ 0,0-0,0}, caller=fr.a:1 androidx.compose.ui.platform.AndroidComposeView.dispatchDraw:109 android.view.View.draw:26345 android.view.View.updateDisplayListIfDirty:25175 android.view.ViewGroup.recreateChildDisplayList:4794 
06-03 02:25:56.270 25369 25369 I View    : setRequestedFrameRate frameRate=NaN, this=androidx.compose.ui.platform.AndroidComposeView{13e8151 VFED..... ........ 0,0-1080,2340 aid=1073741824}, caller=android.view.ViewGroup.setRequestedFrameRate:9952 fr.a:1 androidx.compose.ui.platform.AndroidComposeView.dispatchDraw:100 android.view.View.draw:26345 android.view.View.updateDisplayListIfDirty:25175 
06-03 02:25:56.270 25369 25369 I View    : setRequestedFrameRate frameRate=-4.0, this=android.view.View{e3b4c10 V.ED..... ........ 0,0-0,0}, caller=fr.a:1 androidx.compose.ui.platform.AndroidComposeView.dispatchDraw:109 android.view.View.draw:26345 android.view.View.updateDisplayListIfDirty:25175 android.view.ViewGroup.recreateChildDisplayList:4794 
06-03 02:25:56.279 25369 25369 I View    : setRequestedFrameRate frameRate=NaN, this=androidx.compose.ui.platform.AndroidComposeView{13e8151 VFED..... ........ 0,0-1080,2340 aid=1073741824}, caller=android.view.ViewGroup.setRequestedFrameRate:9952 fr.a:1 androidx.compose.ui.platform.AndroidComposeView.dispatchDraw:100 android.view.View.draw:26345 android.view.View.updateDisplayListIfDirty:25175 
