06-02 07:19:45.499   880   880 I SensorsHub: LightSensor::injectSensorData: brightness 111
06-02 07:19:45.500   891   891 I SehLight: lcd : 111+
06-02 07:19:45.503   898   926 E BatteryDump: !@new_battery_dump : 3822,-10,475,550,43,322,324,348,0,0,326,348,0,Charging,NO_CHARGING,Normal,Good,USB,1,Normal,0,0,9600,0x0,0x10000,0x0,0,0,0000,0000,00000000,0,0,0,0,567,3822000,430,0,0,
06-02 07:19:45.505   898   898 I sehhealth-service: updateLrpSysfs: write: 324
06-02 07:19:45.508   891   891 I SehLight: lcd : 111-
06-02 07:19:45.508  1433  1853 D BrightnessHandler: inject brightness = 116.0, Brightness: 0.4554151
06-02 07:19:45.509   880   880 I SensorsHub: LightSensor::injectSensorData: brightness 116
06-02 07:19:45.509  1433  1853 D BrightnessHandler: inject brightness = 116.0, Brightness: 0.4554151
06-02 07:19:45.509   880   880 I SensorsHub: LightSensor::injectSensorData: brightness 116
06-02 07:19:45.510   891   891 I SehLight: lcd : 116+
06-02 07:19:45.514  1433  2062 I WindowManager: Relayout Window{252ccd4 u0 com.lotterynet.pro/com.lotterynet.pro.ui.tickets.TicketSummaryActivity}: viewVisibility=0 req=1080x2340 ty=1 d0
06-02 07:19:45.515   945   994 I SurfaceFlinger: id=2757 createSurf, flag=44004, com.lotterynet.pro/com.lotterynet.pro.ui.tickets.TicketSummaryActivity$_19343#2757
06-02 07:19:45.516   870 11872 W AudioALSACaptureDataProviderNormal: readThread, latency_in_s,0.000001,0.039836,0.000040, totalTime 0.039877 > logTimeout 0.022000 TIMEOUT!!
06-02 07:19:45.516  1433  2062 D WindowManager: makeSurface duration=2 name=com.lotterynet.pro/com.lotterynet.pro.ui.tickets.TicketSummaryActivity$_19343
06-02 07:19:45.518  1433  2062 D BLASTSyncEngine: SyncGroup 171:  Unfinished container: ActivityRecord{203373110 u0 com.lotterynet.pro/.ui.tickets.TicketSummaryActivity t1002} mSyncState=2
06-02 07:19:45.519   945   945 I SurfaceFlinger: [com.lotterynet.pro/com.lotterynet.pro.ui.tickets.TicketSummaryActivity$_19343#2757] attach to parent LayerHierarchy{RequestedLayerState{252ccd4 com.lotterynet.pro/com.lotterynet.pro.ui.tickets.TicketSummaryActivity#2756 parentId=2755} 1 children}
06-02 07:19:45.519   891   891 I SehLight: lcd : 116-
06-02 07:19:45.519  1433  1853 D BrightnessHandler: inject brightness = 121.0, Brightness: 0.47645155
06-02 07:19:45.520   880   880 I SensorsHub: LightSensor::injectSensorData: brightness 121
06-02 07:19:45.520  1433  2062 D WindowManager: Changing focus from null to Window{252ccd4 u0 com.lotterynet.pro/com.lotterynet.pro.ui.tickets.TicketSummaryActivity} displayId=0 Callers=com.android.server.wm.WindowManagerService.relayoutWindow:1366 com.android.server.wm.Session.relayout:27 android.view.IWindowSession$Stub.onTransact:829 com.android.server.wm.Session.onTransact:1 
06-02 07:19:45.520  1433  2062 I WindowManager: Cancelling animation restarting=true, leash=Surface(name=Surface(name=9339104 NavigationBar0)/@0x16336dc - animation-leash of insets_animation)/@0xef5d532
06-02 07:19:45.520  1433  2062 I WindowManager: Reparenting to original parent: Surface(name=WindowToken{7d28917 type=2019 android.os.BinderProxy@12630b1})/@0xc1d93e5, destroy=false, surface=Surface(name=9339104 NavigationBar0)/@0x16336dc
06-02 07:19:45.521  1433  2062 I WindowManager: Reparenting to leash, surface=Surface(name=9339104 NavigationBar0)/@0x16336dc, leashParent=Surface(name=WindowToken{7d28917 type=2019 android.os.BinderProxy@12630b1})/@0xc1d93e5
06-02 07:19:45.521  1433  1853 D BrightnessHandler: inject brightness = 121.0, Brightness: 0.47645155
06-02 07:19:45.521   880   880 I SensorsHub: LightSensor::injectSensorData: brightness 121
06-02 07:19:45.521   945   994 I SurfaceFlinger: id=2758 createSurf, flag=24000, Surface(name=9339104 NavigationBar0)/@0x16336dc - animation-leash of insets_animation#2758
06-02 07:19:45.522   891   891 I SehLight: lcd : 121+
06-02 07:19:45.522  1433  2062 D WindowManager: makeSurface duration=1 leash=Surface(name=Surface(name=9339104 NavigationBar0)/@0x16336dc - animation-leash of insets_animation)/@0x679e240
06-02 07:19:45.523  1433  2062 D InsetsSourceProvider: updateControlForTarget: control=InsetsSourceControl: {2e8d0001 mType=navigationBars initiallyVisible mSurfacePosition=Point(0, 2205) mInsetsHint=Insets{left=0, top=0, right=0, bottom=135}}, target=Window{252ccd4 u0 com.lotterynet.pro/com.lotterynet.pro.ui.tickets.TicketSummaryActivity}, from=com.android.server.wm.InsetsStateController.onControlTargetChanged:83 com.android.server.wm.InsetsPolicy.updateBarControlTarget:225 com.android.server.wm.DisplayPolicy.updateSystemBarAttributes:262 com.android.server.wm.WindowManagerService.updateFocusedWindowLocked:372 com.android.server.wm.WindowManagerService.relayoutWindow:1366 
06-02 07:19:45.523  1433  2062 I WindowManager: Cancelling animation restarting=true, leash=Surface(name=Surface(name=e5ba55c StatusBar)/@0x7df816b - animation-leash of insets_animation)/@0x6949c00
06-02 07:19:45.523  1433  2062 I WindowManager: Reparenting to original parent: Surface(name=WindowToken{ee757cf type=2000 android.os.BinderProxy@3ba82a9})/@0x75ae4c8, destroy=false, surface=Surface(name=e5ba55c StatusBar)/@0x7df816b
06-02 07:19:45.523  1433  2062 I WindowManager: Reparenting to leash, surface=Surface(name=e5ba55c StatusBar)/@0x7df816b, leashParent=Surface(name=WindowToken{ee757cf type=2000 android.os.BinderProxy@3ba82a9})/@0x75ae4c8
06-02 07:19:45.524   945   994 I SurfaceFlinger: id=2759 createSurf, flag=24000, Surface(name=e5ba55c StatusBar)/@0x7df816b - animation-leash of insets_animation#2759
06-02 07:19:45.525  1433  2062 D WindowManager: makeSurface duration=2 leash=Surface(name=Surface(name=e5ba55c StatusBar)/@0x7df816b - animation-leash of insets_animation)/@0xa7462be
06-02 07:19:45.525  1433  2062 D InsetsSourceProvider: updateControlForTarget: control=InsetsSourceControl: {e4b20000 mType=statusBars initiallyVisible mSurfacePosition=Point(0, 0) mInsetsHint=Insets{left=0, top=80, right=0, bottom=0}}, target=Window{252ccd4 u0 com.lotterynet.pro/com.lotterynet.pro.ui.tickets.TicketSummaryActivity}, from=com.android.server.wm.InsetsStateController.onControlTargetChanged:83 com.android.server.wm.InsetsPolicy.updateBarControlTarget:212 com.android.server.wm.DisplayPolicy.updateSystemBarAttributes:262 com.android.server.wm.WindowManagerService.updateFocusedWindowLocked:372 com.android.server.wm.WindowManagerService.relayoutWindow:1366 
06-02 07:19:45.526  1433  2062 V SystemKeyManager: updateFocusedWindow() is called, com.lotterynet.pro/com.lotterynet.pro.ui.tickets.TicketSummaryActivity
06-02 07:19:45.527  1433  2062 I WindowManager: Relayout hash=252ccd4, pid=19343, syncId=-1: mAttrs={(0,0)(fillxfill) sim={adjust=resize forwardNavigation} layoutInDisplayCutoutMode=always ty=BASE_APPLICATION wanim=0x1030317
06-02 07:19:45.527  1433  2062 I WindowManager:   fl=81810100
06-02 07:19:45.527  1433  2062 I WindowManager:   pfl=100088c0
06-02 07:19:45.527  1433  2062 I WindowManager:   bhv=1
06-02 07:19:45.527  1433  2062 I WindowManager:   fitSides=0
06-02 07:19:45.527  1433  2062 I WindowManager:   frameRateBoostOnTouch=true
06-02 07:19:45.527  1433  2062 I WindowManager:   dvrrWindowFrameRateHint=true naviIconColor=0}
06-02 07:19:45.528 19343 19343 D BufferQueueConsumer: [](id:4b8f0000000c,api:0,p:-1,c:19343) connect: controlledByApp=false
06-02 07:19:45.529 19343 19343 I BLASTBufferQueue: [VRI[TicketSummaryActivity]@acfad2f#12](f:0,a:0,s:0) constructor()
06-02 07:19:45.529 19343 19343 I BLASTBufferQueue_Java: new BLASTBufferQueue, mName= VRI[TicketSummaryActivity]@acfad2f mNativeObject= 0xb4000071bdabb400 caller= android.view.ViewRootImpl.updateBlastSurfaceIfNeeded:3585 android.view.ViewRootImpl.relayoutWindow:11685 android.view.ViewRootImpl.performTraversals:4804 android.view.ViewRootImpl.doTraversal:3924 android.view.ViewRootImpl$TraversalRunnable.run:12903 android.view.Choreographer$CallbackRecord.run:1901 android.view.Choreographer$CallbackRecord.run:1910 android.view.Choreographer.doCallbacks:1367 android.view.Choreographer.doFrame:1292 android.view.Choreographer$FrameDisplayEventReceiver.run:1870 
06-02 07:19:45.529 19343 19343 I BLASTBufferQueue_Java: update, w= 1080 h= 2340 mName = VRI[TicketSummaryActivity]@acfad2f mNativeObject= 0xb4000071bdabb400 sc.mNativeObject= 0xb400007241792200 format= -1 caller= android.view.ViewRootImpl.updateBlastSurfaceIfNeeded:3590 android.view.ViewRootImpl.relayoutWindow:11685 android.view.ViewRootImpl.performTraversals:4804 android.view.ViewRootImpl.doTraversal:3924 android.view.ViewRootImpl$TraversalRunnable.run:12903 android.view.Choreographer$CallbackRecord.run:1901 
06-02 07:19:45.529 19343 19343 I BLASTBufferQueue: [VRI[TicketSummaryActivity]@acfad2f#12](f:0,a:0,s:0) update width=1080 height=2340 format=-1 mTransformHint=0
06-02 07:19:45.530   945   945 I SurfaceFlinger: [LayerHierarchy{RequestedLayerState{9339104 NavigationBar0#91 parentId=2758} 1 children}] reparent to LayerHierarchy{RequestedLayerState{Surface(name=9339104 NavigationBar0)/@0x16336dc - animation-leash of insets_animation#2758 parentId=90} 1 children}
06-02 07:19:45.530   945   945 I SurfaceFlinger: [LayerHierarchy{RequestedLayerState{e5ba55c StatusBar#95 parentId=2759} 1 children}] reparent to LayerHierarchy{RequestedLayerState{Surface(name=e5ba55c StatusBar)/@0x7df816b - animation-leash of insets_animation#2759 parentId=94} 1 children}
06-02 07:19:45.530   945   945 I SurfaceFlinger: [LayerHierarchy{RequestedLayerState{Surface(name=9339104 NavigationBar0)/@0x16336dc - animation-leash of insets_animation#2748} no children}] reparent to OffscreenRoot
06-02 07:19:45.530   945   945 I SurfaceFlinger: [LayerHierarchy{RequestedLayerState{Surface(name=9339104 NavigationBar0)/@0x16336dc - animation-leash of insets_animation#2748} no children}] RelativeParent to null
06-02 07:19:45.530   945   945 I SurfaceFlinger: [LayerHierarchy{RequestedLayerState{Surface(name=e5ba55c StatusBar)/@0x7df816b - animation-leash of insets_animation#2749} no children}] reparent to OffscreenRoot
06-02 07:19:45.530   945   945 I SurfaceFlinger: [LayerHierarchy{RequestedLayerState{Surface(name=e5ba55c StatusBar)/@0x7df816b - animation-leash of insets_animation#2749} no children}] RelativeParent to null
06-02 07:19:45.530   945   945 I SurfaceFlinger: [Surface(name=9339104 NavigationBar0)/@0x16336dc - animation-leash of insets_animation#2758] attach to parent LayerHierarchy{RequestedLayerState{WindowToken{7d28917 type=2019 android.os.BinderProxy@12630b1}#90 parentId=34} 1 children}
06-02 07:19:45.530   945   945 I SurfaceFlinger: [Surface(name=e5ba55c StatusBar)/@0x7df816b - animation-leash of insets_animation#2759] attach to parent LayerHierarchy{RequestedLayerState{WindowToken{ee757cf type=2000 android.os.BinderProxy@3ba82a9}#94 parentId=17} 1 children}
06-02 07:19:45.530   891   891 I SehLight: lcd : 121-
06-02 07:19:45.530  1433  1853 D BrightnessHandler: inject brightness = 127.0, Brightness: 0.49748883
06-02 07:19:45.531   880   880 I SensorsHub: LightSensor::injectSensorData: brightness 127
06-02 07:19:45.532  1433  1853 D BrightnessHandler: inject brightness = 127.0, Brightness: 0.49748883
06-02 07:19:45.532   880   880 I SensorsHub: LightSensor::injectSensorData: brightness 127
06-02 07:19:45.533   945  1281 D SurfaceFlinger: [input] setFocusedWindow: 252ccd4 com.lotterynet.pro/com.lotterynet.pro.ui.tickets.TicketSummaryActivity
06-02 07:19:45.533   945  1281 D SurfaceFlinger: updateWinowInfo=1, setFocusedWindow timestamp=18527320146026, windowName=252ccd4 com.lotterynet.pro/com.lotterynet.pro.ui.tickets.TicketSummaryActivity
06-02 07:19:45.533   891   891 I SehLight: lcd : 127+
06-02 07:19:45.533 19343 19343 I VRI[TicketSummaryActivity]@acfad2f: Relayout returned: old=(0,0,1080,2340) new=(0,0,1080,2340) relayoutAsync=false req=(1080,2340)0 dur=14 res=0x3 s={true 0xb40000719f345600} ch=true seqId=0
06-02 07:19:45.533  1433  4020 D InputDispatcher: Once focus requested (0): 252ccd4 com.lotterynet.pro/com.lotterynet.pro.ui.tickets.TicketSummaryActivity
06-02 07:19:45.533  1433  4020 D InputDispatcher: Focus request (0): 252ccd4 com.lotterynet.pro/com.lotterynet.pro.ui.tickets.TicketSummaryActivity but waiting because NOT_VISIBLE
06-02 07:19:45.535 19343 19343 I VRI[TicketSummaryActivity]@acfad2f: performConfigurationChange setNightDimText nightDimLevel=0
06-02 07:19:45.537 19343 19343 D VRI[TicketSummaryActivity]@acfad2f: mThreadedRenderer.initialize() mSurface={isValid=true 0xb40000719f345600} hwInitialized=true
06-02 07:19:45.541   891   891 I SehLight: lcd : 127-
06-02 07:19:45.541  1433  1853 D BrightnessHandler: inject brightness = 132.0, Brightness: 0.5185383
06-02 07:19:45.542   880   880 I SensorsHub: LightSensor::injectSensorData: brightness 132
06-02 07:19:45.543  1433  1853 D BrightnessHandler: inject brightness = 132.0, Brightness: 0.5185383
06-02 07:19:45.544   880   880 I SensorsHub: LightSensor::injectSensorData: brightness 132
06-02 07:19:45.545   891   891 I SehLight: lcd : 132+
06-02 07:19:45.547 19343 19343 D VRI[TicketSummaryActivity]@acfad2f: reportNextDraw android.view.ViewRootImpl.performTraversals:5443 android.view.ViewRootImpl.doTraversal:3924 android.view.ViewRootImpl$TraversalRunnable.run:12903 android.view.Choreographer$CallbackRecord.run:1901 android.view.Choreographer$CallbackRecord.run:1910 
06-02 07:19:45.547 19343 19343 D VRI[TicketSummaryActivity]@acfad2f: Setup new sync=wmsSync-VRI[TicketSummaryActivity]@acfad2f#26
06-02 07:19:45.547 19343 19343 I VRI[TicketSummaryActivity]@acfad2f: Creating new active sync group VRI[TicketSummaryActivity]@acfad2f#27
06-02 07:19:45.550 19343 19343 D VRI[TicketSummaryActivity]@acfad2f: registerCallbacksForSync syncBuffer=false
06-02 07:19:45.552   891   891 I SehLight: lcd : 132-
06-02 07:19:45.553  1433  1853 D BrightnessHandler: inject brightness = 138.0, Brightness: 0.5395825
06-02 07:19:45.554   880   880 I SensorsHub: LightSensor::injectSensorData: brightness 138
06-02 07:19:45.554  1433  1853 D BrightnessHandler: inject brightness = 138.0, Brightness: 0.5395825
06-02 07:19:45.555   880   880 I SensorsHub: LightSensor::injectSensorData: brightness 138
06-02 07:19:45.556   891   891 I SehLight: lcd : 138+
06-02 07:19:45.563   891   891 I SehLight: lcd : 138-
06-02 07:19:45.564  1433  1853 D BrightnessHandler: inject brightness = 143.0, Brightness: 0.5606317
06-02 07:19:45.564   880   880 I SensorsHub: LightSensor::injectSensorData: brightness 143
06-02 07:19:45.565  1433  1853 D BrightnessHandler: inject brightness = 143.0, Brightness: 0.5606317
06-02 07:19:45.566   880   880 I SensorsHub: LightSensor::injectSensorData: brightness 143
06-02 07:19:45.566   891   891 I SehLight: lcd : 143+
06-02 07:19:45.566 19343 19343 I View    : setRequestedFrameRate frameRate=0.0, this=androidx.compose.ui.platform.AndroidComposeView{d275672 VFED..... ........ 0,0-1080,2340 aid=1073741824}, caller=android.view.ViewGroup.setRequestedFrameRate:9952 fr.a:1 androidx.compose.ui.platform.AndroidComposeView.dispatchDraw:100 android.view.View.draw:26345 android.view.View.updateDisplayListIfDirty:25175 
06-02 07:19:45.566 19343 19343 I View    : setRequestedFrameRate frameRate=-4.0, this=android.view.View{f822a93 V.ED..... ......I. 0,0-0,0}, caller=fr.a:1 androidx.compose.ui.platform.AndroidComposeView.dispatchDraw:109 android.view.View.draw:26345 android.view.View.updateDisplayListIfDirty:25175 android.view.View.draw:26072 
06-02 07:19:45.568 19343 19400 D VRI[TicketSummaryActivity]@acfad2f: Received frameDrawingCallback syncResult=0 frameNum=1.
06-02 07:19:45.569 19343 19400 I VRI[TicketSummaryActivity]@acfad2f: mWNT: t=0xb400007241994e80 mBlastBufferQueue=0xb4000071bdabb400 fn= 1 HdrRenderState mRenderHdrSdrRatio=1.0 caller= android.view.ViewRootImpl$12.onFrameDraw:15441 android.view.ThreadedRenderer$1.onFrameDraw:718 <bottom of call stack> 
06-02 07:19:45.569 19343 19400 I VRI[TicketSummaryActivity]@acfad2f: Setting up sync and frameCommitCallback
06-02 07:19:45.574 19343 19379 I BLASTBufferQueue: [VRI[TicketSummaryActivity]@acfad2f#12](f:0,a:0,s:0) onFrameAvailable the first frame is available
06-02 07:19:45.574 19343 19379 I BLASTBufferQueue: [VRI[TicketSummaryActivity]@acfad2f#12](f:0,a:1,s:0) acquireNextBufferLocked size=1080x2340 mFrameNumber=1 applyTransaction=true mTimestamp=18527366911873(auto) mPendingTransactions.size=0 graphicBufferId=83077552406605 transform=0
06-02 07:19:45.574   891   891 I SehLight: lcd : 143-
06-02 07:19:45.574 19343 19379 I VRI[TicketSummaryActivity]@acfad2f: Received frameCommittedCallback lastAttemptedDrawFrameNum=1 didProduceBuffer=true
06-02 07:19:45.575  1433  1853 D BrightnessHandler: inject brightness = 148.0, Brightness: 0.58167756
06-02 07:19:45.575 19343 19379 D HWUI    : CFMS:: SetUp Pid : 19343    Tid : 19379
06-02 07:19:45.575 19343 19343 D VRI[TicketSummaryActivity]@acfad2f: reportDrawFinished seqId=0
06-02 07:19:45.575   880   880 I SensorsHub: LightSensor::injectSensorData: brightness 148
06-02 07:19:45.575  1433  1853 D BrightnessHandler: inject brightness = 148.0, Brightness: 0.58167756
06-02 07:19:45.576   870 11872 W AudioALSACaptureDataProviderNormal: readThread, latency_in_s,0.000002,0.039742,0.000029, totalTime 0.039773 > logTimeout 0.022000 TIMEOUT!!
06-02 07:19:45.576  1433  4020 D WindowManager: finishDrawingWindow: Window{252ccd4 u0 com.lotterynet.pro/com.lotterynet.pro.ui.tickets.TicketSummaryActivity} mDrawState=DRAW_PENDING seqId=0
06-02 07:19:45.576   880   880 I SensorsHub: LightSensor::injectSensorData: brightness 148
06-02 07:19:45.576 19343 19379 D HWUI    : HWUI - treat SMPTE_170M as sRGB
06-02 07:19:45.577  1433  1468 V WindowManager: SyncGroup 171: Finished!
06-02 07:19:45.577   891   891 I SehLight: lcd : 148+
06-02 07:19:45.577 19343 19343 I ImeFocusController: onPreWindowFocus: skipped hasWindowFocus=false mHasImeFocus=true
06-02 07:19:45.577 19343 19343 I ImeFocusController: onPostWindowFocus: skipped hasWindowFocus=false mHasImeFocus=true
06-02 07:19:45.577  1433  1468 I SemDvfsHyPerManager: acquire hyper - AMS_RESUME_TAIL/1433@17, type = -999
06-02 07:19:45.577  1433  1468 I SemDvfsHyPerManager: acquire hyper - AMS_ACT_LAZY/1433@18, type = -999
06-02 07:19:45.577  1433  1468 D ActivityManagerPerformance: AMP_acquire() TAIL
06-02 07:19:45.577  1433  1468 D ActivityManagerPerformance: AMP_release() ACT_START
06-02 07:19:45.577   887   902 I HYPER-HAL: [RequestManager.cpp]acquire(): Acquired ID : 1051992  [1433 / 17]    HINT : AMS_RESUME_TAIL    list : 
06-02 07:19:45.577  1433  1468 V WindowManager: performShowLocked: mDrawState=HAS_DRAWN in Window{252ccd4 u0 com.lotterynet.pro/com.lotterynet.pro.ui.tickets.TicketSummaryActivity}
06-02 07:19:45.578  1433  1468 D ChangeTransitionController: onTransactionReady: TransitionRecord{43f2fd1 id=171 type=OPEN flags=0x0 c=[
06-02 07:19:45.578  1433  1468 D ChangeTransitionController:    ChangeInfo{6981f1f container=ActivityRecord{66144027 u0 com.lotterynet.pro/.ui.shell.ShellActivity t1002} flags=0x0}
06-02 07:19:45.578  1433  1468 D ChangeTransitionController:    ChangeInfo{435f80d container=Display{#0 state=ON size=1080x2340 ROTATION_0} flags=0x0}
06-02 07:19:45.578  1433  1468 D ChangeTransitionController:    ChangeInfo{39cc3c2 container=ActivityRecord{203373110 u0 com.lotterynet.pro/.ui.tickets.TicketSummaryActivity t1002} flags=0x0}
06-02 07:19:45.578  1433  1468 D ChangeTransitionController:    ChangeInfo{770a5d3 container=Task{ca20720 #1002 type=standard A=10501:com.lotterynet.pro} flags=0x0}
06-02 07:19:45.578  1433  1468 D ChangeTransitionController:    ChangeInfo{1af1510 container=DefaultTaskDisplayArea_d0@228631086 flags=0x0}
06-02 07:19:45.578  1433  1468 D ChangeTransitionController: ]
06-02 07:19:45.578  1433  1468 D ChangeTransitionController: }
06-02 07:19:45.578  1433  1468 V WindowManager: Start calculating TransitionInfo based on participants: {ActivityRecord{66144027 u0 com.lotterynet.pro/.ui.shell.ShellActivity t1002}, ActivityRecord{203373110 u0 com.lotterynet.pro/.ui.tickets.TicketSummaryActivity t1002}}
06-02 07:19:45.578   887   902 I mtkpower_client: perf_lock_rel, hdl:3780, tid:902
06-02 07:19:45.578  1433  1468 V WindowManager:   Final targets: [ChangeInfo{39cc3c2 container=ActivityRecord{203373110 u0 com.lotterynet.pro/.ui.tickets.TicketSummaryActivity t1002} flags=0x0}, ChangeInfo{6981f1f container=ActivityRecord{66144027 u0 com.lotterynet.pro/.ui.shell.ShellActivity t1002} flags=0x0}]
06-02 07:19:45.578   887   902 I mtkpower_client: perf_lock_acq, hdl:0, dur:0, num:2, tid:902
06-02 07:19:45.578   945  1351 I SurfaceFlinger: id=2760 createSurf, flag=84004, Transition Root: ActivityRecord{203373110 u0 com.lotterynet.pro/.ui.tickets.TicketSummaryActivity t1002}#2760
06-02 07:19:45.578   895   941 I libPowerHal: [perfLockRel] hdl:3780, idx:1
06-02 07:19:45.578   895   941 I libPowerHal: [setClusterFreq]  set cpu_ctrl cpufreq: -1 -1 -1 -1 
06-02 07:19:45.579   887   902 I mtkpower_client: ret_hdl:3783
06-02 07:19:45.579   887   902 I mtkpower_client: perf_lock_rel, hdl:3781, tid:902
06-02 07:19:45.579   895   941 I libPowerHal: [perfLockAcq] idx:4 hdl:3783 hint:-1 pid:887 tid:902 duration:0 lock_user:vendor.samsung. => ret_hdl:3783
06-02 07:19:45.579   895   941 I libPowerHal: [setClusterFreq] vendor.samsung. set cpufreq[0] min:1150000 max:-1 cpufreq[1] min:-1 max:-1 
06-02 07:19:45.579   895   941 I libPowerHal: [setClusterFreq]  set cpu_ctrl cpufreq: 1150000 -1 -1 -1 
06-02 07:19:45.580 19343 19343 I View    : setRequestedFrameRate frameRate=NaN, this=androidx.compose.ui.platform.AndroidComposeView{d275672 VFED..... ........ 0,0-1080,2340 aid=1073741824}, caller=android.view.ViewGroup.setRequestedFrameRate:9952 fr.a:1 androidx.compose.ui.platform.AndroidComposeView.dispatchDraw:100 android.view.View.draw:26345 android.view.View.updateDisplayListIfDirty:25175 
06-02 07:19:45.580   887   902 I mtkpower_client: perf_lock_acq, hdl:0, dur:0, num:2, tid:902
06-02 07:19:45.580 19343 19343 I View    : setRequestedFrameRate frameRate=NaN, this=android.view.View{f822a93 V.ED..... ........ 0,0-0,0}, caller=fr.a:1 androidx.compose.ui.platform.AndroidComposeView.dispatchDraw:109 android.view.View.draw:26345 android.view.View.updateDisplayListIfDirty:25175 android.view.ViewGroup.recreateChildDisplayList:4794 
06-02 07:19:45.580  1433  1468 I SurfaceControlRegistry: show, t=StartTransaction_SyncId<171> sc=ActivityRecord{203373110 u0 com.lotterynet.pro/.ui.tickets.TicketSummaryActivity t1002}, caller=android.view.SurfaceControl$Transaction.show:3557 com.android.server.wm.Transition.onTransactionReady:2048 com.android.server.wm.BLASTSyncEngine$SyncGroup.finishNow:240 com.android.server.wm.BLASTSyncEngine.onSurfacePlacement:263 com.android.server.wm.RootWindowContainer.performSurfacePlacementNoTrace:1083 com.android.server.wm.WindowSurfacePlacer.performSurfacePlacement:166 
06-02 07:19:45.580   895   941 I libPowerHal: [perfLockRel] hdl:3781, idx:2
06-02 07:19:45.580   895   941 I libPowerHal: [set_cpuidle] enable:1, fd:15, scn:0xb4000070c1cb0c10
06-02 07:19:45.580   895   941 I libPowerHal: [PD] vendor.samsung. update cmd:1c3c100 param:1
06-02 07:19:45.580  1433  1468 V WindowManager: Calling onTransitionReady: {id=171 t=OPEN f=0x0 trk=0 r=[0@Point(0, 0)] c=[
06-02 07:19:45.580  1433  1468 V WindowManager:         {m=OPEN f=FILLS_TASK|IS_ACTIVITY leash=Surface(name=ActivityRecord{203373110 u0 com.lotterynet.pro/.ui.tickets.TicketSummaryActivity t1002})/@0x93ae26c sb=Rect(0, 0 - 0, 0) eb=Rect(0, 0 - 1080, 2340) epz=Point(1080, 2340) d=-1->0 r=-1->0:-1 bc=fffafafa component=com.lotterynet.pro/.ui.tickets.TicketSummaryActivity opt={t=FROM_STYLE mUserId=0} inset=Rect(0, 0 - 0, 0) dim=true taskIdForActivity=1002},
06-02 07:19:45.580  1433  1468 V WindowManager:         {m=TO_BACK f=FILLS_TASK|IS_ACTIVITY leash=Surface(name=ActivityRecord{66144027 u0 com.lotterynet.pro/.ui.shell.ShellActivity t1002})/@0x4a8127e sb=Rect(0, 0 - 1080, 2340) eb=Rect(0, 0 - 1080, 2340) epz=Point(1080, 2340) d=0 bc=fffafafa component=com.lotterynet.pro/.ui.shell.ShellActivity opt={t=FROM_STYLE mUserId=0} inset=Rect(0, 0 - 0, 0) taskIdForActivity=1002}
06-02 07:19:45.580  1433  1468 V WindowManager:     ]}
06-02 07:19:45.580   887   902 I mtkpower_client: ret_hdl:3784
06-02 07:19:45.581   887   902 I mtkpower_client: perf_lock_rel, hdl:3782, tid:902
06-02 07:19:45.581   895   941 I libPowerHal: [perfLockAcq] idx:1 hdl:3784 hint:-1 pid:887 tid:902 duration:0 lock_user:vendor.samsung. => ret_hdl:3784
06-02 07:19:45.581   895   941 I libPowerHal: [set_cpuidle] enable:0, fd:15, scn:0xb4000070c1cafc28
06-02 07:19:45.581  1433  1468 I ActivityTaskManager: done cause=notifyTransitionStarting drawn timestamp=18527374139873 info=TransitionInfo{98fecca a=ActivityRecord{203373110 u0 com.lotterynet.pro/.ui.tickets.TicketSummaryActivity t1002} d=true}
06-02 07:19:45.581   895   941 I libPowerHal: [get_cpu_dma_latency_value] 0
06-02 07:19:45.581   895   941 I libPowerHal: [PE] vendor.samsung. update cmd:1c3c100 param:0
06-02 07:19:45.581  1433  1468 D RestrictionPolicy: isScreenCaptureEnabled : ret=true userId=0
06-02 07:19:45.581  1433  1464 I ActivityTaskManager: Displayed com.lotterynet.pro/.ui.tickets.TicketSummaryActivity for user 0: +277ms
06-02 07:19:45.581  1433  1464 I Pageboost: Launch time gathered : pid 19343 com.lotterynet.pro 277
06-02 07:19:45.581  1433  1468 D ScreenCapture: [Capture_TEST] : setIsScreenShotBySystem false
06-02 07:19:45.581  1433  1468 I SurfaceComposerClient: captureLayers:childrenOnly:1, sync:1
06-02 07:19:45.581   887   902 I mtkpower_client: perf_lock_acq, hdl:0, dur:0, num:2, tid:902
06-02 07:19:45.581  2887  2887 E pageboostd: Received HALT command code 2
06-02 07:19:45.582   895   941 I libPowerHal: [perfLockRel] hdl:3782, idx:3
06-02 07:19:45.582 19343 19343 I View    : setRequestedFrameRate frameRate=NaN, this=androidx.compose.ui.platform.AndroidComposeView{5354f22 VFED..... ........ 0,0-1080,2340 aid=1073741824}, caller=android.view.ViewGroup.setRequestedFrameRate:9952 fr.a:1 androidx.compose.ui.platform.AndroidComposeView.dispatchDraw:100 android.view.View.draw:26345 android.view.View.updateDisplayListIfDirty:25175 
06-02 07:19:45.582   895   941 I libPowerHal: [PD] vendor.samsung. update cmd:1000000 param:-1
06-02 07:19:45.582 19343 19343 I View    : setRequestedFrameRate frameRate=NaN, this=android.view.View{39eeb33 V.ED..... ........ 0,0-0,0}, caller=fr.a:1 androidx.compose.ui.platform.AndroidComposeView.dispatchDraw:109 android.view.View.draw:26345 android.view.View.updateDisplayListIfDirty:25175 android.view.ViewGroup.recreateChildDisplayList:4794 
06-02 07:19:45.582  1924  2834 V WindowManagerShell: onTransitionReady(transaction=6154688152718)
06-02 07:19:45.582   887   902 I mtkpower_client: ret_hdl:3785
06-02 07:19:45.583   895   941 I libPowerHal: [perfLockAcq] idx:2 hdl:3785 hint:-1 pid:887 tid:902 duration:0 lock_user:vendor.samsung. => ret_hdl:3785
06-02 07:19:45.583   895   941 I libPowerHal: [setDvfsrcDevFreqOpp] opp:1, freq:3200000000
06-02 07:19:45.583   887   902 I mtkpower_client: perf_lock_rel, hdl:3783, tid:902
06-02 07:19:45.583   895   941 I libPowerHal: [PE] vendor.samsung. update cmd:1000000 param:1
06-02 07:19:45.584   887   902 I mtkpower_client: perf_lock_acq, hdl:0, dur:0, num:2, tid:902
06-02 07:19:45.584   895   941 I libPowerHal: [perfLockRel] hdl:3783, idx:4
06-02 07:19:45.584   895   941 I libPowerHal: [setClusterFreq]  set cpu_ctrl cpufreq: -1 -1 -1 -1 
06-02 07:19:45.585   887   902 I mtkpower_client: ret_hdl:3786
06-02 07:19:45.585   945  1351 I SurfaceFlinger: Capture layer list: 	 com.lotterynet.pro/com.lotterynet.pro.ui.shell.ShellActivity$_19343#2747(seamlessTransition:0)
06-02 07:19:45.585   887   902 I mtkpower_client: perf_lock_rel, hdl:3784, tid:902
06-02 07:19:45.585   895   941 I libPowerHal: [perfLockAcq] idx:3 hdl:3786 hint:-1 pid:887 tid:902 duration:0 lock_user:vendor.samsung. => ret_hdl:3786
06-02 07:19:45.585   895   941 I libPowerHal: [setClusterFreq] vendor.samsung. set cpufreq[0] min:1150000 max:-1 cpufreq[1] min:-1 max:-1 
06-02 07:19:45.585   895   941 I libPowerHal: [setClusterFreq]  set cpu_ctrl cpufreq: 1150000 -1 -1 -1 
06-02 07:19:45.585   945   945 I SurfaceFlinger: [Transition Root: ActivityRecord{203373110 u0 com.lotterynet.pro/.ui.tickets.TicketSummaryActivity t1002}#2760] attach to parent LayerHierarchy{RequestedLayerState{Task=1002#2603 parentId=10 z=11} 8 children}
06-02 07:19:45.586   891   891 I SehLight: lcd : 148-
06-02 07:19:45.586   887   902 I mtkpower_client: perf_lock_acq, hdl:0, dur:0, num:2, tid:902
06-02 07:19:45.586   895   941 I libPowerHal: [perfLockRel] hdl:3784, idx:1
06-02 07:19:45.587  1924  2082 V WindowManagerShell: onTransitionReady (#171) android.os.BinderProxy@fab80b8: {id=171 t=OPEN f=0x0 trk=0 r=[0@Point(0, 0)] c=[
06-02 07:19:45.587  1924  2082 V WindowManagerShell:         {m=OPEN f=FILLS_TASK|IS_ACTIVITY leash=Surface(name=ActivityRecord{203373110 u0 com.lotterynet.pro/.ui.tickets.TicketSummaryActivity t1002})/@0x7a549f7 sb=Rect(0, 0 - 0, 0) eb=Rect(0, 0 - 1080, 2340) epz=Point(1080, 2340) d=-1->0 r=-1->0:-1 bc=fffafafa component=com.lotterynet.pro/.ui.tickets.TicketSummaryActivity opt={t=FROM_STYLE mUserId=0} inset=Rect(0, 0 - 0, 0) dim=true taskIdForActivity=1002},
06-02 07:19:45.587  1924  2082 V WindowManagerShell:         {m=TO_BACK f=FILLS_TASK|IS_ACTIVITY leash=Surface(name=ActivityRecord{66144027 u0 com.lotterynet.pro/.ui.shell.ShellActivity t1002})/@0x9f3f064 sb=Rect(0, 0 - 1080, 2340) eb=Rect(0, 0 - 1080, 2340) epz=Point(1080, 2340) d=0 bc=fffafafa component=com.lotterynet.pro/.ui.shell.ShellActivity opt={t=FROM_STYLE mUserId=0} inset=Rect(0, 0 - 0, 0) taskIdForActivity=1002}
06-02 07:19:45.587  1924  2082 V WindowManagerShell:     ]}
06-02 07:19:45.587  1433  1853 D BrightnessHandler: inject brightness = 154.0, Brightness: 0.6027059
06-02 07:19:45.587  1924  2082 V ShellDesktopMode: DesktopModeLogger: taskInfo map after processing changes 0
06-02 07:19:45.587   895   941 I libPowerHal: [set_cpuidle] enable:1, fd:15, scn:0xb4000070c1cafc28
06-02 07:19:45.587   895   941 I libPowerHal: [PD] vendor.samsung. update cmd:1c3c100 param:1
06-02 07:19:45.587  1924  2082 I SurfaceControlRegistry: hide, t=FinishTransaction_SyncId<171> sc=ActivityRecord{66144027 u0 com.lotterynet.pro/.ui.shell.ShellActivity t1002}, caller=android.view.SurfaceControl$Transaction.hide:3583 com.android.wm.shell.transition.Transitions.dispatchReady:1263 com.android.wm.shell.transition.Transitions.onTransitionReady:251 com.android.wm.shell.transition.Transitions$TransitionPlayerImpl$$ExternalSyntheticLambda0.run:13 android.os.Handler.handleCallback:995 android.os.Handler.dispatchMessage:103 
06-02 07:19:45.588   880   880 I SensorsHub: LightSensor::injectSensorData: brightness 154
06-02 07:19:45.589   887   902 I mtkpower_client: ret_hdl:3787
06-02 07:19:45.589   895   941 I libPowerHal: [perfLockAcq] idx:1 hdl:3787 hint:-1 pid:887 tid:902 duration:0 lock_user:vendor.samsung. => ret_hdl:3787
06-02 07:19:45.589   887   902 I mtkpower_client: perf_lock_rel, hdl:3785, tid:902
06-02 07:19:45.589  1924  2082 I SurfaceControlRegistry: show, t=StartTransaction_SyncId<171> sc=ActivityRecord{203373110 u0 com.lotterynet.pro/.ui.tickets.TicketSummaryActivity t1002}, caller=android.view.SurfaceControl$Transaction.show:3557 com.android.wm.shell.transition.Transitions.dispatchReady:1279 com.android.wm.shell.transition.Transitions.onTransitionReady:251 com.android.wm.shell.transition.Transitions$TransitionPlayerImpl$$ExternalSyntheticLambda0.run:13 android.os.Handler.handleCallback:995 android.os.Handler.dispatchMessage:103 
06-02 07:19:45.589   895   941 I libPowerHal: [set_cpuidle] enable:0, fd:15, scn:0xb4000070c1cafc28
06-02 07:19:45.589   895   941 I libPowerHal: [get_cpu_dma_latency_value] 0
06-02 07:19:45.589   895   941 I libPowerHal: [PE] vendor.samsung. update cmd:1c3c100 param:0
06-02 07:19:45.589  1924  2082 I SurfaceControlRegistry: show, t=FinishTransaction_SyncId<171> sc=ActivityRecord{203373110 u0 com.lotterynet.pro/.ui.tickets.TicketSummaryActivity t1002}, caller=android.view.SurfaceControl$Transaction.show:3557 com.android.wm.shell.transition.Transitions.dispatchReady:1330 com.android.wm.shell.transition.Transitions.onTransitionReady:251 com.android.wm.shell.transition.Transitions$TransitionPlayerImpl$$ExternalSyntheticLambda0.run:13 android.os.Handler.handleCallback:995 android.os.Handler.dispatchMessage:103 
06-02 07:19:45.589  1924  2082 V WindowManagerShell: Playing animation for (#171) android.os.BinderProxy@fab80b8@0
06-02 07:19:45.589  1924  2082 I SurfaceControlRegistry: show, t=StartTransaction_SyncId<171> sc=Transition Root: ActivityRecord{203373110 u0 com.lotterynet.pro/.ui.tickets.TicketSummaryActivity t1002}, caller=android.view.SurfaceControl$Transaction.show:3557 com.android.wm.shell.transition.Transitions.playTransition:79 com.android.wm.shell.transition.Transitions.processReadyQueue:239 com.android.wm.shell.transition.Transitions.dispatchReady:1352 com.android.wm.shell.transition.Transitions.onTransitionReady:251 com.android.wm.shell.transition.Transitions$TransitionPlayerImpl$$ExternalSyntheticLambda0.run:13 
06-02 07:19:45.589  1924  2082 D ShellSplitScreen: startAnimation: transition=171 isSplitActive=false
06-02 07:19:45.589  1433  1465 I GestureDetector: handleMessage TAP
06-02 07:19:45.589  1924  2082 V ShellRecents: RecentsTransitionHandler.startAnimation: no controller found
06-02 07:19:45.589  1924  2082 V ShellDesktopMode: DesktopMixedTransitionHandler: No pending desktop transition
06-02 07:19:45.589   887   902 I mtkpower_client: perf_lock_acq, hdl:0, dur:0, num:2, tid:902
06-02 07:19:45.589   895   941 I libPowerHal: [perfLockRel] hdl:3785, idx:2
06-02 07:19:45.589  1924  2082 V WindowManagerShell: Transition doesn't have explicit remote, search filters for match for {id=171 t=OPEN f=0x0 trk=0 r=[0@Point(0, 0)] c=[{m=OPEN f=FILLS_TASK|IS_ACTIVITY leash=Surface(name=ActivityRecord{203373110 u0 com.lotterynet.pro/.ui.tickets.TicketSummaryActivity t1002})/@0x7a549f7 sb=Rect(0, 0 - 0, 0) eb=Rect(0, 0 - 1080, 2340) epz=Point(1080, 2340) d=-1->0 r=-1->0:-1 bc=fffafafa component=com.lotterynet.pro/.ui.tickets.TicketSummaryActivity opt={t=FROM_STYLE mUserId=0} inset=Rect(0, 0 - 0, 0) dim=true taskIdForActivity=1002},{m=TO_BACK f=FILLS_TASK|IS_ACTIVITY leash=Surface(name=ActivityRecord{66144027 u0 com.lotterynet.pro/.ui.shell.ShellActivity t1002})/@0x9f3f064 sb=Rect(0, 0 - 1080, 2340) eb=Rect(0, 0 - 1080, 2340) epz=Point(1080, 2340) d=0 bc=fffafafa component=com.lotterynet.pro/.ui.shell.ShellActivity opt={t=FROM_STYLE mUserId=0} inset=Rect(0, 0 - 0, 0) taskIdForActivity=1002}]}
06-02 07:19:45.590  1433  1853 D BrightnessHandler: inject brightness = 154.0, Brightness: 0.6027059
06-02 07:19:45.590  1924  2082 V WindowManagerShell:  Checking filter Pair{{types=[] flags=0x0] notFlags=0x100 checks=[{atype=home independent=true modes=[OPEN,TO_FRONT] flags=NONE mustBeTask=false order=TOP topActivity=ComponentInfo{com.sec.android.app.launcher/com.sec.android.app.launcher.Launcher} launchCookie=null windowingMode=undefined},{atype=recents independent=true modes=[CLOSE,TO_BACK] flags=NONE mustBeTask=false order=ANY topActivity=null launchCookie=null windowingMode=undefined}]} RemoteTransition { remoteTransition = android.window.IRemoteTransition$Stub$Proxy@92342fd, appThread = android.app.IApplicationThread$Stub$Proxy@f1acbf2, debugName = QuickstepLaunchHomeFromRecentsflags =NONE }}
06-02 07:19:45.590  1924  2082 V WindowManagerShell:  Checking filter Pair{{types=[] flags=0x0] notFlags=0x100 checks=[{atype=home independent=true modes=[OPEN,TO_FRONT] flags=NONE mustBeTask=false order=TOP topActivity=ComponentInfo{com.sec.android.app.launcher/com.sec.android.app.launcher.Launcher} launchCookie=null windowingMode=undefined},{atype=standard independent=true modes=[CLOSE,TO_BACK] flags=NONE mustBeTask=false order=ANY topActivity=null launchCookie=null windowingMode=undefined}]} RemoteTransition { remoteTransition = android.window.IRemoteTransition$Stub$Proxy@7b8c243, appThread = android.app.IApplicationThread$Stub$Proxy@7ad50c0, debugName = QuickstepLaunchHomeflags =NONE }}
06-02 07:19:45.590  1924  2082 V WindowManagerShell:  Delegate animation for (#171) to null
06-02 07:19:45.590  1924  2082 V WindowManagerShell: start default transition animation, info = {id=171 t=OPEN f=0x0 trk=0 r=[0@Point(0, 0)] c=[{m=OPEN f=FILLS_TASK|IS_ACTIVITY leash=Surface(name=ActivityRecord{203373110 u0 com.lotterynet.pro/.ui.tickets.TicketSummaryActivity t1002})/@0x7a549f7 sb=Rect(0, 0 - 0, 0) eb=Rect(0, 0 - 1080, 2340) epz=Point(1080, 2340) d=-1->0 r=-1->0:-1 bc=fffafafa component=com.lotterynet.pro/.ui.tickets.TicketSummaryActivity opt={t=FROM_STYLE mUserId=0} inset=Rect(0, 0 - 0, 0) dim=true taskIdForActivity=1002},{m=TO_BACK f=FILLS_TASK|IS_ACTIVITY leash=Surface(name=ActivityRecord{66144027 u0 com.lotterynet.pro/.ui.shell.ShellActivity t1002})/@0x9f3f064 sb=Rect(0, 0 - 1080, 2340) eb=Rect(0, 0 - 1080, 2340) epz=Point(1080, 2340) d=0 bc=fffafafa component=com.lotterynet.pro/.ui.shell.ShellActivity opt={t=FROM_STYLE mUserId=0} inset=Rect(0, 0 - 0, 0) taskIdForActivity=1002}]}
06-02 07:19:45.590   895   941 I libPowerHal: [PD] vendor.samsung. update cmd:1000000 param:-1
06-02 07:19:45.590   880   880 I SensorsHub: LightSensor::injectSensorData: brightness 154
06-02 07:19:45.590  1433  1464 V WindowManager: Sent Transition (#171) createdAt=06-02 07:19:45.304 via request=TransitionRequestInfo { type = OPEN, triggerTask = TaskInfo{userId=0 taskId=1002 effectiveUid=10501 displayId=0 isRunning=true baseIntent=Intent { act=android.intent.action.MAIN cat=[android.intent.category.LAUNCHER] flg=0x10200000 cmp=com.lotterynet.pro/.ui.login.LoginActivity } baseActivity=ComponentInfo{com.lotterynet.pro/com.lotterynet.pro.ui.sales.SalesActivity} topActivity=ComponentInfo{com.lotterynet.pro/com.lotterynet.pro.ui.tickets.TicketSummaryActivity} origActivity=null realActivity=ComponentInfo{com.lotterynet.pro/com.lotterynet.pro.ui.login.LoginActivity} numActivities=7 lastActiveTime=18650612 supportsMultiWindow=true resizeMode=1 isResizeable=true minWidth=-1 minHeight=-1 maxWidth=-1 maxHeight=-1 defaultMinSize=220 desktopDefaultMinSize=304 token=WCT{RemoteToken{1c64447 Task{ca20720 #1002 type=standard A=10501:com.lotterynet.pro}}} topActivityType=1 pictureInPictureParams=null shouldDockBigOverlays=false launchIntoPipHostTaskId=-1 lastParentTaskIdBeforePip=-1 displayCutoutSafeInsets=Rect(0, 0 - 0, 0) topActivityInfo=ActivityInfo{29b958 com.lotterynet.pro.ui.tickets.TicketSummaryActivity} launchCookies=[] positionInParent=Point(0, 0) parentTaskId=-1 isFocused=true isVisible=true isVisibleRequested=true isTopActivityNoDisplay=false isSleeping=false locusId=null displayAreaFeatureId=1 isTopActivityTransparent=false isActivityStackTransparent=false lastNonFullscreenBounds=Rect(81, 557 - 999, 1727) capturedLink=null capturedLinkTimestamp=0 requestedVisibleTypes=-9 topActivityRequestOpenInBrowserEducationTimestamp=0 appCompatTaskInfo=AppCompatTaskInfo { topActivityInSizeCompat=false eligibleForLetterboxEducation= false isLetterboxEducationEnabled= false isLetterboxDoubleTapEnabled= false eligibleForUserAspectRatioButton= false topActivityBoundsLetterboxed= false isFromLetterboxDoubleTap= false topActivityLetterboxVerticalPosition= -1 topActivityLetterboxHorizontalPosition= -1 topActivityLetterboxWidth=-1 topActivityLetterboxHeight=-1 topActivityAppBounds=Rect(0, 0 - 1080, 2340) isUserFullscreenOverrideEnabled=false isSystemFullscreenOverrideEnabled=false hasMinAspectRatioOverride=false topActivityLetterboxBounds=null cameraCompatTaskInfo=CameraCompatTaskInfo { freeformCameraCompatMode=inactive} topActivityBounds=null topActivityInDisplayCompat=false singleTapFromLetterbox=false} topActivityMainWindowFrame=null originallySupportedMultiWindow=true hasWallpaper=false rootAffinity=10501:com.lotterynet.pro isTopTaskInStage=false CoverLauncherWidgetTask=false LaunchedFromAppsCoverLauncherTask=false LaunchedFromMultistarCoverLauncherTask=false isAllowedSeamlessRotation=false isTopTransparentActivity=false isAliasManaged=false hasConfigChanged=false snappingGuideBounds=null isAiKeyRemoveAppTask=false lastDesktopWindowingBounds=null lastExternalDesktopWindowingBounds=null safeCutoutInsets=null}, pipChange = null, remoteTransition = null, displayChange = null, flags = 0, debugId = 171 }
06-02 07:19:45.590  1433  1464 V WindowManager:     startWCT=WindowContainerTransaction { changes= {} hops= [] errorCallbackToken=null taskFragmentOrganizer=null }
06-02 07:19:45.590  1433  1464 V WindowManager:     info={id=171 t=OPEN f=0x0 trk=0 r=[0@Point(0, 0)] c=[
06-02 07:19:45.590  1433  1464 V WindowManager:         {m=OPEN f=FILLS_TASK|IS_ACTIVITY leash=Surface(name=ActivityRecord{203373110 u0 com.lotterynet.pro/.ui.tickets.TicketSummaryActivity t1002})/@0x93ae26c sb=Rect(0, 0 - 0, 0) eb=Rect(0, 0 - 1080, 2340) epz=Point(1080, 2340) d=-1->0 r=-1->0:-1 bc=fffafafa component=com.lotterynet.pro/.ui.tickets.TicketSummaryActivity opt={t=FROM_STYLE mUserId=0} inset=Rect(0, 0 - 0, 0) dim=true taskIdForActivity=1002},
06-02 07:19:45.590  1433  1464 V WindowManager:         {m=TO_BACK f=FILLS_TASK|IS_ACTIVITY leash=Surface(name=ActivityRecord{66144027 u0 com.lotterynet.pro/.ui.shell.ShellActivity t1002})/@0x4a8127e sb=Rect(0, 0 - 1080, 2340) eb=Rect(0, 0 - 1080, 2340) epz=Point(1080, 2340) d=0 bc=fffafafa component=com.lotterynet.pro/.ui.shell.ShellActivity opt={t=FROM_STYLE mUserId=0} inset=Rect(0, 0 - 0, 0) taskIdForActivity=1002}
06-02 07:19:45.590  1433  1464 V WindowManager:     ]}
06-02 07:19:45.591 19343 19343 I InsetsSourceConsumer: applyRequestedVisibilityToControl: visible=true, type=navigationBars, host=com.lotterynet.pro/com.lotterynet.pro.ui.tickets.TicketSummaryActivity
06-02 07:19:45.591   887   902 I mtkpower_client: ret_hdl:3788
06-02 07:19:45.591  1924  2082 V WindowManagerShell: loadAnimation: anim=android.view.animation.AnimationSet@e31aed0 animAttr=0x5 type=OPEN isEntrance=false
06-02 07:19:45.591  1924  2082 V WindowManagerShell:    wallpaperTransit=WALLPAPER_NONE translucent=false
06-02 07:19:45.591  1924  2082 V WindowManagerShell:    change={m=TO_BACK f=FILLS_TASK|IS_ACTIVITY leash=Surface(name=ActivityRecord{66144027 u0 com.lotterynet.pro/.ui.shell.ShellActivity t1002})/@0x9f3f064 sb=Rect(0, 0 - 1080, 2340) eb=Rect(0, 0 - 1080, 2340) epz=Point(1080, 2340) d=0 bc=fffafafa component=com.lotterynet.pro/.ui.shell.ShellActivity opt={t=FROM_STYLE mUserId=0} inset=Rect(0, 0 - 0, 0) taskIdForActivity=1002}
06-02 07:19:45.591   887   902 I HYPER-HAL: [RequestManager.cpp]releaseLocked(): Released ID : 1049091
06-02 07:19:45.591  1433  1433 I GestureDetector: handleMessage TAP
06-02 07:19:45.591  1924  2082 V WindowManagerShell: loadAnimation: anim=android.view.animation.AnimationSet@905e9ce animAttr=0x4 type=OPEN isEntrance=true
06-02 07:19:45.591  1924  2082 V WindowManagerShell:    wallpaperTransit=WALLPAPER_NONE translucent=false
06-02 07:19:45.591  1924  2082 V WindowManagerShell:    change={m=OPEN f=FILLS_TASK|IS_ACTIVITY leash=Surface(name=ActivityRecord{203373110 u0 com.lotterynet.pro/.ui.tickets.TicketSummaryActivity t1002})/@0x7a549f7 sb=Rect(0, 0 - 0, 0) eb=Rect(0, 0 - 1080, 2340) epz=Point(1080, 2340) d=-1->0 r=-1->0:-1 bc=fffafafa component=com.lotterynet.pro/.ui.tickets.TicketSummaryActivity opt={t=FROM_STYLE mUserId=0} inset=Rect(0, 0 - 0, 0) dim=true taskIdForActivity=1002}
06-02 07:19:45.591   895   941 I libPowerHal: [perfLockAcq] idx:2 hdl:3788 hint:-1 pid:887 tid:902 duration:0 lock_user:vendor.samsung. => ret_hdl:3788
06-02 07:19:45.591   895   941 I libPowerHal: [setDvfsrcDevFreqOpp] opp:1, freq:3200000000
06-02 07:19:45.592   895   941 I libPowerHal: [PE] vendor.samsung. update cmd:1000000 param:1
06-02 07:19:45.592   891   891 I SehLight: lcd : 154+
06-02 07:19:45.592 19343 19343 I InsetsSourceConsumer: applyRequestedVisibilityToControl: visible=true, type=statusBars, host=com.lotterynet.pro/com.lotterynet.pro.ui.tickets.TicketSummaryActivity
06-02 07:19:45.592   945  2689 I SurfaceFlinger: id=2761 createSurf, flag=20004, DimTransitionLayer for Surface(name=ActivityRecord{203373110 u0 com.lotterynet.pro/.ui.tickets.TicketSummaryActivity t1002})/@0x7a549f7#2761
06-02 07:19:45.593   945  2689 I SurfaceFlinger: onHandleDestroyed: layerId=2748, name=Surface(name=9339104 NavigationBar0)/@0x16336dc - animation-leash of insets_animation#2748
06-02 07:19:45.593   945  2689 I SurfaceFlinger: id=2748 Removed Surface(name=9339104 NavigationBar0)/@0x16336dc - animation-leash of insets_animation#2748 (175)
06-02 07:19:45.593   945  2689 I SurfaceFlinger: onHandleDestroyed: layerId=2749, name=Surface(name=e5ba55c StatusBar)/@0x7df816b - animation-leash of insets_animation#2749
06-02 07:19:45.593   945  2689 I SurfaceFlinger: id=2749 Removed Surface(name=e5ba55c StatusBar)/@0x7df816b - animation-leash of insets_animation#2749 (175)
06-02 07:19:45.593  1924  2082 I SurfaceControlRegistry: show, t=StartTransaction_SyncId<171> sc=DimTransitionLayer for Surface(name=ActivityRecord{203373110 u0 com.lotterynet.pro/.ui.tickets.TicketSummaryActivity t1002})/@0x7a549f7, caller=android.view.SurfaceControl$Transaction.show:3557 com.android.wm.shell.transition.DefaultTransitionHandler.startAnimation:2837 com.android.wm.shell.transition.Transitions.dispatchTransition:90 com.android.wm.shell.transition.Transitions.playTransition:774 com.android.wm.shell.transition.Transitions.processReadyQueue:239 com.android.wm.shell.transition.Transitions.dispatchReady:1352 
06-02 07:19:45.593  1924  2082 V WindowManagerShell: attach dim transition, change={m=OPEN f=FILLS_TASK|IS_ACTIVITY leash=Surface(name=ActivityRecord{203373110 u0 com.lotterynet.pro/.ui.tickets.TicketSummaryActivity t1002})/@0x7a549f7 sb=Rect(0, 0 - 0, 0) eb=Rect(0, 0 - 1080, 2340) epz=Point(1080, 2340) d=-1->0 r=-1->0:-1 bc=fffafafa component=com.lotterynet.pro/.ui.tickets.TicketSummaryActivity opt={t=FROM_STYLE mUserId=0} inset=Rect(0, 0 - 0, 0) dim=true taskIdForActivity=1002}
06-02 07:19:45.594  1924  2082 I SurfaceControlRegistry: apply, t=StartTransaction_SyncId<171>, caller=android.view.SurfaceControl$Transaction.apply:3459 android.view.SurfaceControl$Transaction.apply:3447 android.view.SurfaceControl$Transaction.apply:3397 com.android.wm.shell.transition.DefaultTransitionHandler.startAnimation:3292 com.android.wm.shell.transition.Transitions.dispatchTransition:90 com.android.wm.shell.transition.Transitions.playTransition:774 
06-02 07:19:45.594   895   906 I mtkpower@impl: [setMode] type:5, enabled:0
06-02 07:19:45.595  1924  2082 V WindowManagerShell:  animated by com.android.wm.shell.transition.DefaultTransitionHandler@4330960
06-02 07:19:45.596   945  2689 I SurfaceFlinger: id=2762 createSurf, flag=84000, 6535ef8 ActivityRecordInputSink com.lotterynet.pro/.ui.tickets.TicketSummaryActivity#2762
06-02 07:19:45.597   891   891 I SehLight: lcd : 154-
06-02 07:19:45.597   945   945 I SurfaceFlinger: RequestedLayer [ActivityRecord{203373110 u0 com.lott[...]ts.TicketSummaryActivity t1002}#2755] hidden!! flag  from(1) --> to(0)
06-02 07:19:45.597   945   945 E SurfaceFlinger: alpha changed 1.000 -> 0.000 - ActivityRecord{203373110 u0 com.lotterynet.pro/.ui.tickets.TicketSummaryActivity t1002}#2755
06-02 07:19:45.597   945   945 I SurfaceFlinger: RequestedLayer [252ccd4 com.lotterynet.pro/com.lotte[...]i.tickets.TicketSummaryActivity#2756] hidden!! flag  from(1) --> to(0)
06-02 07:19:45.597   945   945 I SurfaceFlinger: RequestedLayer [com.lotterynet.pro/com.lotterynet.pr[...]ts.TicketSummaryActivity$_19343#2757] hidden!! flag  from(1) --> to(0)
06-02 07:19:45.597   945   945 I SurfaceFlinger: RequestedLayer [Transition Root: ActivityRecord{2033[...]ts.TicketSummaryActivity t1002}#2760] hidden!! flag  from(1) --> to(0)
06-02 07:19:45.597   945   945 I SurfaceFlinger: RequestedLayer [DimTransitionLayer for Surface(name=[...]maryActivity t1002})/@0x7a549f7#2761] hidden!! flag  from(1) --> to(0)
06-02 07:19:45.597   945   945 E SurfaceFlinger: alpha changed 1.000 -> 0.000 - DimTransitionLayer for Surface(name=ActivityRecord{203373110 u0 com.lotterynet.pro/.ui.tickets.TicketSummaryActivity t1002})/@0x7a549f7#2761
06-02 07:19:45.597   945   945 E SurfaceFlinger: alpha changed 0.000 -> 1.000 - ActivityRecord{203373110 u0 com.lotterynet.pro/.ui.tickets.TicketSummaryActivity t1002}#2755
06-02 07:19:45.597   945   945 E SurfaceFlinger: alpha changed 0.000 -> 0.000 - DimTransitionLayer for Surface(name=ActivityRecord{203373110 u0 com.lotterynet.pro/.ui.tickets.TicketSummaryActivity t1002})/@0x7a549f7#2761
06-02 07:19:45.597   945   945 I SurfaceFlinger: destroyed Surface(name=9339104 NavigationBar0)/@0x16336dc - animation-leash of insets_animation#2748
06-02 07:19:45.597   945   945 I SurfaceFlinger: destroyed Surface(name=e5ba55c StatusBar)/@0x7df816b - animation-leash of insets_animation#2749
06-02 07:19:45.597   945   945 I SurfaceFlinger: [6535ef8 ActivityRecordInputSink com.lotterynet.pro/.ui.tickets.TicketSummaryActivity#2762] attach to parent LayerHierarchy{RequestedLayerState{ActivityRecord{203373110 u0 com.lotterynet.pro/.ui.tickets.TicketSummaryActivity t1002}#2755 parentId=2760 z=5} 2 children}
06-02 07:19:45.597   945   945 I SurfaceFlinger: [DimTransitionLayer for Surface(name=ActivityRecord{203373110 u0 com.lotterynet.pro/.ui.tickets.TicketSummaryActivity t1002})/@0x7a549f7#2761] attach to parent LayerHierarchy{RequestedLayerState{Transition Root: ActivityRecord{203373110 u0 com.lotterynet.pro/.ui.tickets.TicketSummaryActivity t1002}#2760 parentId=2603 z=6} 1 children}
06-02 07:19:45.597   945   945 I SurfaceFlinger: [LayerHierarchy{RequestedLayerState{ActivityRecord{66144027 u0 com.lotterynet.pro/.ui.shell.ShellActivity t1002}#2745 parentId=2760 z=2} 3 children}] reparent to LayerHierarchy{RequestedLayerState{Transition Root: ActivityRecord{203373110 u0 com.lotterynet.pro/.ui.tickets.TicketSummaryActivity t1002}#2760 parentId=2603 z=6} 2 children}
