06-02 07:19:45.597   945   945 I SurfaceFlinger: [LayerHierarchy{RequestedLayerState{ActivityRecord{203373110 u0 com.lotterynet.pro/.ui.tickets.TicketSummaryActivity t1002}#2755 parentId=2760 z=5} 3 children}] reparent to LayerHierarchy{RequestedLayerState{Transition Root: ActivityRecord{203373110 u0 com.lotterynet.pro/.ui.tickets.TicketSummaryActivity t1002}#2760 parentId=2603 z=6} 3 children}
06-02 07:19:45.597  1433  1853 D BrightnessHandler: inject brightness = 159.0, Brightness: 0.62374955
06-02 07:19:45.598   880   880 I SensorsHub: LightSensor::injectSensorData: brightness 159
06-02 07:19:45.598   945   945 I Layer   : id=2749 Destroyed Surface(name=e5ba55c StatusBar)/@0x7df816b - animation-leash of insets_animation#2749
06-02 07:19:45.598   945   945 I Layer   : id=2748 Destroyed Surface(name=9339104 NavigationBar0)/@0x16336dc - animation-leash of insets_animation#2748
06-02 07:19:45.598  1433  1853 D BrightnessHandler: inject brightness = 159.0, Brightness: 0.62374955
06-02 07:19:45.598   880   880 I SensorsHub: LightSensor::injectSensorData: brightness 159
06-02 07:19:45.599   891   891 I SehLight: lcd : 159+
06-02 07:19:45.600   945   945 I BufferQueueProducer: [FramebufferSurface](this:0xb40000734f0f0370,id:-1,api:1,p:945,c:945) queueBuffer: fps=0.37 dur=2737.92 max=2737.92 min=2737.92
06-02 07:19:45.602  1433  4020 D InputDispatcher: Focus entered window (0): 252ccd4 com.lotterynet.pro/com.lotterynet.pro.ui.tickets.TicketSummaryActivity
06-02 07:19:45.603 19343 19343 D VRI[TicketSummaryActivity]@acfad2f: mThreadedRenderer.initializeIfNeeded()#2 mSurface={isValid=true 0xb40000719f345600}
06-02 07:19:45.603 19343 19343 D InputMethodManagerUtils: startInputInner - Id : 0
06-02 07:19:45.603 19343 19343 I InputMethodManager: startInputInner - IInputMethodManagerGlobalInvoker.startInputOrWindowGainedFocus
06-02 07:19:45.604  1433  1650 V InputMethodManagerService: startInputOrWindowGainedFocusInternalLocked: reason=WINDOW_FOCUS_GAIN client=android.os.BinderProxy@b39e486 inputContext=null editorInfo=android.view.inputmethod.EditorInfo@a4ceab1 startInputFlags=VIEW_HAS_FOCUS|INITIAL_CONNECTION softInputMode=STATE_UNSPECIFIED|ADJUST_RESIZE|IS_FORWARD_NAVIGATION windowFlags=#81810100 unverifiedTargetSdkVersion=36 bindingController=com.android.server.inputmethod.InputMethodBindingController@55eab01 imeDispatcher=android.window.ImeOnBackInvokedDispatcher@8280b96 cs=ClientState{2139bd8 mUid=10501 mPid=19343 mSelfReportedDisplayId=0} imeRequestedVisible=false
06-02 07:19:45.605  1433  1650 V InputMethodManagerService: setWindowStateInner, windowToken=android.os.BinderProxy@65d1227, state=ImeTargetWindowState{ imeToken null imeFocusChanged true hasEditorFocused false requestedImeVisible false imeDisplayId 0 softInputModeState STATE_UNSPECIFIED|ADJUST_RESIZE|IS_FORWARD_NAVIGATION isStartInputByGainFocus true}
06-02 07:19:45.605  1433  1650 V InputMethodManagerService: Unspecified window will hide input
06-02 07:19:45.605  1433  1650 I ImeTracker: com.lotterynet.pro:eef87504: onRequestHide at ORIGIN_SERVER reason HIDE_UNSPECIFIED_WINDOW fromUser false
06-02 07:19:45.605  1433  1650 V InputMethodManagerService: applyImeVisibility state=6
06-02 07:19:45.605  1433  1650 D SemInputMethodManagerServiceUtil: restorePreviousUsedInputMethod : failed to return the previous ime becuase the stored info is null or do not need restore
06-02 07:19:45.605  1433  1650 V InputMethodManagerService: semComputeImeDisplayIdForTarget: displayToShowIme=0
06-02 07:19:45.605  1433  1650 V InputMethodManagerService: Creating new accessibility sessions for client ClientState{2139bd8 mUid=10501 mPid=19343 mSelfReportedDisplayId=0}
06-02 07:19:45.605 19343 19343 I InputMethodManager: handleMessage: setImeVisibility visible=false
06-02 07:19:45.605 19343 19343 D InsetsController: hide(ime(), fromIme=false)
06-02 07:19:45.605 19343 19343 I ImeTracker: com.lotterynet.pro:eef87504: onCancelled at PHASE_CLIENT_ALREADY_HIDDEN
06-02 07:19:45.606  1433  1650 D InputMethodManagerService: isImeSwitcherDisabledPackage : false
06-02 07:19:45.606  1433  1650 D InputMethodManagerService: shouldShowImeSwitcherLocked : checking vis : 3
06-02 07:19:45.607  1433  1650 D InputMethodManagerService: checkDisplayOfStartInputAndUpdateKeyboard: displayId=0, mFocusedDisplayId=0
06-02 07:19:45.607  1433  1650 D InputTransport: Input channel constructed: 'ClientS', fd=1312
06-02 07:19:45.608  1433  1650 D InputTransport: Input channel destroyed: 'ClientS', fd=1312
06-02 07:19:45.608   891   891 I SehLight: lcd : 159-
06-02 07:19:45.608 19343 19356 D InputTransport: Input channel constructed: 'ClientS', fd=219
06-02 07:19:45.608  1924  1924 D SystemUIService: SYSUI_RAM_OPTIMIZATION onTrimMemory=20
06-02 07:19:45.609  1924  1924 D CentralSurfaces: SYSUI_RAM_OPTIMIZATION onTrimMemory=20
06-02 07:19:45.609  1924  2292 D HWUI    : CacheManager::trimMemory(20)
06-02 07:19:45.610  1433  1853 D BrightnessHandler: inject brightness = 164.0, Brightness: 0.64478815
06-02 07:19:45.610  5792  5792 I HBD     : HoneyBoardService onFinishInput 
06-02 07:19:45.610  1433  1744 D RestrictionPolicy: isScreenCaptureEnabled : ret=true userId=0
06-02 07:19:45.610   880   880 I SensorsHub: LightSensor::injectSensorData: brightness 164
06-02 07:19:45.611  5792  5792 I HBD     : a IC have been unbinding,  RemoteInputConnection{idHash=#9121208}
06-02 07:19:45.611  5792  5792 I HBD     : HoneyBoardService [PF_CL][onFinishInput]  1 ms 
06-02 07:19:45.611  5792  5792 I HBD     : HoneyBoardService [IMI] onStartInput - caller pid : 19343 , caller uid : 10501 
06-02 07:19:45.611  5792  5792 I HBD     : r updateConfigs 
06-02 07:19:45.611  5792  5792 I HBD     : r isEnabledNightMode : true 
06-02 07:19:45.611  5792  5792 I HBD     : a IC have been binding, RemoteInputConnection{idHash=#9121208} 
06-02 07:19:45.611  5792  5792 I HBD     : h [EditorInputType]setPrivateImeOptionsToTable privateImeOptions ( null )
06-02 07:19:45.611  5792  5792 I HBD     : b incognitoMode : false 
06-02 07:19:45.611  5792  5792 I HBD     : f needOff = true , isForceOff = false, isNullInputClass : true 
06-02 07:19:45.611  5792  5792 I HBD     : h getDefaultInputRange : UNKNOWN 
06-02 07:19:45.612  1433  1744 I WindowManager: Cancelling animation restarting=true, leash=Surface(name=Surface(name=aa7b87a InputMethod)/@0x22a321b - animation-leash of insets_animation)/@0xd5ea0c4
06-02 07:19:45.612  5792  5792 I HBD     : h getDefaultInputRange : UNKNOWN 
06-02 07:19:45.612  1433  1853 D BrightnessHandler: inject brightness = 164.0, Brightness: 0.64478815
06-02 07:19:45.612  1433  1744 I WindowManager: Reparenting to original parent: Surface(name=WindowToken{e268eec type=2011 android.os.Binder@1af5043})/@0x31dbfb8, destroy=false, surface=Surface(name=aa7b87a InputMethod)/@0x22a321b
06-02 07:19:45.612  5792  5792 I HBD     : h getDefaultInputRange : UNKNOWN 
06-02 07:19:45.612  1433  1744 I WindowManager: Reparenting to leash, surface=Surface(name=aa7b87a InputMethod)/@0x22a321b, leashParent=Surface(name=WindowToken{e268eec type=2011 android.os.Binder@1af5043})/@0x31dbfb8
06-02 07:19:45.612   880   880 I SensorsHub: LightSensor::injectSensorData: brightness 164
06-02 07:19:45.613   945  2689 I SurfaceFlinger: id=2763 createSurf, flag=24004, Surface(name=aa7b87a InputMethod)/@0x22a321b - animation-leash of insets_animation#2763
06-02 07:19:45.613   891   891 I SehLight: lcd : 164+
06-02 07:19:45.613 19343 19343 I View    : setRequestedFrameRate frameRate=NaN, this=androidx.compose.ui.platform.AndroidComposeView{d275672 VFED..... ........ 0,0-1080,2340 aid=1073741824}, caller=android.view.ViewGroup.setRequestedFrameRate:9952 fr.a:1 androidx.compose.ui.platform.AndroidComposeView.dispatchDraw:100 android.view.View.draw:26345 android.view.View.updateDisplayListIfDirty:25175 
06-02 07:19:45.613 19343 19343 I View    : setRequestedFrameRate frameRate=NaN, this=android.view.View{f822a93 V.ED..... ........ 0,0-0,0}, caller=fr.a:1 androidx.compose.ui.platform.AndroidComposeView.dispatchDraw:109 android.view.View.draw:26345 android.view.View.updateDisplayListIfDirty:25175 android.view.ViewGroup.recreateChildDisplayList:4794 
06-02 07:19:45.613  5792  5792 I HBD     : f needOff = true , isForceOff = false, isNullInputClass : true 
06-02 07:19:45.613  5792  5792 I HBD     : f update cached prediction status : false 
06-02 07:19:45.613  5792  5792 I HBD     : h getDefaultInputRange : UNKNOWN 
06-02 07:19:45.613  5792  5792 I HBD     : a currentState : 0 
06-02 07:19:45.614  5792  5792 I HBD     : a [UpdatePolicy] [post] a: 0 cl: 1179649 kit: [0/11] vt: 0 ir: 1 
06-02 07:19:45.614  1433  1744 D WindowManager: makeSurface duration=2 leash=Surface(name=Surface(name=aa7b87a InputMethod)/@0x22a321b - animation-leash of insets_animation)/@0x8514b22
06-02 07:19:45.614  1090  1090 D data_transfer: waitConnection: socketFd=6
06-02 07:19:45.614  1090  1090 D data_transfer: clientlisten thread is running
06-02 07:19:45.614  1090  1090 D data_transfer: waitConnection: wait clientfd=-1
06-02 07:19:45.614  1433  1744 D InsetsSourceProvider: updateControlForTarget: control=InsetsSourceControl: {3 mType=ime mSurfacePosition=Point(0, 80) mInsetsHint=Insets{left=0, top=0, right=0, bottom=1008}}, target=Window{252ccd4 u0 com.lotterynet.pro/com.lotterynet.pro.ui.tickets.TicketSummaryActivity}, from=com.android.server.wm.ImeInsetsSourceProvider.updateControlForTarget:17 com.android.server.wm.InsetsStateController.onControlTargetChanged:83 com.android.server.wm.DisplayContent.updateImeControlTarget:21 com.android.server.wm.DisplayContent.updateImeInputAndControlTarget:156 com.android.server.wm.WindowManagerService$LocalService.updateInputMethodTargetWindow:64 
06-02 07:19:45.614  1433  1744 I ImeTracker: system_server:a07de5b4: onRequestHide at ORIGIN_SERVER reason IME_REQUESTED_CHANGED_LISTENER fromUser false
06-02 07:19:45.615  1433  1467 V InputMethodManagerService: Client requesting input be hidden
06-02 07:19:45.615  1433  1467 V InputMethodManagerService: setWindowStateInner, windowToken=android.os.BinderProxy@65d1227, state=ImeTargetWindowState{ imeToken android.os.Binder@3ea5b70 imeFocusChanged true hasEditorFocused false requestedImeVisible false imeDisplayId 0 softInputModeState STATE_UNSPECIFIED|ADJUST_RESIZE|IS_FORWARD_NAVIGATION isStartInputByGainFocus true}
06-02 07:19:45.615  1433  1467 I ImeTracker: system_server:a07de5b4: onCancelled at PHASE_SERVER_SHOULD_HIDE
06-02 07:19:45.615  1433  1467 V InputMethodManagerService: hideCurrentInputLocked : canceled, shouldHideSoftInput=false, mInputShown=false, mImeWindowVis=0
06-02 07:19:45.617  5792  5792 I HBD     : a [NRIC] resetNoResponseState 
06-02 07:19:45.617  5792  5792 I HBD     : f needOff = true , isForceOff = false, isNullInputClass : true 
06-02 07:19:45.617  5792  5792 I HBD     : f update cached prediction status : false 
06-02 07:19:45.617  5792  5792 I HBD     : b [AiWriter] setContact : com.lotterynet.pro
06-02 07:19:45.618  5792  5792 I HBD     : HoneyBoardService [PF_OP][onStartInput]  7 ms 
06-02 07:19:45.619   945   945 E SurfaceFlinger: alpha changed 0.000 -> 0.013 - DimTransitionLayer for Surface(name=ActivityRecord{203373110 u0 com.lotterynet.pro/.ui.tickets.TicketSummaryActivity t1002})/@0x7a549f7#2761
06-02 07:19:45.619   945   945 I SurfaceFlinger: [Surface(name=aa7b87a InputMethod)/@0x22a321b - animation-leash of insets_animation#2763] attach to parent LayerHierarchy{RequestedLayerState{WindowToken{e268eec type=2011 android.os.Binder@1af5043}#1905 parentId=15} 2 children}
06-02 07:19:45.619   891   891 I SehLight: lcd : 164-
06-02 07:19:45.619  1433  1853 D BrightnessHandler: inject brightness = 170.0, Brightness: 0.6658603
06-02 07:19:45.620   880   880 I SensorsHub: LightSensor::injectSensorData: brightness 170
06-02 07:19:45.621  1433  1853 D BrightnessHandler: inject brightness = 170.0, Brightness: 0.6658603
06-02 07:19:45.622   880   880 I SensorsHub: LightSensor::injectSensorData: brightness 170
06-02 07:19:45.623   891   891 I SehLight: lcd : 170+
06-02 07:19:45.624   945   945 D SurfaceFlinger: Display 4627039422300187648 HWC layers:
06-02 07:19:45.624   945   945 D SurfaceFlinger:        CLIENT |           83077552406599 | 00002102 | RGBA_8888    |   21.0    0.0 1080.0 2340.0 |    0    0 1080 2340 | com.lotterynet.pro/com.lotterynet.pro.ui.shell.ShellActivity$_19343#2747 (26)
06-02 07:19:45.624   945   945 D SurfaceFlinger:   SOLID_COLOR |                        0 | 00000000 | N/A          |    0.0    0.0    0.0    0.0 |    0    0 1080 2340 | DimTransitionLayer for Surface(name=[...]maryActivity t1002})/@0x7a549f7#2761 (0)
06-02 07:19:45.624   945   945 D SurfaceFlinger:        DEVICE |           83077552406604 | 00002102 | RGBA_8888    |    0.0    0.0   68.0 2340.0 | 1012    0 1080 2340 | com.lotterynet.pro/com.lotterynet.pr[...]ts.TicketSummaryActivity$_19343#2757 (2)
06-02 07:19:45.624   945   945 D SurfaceFlinger:        DEVICE |            8263517078705 | 00002100 | RGBA_8888    |    0.0    0.0 1080.0   80.0 |    0    0 1080   80 | StatusBar$_1924#100 (19559)
06-02 07:19:45.624   945   945 D SurfaceFlinger:        DEVICE |            8263517078773 | 00002100 | RGBA_8888    |    0.0    0.0 1080.0  135.0 |    0 2205 1080 2340 | NavigationBar0$_1924#96 (2770)
06-02 07:19:45.624   945   945 D SurfaceFlinger: 
06-02 07:19:45.630   945   945 I SurfaceFlinger: RequestedLayer [Surface(name=aa7b87a InputMethod)/@0[...]ation-leash of insets_animation#2763] hidden!! flag  from(1) --> to(0)
06-02 07:19:45.630   945   945 E SurfaceFlinger: alpha changed 1.000 -> 0.000 - Surface(name=aa7b87a InputMethod)/@0x22a321b - animation-leash of insets_animation#2763
06-02 07:19:45.630   945   945 I SurfaceFlinger: [LayerHierarchy{RequestedLayerState{ImeContainer#15 parentId=2755 relativeParentId=2756 z=1} 1 children}] reparent to LayerHierarchy{RequestedLayerState{ActivityRecord{203373110 u0 com.lotterynet.pro/.ui.tickets.TicketSummaryActivity t1002}#2755 parentId=2760 z=5} 4 children}
06-02 07:19:45.630   945   945 I SurfaceFlinger: [LayerHierarchy{RequestedLayerState{ImeContainer#15 parentId=2755 relativeParentId=2756 z=1} 1 children}] RelativeParent to LayerHierarchy{RequestedLayerState{252ccd4 com.lotterynet.pro/com.lotterynet.pro.ui.tickets.TicketSummaryActivity#2756 parentId=2755} 2 children}
06-02 07:19:45.630   945   945 I SurfaceFlinger: [LayerHierarchy{RequestedLayerState{aa7b87a InputMethod#1917 parentId=2763} no children}] reparent to LayerHierarchy{RequestedLayerState{Surface(name=aa7b87a InputMethod)/@0x22a321b - animation-leash of insets_animation#2763 parentId=1905} 1 children}
06-02 07:19:45.630   945   945 I SurfaceFlinger: [LayerHierarchy{RequestedLayerState{Surface(name=aa7b87a InputMethod)/@0x22a321b - animation-leash of insets_animation#2753} no children}] reparent to OffscreenRoot
06-02 07:19:45.630   945   945 I SurfaceFlinger: [LayerHierarchy{RequestedLayerState{Surface(name=aa7b87a InputMethod)/@0x22a321b - animation-leash of insets_animation#2753} no children}] RelativeParent to null
06-02 07:19:45.630   891   891 I SehLight: lcd : 170-
06-02 07:19:45.632   945   994 I SurfaceFlinger: onHandleDestroyed: layerId=2753, name=Surface(name=aa7b87a InputMethod)/@0x22a321b - animation-leash of insets_animation#2753
06-02 07:19:45.632  1433  1853 D BrightnessHandler: inject brightness = 175.0, Brightness: 0.6869104
06-02 07:19:45.632   945   994 I SurfaceFlinger: id=2753 Removed Surface(name=aa7b87a InputMethod)/@0x22a321b - animation-leash of insets_animation#2753 (175)
06-02 07:19:45.632   880   880 I SensorsHub: LightSensor::injectSensorData: brightness 175
06-02 07:19:45.632  1433  1853 D BrightnessHandler: inject brightness = 175.0, Brightness: 0.6869104
06-02 07:19:45.633   880   880 I SensorsHub: LightSensor::injectSensorData: brightness 175
06-02 07:19:45.634   891   891 I SehLight: lcd : 175+
06-02 07:19:45.641   945   945 I SurfaceFlinger: destroyed Surface(name=aa7b87a InputMethod)/@0x22a321b - animation-leash of insets_animation#2753
06-02 07:19:45.641   891   891 I SehLight: lcd : 175-
06-02 07:19:45.642   945   945 I Layer   : id=2753 Destroyed Surface(name=aa7b87a InputMethod)/@0x22a321b - animation-leash of insets_animation#2753
06-02 07:19:45.642  1433  1853 D BrightnessHandler: inject brightness = 181.0, Brightness: 0.70794356
06-02 07:19:45.642   880   880 I SensorsHub: LightSensor::injectSensorData: brightness 181
06-02 07:19:45.644  1433  1853 D BrightnessHandler: inject brightness = 181.0, Brightness: 0.70794356
06-02 07:19:45.644   880   880 I SensorsHub: LightSensor::injectSensorData: brightness 181
06-02 07:19:45.645   891   891 I SehLight: lcd : 181+
06-02 07:19:45.652   891   891 I SehLight: lcd : 181-
06-02 07:19:45.653  1433  1853 D BrightnessHandler: inject brightness = 186.0, Brightness: 0.72899824
06-02 07:19:45.653   880   880 I SensorsHub: LightSensor::injectSensorData: brightness 186
06-02 07:19:45.654  1433  1853 D BrightnessHandler: inject brightness = 186.0, Brightness: 0.72899824
06-02 07:19:45.654   880   880 I SensorsHub: LightSensor::injectSensorData: brightness 186
06-02 07:19:45.655   891   891 I SehLight: lcd : 186+
06-02 07:19:45.656   870 11872 W AudioALSACaptureDataProviderNormal: readThread, latency_in_s,0.000001,0.039891,0.000060, totalTime 0.039952 > logTimeout 0.022000 TIMEOUT!!
06-02 07:19:45.663   891   891 I SehLight: lcd : 186-
06-02 07:19:45.664  1433  1853 D BrightnessHandler: inject brightness = 191.0, Brightness: 0.75006276
06-02 07:19:45.665   880   880 I SensorsHub: LightSensor::injectSensorData: brightness 191
06-02 07:19:45.666  1433  1853 D BrightnessHandler: inject brightness = 191.0, Brightness: 0.75006276
06-02 07:19:45.666   880   880 I SensorsHub: LightSensor::injectSensorData: brightness 191
06-02 07:19:45.667   891   891 I SehLight: lcd : 191+
06-02 07:19:45.670  5792  5792 I InputMethodService: scheduleImeSurfaceRemoval: removeImeSurface is posted.
06-02 07:19:45.675   891   891 I SehLight: lcd : 191-
06-02 07:19:45.675  1433  1853 D BrightnessHandler: inject brightness = 193.0, Brightness: 0.75686276
06-02 07:19:45.675  1433  1526 D DisplayPowerController[0]: animateScreenStateChange: target=ON, mIsEnabled=true
06-02 07:19:45.676   880   880 I SensorsHub: LightSensor::injectSensorData: brightness 193
06-02 07:19:45.676  1433  1853 D BrightnessHandler: inject brightness = 193.0, Brightness: 0.75686276
06-02 07:19:45.677   880   880 I SensorsHub: LightSensor::injectSensorData: brightness 193
06-02 07:19:45.678  1433  1526 D DisplayPowerController[0]: saveBrightnessInfo: brt:0.75686276 adjBrt:0.75686276 min:0.0 max:1.0 hbm:0 tp:1.0 throttler:0 isAnimating:false
06-02 07:19:45.678   891   891 I SehLight: lcd : 193+
06-02 07:19:45.679  1433  1467 D BrightnessSynchronizer: onDisplayChanged() : displayId=0
06-02 07:19:45.680  1433  1467 D BrightnessSynchronizer: updateScreenBrightness: displayId=0 type=2 mPreferredSettingValue=0.75686276(193) currentBrightnessInt=193 currentBrightnessIntFromFloat=193(0.75686276)
06-02 07:19:45.681  1924  1924 D SecBrightnessController: updateSlider() - BrightnessDialog resetTimer()
06-02 07:19:45.681  1924  1924 D SecBrightnessController: updateSlider() - BrightnessDialog resetTimer()
06-02 07:19:45.686   891   891 I SehLight: lcd : 193-
06-02 07:19:45.764 19343 19402 I Supabase-Realtime: Connected to realtime websocket!
06-02 07:19:45.776   870 11872 W AudioALSACaptureDataProviderNormal: readThread, latency_in_s,0.000001,0.039759,0.000039, totalTime 0.039799 > logTimeout 0.022000 TIMEOUT!!
06-02 07:19:45.836   870 11872 W AudioALSACaptureDataProviderNormal: readThread, latency_in_s,0.000001,0.039871,0.000048, totalTime 0.039921 > logTimeout 0.022000 TIMEOUT!!
06-02 07:19:45.875  1433  1526 D DisplayManagerService: handleBrightnessAnimation: started=false
06-02 07:19:45.876  1433  1526 I RefreshRateTokenController: Removing refreshRateToken={ RefreshRateToken[->PassiveModeToken:BrightnessAnim, acquire at 18527088 (581 ms ago)}, caller=com.android.server.display.mode.RefreshRateToken.release:5 com.android.server.display.DisplayManagerService$$ExternalSyntheticLambda1.accept:405 com.android.server.display.DisplayPowerController$3.run:24 android.os.Handler.handleCallback:995 android.os.Handler.dispatchMessage:103 
06-02 07:19:45.883   887 24832 I mtkpower_client: perf_lock_rel, hdl:3786, tid:24832
06-02 07:19:45.883   887 24832 I mtkpower_client: perf_lock_rel, hdl:3787, tid:24832
06-02 07:19:45.883   895   941 I libPowerHal: [perfLockRel] hdl:3786, idx:3
06-02 07:19:45.884   895   941 I libPowerHal: [setClusterFreq]  set cpu_ctrl cpufreq: -1 -1 -1 -1 
06-02 07:19:45.884   887 24832 I mtkpower_client: perf_lock_rel, hdl:3788, tid:24832
06-02 07:19:45.884   895   941 I libPowerHal: [perfLockRel] hdl:3787, idx:1
06-02 07:19:45.884   895   941 I libPowerHal: [set_cpuidle] enable:1, fd:15, scn:0xb4000070c1cafc28
06-02 07:19:45.885   895   941 I libPowerHal: [PD] vendor.samsung. update cmd:1c3c100 param:1
06-02 07:19:45.885   887 24832 I HYPER-HAL: [RequestManager.cpp]releaseLocked(): Released ID : 1051992
06-02 07:19:45.885   895   941 I libPowerHal: [perfLockRel] hdl:3788, idx:2
06-02 07:19:45.886   895   941 I libPowerHal: [PD] vendor.samsung. update cmd:1000000 param:-1
06-02 07:19:45.896   870 11872 W AudioALSACaptureDataProviderNormal: readThread, latency_in_s,0.000001,0.039983,0.000057, totalTime 0.040041 > logTimeout 0.022000 TIMEOUT!!
06-02 07:19:45.939 19343 19343 I View    : setRequestedFrameRate frameRate=NaN, this=androidx.compose.ui.platform.AndroidComposeView{d275672 VFED..... ......ID 0,0-1080,2340 aid=1073741824}, caller=android.view.ViewGroup.setRequestedFrameRate:9952 fr.a:1 androidx.compose.ui.platform.AndroidComposeView.dispatchDraw:100 android.view.View.draw:26345 android.view.View.updateDisplayListIfDirty:25175 
06-02 07:19:45.939 19343 19343 I View    : setRequestedFrameRate frameRate=-4.0, this=android.view.View{f822a93 V.ED..... ........ 0,0-0,0}, caller=fr.a:1 androidx.compose.ui.platform.AndroidComposeView.dispatchDraw:109 android.view.View.draw:26345 android.view.View.updateDisplayListIfDirty:25175 android.view.ViewGroup.recreateChildDisplayList:4794 
06-02 07:19:45.942 19343 19343 I View    : setRequestedFrameRate frameRate=NaN, this=androidx.compose.ui.platform.AndroidComposeView{d275672 VFED..... ........ 0,0-1080,2340 aid=1073741824}, caller=android.view.ViewGroup.setRequestedFrameRate:9952 fr.a:1 androidx.compose.ui.platform.AndroidComposeView.dispatchDraw:100 android.view.View.draw:26345 android.view.View.updateDisplayListIfDirty:25175 
06-02 07:19:45.942 19343 19343 I View    : setRequestedFrameRate frameRate=NaN, this=android.view.View{f822a93 V.ED..... ........ 0,0-0,0}, caller=fr.a:1 androidx.compose.ui.platform.AndroidComposeView.dispatchDraw:109 android.view.View.draw:26345 android.view.View.updateDisplayListIfDirty:25175 android.view.ViewGroup.recreateChildDisplayList:4794 
06-02 07:19:45.956 19343 19343 I View    : setRequestedFrameRate frameRate=NaN, this=androidx.compose.ui.platform.AndroidComposeView{d275672 VFED..... ........ 0,0-1080,2340 aid=1073741824}, caller=android.view.ViewGroup.setRequestedFrameRate:9952 fr.a:1 androidx.compose.ui.platform.AndroidComposeView.dispatchDraw:100 android.view.View.draw:26345 android.view.View.updateDisplayListIfDirty:25175 
06-02 07:19:45.956 19343 19343 I View    : setRequestedFrameRate frameRate=NaN, this=android.view.View{f822a93 V.ED..... ........ 0,0-0,0}, caller=fr.a:1 androidx.compose.ui.platform.AndroidComposeView.dispatchDraw:109 android.view.View.draw:26345 android.view.View.updateDisplayListIfDirty:25175 android.view.ViewGroup.recreateChildDisplayList:4794 
06-02 07:19:45.967 19343 19343 I View    : setRequestedFrameRate frameRate=NaN, this=androidx.compose.ui.platform.AndroidComposeView{d275672 VFED..... ........ 0,0-1080,2340 aid=1073741824}, caller=android.view.ViewGroup.setRequestedFrameRate:9952 fr.a:1 androidx.compose.ui.platform.AndroidComposeView.dispatchDraw:100 android.view.View.draw:26345 android.view.View.updateDisplayListIfDirty:25175 
06-02 07:19:45.968 19343 19343 I View    : setRequestedFrameRate frameRate=NaN, this=android.view.View{f822a93 V.ED..... ........ 0,0-0,0}, caller=fr.a:1 androidx.compose.ui.platform.AndroidComposeView.dispatchDraw:109 android.view.View.draw:26345 android.view.View.updateDisplayListIfDirty:25175 android.view.ViewGroup.recreateChildDisplayList:4794 
06-02 07:19:45.979 19343 19343 I View    : setRequestedFrameRate frameRate=NaN, this=androidx.compose.ui.platform.AndroidComposeView{d275672 VFED..... ........ 0,0-1080,2340 aid=1073741824}, caller=android.view.ViewGroup.setRequestedFrameRate:9952 fr.a:1 androidx.compose.ui.platform.AndroidComposeView.dispatchDraw:100 android.view.View.draw:26345 android.view.View.updateDisplayListIfDirty:25175 
06-02 07:19:45.979 19343 19343 I View    : setRequestedFrameRate frameRate=NaN, this=android.view.View{f822a93 V.ED..... ........ 0,0-0,0}, caller=fr.a:1 androidx.compose.ui.platform.AndroidComposeView.dispatchDraw:109 android.view.View.draw:26345 android.view.View.updateDisplayListIfDirty:25175 android.view.ViewGroup.recreateChildDisplayList:4794 
06-02 07:19:45.989 19343 19343 I View    : setRequestedFrameRate frameRate=NaN, this=androidx.compose.ui.platform.AndroidComposeView{d275672 VFED..... ........ 0,0-1080,2340 aid=1073741824}, caller=android.view.ViewGroup.setRequestedFrameRate:9952 fr.a:1 androidx.compose.ui.platform.AndroidComposeView.dispatchDraw:100 android.view.View.draw:26345 android.view.View.updateDisplayListIfDirty:25175 
06-02 07:19:45.990 19343 19343 I View    : setRequestedFrameRate frameRate=NaN, this=android.view.View{f822a93 V.ED..... ........ 0,0-0,0}, caller=fr.a:1 androidx.compose.ui.platform.AndroidComposeView.dispatchDraw:109 android.view.View.draw:26345 android.view.View.updateDisplayListIfDirty:25175 android.view.ViewGroup.recreateChildDisplayList:4794 
06-02 07:19:46.001 19343 19343 I View    : setRequestedFrameRate frameRate=NaN, this=androidx.compose.ui.platform.AndroidComposeView{d275672 VFED..... ........ 0,0-1080,2340 aid=1073741824}, caller=android.view.ViewGroup.setRequestedFrameRate:9952 fr.a:1 androidx.compose.ui.platform.AndroidComposeView.dispatchDraw:100 android.view.View.draw:26345 android.view.View.updateDisplayListIfDirty:25175 
06-02 07:19:46.001 19343 19343 I View    : setRequestedFrameRate frameRate=NaN, this=android.view.View{f822a93 V.ED..... ........ 0,0-0,0}, caller=fr.a:1 androidx.compose.ui.platform.AndroidComposeView.dispatchDraw:109 android.view.View.draw:26345 android.view.View.updateDisplayListIfDirty:25175 android.view.ViewGroup.recreateChildDisplayList:4794 
06-02 07:19:46.013 19343 19343 I View    : setRequestedFrameRate frameRate=NaN, this=androidx.compose.ui.platform.AndroidComposeView{d275672 VFED..... ........ 0,0-1080,2340 aid=1073741824}, caller=android.view.ViewGroup.setRequestedFrameRate:9952 fr.a:1 androidx.compose.ui.platform.AndroidComposeView.dispatchDraw:100 android.view.View.draw:26345 android.view.View.updateDisplayListIfDirty:25175 
06-02 07:19:46.014 19343 19343 I View    : setRequestedFrameRate frameRate=NaN, this=android.view.View{f822a93 V.ED..... ........ 0,0-0,0}, caller=fr.a:1 androidx.compose.ui.platform.AndroidComposeView.dispatchDraw:109 android.view.View.draw:26345 android.view.View.updateDisplayListIfDirty:25175 android.view.ViewGroup.recreateChildDisplayList:4794 
06-02 07:19:46.023 19343 19343 I View    : setRequestedFrameRate frameRate=NaN, this=androidx.compose.ui.platform.AndroidComposeView{d275672 VFED..... ........ 0,0-1080,2340 aid=1073741824}, caller=android.view.ViewGroup.setRequestedFrameRate:9952 fr.a:1 androidx.compose.ui.platform.AndroidComposeView.dispatchDraw:100 android.view.View.draw:26345 android.view.View.updateDisplayListIfDirty:25175 
06-02 07:19:46.024 19343 19343 I View    : setRequestedFrameRate frameRate=NaN, this=android.view.View{f822a93 V.ED..... ........ 0,0-0,0}, caller=fr.a:1 androidx.compose.ui.platform.AndroidComposeView.dispatchDraw:109 android.view.View.draw:26345 android.view.View.updateDisplayListIfDirty:25175 android.view.ViewGroup.recreateChildDisplayList:4794 
06-02 07:19:46.034 19343 19343 I View    : setRequestedFrameRate frameRate=NaN, this=androidx.compose.ui.platform.AndroidComposeView{d275672 VFED..... ........ 0,0-1080,2340 aid=1073741824}, caller=android.view.ViewGroup.setRequestedFrameRate:9952 fr.a:1 androidx.compose.ui.platform.AndroidComposeView.dispatchDraw:100 android.view.View.draw:26345 android.view.View.updateDisplayListIfDirty:25175 
06-02 07:19:46.035 19343 19343 I View    : setRequestedFrameRate frameRate=NaN, this=android.view.View{f822a93 V.ED..... ........ 0,0-0,0}, caller=fr.a:1 androidx.compose.ui.platform.AndroidComposeView.dispatchDraw:109 android.view.View.draw:26345 android.view.View.updateDisplayListIfDirty:25175 android.view.ViewGroup.recreateChildDisplayList:4794 
06-02 07:19:46.044 19343 19343 I View    : setRequestedFrameRate frameRate=NaN, this=androidx.compose.ui.platform.AndroidComposeView{d275672 VFED..... ........ 0,0-1080,2340 aid=1073741824}, caller=android.view.ViewGroup.setRequestedFrameRate:9952 fr.a:1 androidx.compose.ui.platform.AndroidComposeView.dispatchDraw:100 android.view.View.draw:26345 android.view.View.updateDisplayListIfDirty:25175 
06-02 07:19:46.044 19343 19343 I View    : setRequestedFrameRate frameRate=NaN, this=android.view.View{f822a93 V.ED..... ........ 0,0-0,0}, caller=fr.a:1 androidx.compose.ui.platform.AndroidComposeView.dispatchDraw:109 android.view.View.draw:26345 android.view.View.updateDisplayListIfDirty:25175 android.view.ViewGroup.recreateChildDisplayList:4794 
06-02 07:19:46.053  1924  2082 V WindowManagerShell: Transition animation finished (aborted=false), notifying core (#171) android.os.BinderProxy@fab80b8@0
06-02 07:19:46.054  1924  2082 I SurfaceControlRegistry: apply, t=FinishTransaction_SyncId<171>, caller=android.view.SurfaceControl$Transaction.apply:3459 android.view.SurfaceControl$Transaction.apply:3447 android.view.SurfaceControl$Transaction.apply:3397 com.android.wm.shell.transition.Transitions.onFinish:315 com.android.wm.shell.transition.Transitions$$ExternalSyntheticLambda7.onTransitionFinished:12 com.android.wm.shell.transition.DefaultTransitionHandler$$ExternalSyntheticLambda6.run:36 
06-02 07:19:46.055   945   945 D SurfaceFlinger: Display 4627039422300187648 HWC layers:
06-02 07:19:46.055   945   945 D SurfaceFlinger:        DEVICE |           83077552406596 | 00002102 | RGBA_8888    |    0.0    0.0    0.0    0.0 |    0    0   -1   -1 | com.lotterynet.pro/com.lotterynet.pro.ui.shell.ShellActivity$_19343#2747 (37)
06-02 07:19:46.055   945   945 D SurfaceFlinger:   SOLID_COLOR |                        0 | 00000000 | N/A          |    0.0    0.0    0.0    0.0 |    0    0   -1   -1 | DimTransitionLayer for Surface(name=[...]maryActivity t1002})/@0x7a549f7#2761 (0)
06-02 07:19:46.055   945   945 D SurfaceFlinger:        DEVICE |           83077552406605 | 00002102 | RGBA_8888    |    0.0    0.0 1080.0 2340.0 |    0    0 1080 2340 | com.lotterynet.pro/com.lotterynet.pr[...]ts.TicketSummaryActivity$_19343#2757 (13)
06-02 07:19:46.055   945   945 D SurfaceFlinger:        DEVICE |            8263517078705 | 00002100 | RGBA_8888    |    0.0    0.0 1080.0   80.0 |    0    0 1080   80 | StatusBar$_1924#100 (19559)
06-02 07:19:46.055   945   945 D SurfaceFlinger:        DEVICE |            8263517078773 | 00002100 | RGBA_8888    |    0.0    0.0 1080.0  135.0 |    0 2205 1080 2340 | NavigationBar0$_1924#96 (2770)
06-02 07:19:46.055   945   945 D SurfaceFlinger: 
06-02 07:19:46.056  1433  1744 V WindowManager: Finish Transition: TransitionRecord{43f2fd1 id=171 type=OPEN flags=0x0 c=[
06-02 07:19:46.056  1433  1744 V WindowManager:    ChangeInfo{6981f1f container=ActivityRecord{66144027 u0 com.lotterynet.pro/.ui.shell.ShellActivity t1002} flags=0x0}
06-02 07:19:46.056  1433  1744 V WindowManager:    ChangeInfo{435f80d container=Display{#0 state=ON size=1080x2340 ROTATION_0} flags=0x0}
06-02 07:19:46.056  1433  1744 V WindowManager:    ChangeInfo{39cc3c2 container=ActivityRecord{203373110 u0 com.lotterynet.pro/.ui.tickets.TicketSummaryActivity t1002} flags=0x0}
06-02 07:19:46.056  1433  1744 V WindowManager:    ChangeInfo{770a5d3 container=Task{ca20720 #1002 type=standard A=10501:com.lotterynet.pro} flags=0x0}
06-02 07:19:46.056  1433  1744 V WindowManager:    ChangeInfo{1af1510 container=DefaultTaskDisplayArea_d0@228631086 flags=0x0}
06-02 07:19:46.056  1433  1744 V WindowManager: ]
06-02 07:19:46.056  1433  1744 V WindowManager: }, caller=com.android.server.wm.WindowOrganizerController.finishTransitionInner:31 com.android.server.wm.WindowOrganizerController.finishAllTransitions:60 android.window.IWindowOrganizerController$Stub.onTransact:283 
06-02 07:19:46.056 19343 19343 I View    : setRequestedFrameRate frameRate=NaN, this=androidx.compose.ui.platform.AndroidComposeView{d275672 VFED..... ........ 0,0-1080,2340 aid=1073741824}, caller=android.view.ViewGroup.setRequestedFrameRate:9952 fr.a:1 androidx.compose.ui.platform.AndroidComposeView.dispatchDraw:100 android.view.View.draw:26345 android.view.View.updateDisplayListIfDirty:25175 
06-02 07:19:46.056 19343 19343 I View    : setRequestedFrameRate frameRate=NaN, this=android.view.View{f822a93 V.ED..... ........ 0,0-0,0}, caller=fr.a:1 androidx.compose.ui.platform.AndroidComposeView.dispatchDraw:109 android.view.View.draw:26345 android.view.View.updateDisplayListIfDirty:25175 android.view.ViewGroup.recreateChildDisplayList:4794 
06-02 07:19:46.057  1433  1464 V WindowManager: Finish Transition (#171): created at 06-02 07:19:45.304 collect-started=1.728ms request-sent=19.016ms started=25.466ms ready=40.138ms sent=275.779ms commit=18.02ms finished=751.648ms
06-02 07:19:46.057  1433  1744 V WindowManager: Setting visibility of Window{19d14a6 u0 com.lotterynet.pro/com.lotterynet.pro.ui.shell.ShellActivity}: false, caller=com.android.server.wm.WindowContainer.sendAppVisibilityToClients:19 com.android.server.wm.WindowToken.setClientVisible:48 com.android.server.wm.ActivityRecord.commitVisibility:186 com.android.server.wm.TransitionController.finishTransition:846 com.android.server.wm.WindowOrganizerController.finishTransitionInner:31 
06-02 07:19:46.058 19343 19343 I VRI[ShellActivity]@fddc66c: handleAppVisibility mAppVisible = true visible = false
06-02 07:19:46.058 19343 19343 D VRI[ShellActivity]@fddc66c: visibilityChanged oldVisibility=true newVisibility=false
06-02 07:19:46.058  1433  1744 D PersonaActivityHelper: token.toString()  Token{b47b0b8 ActivityRecord{66144027 u0 com.lotterynet.pro/.ui.shell.ShellActivity t1002}}
06-02 07:19:46.058  1433  1744 D PersonaActivityHelper: mLastResumedSFActivity getPackageName  com.google.android.permissioncontroller
06-02 07:19:46.058  1433  1744 D PersonaActivityHelper: mLastResumedSFActivity getShortClassName  com.android.permissioncontroller.permission.ui.GrantPermissionsActivity
06-02 07:19:46.058  1433  1744 D PersonaActivityHelper: token.toString()  Token{8cc6d37 ActivityRecord{203373110 u0 com.lotterynet.pro/.ui.tickets.TicketSummaryActivity t1002}}
06-02 07:19:46.059  1433  1744 D PersonaActivityHelper: mLastResumedSFActivity getPackageName  com.google.android.permissioncontroller
06-02 07:19:46.059  1433  1744 D PersonaActivityHelper: mLastResumedSFActivity getShortClassName  com.android.permissioncontroller.permission.ui.GrantPermissionsActivity
06-02 07:19:46.060  1433  1744 D ChangeTransitionController: onTransitionFinished: TransitionRecord{43f2fd1 id=171 type=OPEN flags=0x0 c=[
06-02 07:19:46.060  1433  1744 D ChangeTransitionController:    ChangeInfo{6981f1f container=ActivityRecord{66144027 u0 com.lotterynet.pro/.ui.shell.ShellActivity t1002} flags=0x0}
06-02 07:19:46.060  1433  1744 D ChangeTransitionController:    ChangeInfo{435f80d container=Display{#0 state=ON size=1080x2340 ROTATION_0} flags=0x0}
06-02 07:19:46.060  1433  1744 D ChangeTransitionController:    ChangeInfo{39cc3c2 container=ActivityRecord{203373110 u0 com.lotterynet.pro/.ui.tickets.TicketSummaryActivity t1002} flags=0x0}
06-02 07:19:46.060  1433  1744 D ChangeTransitionController:    ChangeInfo{770a5d3 container=Task{ca20720 #1002 type=standard A=10501:com.lotterynet.pro} flags=0x0}
06-02 07:19:46.060  1433  1744 D ChangeTransitionController:    ChangeInfo{1af1510 container=DefaultTaskDisplayArea_d0@228631086 flags=0x0}
06-02 07:19:46.060  1433  1744 D ChangeTransitionController: ]
06-02 07:19:46.060  1433  1744 D ChangeTransitionController: }
06-02 07:19:46.062  1924  2082 V WindowManagerShell: Track 0 became idle
06-02 07:19:46.062  1924  2082 V WindowManagerShell: All active transition animations finished
06-02 07:19:46.063   945   945 I SurfaceFlinger: RequestedLayer [ActivityRecord{66144027 u0 com.lotte[...]/.ui.shell.ShellActivity t1002}#2745] hidden!! flag  from(0) --> to(1)
06-02 07:19:46.063   945   945 I SurfaceFlinger: [Display 0 name="Pantalla integrada"#49] setFrameRateCategory: Default
06-02 07:19:46.063   945   945 I SurfaceFlinger: [LayerHierarchy{RequestedLayerState{DimTransitionLayer for Surface(name=ActivityRecord{203373110 u0 com.lotterynet.pro/.ui.tickets.TicketSummaryActivity t1002})/@0x7a549f7#2761 z=-1} no children}] reparent to OffscreenRoot
06-02 07:19:46.063   945   945 I SurfaceFlinger: [LayerHierarchy{RequestedLayerState{DimTransitionLayer for Surface(name=ActivityRecord{203373110 u0 com.lotterynet.pro/.ui.tickets.TicketSummaryActivity t1002})/@0x7a549f7#2761 z=-1} no children}] RelativeParent to null
06-02 07:19:46.063   945   945 I SurfaceFlinger: [LayerHierarchy{RequestedLayerState{ActivityRecord{66144027 u0 com.lotterynet.pro/.ui.shell.ShellActivity t1002}#2745 parentId=2603 z=5} 2 children}] reparent to LayerHierarchy{RequestedLayerState{Task=1002#2603 parentId=10 z=11} 7 children}
06-02 07:19:46.063   945   945 I SurfaceFlinger: [LayerHierarchy{RequestedLayerState{ActivityRecord{203373110 u0 com.lotterynet.pro/.ui.tickets.TicketSummaryActivity t1002}#2755 parentId=2603 z=6} 3 children}] reparent to LayerHierarchy{RequestedLayerState{Task=1002#2603 parentId=10 z=11} 8 children}
06-02 07:19:46.063   945   945 I SurfaceFlinger: [LayerHierarchy{RequestedLayerState{Transition Root: ActivityRecord{203373110 u0 com.lotterynet.pro/.ui.tickets.TicketSummaryActivity t1002}#2760 z=6} no children}] reparent to OffscreenRoot
06-02 07:19:46.063   945   945 I SurfaceFlinger: [LayerHierarchy{RequestedLayerState{Transition Root: ActivityRecord{203373110 u0 com.lotterynet.pro/.ui.tickets.TicketSummaryActivity t1002}#2760 z=6} no children}] RelativeParent to null
06-02 07:19:46.064   945   945 I SurfaceFlinger: onHandleDestroyed: layerId=2761, name=DimTransitionLayer for Surface(name=ActivityRecord{203373110 u0 com.lotterynet.pro/.ui.tickets.TicketSummaryActivity t1002})/@0x7a549f7#2761
06-02 07:19:46.064   945   945 I SurfaceFlinger: id=2761 Removed DimTransitionLayer for Surface(name=ActivityRecord{203373110 u0 com.lotterynet.pro/.ui.tickets.TicketSummaryActivity t1002})/@0x7a549f7#2761 (174)
06-02 07:19:46.064   945   945 I SurfaceFlinger: onHandleDestroyed: layerId=2760, name=Transition Root: ActivityRecord{203373110 u0 com.lotterynet.pro/.ui.tickets.TicketSummaryActivity t1002}#2760
06-02 07:19:46.064   945   945 I SurfaceFlinger: id=2760 Removed Transition Root: ActivityRecord{203373110 u0 com.lotterynet.pro/.ui.tickets.TicketSummaryActivity t1002}#2760 (174)
06-02 07:19:46.064   945   945 E RefreshRateSelector: Can't find HRR max refresh rate by policy with the same group 0
06-02 07:19:46.065  1924  1924 D SystemUIService: SYSUI_RAM_OPTIMIZATION onTrimMemory=20
06-02 07:19:46.065  1924  1924 D CentralSurfaces: SYSUI_RAM_OPTIMIZATION onTrimMemory=20
06-02 07:19:46.066  1924  2292 D HWUI    : CacheManager::trimMemory(20)
06-02 07:19:46.069  1433  4020 I WindowManager: Relayout Window{19d14a6 u0 com.lotterynet.pro/com.lotterynet.pro.ui.shell.ShellActivity}: viewVisibility=8 req=1080x2340 ty=1 d0
06-02 07:19:46.070  1433  4020 I WindowManager: Relayout hash=19d14a6, pid=19343, syncId=-1: mAttrs={(0,0)(fillxfill) sim={adjust=resize forwardNavigation} layoutInDisplayCutoutMode=always ty=BASE_APPLICATION wanim=0x1030317
06-02 07:19:46.070  1433  4020 I WindowManager:   fl=81810100
06-02 07:19:46.070  1433  4020 I WindowManager:   pfl=100088c0
06-02 07:19:46.070  1433  4020 I WindowManager:   bhv=1
06-02 07:19:46.070  1433  4020 I WindowManager:   fitSides=0
06-02 07:19:46.070  1433  4020 I WindowManager:   frameRateBoostOnTouch=true
06-02 07:19:46.070  1433  4020 I WindowManager:   dvrrWindowFrameRateHint=true naviIconColor=0}
06-02 07:19:46.072 19343 19343 I BLASTBufferQueue: [VRI[ShellActivity]@fddc66c#11](f:0,a:3,s:0) destructor()
06-02 07:19:46.072 19343 19343 D BufferQueueConsumer: [VRI[ShellActivity]@fddc66c#11(BLAST Consumer)11](id:4b8f0000000b,api:0,p:-1,c:19343) disconnect
06-02 07:19:46.073 19343 19343 I VRI[ShellActivity]@fddc66c: Relayout returned: old=(0,0,1080,2340) new=(0,0,1080,2340) relayoutAsync=false req=(1080,2340)8 dur=3 res=0x2 s={false 0x0} ch=true seqId=0
06-02 07:19:46.073 19343 19343 D VRI[ShellActivity]@fddc66c: Not drawing due to not visible. Reason=!mAppVisible && !mForceDecorViewVisibility
06-02 07:19:46.074   945   945 I SurfaceFlinger: RequestedLayer [com.lotterynet.pro/com.lotterynet.pro.ui.shell.ShellActivity$_19343#2747] hidden!! flag  from(0) --> to(1)
06-02 07:19:46.075   945   945 I SurfaceFlinger: destroyed DimTransitionLayer for Surface(name=ActivityRecord{203373110 u0 com.lotterynet.pro/.ui.tickets.TicketSummaryActivity t1002})/@0x7a549f7#2761
06-02 07:19:46.075   945   945 I SurfaceFlinger: destroyed Transition Root: ActivityRecord{203373110 u0 com.lotterynet.pro/.ui.tickets.TicketSummaryActivity t1002}#2760
06-02 07:19:46.075   945   945 I Layer   : id=2760 Destroyed Transition Root: ActivityRecord{203373110 u0 com.lotterynet.pro/.ui.tickets.TicketSummaryActivity t1002}#2760
06-02 07:19:46.075   945   945 I Layer   : id=2761 Destroyed DimTransitionLayer for Surface(name=ActivityRecord{203373110 u0 com.lotterynet.pro/.ui.tickets.TicketSummaryActivity t1002})/@0x7a549f7#2761
06-02 07:19:46.076   637   637 D io_stats: !@   8,32 r 10804605 143907204 w 907821 6493536 d 104298 4062184 f 35468 58135 iot 2686988 0 th 0 0 0 pt 0 inp 0 0 18527.869
06-02 07:19:46.076   637   637 D io_stats: !@ Read_top(KB): .lotterynet.pro(19343) 872 logd(552) 188 sh(24811) 180
06-02 07:19:46.076   637   637 D io_stats: !@ Write_top(KB): .lotterynet.pro(19343) 92 kworker/u16:1(17411) 80 sait.sohservice(24211) 16
06-02 07:19:46.077 19343 19343 I View    : setRequestedFrameRate frameRate=NaN, this=androidx.compose.ui.platform.AndroidComposeView{d275672 VFED..... ........ 0,0-1080,2340 aid=1073741824}, caller=android.view.ViewGroup.setRequestedFrameRate:9952 fr.a:1 androidx.compose.ui.platform.AndroidComposeView.dispatchDraw:100 android.view.View.draw:26345 android.view.View.updateDisplayListIfDirty:25175 
06-02 07:19:46.077 19343 19343 I View    : setRequestedFrameRate frameRate=NaN, this=android.view.View{f822a93 V.ED..... ........ 0,0-0,0}, caller=fr.a:1 androidx.compose.ui.platform.AndroidComposeView.dispatchDraw:109 android.view.View.draw:26345 android.view.View.updateDisplayListIfDirty:25175 android.view.ViewGroup.recreateChildDisplayList:4794 
06-02 07:19:46.078 19343 19343 I VRI[ShellActivity]@fddc66c: stopped(true) old = false
06-02 07:19:46.078 19343 19343 D VRI[ShellActivity]@fddc66c: WindowStopped on com.lotterynet.pro/com.lotterynet.pro.ui.shell.ShellActivity set to true
06-02 07:19:46.087   945  1001 E SfCpu   :  sched_setaffinity return fail 945
06-02 07:19:46.087   945  1001 E SfCpu   :  sched_setaffinity return fail 1002
06-02 07:19:46.087   945  1001 E SfCpu   :  sched_setaffinity return fail 1001
06-02 07:19:46.088 19343 19343 I View    : setRequestedFrameRate frameRate=NaN, this=androidx.compose.ui.platform.AndroidComposeView{d275672 VFED..... ........ 0,0-1080,2340 aid=1073741824}, caller=android.view.ViewGroup.setRequestedFrameRate:9952 fr.a:1 androidx.compose.ui.platform.AndroidComposeView.dispatchDraw:100 android.view.View.draw:26345 android.view.View.updateDisplayListIfDirty:25175 
06-02 07:19:46.088 19343 19343 I View    : setRequestedFrameRate frameRate=NaN, this=android.view.View{f822a93 V.ED..... ........ 0,0-0,0}, caller=fr.a:1 androidx.compose.ui.platform.AndroidComposeView.dispatchDraw:109 android.view.View.draw:26345 android.view.View.updateDisplayListIfDirty:25175 android.view.ViewGroup.recreateChildDisplayList:4794 
06-02 07:19:46.090  1433  4020 E WindowManager: win=Window{19d14a6 u0 com.lotterynet.pro/com.lotterynet.pro.ui.shell.ShellActivity} destroySurfaces: appStopped=true cleanupOnResume=false win.mWindowRemovalAllowed=false win.mRemoveOnExit=false win.mViewVisibility=8 caller=com.android.server.wm.ActivityRecord.destroySurfaces:25 com.android.server.wm.ActivityRecord.activityStopped:192 com.android.server.wm.ActivityClientController.activityStopped:97 android.app.IActivityClientController$Stub.onTransact:740 com.android.server.wm.ActivityClientController.onTransact:1 android.os.Binder.execTransactInternal:1462 android.os.Binder.execTransact:1401 
06-02 07:19:46.091 19343 19343 I View    : setRequestedFrameRate frameRate=NaN, this=androidx.compose.ui.platform.AndroidComposeView{d275672 VFED..... ........ 0,0-1080,2340 aid=1073741824}, caller=android.view.ViewGroup.setRequestedFrameRate:9952 fr.a:1 androidx.compose.ui.platform.AndroidComposeView.dispatchDraw:100 android.view.View.draw:26345 android.view.View.updateDisplayListIfDirty:25175 
06-02 07:19:46.091  1433  1467 D SGM:FgCheckThread: getForegroundApp(), foregroundPkgName=com.lotterynet.pro
06-02 07:19:46.091 19343 19343 I View    : setRequestedFrameRate frameRate=NaN, this=android.view.View{f822a93 V.ED..... ........ 0,0-0,0}, caller=fr.a:1 androidx.compose.ui.platform.AndroidComposeView.dispatchDraw:109 android.view.View.draw:26345 android.view.View.updateDisplayListIfDirty:25175 android.view.ViewGroup.recreateChildDisplayList:4794 
06-02 07:19:46.091  1433  1467 D SGM:FgCheckThread: pkgName: com.lotterynet.pro is in foreground
06-02 07:19:46.092  1433  1780 D BackgroundInstallControlService: Package event received: 0
06-02 07:19:46.096   870 11872 W AudioALSACaptureDataProviderNormal: readThread, latency_in_s,0.000001,0.039249,0.000048, totalTime 0.039299 > logTimeout 0.022000 TIMEOUT!!
06-02 07:19:46.096   945   945 I SurfaceFlinger: [LayerHierarchy{RequestedLayerState{com.lotterynet.pro/com.lotterynet.pro.ui.shell.ShellActivity$_19343#2747} no children}] reparent to OffscreenRoot
06-02 07:19:46.096   945   945 I SurfaceFlinger: [LayerHierarchy{RequestedLayerState{com.lotterynet.pro/com.lotterynet.pro.ui.shell.ShellActivity$_19343#2747} no children}] RelativeParent to null
06-02 07:19:46.097   945   945 I SurfaceFlinger: onHandleDestroyed: layerId=2747, name=com.lotterynet.pro/com.lotterynet.pro.ui.shell.ShellActivity$_19343#2747
06-02 07:19:46.097   945   945 I SurfaceFlinger: id=2747 Removed com.lotterynet.pro/com.lotterynet.pro.ui.shell.ShellActivity$_19343#2747 (172)
06-02 07:19:46.098 19343 19343 I View    : setRequestedFrameRate frameRate=NaN, this=androidx.compose.ui.platform.AndroidComposeView{d275672 VFED..... ........ 0,0-1080,2340 aid=1073741824}, caller=android.view.ViewGroup.setRequestedFrameRate:9952 fr.a:1 androidx.compose.ui.platform.AndroidComposeView.dispatchDraw:100 android.view.View.draw:26345 android.view.View.updateDisplayListIfDirty:25175 
06-02 07:19:46.098 19343 19343 I View    : setRequestedFrameRate frameRate=NaN, this=android.view.View{f822a93 V.ED..... ........ 0,0-0,0}, caller=fr.a:1 androidx.compose.ui.platform.AndroidComposeView.dispatchDraw:109 android.view.View.draw:26345 android.view.View.updateDisplayListIfDirty:25175 android.view.ViewGroup.recreateChildDisplayList:4794 
06-02 07:19:46.107   945   945 I SurfaceFlinger: destroyed com.lotterynet.pro/com.lotterynet.pro.ui.shell.ShellActivity$_19343#2747
06-02 07:19:46.108   945   945 I Layer   : id=2747 Destroyed com.lotterynet.pro/com.lotterynet.pro.ui.shell.ShellActivity$_19343#2747
06-02 07:19:46.110 19343 19343 I View    : setRequestedFrameRate frameRate=NaN, this=androidx.compose.ui.platform.AndroidComposeView{d275672 VFED..... ........ 0,0-1080,2340 aid=1073741824}, caller=android.view.ViewGroup.setRequestedFrameRate:9952 fr.a:1 androidx.compose.ui.platform.AndroidComposeView.dispatchDraw:100 android.view.View.draw:26345 android.view.View.updateDisplayListIfDirty:25175 
06-02 07:19:46.110 19343 19343 I View    : setRequestedFrameRate frameRate=NaN, this=android.view.View{f822a93 V.ED..... ........ 0,0-0,0}, caller=fr.a:1 androidx.compose.ui.platform.AndroidComposeView.dispatchDraw:109 android.view.View.draw:26345 android.view.View.updateDisplayListIfDirty:25175 android.view.ViewGroup.recreateChildDisplayList:4794 
06-02 07:19:46.116  1433  1467 D SGM:GameManager: identifyForegroundApp. com.lotterynet.pro, mCurrentUserId: 0, callerUserId: 0
06-02 07:19:46.116  1433  1467 D SGM:SemGameManager: isForegroundGame(), ret=false
06-02 07:19:46.120 19343 19343 I View    : setRequestedFrameRate frameRate=NaN, this=androidx.compose.ui.platform.AndroidComposeView{d275672 VFED..... ........ 0,0-1080,2340 aid=1073741824}, caller=android.view.ViewGroup.setRequestedFrameRate:9952 fr.a:1 androidx.compose.ui.platform.AndroidComposeView.dispatchDraw:100 android.view.View.draw:26345 android.view.View.updateDisplayListIfDirty:25175 
06-02 07:19:46.120 19343 19343 I View    : setRequestedFrameRate frameRate=NaN, this=android.view.View{f822a93 V.ED..... ........ 0,0-0,0}, caller=fr.a:1 androidx.compose.ui.platform.AndroidComposeView.dispatchDraw:109 android.view.View.draw:26345 android.view.View.updateDisplayListIfDirty:25175 android.view.ViewGroup.recreateChildDisplayList:4794 
