06-02 07:19:48.998 19343 19343 I View    : setRequestedFrameRate frameRate=NaN, this=androidx.compose.ui.platform.AndroidComposeView{d275672 VFED..... ........ 0,0-1080,2340 aid=1073741824}, caller=android.view.ViewGroup.setRequestedFrameRate:9952 fr.a:1 androidx.compose.ui.platform.AndroidComposeView.dispatchDraw:100 android.view.View.draw:26345 android.view.View.updateDisplayListIfDirty:25175 
06-02 07:19:48.998 19343 19343 I View    : setRequestedFrameRate frameRate=NaN, this=android.view.View{f822a93 V.ED..... ........ 0,0-0,0}, caller=fr.a:1 androidx.compose.ui.platform.AndroidComposeView.dispatchDraw:109 android.view.View.draw:26345 android.view.View.updateDisplayListIfDirty:25175 android.view.ViewGroup.recreateChildDisplayList:4794 
06-02 07:19:49.009 19343 19343 I View    : setRequestedFrameRate frameRate=NaN, this=androidx.compose.ui.platform.AndroidComposeView{d275672 VFED..... ........ 0,0-1080,2340 aid=1073741824}, caller=android.view.ViewGroup.setRequestedFrameRate:9952 fr.a:1 androidx.compose.ui.platform.AndroidComposeView.dispatchDraw:100 android.view.View.draw:26345 android.view.View.updateDisplayListIfDirty:25175 
06-02 07:19:49.009 19343 19343 I View    : setRequestedFrameRate frameRate=NaN, this=android.view.View{f822a93 V.ED..... ........ 0,0-0,0}, caller=fr.a:1 androidx.compose.ui.platform.AndroidComposeView.dispatchDraw:109 android.view.View.draw:26345 android.view.View.updateDisplayListIfDirty:25175 android.view.ViewGroup.recreateChildDisplayList:4794 
06-02 07:19:49.016   870 11872 W AudioALSACaptureDataProviderNormal: readThread, latency_in_s,0.000001,0.039284,0.000051, totalTime 0.039337 > logTimeout 0.022000 TIMEOUT!!
06-02 07:19:49.021 19343 19343 I View    : setRequestedFrameRate frameRate=NaN, this=androidx.compose.ui.platform.AndroidComposeView{d275672 VFED..... ........ 0,0-1080,2340 aid=1073741824}, caller=android.view.ViewGroup.setRequestedFrameRate:9952 fr.a:1 androidx.compose.ui.platform.AndroidComposeView.dispatchDraw:100 android.view.View.draw:26345 android.view.View.updateDisplayListIfDirty:25175 
06-02 07:19:49.021 19343 19343 I View    : setRequestedFrameRate frameRate=NaN, this=android.view.View{f822a93 V.ED..... ........ 0,0-0,0}, caller=fr.a:1 androidx.compose.ui.platform.AndroidComposeView.dispatchDraw:109 android.view.View.draw:26345 android.view.View.updateDisplayListIfDirty:25175 android.view.ViewGroup.recreateChildDisplayList:4794 
06-02 07:19:49.032 19343 19343 I View    : setRequestedFrameRate frameRate=NaN, this=androidx.compose.ui.platform.AndroidComposeView{d275672 VFED..... ........ 0,0-1080,2340 aid=1073741824}, caller=android.view.ViewGroup.setRequestedFrameRate:9952 fr.a:1 androidx.compose.ui.platform.AndroidComposeView.dispatchDraw:100 android.view.View.draw:26345 android.view.View.updateDisplayListIfDirty:25175 
06-02 07:19:49.033 19343 19343 I View    : setRequestedFrameRate frameRate=NaN, this=android.view.View{f822a93 V.ED..... ........ 0,0-0,0}, caller=fr.a:1 androidx.compose.ui.platform.AndroidComposeView.dispatchDraw:109 android.view.View.draw:26345 android.view.View.updateDisplayListIfDirty:25175 android.view.ViewGroup.recreateChildDisplayList:4794 
06-02 07:19:49.043 19343 19343 I View    : setRequestedFrameRate frameRate=NaN, this=androidx.compose.ui.platform.AndroidComposeView{d275672 VFED..... ........ 0,0-1080,2340 aid=1073741824}, caller=android.view.ViewGroup.setRequestedFrameRate:9952 fr.a:1 androidx.compose.ui.platform.AndroidComposeView.dispatchDraw:100 android.view.View.draw:26345 android.view.View.updateDisplayListIfDirty:25175 
06-02 07:19:49.044 19343 19343 I View    : setRequestedFrameRate frameRate=NaN, this=android.view.View{f822a93 V.ED..... ........ 0,0-0,0}, caller=fr.a:1 androidx.compose.ui.platform.AndroidComposeView.dispatchDraw:109 android.view.View.draw:26345 android.view.View.updateDisplayListIfDirty:25175 android.view.ViewGroup.recreateChildDisplayList:4794 
06-02 07:19:49.055 19343 19343 I View    : setRequestedFrameRate frameRate=NaN, this=androidx.compose.ui.platform.AndroidComposeView{d275672 VFED..... ........ 0,0-1080,2340 aid=1073741824}, caller=android.view.ViewGroup.setRequestedFrameRate:9952 fr.a:1 androidx.compose.ui.platform.AndroidComposeView.dispatchDraw:100 android.view.View.draw:26345 android.view.View.updateDisplayListIfDirty:25175 
06-02 07:19:49.056 19343 19343 I View    : setRequestedFrameRate frameRate=NaN, this=android.view.View{f822a93 V.ED..... ........ 0,0-0,0}, caller=fr.a:1 androidx.compose.ui.platform.AndroidComposeView.dispatchDraw:109 android.view.View.draw:26345 android.view.View.updateDisplayListIfDirty:25175 android.view.ViewGroup.recreateChildDisplayList:4794 
06-02 07:19:49.065 19343 19343 I View    : setRequestedFrameRate frameRate=NaN, this=androidx.compose.ui.platform.AndroidComposeView{d275672 VFED..... ........ 0,0-1080,2340 aid=1073741824}, caller=android.view.ViewGroup.setRequestedFrameRate:9952 fr.a:1 androidx.compose.ui.platform.AndroidComposeView.dispatchDraw:100 android.view.View.draw:26345 android.view.View.updateDisplayListIfDirty:25175 
06-02 07:19:49.066 19343 19343 I View    : setRequestedFrameRate frameRate=NaN, this=android.view.View{f822a93 V.ED..... ........ 0,0-0,0}, caller=fr.a:1 androidx.compose.ui.platform.AndroidComposeView.dispatchDraw:109 android.view.View.draw:26345 android.view.View.updateDisplayListIfDirty:25175 android.view.ViewGroup.recreateChildDisplayList:4794 
06-02 07:19:49.078 19343 19343 I View    : setRequestedFrameRate frameRate=NaN, this=androidx.compose.ui.platform.AndroidComposeView{d275672 VFED..... ........ 0,0-1080,2340 aid=1073741824}, caller=android.view.ViewGroup.setRequestedFrameRate:9952 fr.a:1 androidx.compose.ui.platform.AndroidComposeView.dispatchDraw:100 android.view.View.draw:26345 android.view.View.updateDisplayListIfDirty:25175 
06-02 07:19:49.079 19343 19343 I View    : setRequestedFrameRate frameRate=NaN, this=android.view.View{f822a93 V.ED..... ........ 0,0-0,0}, caller=fr.a:1 androidx.compose.ui.platform.AndroidComposeView.dispatchDraw:109 android.view.View.draw:26345 android.view.View.updateDisplayListIfDirty:25175 android.view.ViewGroup.recreateChildDisplayList:4794 
06-02 07:19:49.089 19343 19343 I View    : setRequestedFrameRate frameRate=NaN, this=androidx.compose.ui.platform.AndroidComposeView{d275672 VFED..... ........ 0,0-1080,2340 aid=1073741824}, caller=android.view.ViewGroup.setRequestedFrameRate:9952 fr.a:1 androidx.compose.ui.platform.AndroidComposeView.dispatchDraw:100 android.view.View.draw:26345 android.view.View.updateDisplayListIfDirty:25175 
06-02 07:19:49.090 19343 19343 I View    : setRequestedFrameRate frameRate=NaN, this=android.view.View{f822a93 V.ED..... ........ 0,0-0,0}, caller=fr.a:1 androidx.compose.ui.platform.AndroidComposeView.dispatchDraw:109 android.view.View.draw:26345 android.view.View.updateDisplayListIfDirty:25175 android.view.ViewGroup.recreateChildDisplayList:4794 
06-02 07:19:49.098 24857 24857 W screencap: Thread Pool max thread count is 0. Cannot cache binder as linkToDeath cannot be implemented. serviceName: SurfaceFlingerAIDL
06-02 07:19:49.098 24857 24857 W BpBinder: Linking to death on android.gui.ISurfaceComposer but there are no threads (yet?) listening to incoming transactions. See ProcessState::startThreadPool and ProcessState::setThreadPoolMaxThreadCount. Generally you should setup the binder threadpool before other initialization steps.
06-02 07:19:49.099 24857 24857 W screencap: Thread Pool max thread count is 0. Cannot cache binder as linkToDeath cannot be implemented. serviceName: edmnativehelper
06-02 07:19:49.099  1433  1744 I EDMNativeHelperService: isScreenCaptureEnabled
06-02 07:19:49.099  1433  1744 D RestrictionPolicy: isScreenCaptureEnabled : ret=true userId=0
06-02 07:19:49.099 24857 24857 W ProcessState: Extra binder thread started, but 0 threads requested. Do not use *startThreadPool when zero threads are requested.
06-02 07:19:49.099 19343 19343 I View    : setRequestedFrameRate frameRate=NaN, this=androidx.compose.ui.platform.AndroidComposeView{d275672 VFED..... ........ 0,0-1080,2340 aid=1073741824}, caller=android.view.ViewGroup.setRequestedFrameRate:9952 fr.a:1 androidx.compose.ui.platform.AndroidComposeView.dispatchDraw:100 android.view.View.draw:26345 android.view.View.updateDisplayListIfDirty:25175 
06-02 07:19:49.099 24857 24857 I SurfaceComposerClient: captureDisplay:Display-4627039422300187648
06-02 07:19:49.100 19343 19343 I View    : setRequestedFrameRate frameRate=NaN, this=android.view.View{f822a93 V.ED..... ........ 0,0-0,0}, caller=fr.a:1 androidx.compose.ui.platform.AndroidComposeView.dispatchDraw:109 android.view.View.draw:26345 android.view.View.updateDisplayListIfDirty:25175 android.view.ViewGroup.recreateChildDisplayList:4794 
06-02 07:19:49.103   945  1351 I SurfaceFlinger: Capture layer list: 	 com.lotterynet.pro/com.lotterynet.pro.ui.tickets.TicketSummaryActivity$_19343#2757(seamlessTransition:0)
06-02 07:19:49.103   945  1351 I SurfaceFlinger: Capture layer list: 	 StatusBar$_1924#100(seamlessTransition:0)
06-02 07:19:49.103   945  1351 I SurfaceFlinger: Capture layer list: 	 NavigationBar0$_1924#96(seamlessTransition:0)
06-02 07:19:49.110 19343 19343 I View    : setRequestedFrameRate frameRate=NaN, this=androidx.compose.ui.platform.AndroidComposeView{d275672 VFED..... ........ 0,0-1080,2340 aid=1073741824}, caller=android.view.ViewGroup.setRequestedFrameRate:9952 fr.a:1 androidx.compose.ui.platform.AndroidComposeView.dispatchDraw:100 android.view.View.draw:26345 android.view.View.updateDisplayListIfDirty:25175 
06-02 07:19:49.111 19343 19343 I View    : setRequestedFrameRate frameRate=NaN, this=android.view.View{f822a93 V.ED..... ........ 0,0-0,0}, caller=fr.a:1 androidx.compose.ui.platform.AndroidComposeView.dispatchDraw:109 android.view.View.draw:26345 android.view.View.updateDisplayListIfDirty:25175 android.view.ViewGroup.recreateChildDisplayList:4794 
06-02 07:19:49.122 19343 19343 I View    : setRequestedFrameRate frameRate=NaN, this=androidx.compose.ui.platform.AndroidComposeView{d275672 VFED..... ........ 0,0-1080,2340 aid=1073741824}, caller=android.view.ViewGroup.setRequestedFrameRate:9952 fr.a:1 androidx.compose.ui.platform.AndroidComposeView.dispatchDraw:100 android.view.View.draw:26345 android.view.View.updateDisplayListIfDirty:25175 
06-02 07:19:49.122 19343 19343 I View    : setRequestedFrameRate frameRate=NaN, this=android.view.View{f822a93 V.ED..... ........ 0,0-0,0}, caller=fr.a:1 androidx.compose.ui.platform.AndroidComposeView.dispatchDraw:109 android.view.View.draw:26345 android.view.View.updateDisplayListIfDirty:25175 android.view.ViewGroup.recreateChildDisplayList:4794 
06-02 07:19:49.130 19343 19343 I View    : setRequestedFrameRate frameRate=NaN, this=androidx.compose.ui.platform.AndroidComposeView{d275672 VFED..... ........ 0,0-1080,2340 aid=1073741824}, caller=android.view.ViewGroup.setRequestedFrameRate:9952 fr.a:1 androidx.compose.ui.platform.AndroidComposeView.dispatchDraw:100 android.view.View.draw:26345 android.view.View.updateDisplayListIfDirty:25175 
06-02 07:19:49.131 19343 19343 I View    : setRequestedFrameRate frameRate=NaN, this=android.view.View{f822a93 V.ED..... ........ 0,0-0,0}, caller=fr.a:1 androidx.compose.ui.platform.AndroidComposeView.dispatchDraw:109 android.view.View.draw:26345 android.view.View.updateDisplayListIfDirty:25175 android.view.ViewGroup.recreateChildDisplayList:4794 
06-02 07:19:49.142 24857 24857 I DMABUFHEAPS: Using DMA-BUF heap named: mtk_mm
06-02 07:19:49.142 24857 24857 I DMABUFHEAPS: Using DMA-BUF heap named: mtk_mm-uncached
06-02 07:19:49.142 24857 24857 I DMABUFHEAPS: Using DMA-BUF heap named: mtk_svp_region-aligned
06-02 07:19:49.142 24857 24857 I DMABUFHEAPS: Using DMA-BUF heap named: mtk_prot_region-aligned
06-02 07:19:49.142 24857 24857 I DMABUFHEAPS: Using DMA-BUF heap named: mtk_2d_fr_region
06-02 07:19:49.142 24857 24857 I DMABUFHEAPS: Using DMA-BUF heap named: mtk_wfd_region-aligned
06-02 07:19:49.143 19343 19343 I View    : setRequestedFrameRate frameRate=NaN, this=androidx.compose.ui.platform.AndroidComposeView{d275672 VFED..... ........ 0,0-1080,2340 aid=1073741824}, caller=android.view.ViewGroup.setRequestedFrameRate:9952 fr.a:1 androidx.compose.ui.platform.AndroidComposeView.dispatchDraw:100 android.view.View.draw:26345 android.view.View.updateDisplayListIfDirty:25175 
06-02 07:19:49.144 19343 19343 I View    : setRequestedFrameRate frameRate=NaN, this=android.view.View{f822a93 V.ED..... ........ 0,0-0,0}, caller=fr.a:1 androidx.compose.ui.platform.AndroidComposeView.dispatchDraw:109 android.view.View.draw:26345 android.view.View.updateDisplayListIfDirty:25175 android.view.ViewGroup.recreateChildDisplayList:4794 
06-02 07:19:49.154 19343 19343 I View    : setRequestedFrameRate frameRate=NaN, this=androidx.compose.ui.platform.AndroidComposeView{d275672 VFED..... ........ 0,0-1080,2340 aid=1073741824}, caller=android.view.ViewGroup.setRequestedFrameRate:9952 fr.a:1 androidx.compose.ui.platform.AndroidComposeView.dispatchDraw:100 android.view.View.draw:26345 android.view.View.updateDisplayListIfDirty:25175 
06-02 07:19:49.155 19343 19343 I View    : setRequestedFrameRate frameRate=NaN, this=android.view.View{f822a93 V.ED..... ........ 0,0-0,0}, caller=fr.a:1 androidx.compose.ui.platform.AndroidComposeView.dispatchDraw:109 android.view.View.draw:26345 android.view.View.updateDisplayListIfDirty:25175 android.view.ViewGroup.recreateChildDisplayList:4794 
06-02 07:19:49.166 19343 19343 I View    : setRequestedFrameRate frameRate=NaN, this=androidx.compose.ui.platform.AndroidComposeView{d275672 VFED..... ........ 0,0-1080,2340 aid=1073741824}, caller=android.view.ViewGroup.setRequestedFrameRate:9952 fr.a:1 androidx.compose.ui.platform.AndroidComposeView.dispatchDraw:100 android.view.View.draw:26345 android.view.View.updateDisplayListIfDirty:25175 
06-02 07:19:49.167 19343 19343 I View    : setRequestedFrameRate frameRate=NaN, this=android.view.View{f822a93 V.ED..... ........ 0,0-0,0}, caller=fr.a:1 androidx.compose.ui.platform.AndroidComposeView.dispatchDraw:109 android.view.View.draw:26345 android.view.View.updateDisplayListIfDirty:25175 android.view.ViewGroup.recreateChildDisplayList:4794 
06-02 07:19:49.177 19343 19343 I View    : setRequestedFrameRate frameRate=NaN, this=androidx.compose.ui.platform.AndroidComposeView{d275672 VFED..... ........ 0,0-1080,2340 aid=1073741824}, caller=android.view.ViewGroup.setRequestedFrameRate:9952 fr.a:1 androidx.compose.ui.platform.AndroidComposeView.dispatchDraw:100 android.view.View.draw:26345 android.view.View.updateDisplayListIfDirty:25175 
06-02 07:19:49.178 19343 19343 I View    : setRequestedFrameRate frameRate=NaN, this=android.view.View{f822a93 V.ED..... ........ 0,0-0,0}, caller=fr.a:1 androidx.compose.ui.platform.AndroidComposeView.dispatchDraw:109 android.view.View.draw:26345 android.view.View.updateDisplayListIfDirty:25175 android.view.ViewGroup.recreateChildDisplayList:4794 
06-02 07:19:49.187 19343 19343 I View    : setRequestedFrameRate frameRate=NaN, this=androidx.compose.ui.platform.AndroidComposeView{d275672 VFED..... ........ 0,0-1080,2340 aid=1073741824}, caller=android.view.ViewGroup.setRequestedFrameRate:9952 fr.a:1 androidx.compose.ui.platform.AndroidComposeView.dispatchDraw:100 android.view.View.draw:26345 android.view.View.updateDisplayListIfDirty:25175 
06-02 07:19:49.188 19343 19343 I View    : setRequestedFrameRate frameRate=NaN, this=android.view.View{f822a93 V.ED..... ........ 0,0-0,0}, caller=fr.a:1 androidx.compose.ui.platform.AndroidComposeView.dispatchDraw:109 android.view.View.draw:26345 android.view.View.updateDisplayListIfDirty:25175 android.view.ViewGroup.recreateChildDisplayList:4794 
06-02 07:19:49.199 19343 19343 I View    : setRequestedFrameRate frameRate=NaN, this=androidx.compose.ui.platform.AndroidComposeView{d275672 VFED..... ........ 0,0-1080,2340 aid=1073741824}, caller=android.view.ViewGroup.setRequestedFrameRate:9952 fr.a:1 androidx.compose.ui.platform.AndroidComposeView.dispatchDraw:100 android.view.View.draw:26345 android.view.View.updateDisplayListIfDirty:25175 
06-02 07:19:49.199 19343 19343 I View    : setRequestedFrameRate frameRate=NaN, this=android.view.View{f822a93 V.ED..... ........ 0,0-0,0}, caller=fr.a:1 androidx.compose.ui.platform.AndroidComposeView.dispatchDraw:109 android.view.View.draw:26345 android.view.View.updateDisplayListIfDirty:25175 android.view.ViewGroup.recreateChildDisplayList:4794 
06-02 07:19:49.209 19343 19343 I View    : setRequestedFrameRate frameRate=NaN, this=androidx.compose.ui.platform.AndroidComposeView{d275672 VFED..... ........ 0,0-1080,2340 aid=1073741824}, caller=android.view.ViewGroup.setRequestedFrameRate:9952 fr.a:1 androidx.compose.ui.platform.AndroidComposeView.dispatchDraw:100 android.view.View.draw:26345 android.view.View.updateDisplayListIfDirty:25175 
06-02 07:19:49.210 19343 19343 I View    : setRequestedFrameRate frameRate=NaN, this=android.view.View{f822a93 V.ED..... ........ 0,0-0,0}, caller=fr.a:1 androidx.compose.ui.platform.AndroidComposeView.dispatchDraw:109 android.view.View.draw:26345 android.view.View.updateDisplayListIfDirty:25175 android.view.ViewGroup.recreateChildDisplayList:4794 
06-02 07:19:49.219 19343 19343 I View    : setRequestedFrameRate frameRate=NaN, this=androidx.compose.ui.platform.AndroidComposeView{d275672 VFED..... ........ 0,0-1080,2340 aid=1073741824}, caller=android.view.ViewGroup.setRequestedFrameRate:9952 fr.a:1 androidx.compose.ui.platform.AndroidComposeView.dispatchDraw:100 android.view.View.draw:26345 android.view.View.updateDisplayListIfDirty:25175 
06-02 07:19:49.219 19343 19343 I View    : setRequestedFrameRate frameRate=NaN, this=android.view.View{f822a93 V.ED..... ........ 0,0-0,0}, caller=fr.a:1 androidx.compose.ui.platform.AndroidComposeView.dispatchDraw:109 android.view.View.draw:26345 android.view.View.updateDisplayListIfDirty:25175 android.view.ViewGroup.recreateChildDisplayList:4794 
06-02 07:19:49.232 19343 19343 I View    : setRequestedFrameRate frameRate=NaN, this=androidx.compose.ui.platform.AndroidComposeView{d275672 VFED..... ........ 0,0-1080,2340 aid=1073741824}, caller=android.view.ViewGroup.setRequestedFrameRate:9952 fr.a:1 androidx.compose.ui.platform.AndroidComposeView.dispatchDraw:100 android.view.View.draw:26345 android.view.View.updateDisplayListIfDirty:25175 
06-02 07:19:49.232 19343 19343 I View    : setRequestedFrameRate frameRate=NaN, this=android.view.View{f822a93 V.ED..... ........ 0,0-0,0}, caller=fr.a:1 androidx.compose.ui.platform.AndroidComposeView.dispatchDraw:109 android.view.View.draw:26345 android.view.View.updateDisplayListIfDirty:25175 android.view.ViewGroup.recreateChildDisplayList:4794 
06-02 07:19:49.270 19343 19343 I View    : setRequestedFrameRate frameRate=NaN, this=androidx.compose.ui.platform.AndroidComposeView{d275672 VFED..... ........ 0,0-1080,2340 aid=1073741824}, caller=android.view.ViewGroup.setRequestedFrameRate:9952 fr.a:1 androidx.compose.ui.platform.AndroidComposeView.dispatchDraw:100 android.view.View.draw:26345 android.view.View.updateDisplayListIfDirty:25175 
06-02 07:19:49.271 19343 19343 I View    : setRequestedFrameRate frameRate=NaN, this=android.view.View{f822a93 V.ED..... ........ 0,0-0,0}, caller=fr.a:1 androidx.compose.ui.platform.AndroidComposeView.dispatchDraw:109 android.view.View.draw:26345 android.view.View.updateDisplayListIfDirty:25175 android.view.ViewGroup.recreateChildDisplayList:4794 
06-02 07:19:49.273 19343 19343 I View    : setRequestedFrameRate frameRate=NaN, this=androidx.compose.ui.platform.AndroidComposeView{d275672 VFED..... ........ 0,0-1080,2340 aid=1073741824}, caller=android.view.ViewGroup.setRequestedFrameRate:9952 fr.a:1 androidx.compose.ui.platform.AndroidComposeView.dispatchDraw:100 android.view.View.draw:26345 android.view.View.updateDisplayListIfDirty:25175 
06-02 07:19:49.273 19343 19343 I View    : setRequestedFrameRate frameRate=NaN, this=android.view.View{f822a93 V.ED..... ........ 0,0-0,0}, caller=fr.a:1 androidx.compose.ui.platform.AndroidComposeView.dispatchDraw:109 android.view.View.draw:26345 android.view.View.updateDisplayListIfDirty:25175 android.view.ViewGroup.recreateChildDisplayList:4794 
06-02 07:19:49.278 19343 19343 I View    : setRequestedFrameRate frameRate=NaN, this=androidx.compose.ui.platform.AndroidComposeView{d275672 VFED..... ........ 0,0-1080,2340 aid=1073741824}, caller=android.view.ViewGroup.setRequestedFrameRate:9952 fr.a:1 androidx.compose.ui.platform.AndroidComposeView.dispatchDraw:100 android.view.View.draw:26345 android.view.View.updateDisplayListIfDirty:25175 
06-02 07:19:49.278 19343 19343 I View    : setRequestedFrameRate frameRate=NaN, this=android.view.View{f822a93 V.ED..... ........ 0,0-0,0}, caller=fr.a:1 androidx.compose.ui.platform.AndroidComposeView.dispatchDraw:109 android.view.View.draw:26345 android.view.View.updateDisplayListIfDirty:25175 android.view.ViewGroup.recreateChildDisplayList:4794 
06-02 07:19:49.286 19343 19343 I View    : setRequestedFrameRate frameRate=NaN, this=androidx.compose.ui.platform.AndroidComposeView{d275672 VFED..... ........ 0,0-1080,2340 aid=1073741824}, caller=android.view.ViewGroup.setRequestedFrameRate:9952 fr.a:1 androidx.compose.ui.platform.AndroidComposeView.dispatchDraw:100 android.view.View.draw:26345 android.view.View.updateDisplayListIfDirty:25175 
06-02 07:19:49.286 19343 19343 I View    : setRequestedFrameRate frameRate=NaN, this=android.view.View{f822a93 V.ED..... ........ 0,0-0,0}, caller=fr.a:1 androidx.compose.ui.platform.AndroidComposeView.dispatchDraw:109 android.view.View.draw:26345 android.view.View.updateDisplayListIfDirty:25175 android.view.ViewGroup.recreateChildDisplayList:4794 
06-02 07:19:49.297 19343 19343 I View    : setRequestedFrameRate frameRate=NaN, this=androidx.compose.ui.platform.AndroidComposeView{d275672 VFED..... ........ 0,0-1080,2340 aid=1073741824}, caller=android.view.ViewGroup.setRequestedFrameRate:9952 fr.a:1 androidx.compose.ui.platform.AndroidComposeView.dispatchDraw:100 android.view.View.draw:26345 android.view.View.updateDisplayListIfDirty:25175 
06-02 07:19:49.297 19343 19343 I View    : setRequestedFrameRate frameRate=NaN, this=android.view.View{f822a93 V.ED..... ........ 0,0-0,0}, caller=fr.a:1 androidx.compose.ui.platform.AndroidComposeView.dispatchDraw:109 android.view.View.draw:26345 android.view.View.updateDisplayListIfDirty:25175 android.view.ViewGroup.recreateChildDisplayList:4794 
06-02 07:19:49.308 19343 19343 I View    : setRequestedFrameRate frameRate=NaN, this=androidx.compose.ui.platform.AndroidComposeView{d275672 VFED..... ........ 0,0-1080,2340 aid=1073741824}, caller=android.view.ViewGroup.setRequestedFrameRate:9952 fr.a:1 androidx.compose.ui.platform.AndroidComposeView.dispatchDraw:100 android.view.View.draw:26345 android.view.View.updateDisplayListIfDirty:25175 
06-02 07:19:49.308 19343 19343 I View    : setRequestedFrameRate frameRate=NaN, this=android.view.View{f822a93 V.ED..... ........ 0,0-0,0}, caller=fr.a:1 androidx.compose.ui.platform.AndroidComposeView.dispatchDraw:109 android.view.View.draw:26345 android.view.View.updateDisplayListIfDirty:25175 android.view.ViewGroup.recreateChildDisplayList:4794 
06-02 07:19:49.319 19343 19343 I View    : setRequestedFrameRate frameRate=NaN, this=androidx.compose.ui.platform.AndroidComposeView{d275672 VFED..... ........ 0,0-1080,2340 aid=1073741824}, caller=android.view.ViewGroup.setRequestedFrameRate:9952 fr.a:1 androidx.compose.ui.platform.AndroidComposeView.dispatchDraw:100 android.view.View.draw:26345 android.view.View.updateDisplayListIfDirty:25175 
06-02 07:19:49.320 19343 19343 I View    : setRequestedFrameRate frameRate=NaN, this=android.view.View{f822a93 V.ED..... ........ 0,0-0,0}, caller=fr.a:1 androidx.compose.ui.platform.AndroidComposeView.dispatchDraw:109 android.view.View.draw:26345 android.view.View.updateDisplayListIfDirty:25175 android.view.ViewGroup.recreateChildDisplayList:4794 
06-02 07:19:49.330 19343 19343 I View    : setRequestedFrameRate frameRate=NaN, this=androidx.compose.ui.platform.AndroidComposeView{d275672 VFED..... ........ 0,0-1080,2340 aid=1073741824}, caller=android.view.ViewGroup.setRequestedFrameRate:9952 fr.a:1 androidx.compose.ui.platform.AndroidComposeView.dispatchDraw:100 android.view.View.draw:26345 android.view.View.updateDisplayListIfDirty:25175 
06-02 07:19:49.330 19343 19343 I View    : setRequestedFrameRate frameRate=NaN, this=android.view.View{f822a93 V.ED..... ........ 0,0-0,0}, caller=fr.a:1 androidx.compose.ui.platform.AndroidComposeView.dispatchDraw:109 android.view.View.draw:26345 android.view.View.updateDisplayListIfDirty:25175 android.view.ViewGroup.recreateChildDisplayList:4794 
06-02 07:19:49.345 19343 19343 I View    : setRequestedFrameRate frameRate=NaN, this=androidx.compose.ui.platform.AndroidComposeView{d275672 VFED..... ........ 0,0-1080,2340 aid=1073741824}, caller=android.view.ViewGroup.setRequestedFrameRate:9952 fr.a:1 androidx.compose.ui.platform.AndroidComposeView.dispatchDraw:100 android.view.View.draw:26345 android.view.View.updateDisplayListIfDirty:25175 
06-02 07:19:49.345 19343 19343 I View    : setRequestedFrameRate frameRate=NaN, this=android.view.View{f822a93 V.ED..... ........ 0,0-0,0}, caller=fr.a:1 androidx.compose.ui.platform.AndroidComposeView.dispatchDraw:109 android.view.View.draw:26345 android.view.View.updateDisplayListIfDirty:25175 android.view.ViewGroup.recreateChildDisplayList:4794 
06-02 07:19:49.353   876   876 I hwcomposer: [HWCDisplay] [Display_0 (type:1, mode:2)] fps:85.230072,dur:1009.03,max:32.74,min:9.21  
06-02 07:19:49.355 19343 19343 I View    : setRequestedFrameRate frameRate=NaN, this=androidx.compose.ui.platform.AndroidComposeView{d275672 VFED..... ........ 0,0-1080,2340 aid=1073741824}, caller=android.view.ViewGroup.setRequestedFrameRate:9952 fr.a:1 androidx.compose.ui.platform.AndroidComposeView.dispatchDraw:100 android.view.View.draw:26345 android.view.View.updateDisplayListIfDirty:25175 
06-02 07:19:49.355 19343 19343 I View    : setRequestedFrameRate frameRate=NaN, this=android.view.View{f822a93 V.ED..... ........ 0,0-0,0}, caller=fr.a:1 androidx.compose.ui.platform.AndroidComposeView.dispatchDraw:109 android.view.View.draw:26345 android.view.View.updateDisplayListIfDirty:25175 android.view.ViewGroup.recreateChildDisplayList:4794 
06-02 07:19:49.366 19343 19343 I View    : setRequestedFrameRate frameRate=NaN, this=androidx.compose.ui.platform.AndroidComposeView{d275672 VFED..... ........ 0,0-1080,2340 aid=1073741824}, caller=android.view.ViewGroup.setRequestedFrameRate:9952 fr.a:1 androidx.compose.ui.platform.AndroidComposeView.dispatchDraw:100 android.view.View.draw:26345 android.view.View.updateDisplayListIfDirty:25175 
06-02 07:19:49.367 19343 19343 I View    : setRequestedFrameRate frameRate=NaN, this=android.view.View{f822a93 V.ED..... ........ 0,0-0,0}, caller=fr.a:1 androidx.compose.ui.platform.AndroidComposeView.dispatchDraw:109 android.view.View.draw:26345 android.view.View.updateDisplayListIfDirty:25175 android.view.ViewGroup.recreateChildDisplayList:4794 
06-02 07:19:49.375 19343 19343 I View    : setRequestedFrameRate frameRate=NaN, this=androidx.compose.ui.platform.AndroidComposeView{d275672 VFED..... ........ 0,0-1080,2340 aid=1073741824}, caller=android.view.ViewGroup.setRequestedFrameRate:9952 fr.a:1 androidx.compose.ui.platform.AndroidComposeView.dispatchDraw:100 android.view.View.draw:26345 android.view.View.updateDisplayListIfDirty:25175 
06-02 07:19:49.375 19343 19343 I View    : setRequestedFrameRate frameRate=NaN, this=android.view.View{f822a93 V.ED..... ........ 0,0-0,0}, caller=fr.a:1 androidx.compose.ui.platform.AndroidComposeView.dispatchDraw:109 android.view.View.draw:26345 android.view.View.updateDisplayListIfDirty:25175 android.view.ViewGroup.recreateChildDisplayList:4794 
06-02 07:19:49.388 19343 19343 I View    : setRequestedFrameRate frameRate=NaN, this=androidx.compose.ui.platform.AndroidComposeView{d275672 VFED..... ........ 0,0-1080,2340 aid=1073741824}, caller=android.view.ViewGroup.setRequestedFrameRate:9952 fr.a:1 androidx.compose.ui.platform.AndroidComposeView.dispatchDraw:100 android.view.View.draw:26345 android.view.View.updateDisplayListIfDirty:25175 
06-02 07:19:49.389 19343 19343 I View    : setRequestedFrameRate frameRate=NaN, this=android.view.View{f822a93 V.ED..... ........ 0,0-0,0}, caller=fr.a:1 androidx.compose.ui.platform.AndroidComposeView.dispatchDraw:109 android.view.View.draw:26345 android.view.View.updateDisplayListIfDirty:25175 android.view.ViewGroup.recreateChildDisplayList:4794 
06-02 07:19:49.399 19343 19343 I View    : setRequestedFrameRate frameRate=NaN, this=androidx.compose.ui.platform.AndroidComposeView{d275672 VFED..... ........ 0,0-1080,2340 aid=1073741824}, caller=android.view.ViewGroup.setRequestedFrameRate:9952 fr.a:1 androidx.compose.ui.platform.AndroidComposeView.dispatchDraw:100 android.view.View.draw:26345 android.view.View.updateDisplayListIfDirty:25175 
06-02 07:19:49.399 19343 19343 I View    : setRequestedFrameRate frameRate=NaN, this=android.view.View{f822a93 V.ED..... ........ 0,0-0,0}, caller=fr.a:1 androidx.compose.ui.platform.AndroidComposeView.dispatchDraw:109 android.view.View.draw:26345 android.view.View.updateDisplayListIfDirty:25175 android.view.ViewGroup.recreateChildDisplayList:4794 
06-02 07:19:49.401 24857 24857 W RefBase : RefBase: Explicit destruction, weak count = 0 (in 0x7b5efbf838). Use sp<> to manage this object. Note - if weak count is 0, this leaks mRefs (weakref_impl).
06-02 07:19:49.407 19343 19343 I View    : setRequestedFrameRate frameRate=NaN, this=androidx.compose.ui.platform.AndroidComposeView{d275672 VFED..... ........ 0,0-1080,2340 aid=1073741824}, caller=android.view.ViewGroup.setRequestedFrameRate:9952 fr.a:1 androidx.compose.ui.platform.AndroidComposeView.dispatchDraw:100 android.view.View.draw:26345 android.view.View.updateDisplayListIfDirty:25175 
06-02 07:19:49.408 19343 19343 I View    : setRequestedFrameRate frameRate=NaN, this=android.view.View{f822a93 V.ED..... ........ 0,0-0,0}, caller=fr.a:1 androidx.compose.ui.platform.AndroidComposeView.dispatchDraw:109 android.view.View.draw:26345 android.view.View.updateDisplayListIfDirty:25175 android.view.ViewGroup.recreateChildDisplayList:4794 
06-02 07:19:49.408 24857 24857 D RefBase :   #00 pc 00000000000ab1b0  /apex/com.android.runtime/lib64/bionic/libc.so (__cxa_finalize+144) (BuildId: 39d1497b7605b6389fe7c9e36a557060)
06-02 07:19:49.408 24857 24857 D RefBase :   #01 pc 00000000000af8a4  /apex/com.android.runtime/lib64/bionic/libc.so (exit+36) (BuildId: 39d1497b7605b6389fe7c9e36a557060)
06-02 07:19:49.408 24857 24857 D RefBase :   #02 pc 00000000000a374c  /apex/com.android.runtime/lib64/bionic/libc.so (__libc_init+124) (BuildId: 39d1497b7605b6389fe7c9e36a557060)
06-02 07:19:49.420 19343 19343 I View    : setRequestedFrameRate frameRate=NaN, this=androidx.compose.ui.platform.AndroidComposeView{d275672 VFED..... ........ 0,0-1080,2340 aid=1073741824}, caller=android.view.ViewGroup.setRequestedFrameRate:9952 fr.a:1 androidx.compose.ui.platform.AndroidComposeView.dispatchDraw:100 android.view.View.draw:26345 android.view.View.updateDisplayListIfDirty:25175 
06-02 07:19:49.420 19343 19343 I View    : setRequestedFrameRate frameRate=NaN, this=android.view.View{f822a93 V.ED..... ........ 0,0-0,0}, caller=fr.a:1 androidx.compose.ui.platform.AndroidComposeView.dispatchDraw:109 android.view.View.draw:26345 android.view.View.updateDisplayListIfDirty:25175 android.view.ViewGroup.recreateChildDisplayList:4794 
06-02 07:19:49.431 19343 19343 I View    : setRequestedFrameRate frameRate=NaN, this=androidx.compose.ui.platform.AndroidComposeView{d275672 VFED..... ........ 0,0-1080,2340 aid=1073741824}, caller=android.view.ViewGroup.setRequestedFrameRate:9952 fr.a:1 androidx.compose.ui.platform.AndroidComposeView.dispatchDraw:100 android.view.View.draw:26345 android.view.View.updateDisplayListIfDirty:25175 
06-02 07:19:49.431 19343 19343 I View    : setRequestedFrameRate frameRate=NaN, this=android.view.View{f822a93 V.ED..... ........ 0,0-0,0}, caller=fr.a:1 androidx.compose.ui.platform.AndroidComposeView.dispatchDraw:109 android.view.View.draw:26345 android.view.View.updateDisplayListIfDirty:25175 android.view.ViewGroup.recreateChildDisplayList:4794 
06-02 07:19:49.436   870 11872 W AudioALSACaptureDataProviderNormal: readThread, latency_in_s,0.000001,0.040332,0.000091, totalTime 0.040424 > logTimeout 0.022000 TIMEOUT!!
06-02 07:19:49.445 19343 19343 I View    : setRequestedFrameRate frameRate=NaN, this=androidx.compose.ui.platform.AndroidComposeView{d275672 VFED..... ........ 0,0-1080,2340 aid=1073741824}, caller=android.view.ViewGroup.setRequestedFrameRate:9952 fr.a:1 androidx.compose.ui.platform.AndroidComposeView.dispatchDraw:100 android.view.View.draw:26345 android.view.View.updateDisplayListIfDirty:25175 
06-02 07:19:49.446 19343 19343 I View    : setRequestedFrameRate frameRate=NaN, this=android.view.View{f822a93 V.ED..... ........ 0,0-0,0}, caller=fr.a:1 androidx.compose.ui.platform.AndroidComposeView.dispatchDraw:109 android.view.View.draw:26345 android.view.View.updateDisplayListIfDirty:25175 android.view.ViewGroup.recreateChildDisplayList:4794 
06-02 07:19:49.456 19343 19343 I View    : setRequestedFrameRate frameRate=NaN, this=androidx.compose.ui.platform.AndroidComposeView{d275672 VFED..... ........ 0,0-1080,2340 aid=1073741824}, caller=android.view.ViewGroup.setRequestedFrameRate:9952 fr.a:1 androidx.compose.ui.platform.AndroidComposeView.dispatchDraw:100 android.view.View.draw:26345 android.view.View.updateDisplayListIfDirty:25175 
06-02 07:19:49.456 19343 19343 I View    : setRequestedFrameRate frameRate=NaN, this=android.view.View{f822a93 V.ED..... ........ 0,0-0,0}, caller=fr.a:1 androidx.compose.ui.platform.AndroidComposeView.dispatchDraw:109 android.view.View.draw:26345 android.view.View.updateDisplayListIfDirty:25175 android.view.ViewGroup.recreateChildDisplayList:4794 
06-02 07:19:49.466 19343 19343 I View    : setRequestedFrameRate frameRate=NaN, this=androidx.compose.ui.platform.AndroidComposeView{d275672 VFED..... ........ 0,0-1080,2340 aid=1073741824}, caller=android.view.ViewGroup.setRequestedFrameRate:9952 fr.a:1 androidx.compose.ui.platform.AndroidComposeView.dispatchDraw:100 android.view.View.draw:26345 android.view.View.updateDisplayListIfDirty:25175 
06-02 07:19:49.466 19343 19343 I View    : setRequestedFrameRate frameRate=NaN, this=android.view.View{f822a93 V.ED..... ........ 0,0-0,0}, caller=fr.a:1 androidx.compose.ui.platform.AndroidComposeView.dispatchDraw:109 android.view.View.draw:26345 android.view.View.updateDisplayListIfDirty:25175 android.view.ViewGroup.recreateChildDisplayList:4794 
06-02 07:19:49.477 19343 19343 I View    : setRequestedFrameRate frameRate=NaN, this=androidx.compose.ui.platform.AndroidComposeView{d275672 VFED..... ........ 0,0-1080,2340 aid=1073741824}, caller=android.view.ViewGroup.setRequestedFrameRate:9952 fr.a:1 androidx.compose.ui.platform.AndroidComposeView.dispatchDraw:100 android.view.View.draw:26345 android.view.View.updateDisplayListIfDirty:25175 
06-02 07:19:49.477 19343 19343 I View    : setRequestedFrameRate frameRate=NaN, this=android.view.View{f822a93 V.ED..... ........ 0,0-0,0}, caller=fr.a:1 androidx.compose.ui.platform.AndroidComposeView.dispatchDraw:109 android.view.View.draw:26345 android.view.View.updateDisplayListIfDirty:25175 android.view.ViewGroup.recreateChildDisplayList:4794 
06-02 07:19:49.488 19343 19343 I View    : setRequestedFrameRate frameRate=NaN, this=androidx.compose.ui.platform.AndroidComposeView{d275672 VFED..... ........ 0,0-1080,2340 aid=1073741824}, caller=android.view.ViewGroup.setRequestedFrameRate:9952 fr.a:1 androidx.compose.ui.platform.AndroidComposeView.dispatchDraw:100 android.view.View.draw:26345 android.view.View.updateDisplayListIfDirty:25175 
06-02 07:19:49.488 19343 19343 I View    : setRequestedFrameRate frameRate=NaN, this=android.view.View{f822a93 V.ED..... ........ 0,0-0,0}, caller=fr.a:1 androidx.compose.ui.platform.AndroidComposeView.dispatchDraw:109 android.view.View.draw:26345 android.view.View.updateDisplayListIfDirty:25175 android.view.ViewGroup.recreateChildDisplayList:4794 
06-02 07:19:49.499 19343 19343 I View    : setRequestedFrameRate frameRate=NaN, this=androidx.compose.ui.platform.AndroidComposeView{d275672 VFED..... ........ 0,0-1080,2340 aid=1073741824}, caller=android.view.ViewGroup.setRequestedFrameRate:9952 fr.a:1 androidx.compose.ui.platform.AndroidComposeView.dispatchDraw:100 android.view.View.draw:26345 android.view.View.updateDisplayListIfDirty:25175 
06-02 07:19:49.500 19343 19343 I View    : setRequestedFrameRate frameRate=NaN, this=android.view.View{f822a93 V.ED..... ........ 0,0-0,0}, caller=fr.a:1 androidx.compose.ui.platform.AndroidComposeView.dispatchDraw:109 android.view.View.draw:26345 android.view.View.updateDisplayListIfDirty:25175 android.view.ViewGroup.recreateChildDisplayList:4794 
06-02 07:19:49.510 19343 19343 I View    : setRequestedFrameRate frameRate=NaN, this=androidx.compose.ui.platform.AndroidComposeView{d275672 VFED..... ........ 0,0-1080,2340 aid=1073741824}, caller=android.view.ViewGroup.setRequestedFrameRate:9952 fr.a:1 androidx.compose.ui.platform.AndroidComposeView.dispatchDraw:100 android.view.View.draw:26345 android.view.View.updateDisplayListIfDirty:25175 
06-02 07:19:49.510 19343 19343 I View    : setRequestedFrameRate frameRate=NaN, this=android.view.View{f822a93 V.ED..... ........ 0,0-0,0}, caller=fr.a:1 androidx.compose.ui.platform.AndroidComposeView.dispatchDraw:109 android.view.View.draw:26345 android.view.View.updateDisplayListIfDirty:25175 android.view.ViewGroup.recreateChildDisplayList:4794 
06-02 07:19:49.521 19343 19343 I View    : setRequestedFrameRate frameRate=NaN, this=androidx.compose.ui.platform.AndroidComposeView{d275672 VFED..... ........ 0,0-1080,2340 aid=1073741824}, caller=android.view.ViewGroup.setRequestedFrameRate:9952 fr.a:1 androidx.compose.ui.platform.AndroidComposeView.dispatchDraw:100 android.view.View.draw:26345 android.view.View.updateDisplayListIfDirty:25175 
06-02 07:19:49.521 19343 19343 I View    : setRequestedFrameRate frameRate=NaN, this=android.view.View{f822a93 V.ED..... ........ 0,0-0,0}, caller=fr.a:1 androidx.compose.ui.platform.AndroidComposeView.dispatchDraw:109 android.view.View.draw:26345 android.view.View.updateDisplayListIfDirty:25175 android.view.ViewGroup.recreateChildDisplayList:4794 
06-02 07:19:49.534 19343 19343 I View    : setRequestedFrameRate frameRate=NaN, this=androidx.compose.ui.platform.AndroidComposeView{d275672 VFED..... ........ 0,0-1080,2340 aid=1073741824}, caller=android.view.ViewGroup.setRequestedFrameRate:9952 fr.a:1 androidx.compose.ui.platform.AndroidComposeView.dispatchDraw:100 android.view.View.draw:26345 android.view.View.updateDisplayListIfDirty:25175 
06-02 07:19:49.535 19343 19343 I View    : setRequestedFrameRate frameRate=NaN, this=android.view.View{f822a93 V.ED..... ........ 0,0-0,0}, caller=fr.a:1 androidx.compose.ui.platform.AndroidComposeView.dispatchDraw:109 android.view.View.draw:26345 android.view.View.updateDisplayListIfDirty:25175 android.view.ViewGroup.recreateChildDisplayList:4794 
06-02 07:19:49.543 19343 19343 I View    : setRequestedFrameRate frameRate=NaN, this=androidx.compose.ui.platform.AndroidComposeView{d275672 VFED..... ........ 0,0-1080,2340 aid=1073741824}, caller=android.view.ViewGroup.setRequestedFrameRate:9952 fr.a:1 androidx.compose.ui.platform.AndroidComposeView.dispatchDraw:100 android.view.View.draw:26345 android.view.View.updateDisplayListIfDirty:25175 
06-02 07:19:49.543 19343 19343 I View    : setRequestedFrameRate frameRate=NaN, this=android.view.View{f822a93 V.ED..... ........ 0,0-0,0}, caller=fr.a:1 androidx.compose.ui.platform.AndroidComposeView.dispatchDraw:109 android.view.View.draw:26345 android.view.View.updateDisplayListIfDirty:25175 android.view.ViewGroup.recreateChildDisplayList:4794 
06-02 07:19:49.554 19343 19343 I View    : setRequestedFrameRate frameRate=NaN, this=androidx.compose.ui.platform.AndroidComposeView{d275672 VFED..... ........ 0,0-1080,2340 aid=1073741824}, caller=android.view.ViewGroup.setRequestedFrameRate:9952 fr.a:1 androidx.compose.ui.platform.AndroidComposeView.dispatchDraw:100 android.view.View.draw:26345 android.view.View.updateDisplayListIfDirty:25175 
06-02 07:19:49.555 19343 19343 I View    : setRequestedFrameRate frameRate=NaN, this=android.view.View{f822a93 V.ED..... ........ 0,0-0,0}, caller=fr.a:1 androidx.compose.ui.platform.AndroidComposeView.dispatchDraw:109 android.view.View.draw:26345 android.view.View.updateDisplayListIfDirty:25175 android.view.ViewGroup.recreateChildDisplayList:4794 
06-02 07:19:49.566 19343 19343 I View    : setRequestedFrameRate frameRate=NaN, this=androidx.compose.ui.platform.AndroidComposeView{d275672 VFED..... ........ 0,0-1080,2340 aid=1073741824}, caller=android.view.ViewGroup.setRequestedFrameRate:9952 fr.a:1 androidx.compose.ui.platform.AndroidComposeView.dispatchDraw:100 android.view.View.draw:26345 android.view.View.updateDisplayListIfDirty:25175 
06-02 07:19:49.566 19343 19343 I View    : setRequestedFrameRate frameRate=NaN, this=android.view.View{f822a93 V.ED..... ........ 0,0-0,0}, caller=fr.a:1 androidx.compose.ui.platform.AndroidComposeView.dispatchDraw:109 android.view.View.draw:26345 android.view.View.updateDisplayListIfDirty:25175 android.view.ViewGroup.recreateChildDisplayList:4794 
06-02 07:19:49.579 19343 19343 I View    : setRequestedFrameRate frameRate=NaN, this=androidx.compose.ui.platform.AndroidComposeView{d275672 VFED..... ........ 0,0-1080,2340 aid=1073741824}, caller=android.view.ViewGroup.setRequestedFrameRate:9952 fr.a:1 androidx.compose.ui.platform.AndroidComposeView.dispatchDraw:100 android.view.View.draw:26345 android.view.View.updateDisplayListIfDirty:25175 
06-02 07:19:49.579 19343 19343 I View    : setRequestedFrameRate frameRate=NaN, this=android.view.View{f822a93 V.ED..... ........ 0,0-0,0}, caller=fr.a:1 androidx.compose.ui.platform.AndroidComposeView.dispatchDraw:109 android.view.View.draw:26345 android.view.View.updateDisplayListIfDirty:25175 android.view.ViewGroup.recreateChildDisplayList:4794 
06-02 07:19:49.588 19343 19343 I View    : setRequestedFrameRate frameRate=NaN, this=androidx.compose.ui.platform.AndroidComposeView{d275672 VFED..... ........ 0,0-1080,2340 aid=1073741824}, caller=android.view.ViewGroup.setRequestedFrameRate:9952 fr.a:1 androidx.compose.ui.platform.AndroidComposeView.dispatchDraw:100 android.view.View.draw:26345 android.view.View.updateDisplayListIfDirty:25175 
06-02 07:19:49.588 19343 19343 I View    : setRequestedFrameRate frameRate=NaN, this=android.view.View{f822a93 V.ED..... ........ 0,0-0,0}, caller=fr.a:1 androidx.compose.ui.platform.AndroidComposeView.dispatchDraw:109 android.view.View.draw:26345 android.view.View.updateDisplayListIfDirty:25175 android.view.ViewGroup.recreateChildDisplayList:4794 
06-02 07:19:49.600 19343 19343 I View    : setRequestedFrameRate frameRate=NaN, this=androidx.compose.ui.platform.AndroidComposeView{d275672 VFED..... ........ 0,0-1080,2340 aid=1073741824}, caller=android.view.ViewGroup.setRequestedFrameRate:9952 fr.a:1 androidx.compose.ui.platform.AndroidComposeView.dispatchDraw:100 android.view.View.draw:26345 android.view.View.updateDisplayListIfDirty:25175 
06-02 07:19:49.600 19343 19343 I View    : setRequestedFrameRate frameRate=NaN, this=android.view.View{f822a93 V.ED..... ........ 0,0-0,0}, caller=fr.a:1 androidx.compose.ui.platform.AndroidComposeView.dispatchDraw:109 android.view.View.draw:26345 android.view.View.updateDisplayListIfDirty:25175 android.view.ViewGroup.recreateChildDisplayList:4794 
06-02 07:19:49.610 19343 19343 I View    : setRequestedFrameRate frameRate=NaN, this=androidx.compose.ui.platform.AndroidComposeView{d275672 VFED..... ........ 0,0-1080,2340 aid=1073741824}, caller=android.view.ViewGroup.setRequestedFrameRate:9952 fr.a:1 androidx.compose.ui.platform.AndroidComposeView.dispatchDraw:100 android.view.View.draw:26345 android.view.View.updateDisplayListIfDirty:25175 
06-02 07:19:49.611 19343 19343 I View    : setRequestedFrameRate frameRate=NaN, this=android.view.View{f822a93 V.ED..... ........ 0,0-0,0}, caller=fr.a:1 androidx.compose.ui.platform.AndroidComposeView.dispatchDraw:109 android.view.View.draw:26345 android.view.View.updateDisplayListIfDirty:25175 android.view.ViewGroup.recreateChildDisplayList:4794 
06-02 07:19:49.616  1090  1090 D data_transfer: waitConnection: socketFd=6
06-02 07:19:49.616  1090  1090 D data_transfer: clientlisten thread is running
06-02 07:19:49.616  1090  1090 D data_transfer: waitConnection: wait clientfd=-1
06-02 07:19:49.619   945   945 I BufferQueueProducer: [com.lotterynet.pro/com.lotterynet.pro.ui.tickets.TicketSummaryActivity$_19343#2757](this:0xb40000731c8d3638,id:-1,api:0,p:-1,c:945) queueBuffer: fps=85.07 dur=1010.98 max=33.23 min=10.20
06-02 07:19:49.621 19343 19343 I View    : setRequestedFrameRate frameRate=NaN, this=androidx.compose.ui.platform.AndroidComposeView{d275672 VFED..... ........ 0,0-1080,2340 aid=1073741824}, caller=android.view.ViewGroup.setRequestedFrameRate:9952 fr.a:1 androidx.compose.ui.platform.AndroidComposeView.dispatchDraw:100 android.view.View.draw:26345 android.view.View.updateDisplayListIfDirty:25175 
06-02 07:19:49.622 19343 19343 I View    : setRequestedFrameRate frameRate=NaN, this=android.view.View{f822a93 V.ED..... ........ 0,0-0,0}, caller=fr.a:1 androidx.compose.ui.platform.AndroidComposeView.dispatchDraw:109 android.view.View.draw:26345 android.view.View.updateDisplayListIfDirty:25175 android.view.ViewGroup.recreateChildDisplayList:4794 
06-02 07:19:49.669 19343 19343 I View    : setRequestedFrameRate frameRate=NaN, this=androidx.compose.ui.platform.AndroidComposeView{d275672 VFED..... ........ 0,0-1080,2340 aid=1073741824}, caller=android.view.ViewGroup.setRequestedFrameRate:9952 fr.a:1 androidx.compose.ui.platform.AndroidComposeView.dispatchDraw:100 android.view.View.draw:26345 android.view.View.updateDisplayListIfDirty:25175 
06-02 07:19:49.669 19343 19343 I View    : setRequestedFrameRate frameRate=NaN, this=android.view.View{f822a93 V.ED..... ........ 0,0-0,0}, caller=fr.a:1 androidx.compose.ui.platform.AndroidComposeView.dispatchDraw:109 android.view.View.draw:26345 android.view.View.updateDisplayListIfDirty:25175 android.view.ViewGroup.recreateChildDisplayList:4794 
06-02 07:19:49.671 19343 19343 I View    : setRequestedFrameRate frameRate=NaN, this=androidx.compose.ui.platform.AndroidComposeView{d275672 VFED..... ........ 0,0-1080,2340 aid=1073741824}, caller=android.view.ViewGroup.setRequestedFrameRate:9952 fr.a:1 androidx.compose.ui.platform.AndroidComposeView.dispatchDraw:100 android.view.View.draw:26345 android.view.View.updateDisplayListIfDirty:25175 
06-02 07:19:49.671 19343 19343 I View    : setRequestedFrameRate frameRate=NaN, this=android.view.View{f822a93 V.ED..... ........ 0,0-0,0}, caller=fr.a:1 androidx.compose.ui.platform.AndroidComposeView.dispatchDraw:109 android.view.View.draw:26345 android.view.View.updateDisplayListIfDirty:25175 android.view.ViewGroup.recreateChildDisplayList:4794 
06-02 07:19:49.678 19343 19343 I View    : setRequestedFrameRate frameRate=NaN, this=androidx.compose.ui.platform.AndroidComposeView{d275672 VFED..... ........ 0,0-1080,2340 aid=1073741824}, caller=android.view.ViewGroup.setRequestedFrameRate:9952 fr.a:1 androidx.compose.ui.platform.AndroidComposeView.dispatchDraw:100 android.view.View.draw:26345 android.view.View.updateDisplayListIfDirty:25175 
06-02 07:19:49.678 19343 19343 I View    : setRequestedFrameRate frameRate=NaN, this=android.view.View{f822a93 V.ED..... ........ 0,0-0,0}, caller=fr.a:1 androidx.compose.ui.platform.AndroidComposeView.dispatchDraw:109 android.view.View.draw:26345 android.view.View.updateDisplayListIfDirty:25175 android.view.ViewGroup.recreateChildDisplayList:4794 
06-02 07:19:49.687 19343 19343 I View    : setRequestedFrameRate frameRate=NaN, this=androidx.compose.ui.platform.AndroidComposeView{d275672 VFED..... ........ 0,0-1080,2340 aid=1073741824}, caller=android.view.ViewGroup.setRequestedFrameRate:9952 fr.a:1 androidx.compose.ui.platform.AndroidComposeView.dispatchDraw:100 android.view.View.draw:26345 android.view.View.updateDisplayListIfDirty:25175 
06-02 07:19:49.687 19343 19343 I View    : setRequestedFrameRate frameRate=NaN, this=android.view.View{f822a93 V.ED..... ........ 0,0-0,0}, caller=fr.a:1 androidx.compose.ui.platform.AndroidComposeView.dispatchDraw:109 android.view.View.draw:26345 android.view.View.updateDisplayListIfDirty:25175 android.view.ViewGroup.recreateChildDisplayList:4794 
06-02 07:19:49.697 19343 19343 I View    : setRequestedFrameRate frameRate=NaN, this=androidx.compose.ui.platform.AndroidComposeView{d275672 VFED..... ........ 0,0-1080,2340 aid=1073741824}, caller=android.view.ViewGroup.setRequestedFrameRate:9952 fr.a:1 androidx.compose.ui.platform.AndroidComposeView.dispatchDraw:100 android.view.View.draw:26345 android.view.View.updateDisplayListIfDirty:25175 
06-02 07:19:49.697 19343 19343 I View    : setRequestedFrameRate frameRate=NaN, this=android.view.View{f822a93 V.ED..... ........ 0,0-0,0}, caller=fr.a:1 androidx.compose.ui.platform.AndroidComposeView.dispatchDraw:109 android.view.View.draw:26345 android.view.View.updateDisplayListIfDirty:25175 android.view.ViewGroup.recreateChildDisplayList:4794 
06-02 07:19:49.710 19343 19343 I View    : setRequestedFrameRate frameRate=NaN, this=androidx.compose.ui.platform.AndroidComposeView{d275672 VFED..... ........ 0,0-1080,2340 aid=1073741824}, caller=android.view.ViewGroup.setRequestedFrameRate:9952 fr.a:1 androidx.compose.ui.platform.AndroidComposeView.dispatchDraw:100 android.view.View.draw:26345 android.view.View.updateDisplayListIfDirty:25175 
