06-02 07:12:06.933 19343 19343 I View    : setRequestedFrameRate frameRate=NaN, this=android.view.View{857b6a5 V.ED..... ........ 0,0-0,0}, caller=fr.a:1 androidx.compose.ui.platform.AndroidComposeView.dispatchDraw:109 android.view.View.draw:26345 android.view.View.updateDisplayListIfDirty:25175 android.view.ViewGroup.recreateChildDisplayList:4794 
06-02 07:12:06.934  1433  1465 I GestureDetector: obtain mCurrentMotionEventRaw. action: 1 id: -266958071
06-02 07:12:06.934  1433  1465 I GestureDetector: obtain mCurrentMotionEventRaw. action: 1 id: -266958071
06-02 07:12:06.934 19343 19343 I VRI[SalesActivity]@3d480d6: ViewPostIme pointer 1
06-02 07:12:06.934 19343 19343 I GestureDetector: obtain mCurrentMotionEventRaw. action: 1 id: -266958071
06-02 07:12:06.955   870 11872 W AudioALSACaptureDataProviderNormal: readThread, latency_in_s,0.000001,0.039900,0.000052, totalTime 0.039953 > logTimeout 0.022000 TIMEOUT!!
06-02 07:12:06.981   876   876 I hwcomposer: [HWCDisplay] [Display_0 (type:1, mode:2)] fps:86.936523,dur:1000.73,max:22.93,min:9.62  
06-02 07:12:06.991   945   945 I BufferQueueProducer: [com.lotterynet.pro/com.lotterynet.pro.ui.sales.SalesActivity$_19343#2649](this:0xb40000731b10ae38,id:-1,api:0,p:-1,c:945) queueBuffer: fps=86.97 dur=1011.84 max=22.57 min=10.55
06-02 07:12:06.993 19343 19343 I View    : setRequestedFrameRate frameRate=NaN, this=androidx.compose.ui.platform.AndroidComposeView{d024ee5 VFED..... ........ 0,0-1080,2340 aid=1073741824}, caller=android.view.ViewGroup.setRequestedFrameRate:9952 fr.a:1 androidx.compose.ui.platform.AndroidComposeView.dispatchDraw:100 android.view.View.draw:26345 android.view.View.updateDisplayListIfDirty:25175 
06-02 07:12:06.994 19343 19343 I View    : setRequestedFrameRate frameRate=NaN, this=android.view.View{857b6a5 V.ED..... ........ 0,0-0,0}, caller=fr.a:1 androidx.compose.ui.platform.AndroidComposeView.dispatchDraw:109 android.view.View.draw:26345 android.view.View.updateDisplayListIfDirty:25175 android.view.ViewGroup.recreateChildDisplayList:4794 
06-02 07:12:07.080  1902  2341 D SatelliteController: isInCarrierRoamingNbIotNtn: satellite is disabled
06-02 07:12:07.086  1433  2238 D InputDispatcher: Inject motion (21481/2000): action=0x0, time=18068879000000, f=0x0, d=0 dsdx=1.000000 dtdx=0.000000
06-02 07:12:07.087  1433  1622 I InputDispatcher: Delivering touch to (1924): action: 0x4, f=0x0, d=0, '9339104', t=1 
06-02 07:12:07.087  1433  1622 I InputDispatcher: Delivering touch to (19343): action: 0x0, f=0x0, d=0, 'eac7a36', t=1 
06-02 07:12:07.087 19343 19343 I VRI[SalesActivity]@3d480d6: ViewPostIme pointer 0
06-02 07:12:07.087  1433  1465 I GestureDetector: obtain mCurrentDownEvent. id: -692192305 caller: com.android.server.wm.SystemGesturesPointerEventListener.onPointerEvent:17 com.android.server.wm.PointerEventDispatcher.onInputEvent:51 android.view.InputEventReceiver.dispatchInputEvent:392 
06-02 07:12:07.088 19343 19343 I GestureDetector: obtain mCurrentDownEvent. id: -692192305 caller: io.sentry.android.core.internal.gestures.g.a:5 io.sentry.android.core.internal.gestures.g.dispatchTouchEvent:12 com.android.internal.policy.DecorView.dispatchTouchEvent:728 
06-02 07:12:07.088  1433  1465 I GestureDetector: obtain mCurrentDownEvent. id: -692192305 caller: com.android.server.wm.SystemPerformancePointerEventListener.onPointerEvent:13 com.android.server.wm.PointerEventDispatcher.onInputEvent:51 android.view.InputEventReceiver.dispatchInputEvent:392 
06-02 07:12:07.088  3933  3933 I SemDvfsHyPerManager: acquire hyper - TATouchBoost/3933@21, type = -999
06-02 07:12:07.088  1433  2238 D InputDispatcher: Inject motion (21481/2000): action=0x1, time=18068879000000, f=0x0, d=0 dsdx=1.000000 dtdx=0.000000
06-02 07:12:07.088  3933  3933 I SemDvfsHyPerManager: acquire hyper - TaskTurbo/3933@22, type = -999
06-02 07:12:07.089  1433  1622 I InputDispatcher: Delivering touch to (19343): action: 0x1, f=0x0, d=0, 'eac7a36', t=1 
06-02 07:12:07.089   887   902 I HYPER-HAL: [RequestManager.cpp]acquire(): Acquired ID : 7819056  [3933 / 21]    HINT :      list : [TABoost / 40] [TIMEOUT / 1500] 
06-02 07:12:07.089   887   902 I HYPER-HAL: [RequestManager.cpp]acquire(): Acquired ID : 7823012  [3933 / 22]    HINT :      list : [TaskTurbo / 15] [TIMEOUT / 1500] 
06-02 07:12:07.089 19343 19343 I VRI[SalesActivity]@3d480d6: ViewPostIme pointer 1
06-02 07:12:07.089 19343 19343 I GestureDetector: obtain mCurrentMotionEventRaw. action: 1 id: -730650368
06-02 07:12:07.089  1433  1465 I GestureDetector: obtain mCurrentMotionEventRaw. action: 1 id: -730650368
06-02 07:12:07.089  1433  1465 I GestureDetector: obtain mCurrentMotionEventRaw. action: 1 id: -730650368
06-02 07:12:07.091 19343 19343 I View    : setRequestedFrameRate frameRate=NaN, this=androidx.compose.ui.platform.AndroidComposeView{d024ee5 VFED..... ........ 0,0-1080,2340 aid=1073741824}, caller=android.view.ViewGroup.setRequestedFrameRate:9952 fr.a:1 androidx.compose.ui.platform.AndroidComposeView.dispatchDraw:100 android.view.View.draw:26345 android.view.View.updateDisplayListIfDirty:25175 
06-02 07:12:07.091 19343 19343 I View    : setRequestedFrameRate frameRate=NaN, this=android.view.View{857b6a5 V.ED..... ........ 0,0-0,0}, caller=fr.a:1 androidx.compose.ui.platform.AndroidComposeView.dispatchDraw:109 android.view.View.draw:26345 android.view.View.updateDisplayListIfDirty:25175 android.view.ViewGroup.recreateChildDisplayList:4794 
06-02 07:12:07.098  1085  1474 E md_thermal: interval=40 temp: 38900 35200 35100 35300
06-02 07:12:07.149 19343 19343 I View    : setRequestedFrameRate frameRate=NaN, this=androidx.compose.ui.platform.AndroidComposeView{d024ee5 VFED..... ........ 0,0-1080,2340 aid=1073741824}, caller=android.view.ViewGroup.setRequestedFrameRate:9952 fr.a:1 androidx.compose.ui.platform.AndroidComposeView.dispatchDraw:100 android.view.View.draw:26345 android.view.View.updateDisplayListIfDirty:25175 
06-02 07:12:07.150 19343 19343 I View    : setRequestedFrameRate frameRate=NaN, this=android.view.View{857b6a5 V.ED..... ........ 0,0-0,0}, caller=fr.a:1 androidx.compose.ui.platform.AndroidComposeView.dispatchDraw:109 android.view.View.draw:26345 android.view.View.updateDisplayListIfDirty:25175 android.view.ViewGroup.recreateChildDisplayList:4794 
06-02 07:12:07.235  1433  2238 D InputDispatcher: Inject motion (21486/2000): action=0x0, time=18069028000000, f=0x0, d=0 dsdx=1.000000 dtdx=0.000000
06-02 07:12:07.236  1433  1622 I InputDispatcher: Delivering touch to (1924): action: 0x4, f=0x0, d=0, '9339104', t=1 
06-02 07:12:07.236  1433  1622 I InputDispatcher: Delivering touch to (19343): action: 0x0, f=0x0, d=0, 'eac7a36', t=1 
06-02 07:12:07.237  3933  3933 I SemDvfsHyPerManager: acquire hyper - TATouchBoost/3933@21, type = -999
06-02 07:12:07.237  1433  1465 I GestureDetector: obtain mCurrentDownEvent. id: -11226884 caller: com.android.server.wm.SystemGesturesPointerEventListener.onPointerEvent:17 com.android.server.wm.PointerEventDispatcher.onInputEvent:51 android.view.InputEventReceiver.dispatchInputEvent:392 
06-02 07:12:07.237 19343 19343 I VRI[SalesActivity]@3d480d6: ViewPostIme pointer 0
06-02 07:12:07.237  1433  1465 I GestureDetector: obtain mCurrentDownEvent. id: -11226884 caller: com.android.server.wm.SystemPerformancePointerEventListener.onPointerEvent:13 com.android.server.wm.PointerEventDispatcher.onInputEvent:51 android.view.InputEventReceiver.dispatchInputEvent:392 
06-02 07:12:07.238   887   902 I HYPER-HAL: [RequestManager.cpp]acquire(): Acquired ID : 7819056  [3933 / 21]    HINT :      list : [TABoost / 40] [TIMEOUT / 1500] 
06-02 07:12:07.238 19343 19343 I GestureDetector: obtain mCurrentDownEvent. id: -11226884 caller: io.sentry.android.core.internal.gestures.g.a:5 io.sentry.android.core.internal.gestures.g.dispatchTouchEvent:12 com.android.internal.policy.DecorView.dispatchTouchEvent:728 
06-02 07:12:07.238  3933  3933 I SemDvfsHyPerManager: acquire hyper - TaskTurbo/3933@22, type = -999
06-02 07:12:07.238   887   902 I HYPER-HAL: [RequestManager.cpp]acquire(): Acquired ID : 7823012  [3933 / 22]    HINT :      list : [TaskTurbo / 15] [TIMEOUT / 1500] 
06-02 07:12:07.239  1433  2238 D InputDispatcher: Inject motion (21486/2000): action=0x1, time=18069028000000, f=0x0, d=0 dsdx=1.000000 dtdx=0.000000
06-02 07:12:07.239  1433  1622 I InputDispatcher: Delivering touch to (19343): action: 0x1, f=0x0, d=0, 'eac7a36', t=1 
06-02 07:12:07.240  1433  1465 I GestureDetector: obtain mCurrentMotionEventRaw. action: 1 id: -618062688
06-02 07:12:07.240 19343 19343 I VRI[SalesActivity]@3d480d6: ViewPostIme pointer 1
06-02 07:12:07.240 19343 19343 I GestureDetector: obtain mCurrentMotionEventRaw. action: 1 id: -618062688
06-02 07:12:07.240  1433  1465 I GestureDetector: obtain mCurrentMotionEventRaw. action: 1 id: -618062688
06-02 07:12:07.248 19343 19343 I View    : setRequestedFrameRate frameRate=NaN, this=androidx.compose.ui.platform.AndroidComposeView{d024ee5 VFED..... ........ 0,0-1080,2340 aid=1073741824}, caller=android.view.ViewGroup.setRequestedFrameRate:9952 fr.a:1 androidx.compose.ui.platform.AndroidComposeView.dispatchDraw:100 android.view.View.draw:26345 android.view.View.updateDisplayListIfDirty:25175 
06-02 07:12:07.248 19343 19343 I View    : setRequestedFrameRate frameRate=NaN, this=android.view.View{857b6a5 V.ED..... ........ 0,0-0,0}, caller=fr.a:1 androidx.compose.ui.platform.AndroidComposeView.dispatchDraw:109 android.view.View.draw:26345 android.view.View.updateDisplayListIfDirty:25175 android.view.ViewGroup.recreateChildDisplayList:4794 
06-02 07:12:07.294 19343 19343 I View    : setRequestedFrameRate frameRate=NaN, this=androidx.compose.ui.platform.AndroidComposeView{d024ee5 VFED..... ........ 0,0-1080,2340 aid=1073741824}, caller=android.view.ViewGroup.setRequestedFrameRate:9952 fr.a:1 androidx.compose.ui.platform.AndroidComposeView.dispatchDraw:100 android.view.View.draw:26345 android.view.View.updateDisplayListIfDirty:25175 
06-02 07:12:07.294  1090  1090 D data_transfer: waitConnection: socketFd=6
06-02 07:12:07.294  1090  1090 D data_transfer: clientlisten thread is running
06-02 07:12:07.294  1090  1090 D data_transfer: waitConnection: wait clientfd=-1
06-02 07:12:07.295 19343 19343 I View    : setRequestedFrameRate frameRate=NaN, this=android.view.View{857b6a5 V.ED..... ........ 0,0-0,0}, caller=fr.a:1 androidx.compose.ui.platform.AndroidComposeView.dispatchDraw:109 android.view.View.draw:26345 android.view.View.updateDisplayListIfDirty:25175 android.view.ViewGroup.recreateChildDisplayList:4794 
06-02 07:12:07.310  2560 21393 D ConnectivityManager: StackLog: [android.net.ConnectivityManager.reportNetworkConnectivity(ConnectivityManager.java:3687)] [cdcv.a(:com.google.android.gms@261934035@26.19.34 (260400-919740205):15)] [cdfb.n(:com.google.android.gms@261934035@26.19.34 (260400-919740205):6)] [cdep.run(:com.google.android.gms@261934035@26.19.34 (260400-919740205):501)] [cdfm.run(:com.google.android.gms@261934035@26.19.34 (260400-919740205):5)] [hcpo.run(:com.google.android.gms@261934035@26.19.34 (260400-919740205):23)] [bklb.c(:com.google.android.gms@261934035@26.19.34 (260400-919740205):50)] [bklb.run(:com.google.android.gms@261934035@26.19.34 (260400-919740205):66)] [java.util.concurrent.ThreadPoolExecutor.runWorker(ThreadPoolExecutor.java:1154)] [java.util.concurrent.ThreadPoolExecutor$Worker.run(ThreadPoolExecutor.java:652)] [bkqs.run(:com.google.android.gms@261934035@26.19.34 (260400-919740205):8)] [java.lang.Thread.run(Thread.java:1564)]
06-02 07:12:07.317  2560 21393 I AlarmManager: setExactAndAllowWhileIdle [name: GCM_HB_ALARM type: 2 triggerAtMillis: 18912607]
06-02 07:12:07.318  1433  2238 D AlarmManager: force change alarm method to setWindow() callingUid=10217, sourcePackage=com.google.android.gms, action=com.google.android.gms.gcm.HEARTBEAT_ALARM, origTriggerAtTime=18912607, triggerAtTime=18552608, windowLength=359999
06-02 07:12:07.331  2560 21368 W ChimeraUtils: Module com.google.android.gms.gcm missing resource null(0)
06-02 07:12:07.340  2560 21368 I AlarmManager: setExactAndAllowWhileIdle [name: FcmRetry type: 2 triggerAtMillis: 18312628]
06-02 07:12:07.341  2560 21355 I AlarmManager: setExactAndAllowWhileIdle [name: GCM_HB_ALARM type: 2 triggerAtMillis: 18912631]
06-02 07:12:07.341  1433  2192 D AlarmManager: force change alarm method to setWindow() callingUid=10217, sourcePackage=com.google.android.gms, action=com.google.android.gms.gcm.HEARTBEAT_ALARM, origTriggerAtTime=18912631, triggerAtTime=18552631, windowLength=360000
06-02 07:12:07.348   925 16439 V APM_AudioPolicyManager: setAppState(portId:200, state:1)
06-02 07:12:07.356  1433  1780 D BackgroundInstallControlService: Package event received: 0
06-02 07:12:07.362 20936 21491 I FirebaseMessaging: FirebaseApp has not being initialized. Device might be in direct boot mode. Skip exporting delivery metrics to Big Query
06-02 07:12:07.362 20936 21491 I SmpLog  : [SMP] message received : general
06-02 07:12:07.363 20936 21491 I SmpLog  : [SMP] reqId is empty. do not send ack
06-02 07:12:07.364   925 16439 V APM_AudioPolicyManager: setAppState(portId:200, state:1)
06-02 07:12:07.366   925 16439 V APM_AudioPolicyManager: setAppState(portId:200, state:1)
06-02 07:12:07.379   925 16439 V APM_AudioPolicyManager: setAppState(portId:200, state:1)
06-02 07:12:07.423  1433  2192 D InputDispatcher: Inject motion (21494/2000): action=0x0, time=18069216000000, f=0x0, d=0 dsdx=1.000000 dtdx=0.000000
06-02 07:12:07.424  1433  1622 I InputDispatcher: Delivering touch to (1924): action: 0x4, f=0x0, d=0, '9339104', t=1 
06-02 07:12:07.424  1433  1622 I InputDispatcher: Delivering touch to (19343): action: 0x0, f=0x0, d=0, 'eac7a36', t=1 
06-02 07:12:07.424  1433  1465 I GestureDetector: obtain mCurrentDownEvent. id: -981094967 caller: com.android.server.wm.SystemGesturesPointerEventListener.onPointerEvent:17 com.android.server.wm.PointerEventDispatcher.onInputEvent:51 android.view.InputEventReceiver.dispatchInputEvent:392 
06-02 07:12:07.425  1433  1465 I GestureDetector: obtain mCurrentDownEvent. id: -981094967 caller: com.android.server.wm.SystemPerformancePointerEventListener.onPointerEvent:13 com.android.server.wm.PointerEventDispatcher.onInputEvent:51 android.view.InputEventReceiver.dispatchInputEvent:392 
06-02 07:12:07.425 19343 19343 I VRI[SalesActivity]@3d480d6: ViewPostIme pointer 0
06-02 07:12:07.425 19343 19343 I GestureDetector: obtain mCurrentDownEvent. id: -981094967 caller: io.sentry.android.core.internal.gestures.g.a:5 io.sentry.android.core.internal.gestures.g.dispatchTouchEvent:12 com.android.internal.policy.DecorView.dispatchTouchEvent:728 
06-02 07:12:07.425  3933  3933 I SemDvfsHyPerManager: acquire hyper - TATouchBoost/3933@21, type = -999
06-02 07:12:07.426   887   902 I HYPER-HAL: [RequestManager.cpp]acquire(): Acquired ID : 7819056  [3933 / 21]    HINT :      list : [TABoost / 40] [TIMEOUT / 1500] 
06-02 07:12:07.426  1433  2192 D InputDispatcher: Inject motion (21494/2000): action=0x1, time=18069216000000, f=0x0, d=0 dsdx=1.000000 dtdx=0.000000
06-02 07:12:07.426  3933  3933 I SemDvfsHyPerManager: acquire hyper - TaskTurbo/3933@22, type = -999
06-02 07:12:07.426  1433  1622 I InputDispatcher: Delivering touch to (19343): action: 0x1, f=0x0, d=0, 'eac7a36', t=1 
06-02 07:12:07.426   887   902 I HYPER-HAL: [RequestManager.cpp]acquire(): Acquired ID : 7823012  [3933 / 22]    HINT :      list : [TaskTurbo / 15] [TIMEOUT / 1500] 
06-02 07:12:07.427  1433  1465 I GestureDetector: obtain mCurrentMotionEventRaw. action: 1 id: -202288083
06-02 07:12:07.427  1433  1465 I GestureDetector: obtain mCurrentMotionEventRaw. action: 1 id: -202288083
06-02 07:12:07.428 19343 19343 I View    : setRequestedFrameRate frameRate=NaN, this=androidx.compose.ui.platform.AndroidComposeView{d024ee5 VFED..... ........ 0,0-1080,2340 aid=1073741824}, caller=android.view.ViewGroup.setRequestedFrameRate:9952 fr.a:1 androidx.compose.ui.platform.AndroidComposeView.dispatchDraw:100 android.view.View.draw:26345 android.view.View.updateDisplayListIfDirty:25175 
06-02 07:12:07.428 19343 19343 I View    : setRequestedFrameRate frameRate=NaN, this=android.view.View{857b6a5 V.ED..... ........ 0,0-0,0}, caller=fr.a:1 androidx.compose.ui.platform.AndroidComposeView.dispatchDraw:109 android.view.View.draw:26345 android.view.View.updateDisplayListIfDirty:25175 android.view.ViewGroup.recreateChildDisplayList:4794 
06-02 07:12:07.429 19343 19343 I VRI[SalesActivity]@3d480d6: ViewPostIme pointer 1
06-02 07:12:07.429 19343 19343 I GestureDetector: obtain mCurrentMotionEventRaw. action: 1 id: -202288083
06-02 07:12:07.437 19343 19343 I View    : setRequestedFrameRate frameRate=NaN, this=androidx.compose.ui.platform.AndroidComposeView{d024ee5 VFED..... ........ 0,0-1080,2340 aid=1073741824}, caller=android.view.ViewGroup.setRequestedFrameRate:9952 fr.a:1 androidx.compose.ui.platform.AndroidComposeView.dispatchDraw:100 android.view.View.draw:26345 android.view.View.updateDisplayListIfDirty:25175 
06-02 07:12:07.437 19343 19343 I View    : setRequestedFrameRate frameRate=NaN, this=android.view.View{857b6a5 V.ED..... ........ 0,0-0,0}, caller=fr.a:1 androidx.compose.ui.platform.AndroidComposeView.dispatchDraw:109 android.view.View.draw:26345 android.view.View.updateDisplayListIfDirty:25175 android.view.ViewGroup.recreateChildDisplayList:4794 
06-02 07:12:07.555  1433  2192 D InputDispatcher: Inject motion (21499/2000): action=0x0, time=18069348000000, f=0x0, d=0 dsdx=1.000000 dtdx=0.000000
06-02 07:12:07.555  1433  1622 I InputDispatcher: Delivering touch to (1924): action: 0x4, f=0x0, d=0, '9339104', t=1 
06-02 07:12:07.555  1433  1622 I InputDispatcher: Delivering touch to (19343): action: 0x0, f=0x0, d=0, 'eac7a36', t=1 
06-02 07:12:07.556  1433  1465 I GestureDetector: obtain mCurrentDownEvent. id: -909677739 caller: com.android.server.wm.SystemGesturesPointerEventListener.onPointerEvent:17 com.android.server.wm.PointerEventDispatcher.onInputEvent:51 android.view.InputEventReceiver.dispatchInputEvent:392 
06-02 07:12:07.556 19343 19343 I VRI[SalesActivity]@3d480d6: ViewPostIme pointer 0
06-02 07:12:07.556 19343 19343 I GestureDetector: obtain mCurrentDownEvent. id: -909677739 caller: io.sentry.android.core.internal.gestures.g.a:5 io.sentry.android.core.internal.gestures.g.dispatchTouchEvent:12 com.android.internal.policy.DecorView.dispatchTouchEvent:728 
06-02 07:12:07.557  1433  1465 I GestureDetector: obtain mCurrentDownEvent. id: -909677739 caller: com.android.server.wm.SystemPerformancePointerEventListener.onPointerEvent:13 com.android.server.wm.PointerEventDispatcher.onInputEvent:51 android.view.InputEventReceiver.dispatchInputEvent:392 
06-02 07:12:07.557  1433  2192 D InputDispatcher: Inject motion (21499/2000): action=0x1, time=18069348000000, f=0x0, d=0 dsdx=1.000000 dtdx=0.000000
06-02 07:12:07.557  3933  3933 I SemDvfsHyPerManager: acquire hyper - TATouchBoost/3933@21, type = -999
06-02 07:12:07.558  3933  3933 I SemDvfsHyPerManager: acquire hyper - TaskTurbo/3933@22, type = -999
06-02 07:12:07.558  1433  1622 I InputDispatcher: Delivering touch to (19343): action: 0x1, f=0x0, d=0, 'eac7a36', t=1 
06-02 07:12:07.558   887   902 I HYPER-HAL: [RequestManager.cpp]acquire(): Acquired ID : 7819056  [3933 / 21]    HINT :      list : [TABoost / 40] [TIMEOUT / 1500] 
06-02 07:12:07.558 19343 19343 I View    : setRequestedFrameRate frameRate=NaN, this=androidx.compose.ui.platform.AndroidComposeView{d024ee5 VFED..... ........ 0,0-1080,2340 aid=1073741824}, caller=android.view.ViewGroup.setRequestedFrameRate:9952 fr.a:1 androidx.compose.ui.platform.AndroidComposeView.dispatchDraw:100 android.view.View.draw:26345 android.view.View.updateDisplayListIfDirty:25175 
06-02 07:12:07.558  1433  1465 I GestureDetector: obtain mCurrentMotionEventRaw. action: 1 id: -743911720
06-02 07:12:07.558 19343 19343 I View    : setRequestedFrameRate frameRate=NaN, this=android.view.View{857b6a5 V.ED..... ........ 0,0-0,0}, caller=fr.a:1 androidx.compose.ui.platform.AndroidComposeView.dispatchDraw:109 android.view.View.draw:26345 android.view.View.updateDisplayListIfDirty:25175 android.view.ViewGroup.recreateChildDisplayList:4794 
06-02 07:12:07.558  1433  1465 I GestureDetector: obtain mCurrentMotionEventRaw. action: 1 id: -743911720
06-02 07:12:07.559   887   902 I HYPER-HAL: [RequestManager.cpp]acquire(): Acquired ID : 7823012  [3933 / 22]    HINT :      list : [TaskTurbo / 15] [TIMEOUT / 1500] 
06-02 07:12:07.559 19343 19343 I VRI[SalesActivity]@3d480d6: ViewPostIme pointer 1
06-02 07:12:07.559 19343 19343 I GestureDetector: obtain mCurrentMotionEventRaw. action: 1 id: -743911720
06-02 07:12:07.616 19343 19343 I View    : setRequestedFrameRate frameRate=NaN, this=androidx.compose.ui.platform.AndroidComposeView{d024ee5 VFED..... ........ 0,0-1080,2340 aid=1073741824}, caller=android.view.ViewGroup.setRequestedFrameRate:9952 fr.a:1 androidx.compose.ui.platform.AndroidComposeView.dispatchDraw:100 android.view.View.draw:26345 android.view.View.updateDisplayListIfDirty:25175 
06-02 07:12:07.617 19343 19343 I View    : setRequestedFrameRate frameRate=NaN, this=android.view.View{857b6a5 V.ED..... ........ 0,0-0,0}, caller=fr.a:1 androidx.compose.ui.platform.AndroidComposeView.dispatchDraw:109 android.view.View.draw:26345 android.view.View.updateDisplayListIfDirty:25175 android.view.ViewGroup.recreateChildDisplayList:4794 
06-02 07:12:07.688  1433  2192 D InputDispatcher: Inject motion (21504/2000): action=0x0, time=18069481000000, f=0x0, d=0 dsdx=1.000000 dtdx=0.000000
06-02 07:12:07.688  1433  1622 I InputDispatcher: Delivering touch to (1924): action: 0x4, f=0x0, d=0, '9339104', t=1 
06-02 07:12:07.688  1433  1622 I InputDispatcher: Delivering touch to (19343): action: 0x0, f=0x0, d=0, 'eac7a36', t=1 
06-02 07:12:07.689  1433  1465 I GestureDetector: obtain mCurrentDownEvent. id: -445513557 caller: com.android.server.wm.SystemGesturesPointerEventListener.onPointerEvent:17 com.android.server.wm.PointerEventDispatcher.onInputEvent:51 android.view.InputEventReceiver.dispatchInputEvent:392 
06-02 07:12:07.689  1433  1465 I GestureDetector: obtain mCurrentDownEvent. id: -445513557 caller: com.android.server.wm.SystemPerformancePointerEventListener.onPointerEvent:13 com.android.server.wm.PointerEventDispatcher.onInputEvent:51 android.view.InputEventReceiver.dispatchInputEvent:392 
06-02 07:12:07.689 19343 19343 I VRI[SalesActivity]@3d480d6: ViewPostIme pointer 0
06-02 07:12:07.690 19343 19343 I GestureDetector: obtain mCurrentDownEvent. id: -445513557 caller: io.sentry.android.core.internal.gestures.g.a:5 io.sentry.android.core.internal.gestures.g.dispatchTouchEvent:12 com.android.internal.policy.DecorView.dispatchTouchEvent:728 
06-02 07:12:07.690  3933  3933 I SemDvfsHyPerManager: acquire hyper - TATouchBoost/3933@21, type = -999
06-02 07:12:07.690  3933  3933 I SemDvfsHyPerManager: acquire hyper - TaskTurbo/3933@22, type = -999
06-02 07:12:07.690   887   902 I HYPER-HAL: [RequestManager.cpp]acquire(): Acquired ID : 7819056  [3933 / 21]    HINT :      list : [TABoost / 40] [TIMEOUT / 1500] 
06-02 07:12:07.690   887   902 I HYPER-HAL: [RequestManager.cpp]acquire(): Acquired ID : 7823012  [3933 / 22]    HINT :      list : [TaskTurbo / 15] [TIMEOUT / 1500] 
06-02 07:12:07.691  1433  2192 D InputDispatcher: Inject motion (21504/2000): action=0x1, time=18069481000000, f=0x0, d=0 dsdx=1.000000 dtdx=0.000000
06-02 07:12:07.691  1433  1622 I InputDispatcher: Delivering touch to (19343): action: 0x1, f=0x0, d=0, 'eac7a36', t=1 
06-02 07:12:07.691  1433  1465 I GestureDetector: obtain mCurrentMotionEventRaw. action: 1 id: -433780747
06-02 07:12:07.691  1433  1465 I GestureDetector: obtain mCurrentMotionEventRaw. action: 1 id: -433780747
06-02 07:12:07.692 19343 19343 I View    : setRequestedFrameRate frameRate=NaN, this=androidx.compose.ui.platform.AndroidComposeView{d024ee5 VFED..... ........ 0,0-1080,2340 aid=1073741824}, caller=android.view.ViewGroup.setRequestedFrameRate:9952 fr.a:1 androidx.compose.ui.platform.AndroidComposeView.dispatchDraw:100 android.view.View.draw:26345 android.view.View.updateDisplayListIfDirty:25175 
06-02 07:12:07.692 19343 19343 I View    : setRequestedFrameRate frameRate=NaN, this=android.view.View{857b6a5 V.ED..... ........ 0,0-0,0}, caller=fr.a:1 androidx.compose.ui.platform.AndroidComposeView.dispatchDraw:109 android.view.View.draw:26345 android.view.View.updateDisplayListIfDirty:25175 android.view.ViewGroup.recreateChildDisplayList:4794 
06-02 07:12:07.692 19343 19343 I VRI[SalesActivity]@3d480d6: ViewPostIme pointer 1
06-02 07:12:07.692 19343 19343 I GestureDetector: obtain mCurrentMotionEventRaw. action: 1 id: -433780747
06-02 07:12:07.740   637   637 D io_stats: !@   8,32 r 10658581 142057820 w 892148 6376032 d 100153 3933756 f 35017 57296 iot 2639208 0 th 0 0 0 pt 0 inp 0 0 18069.533
06-02 07:12:07.749 19343 19343 I View    : setRequestedFrameRate frameRate=NaN, this=androidx.compose.ui.platform.AndroidComposeView{d024ee5 VFED..... ........ 0,0-1080,2340 aid=1073741824}, caller=android.view.ViewGroup.setRequestedFrameRate:9952 fr.a:1 androidx.compose.ui.platform.AndroidComposeView.dispatchDraw:100 android.view.View.draw:26345 android.view.View.updateDisplayListIfDirty:25175 
06-02 07:12:07.749 19343 19343 I View    : setRequestedFrameRate frameRate=NaN, this=android.view.View{857b6a5 V.ED..... ........ 0,0-0,0}, caller=fr.a:1 androidx.compose.ui.platform.AndroidComposeView.dispatchDraw:109 android.view.View.draw:26345 android.view.View.updateDisplayListIfDirty:25175 android.view.ViewGroup.recreateChildDisplayList:4794 
06-02 07:12:07.830  1433  2192 D InputDispatcher: Inject motion (21509/2000): action=0x0, time=18069623000000, f=0x0, d=0 dsdx=1.000000 dtdx=0.000000
06-02 07:12:07.831  1433  1622 I InputDispatcher: Delivering touch to (1924): action: 0x4, f=0x0, d=0, '9339104', t=1 
06-02 07:12:07.831  1433  1622 I InputDispatcher: Delivering touch to (19343): action: 0x0, f=0x0, d=0, 'eac7a36', t=1 
06-02 07:12:07.831 19343 19343 I VRI[SalesActivity]@3d480d6: ViewPostIme pointer 0
06-02 07:12:07.831  1433  1465 I GestureDetector: obtain mCurrentDownEvent. id: -265192091 caller: com.android.server.wm.SystemGesturesPointerEventListener.onPointerEvent:17 com.android.server.wm.PointerEventDispatcher.onInputEvent:51 android.view.InputEventReceiver.dispatchInputEvent:392 
06-02 07:12:07.832 19343 19343 I GestureDetector: obtain mCurrentDownEvent. id: -265192091 caller: io.sentry.android.core.internal.gestures.g.a:5 io.sentry.android.core.internal.gestures.g.dispatchTouchEvent:12 com.android.internal.policy.DecorView.dispatchTouchEvent:728 
06-02 07:12:07.832  1433  1465 I GestureDetector: obtain mCurrentDownEvent. id: -265192091 caller: com.android.server.wm.SystemPerformancePointerEventListener.onPointerEvent:13 com.android.server.wm.PointerEventDispatcher.onInputEvent:51 android.view.InputEventReceiver.dispatchInputEvent:392 
06-02 07:12:07.832  3933  3933 I SemDvfsHyPerManager: acquire hyper - TATouchBoost/3933@21, type = -999
06-02 07:12:07.833  1433  2192 D InputDispatcher: Inject motion (21509/2000): action=0x1, time=18069623000000, f=0x0, d=0 dsdx=1.000000 dtdx=0.000000
06-02 07:12:07.833   887   902 I HYPER-HAL: [RequestManager.cpp]acquire(): Acquired ID : 7819056  [3933 / 21]    HINT :      list : [TABoost / 40] [TIMEOUT / 1500] 
06-02 07:12:07.833  3933  3933 I SemDvfsHyPerManager: acquire hyper - TaskTurbo/3933@22, type = -999
06-02 07:12:07.834   887   902 I HYPER-HAL: [RequestManager.cpp]acquire(): Acquired ID : 7823012  [3933 / 22]    HINT :      list : [TaskTurbo / 15] [TIMEOUT / 1500] 
06-02 07:12:07.834  1433  1622 I InputDispatcher: Delivering touch to (19343): action: 0x1, f=0x0, d=0, 'eac7a36', t=1 
06-02 07:12:07.834 19343 19343 I VRI[SalesActivity]@3d480d6: ViewPostIme pointer 1
06-02 07:12:07.834 19343 19343 I GestureDetector: obtain mCurrentMotionEventRaw. action: 1 id: -238844382
06-02 07:12:07.834  1433  1465 I GestureDetector: obtain mCurrentMotionEventRaw. action: 1 id: -238844382
06-02 07:12:07.834  1433  1465 I GestureDetector: obtain mCurrentMotionEventRaw. action: 1 id: -238844382
06-02 07:12:07.836 19343 19343 I View    : setRequestedFrameRate frameRate=NaN, this=androidx.compose.ui.platform.AndroidComposeView{d024ee5 VFED..... ........ 0,0-1080,2340 aid=1073741824}, caller=android.view.ViewGroup.setRequestedFrameRate:9952 fr.a:1 androidx.compose.ui.platform.AndroidComposeView.dispatchDraw:100 android.view.View.draw:26345 android.view.View.updateDisplayListIfDirty:25175 
06-02 07:12:07.836 19343 19343 I View    : setRequestedFrameRate frameRate=NaN, this=android.view.View{857b6a5 V.ED..... ........ 0,0-0,0}, caller=fr.a:1 androidx.compose.ui.platform.AndroidComposeView.dispatchDraw:109 android.view.View.draw:26345 android.view.View.updateDisplayListIfDirty:25175 android.view.ViewGroup.recreateChildDisplayList:4794 
06-02 07:12:07.894 19343 19343 I View    : setRequestedFrameRate frameRate=NaN, this=androidx.compose.ui.platform.AndroidComposeView{d024ee5 VFED..... ........ 0,0-1080,2340 aid=1073741824}, caller=android.view.ViewGroup.setRequestedFrameRate:9952 fr.a:1 androidx.compose.ui.platform.AndroidComposeView.dispatchDraw:100 android.view.View.draw:26345 android.view.View.updateDisplayListIfDirty:25175 
06-02 07:12:07.894 19343 19343 I View    : setRequestedFrameRate frameRate=NaN, this=android.view.View{857b6a5 V.ED..... ........ 0,0-0,0}, caller=fr.a:1 androidx.compose.ui.platform.AndroidComposeView.dispatchDraw:109 android.view.View.draw:26345 android.view.View.updateDisplayListIfDirty:25175 android.view.ViewGroup.recreateChildDisplayList:4794 
06-02 07:12:07.942 19343 19343 I View    : setRequestedFrameRate frameRate=NaN, this=androidx.compose.ui.platform.AndroidComposeView{d024ee5 VFED..... ........ 0,0-1080,2340 aid=1073741824}, caller=android.view.ViewGroup.setRequestedFrameRate:9952 fr.a:1 androidx.compose.ui.platform.AndroidComposeView.dispatchDraw:100 android.view.View.draw:26345 android.view.View.updateDisplayListIfDirty:25175 
06-02 07:12:07.942 19343 19343 I View    : setRequestedFrameRate frameRate=NaN, this=android.view.View{857b6a5 V.ED..... ........ 0,0-0,0}, caller=fr.a:1 androidx.compose.ui.platform.AndroidComposeView.dispatchDraw:109 android.view.View.draw:26345 android.view.View.updateDisplayListIfDirty:25175 android.view.ViewGroup.recreateChildDisplayList:4794 
06-02 07:12:07.954  1433  2192 D InputDispatcher: Inject motion (21514/2000): action=0x0, time=18069747000000, f=0x0, d=0 dsdx=1.000000 dtdx=0.000000
06-02 07:12:07.954  1433  1622 I InputDispatcher: Delivering touch to (1924): action: 0x4, f=0x0, d=0, '9339104', t=1 
06-02 07:12:07.954  1433  1622 I InputDispatcher: Delivering touch to (19343): action: 0x0, f=0x0, d=0, 'eac7a36', t=1 
06-02 07:12:07.954  1433  1622 D PowerManagerService: [api] userActivityFromNative : touch displayId=0 eventTime=18069747
06-02 07:12:07.955  1433  1465 I GestureDetector: obtain mCurrentDownEvent. id: -277272887 caller: com.android.server.wm.SystemGesturesPointerEventListener.onPointerEvent:17 com.android.server.wm.PointerEventDispatcher.onInputEvent:51 android.view.InputEventReceiver.dispatchInputEvent:392 
06-02 07:12:07.955  1433  1465 I GestureDetector: obtain mCurrentDownEvent. id: -277272887 caller: com.android.server.wm.SystemPerformancePointerEventListener.onPointerEvent:13 com.android.server.wm.PointerEventDispatcher.onInputEvent:51 android.view.InputEventReceiver.dispatchInputEvent:392 
06-02 07:12:07.955 19343 19343 I VRI[SalesActivity]@3d480d6: ViewPostIme pointer 0
06-02 07:12:07.955  3933  3933 I SemDvfsHyPerManager: acquire hyper - TATouchBoost/3933@21, type = -999
06-02 07:12:07.955 19343 19343 I GestureDetector: obtain mCurrentDownEvent. id: -277272887 caller: io.sentry.android.core.internal.gestures.g.a:5 io.sentry.android.core.internal.gestures.g.dispatchTouchEvent:12 com.android.internal.policy.DecorView.dispatchTouchEvent:728 
06-02 07:12:07.956  3933  3933 I SemDvfsHyPerManager: acquire hyper - TaskTurbo/3933@22, type = -999
06-02 07:12:07.956   887   902 I HYPER-HAL: [RequestManager.cpp]acquire(): Acquired ID : 7819056  [3933 / 21]    HINT :      list : [TABoost / 40] [TIMEOUT / 1500] 
06-02 07:12:07.957  1433  2192 D InputDispatcher: Inject motion (21514/2000): action=0x1, time=18069747000000, f=0x0, d=0 dsdx=1.000000 dtdx=0.000000
06-02 07:12:07.957   887   902 I HYPER-HAL: [RequestManager.cpp]acquire(): Acquired ID : 7823012  [3933 / 22]    HINT :      list : [TaskTurbo / 15] [TIMEOUT / 1500] 
06-02 07:12:07.957  1433  1622 I InputDispatcher: Delivering touch to (19343): action: 0x1, f=0x0, d=0, 'eac7a36', t=1 
06-02 07:12:07.957 19343 19343 I View    : setRequestedFrameRate frameRate=NaN, this=androidx.compose.ui.platform.AndroidComposeView{d024ee5 VFED..... ........ 0,0-1080,2340 aid=1073741824}, caller=android.view.ViewGroup.setRequestedFrameRate:9952 fr.a:1 androidx.compose.ui.platform.AndroidComposeView.dispatchDraw:100 android.view.View.draw:26345 android.view.View.updateDisplayListIfDirty:25175 
06-02 07:12:07.957 19343 19343 I View    : setRequestedFrameRate frameRate=NaN, this=android.view.View{857b6a5 V.ED..... ........ 0,0-0,0}, caller=fr.a:1 androidx.compose.ui.platform.AndroidComposeView.dispatchDraw:109 android.view.View.draw:26345 android.view.View.updateDisplayListIfDirty:25175 android.view.ViewGroup.recreateChildDisplayList:4794 
06-02 07:12:07.958  1433  1465 I GestureDetector: obtain mCurrentMotionEventRaw. action: 1 id: -937956397
06-02 07:12:07.958 19343 19343 I VRI[SalesActivity]@3d480d6: ViewPostIme pointer 1
06-02 07:12:07.958 19343 19343 I GestureDetector: obtain mCurrentMotionEventRaw. action: 1 id: -937956397
06-02 07:12:07.958  1433  1465 I GestureDetector: obtain mCurrentMotionEventRaw. action: 1 id: -937956397
06-02 07:12:07.984   876   876 I hwcomposer: [HWCDisplay] [Display_0 (type:1, mode:2)] fps:88.752090,dur:1002.79,max:21.81,min:8.49  
06-02 07:12:08.002   945   945 I BufferQueueProducer: [com.lotterynet.pro/com.lotterynet.pro.ui.sales.SalesActivity$_19343#2649](this:0xb40000731b10ae38,id:-1,api:0,p:-1,c:945) queueBuffer: fps=89.05 dur=1010.67 max=21.79 min=9.99
06-02 07:12:08.015 19343 19343 I View    : setRequestedFrameRate frameRate=NaN, this=androidx.compose.ui.platform.AndroidComposeView{d024ee5 VFED..... ........ 0,0-1080,2340 aid=1073741824}, caller=android.view.ViewGroup.setRequestedFrameRate:9952 fr.a:1 androidx.compose.ui.platform.AndroidComposeView.dispatchDraw:100 android.view.View.draw:26345 android.view.View.updateDisplayListIfDirty:25175 
06-02 07:12:08.016 19343 19343 I View    : setRequestedFrameRate frameRate=NaN, this=android.view.View{857b6a5 V.ED..... ........ 0,0-0,0}, caller=fr.a:1 androidx.compose.ui.platform.AndroidComposeView.dispatchDraw:109 android.view.View.draw:26345 android.view.View.updateDisplayListIfDirty:25175 android.view.ViewGroup.recreateChildDisplayList:4794 
06-02 07:12:08.092  1433  2192 D InputDispatcher: Inject motion (21519/2000): action=0x0, time=18069885000000, f=0x0, d=0 dsdx=1.000000 dtdx=0.000000
06-02 07:12:08.092  1433  1622 I InputDispatcher: Delivering touch to (1924): action: 0x4, f=0x0, d=0, '9339104', t=1 
06-02 07:12:08.092  1433  1622 I InputDispatcher: Delivering touch to (19343): action: 0x0, f=0x0, d=0, 'eac7a36', t=1 
06-02 07:12:08.093 19343 19343 I VRI[SalesActivity]@3d480d6: ViewPostIme pointer 0
06-02 07:12:08.093 19343 19343 I GestureDetector: obtain mCurrentDownEvent. id: -864983147 caller: io.sentry.android.core.internal.gestures.g.a:5 io.sentry.android.core.internal.gestures.g.dispatchTouchEvent:12 com.android.internal.policy.DecorView.dispatchTouchEvent:728 
06-02 07:12:08.093  3933  3933 I SemDvfsHyPerManager: acquire hyper - TATouchBoost/3933@21, type = -999
06-02 07:12:08.094  1433  1465 I GestureDetector: obtain mCurrentDownEvent. id: -864983147 caller: com.android.server.wm.SystemGesturesPointerEventListener.onPointerEvent:17 com.android.server.wm.PointerEventDispatcher.onInputEvent:51 android.view.InputEventReceiver.dispatchInputEvent:392 
06-02 07:12:08.094  1433  1465 I GestureDetector: obtain mCurrentDownEvent. id: -864983147 caller: com.android.server.wm.SystemPerformancePointerEventListener.onPointerEvent:13 com.android.server.wm.PointerEventDispatcher.onInputEvent:51 android.view.InputEventReceiver.dispatchInputEvent:392 
06-02 07:12:08.094  3933  3933 I SemDvfsHyPerManager: acquire hyper - TaskTurbo/3933@22, type = -999
06-02 07:12:08.094   887   902 I HYPER-HAL: [RequestManager.cpp]acquire(): Acquired ID : 7819056  [3933 / 21]    HINT :      list : [TABoost / 40] [TIMEOUT / 1500] 
06-02 07:12:08.095   887   902 I HYPER-HAL: [RequestManager.cpp]acquire(): Acquired ID : 7823012  [3933 / 22]    HINT :      list : [TaskTurbo / 15] [TIMEOUT / 1500] 
06-02 07:12:08.095  1433  2192 D InputDispatcher: Inject motion (21519/2000): action=0x1, time=18069885000000, f=0x0, d=0 dsdx=1.000000 dtdx=0.000000
06-02 07:12:08.096  1433  1622 I InputDispatcher: Delivering touch to (19343): action: 0x1, f=0x0, d=0, 'eac7a36', t=1 
06-02 07:12:08.096  1433  1465 I GestureDetector: obtain mCurrentMotionEventRaw. action: 1 id: -862573214
06-02 07:12:08.096 19343 19343 I VRI[SalesActivity]@3d480d6: ViewPostIme pointer 1
06-02 07:12:08.096 19343 19343 I GestureDetector: obtain mCurrentMotionEventRaw. action: 1 id: -862573214
06-02 07:12:08.096  1433  1465 I GestureDetector: obtain mCurrentMotionEventRaw. action: 1 id: -862573214
06-02 07:12:08.102 19343 19343 I View    : setRequestedFrameRate frameRate=NaN, this=androidx.compose.ui.platform.AndroidComposeView{d024ee5 VFED..... ........ 0,0-1080,2340 aid=1073741824}, caller=android.view.ViewGroup.setRequestedFrameRate:9952 fr.a:1 androidx.compose.ui.platform.AndroidComposeView.dispatchDraw:100 android.view.View.draw:26345 android.view.View.updateDisplayListIfDirty:25175 
06-02 07:12:08.102 19343 19343 I View    : setRequestedFrameRate frameRate=NaN, this=android.view.View{857b6a5 V.ED..... ........ 0,0-0,0}, caller=fr.a:1 androidx.compose.ui.platform.AndroidComposeView.dispatchDraw:109 android.view.View.draw:26345 android.view.View.updateDisplayListIfDirty:25175 android.view.ViewGroup.recreateChildDisplayList:4794 
06-02 07:12:08.160 19343 19343 I View    : setRequestedFrameRate frameRate=NaN, this=androidx.compose.ui.platform.AndroidComposeView{d024ee5 VFED..... ........ 0,0-1080,2340 aid=1073741824}, caller=android.view.ViewGroup.setRequestedFrameRate:9952 fr.a:1 androidx.compose.ui.platform.AndroidComposeView.dispatchDraw:100 android.view.View.draw:26345 android.view.View.updateDisplayListIfDirty:25175 
06-02 07:12:08.160 19343 19343 I View    : setRequestedFrameRate frameRate=NaN, this=android.view.View{857b6a5 V.ED..... ........ 0,0-0,0}, caller=fr.a:1 androidx.compose.ui.platform.AndroidComposeView.dispatchDraw:109 android.view.View.draw:26345 android.view.View.updateDisplayListIfDirty:25175 android.view.ViewGroup.recreateChildDisplayList:4794 
06-02 07:12:08.181   674   674 W keymint_tee: [WRN]begin req PARAMS: A32, BM32, PD1, 
06-02 07:12:08.183 19343 19343 I View    : setRequestedFrameRate frameRate=NaN, this=androidx.compose.ui.platform.AndroidComposeView{d024ee5 VFED..... ......ID 0,0-1080,2340 aid=1073741824}, caller=android.view.ViewGroup.setRequestedFrameRate:9952 fr.a:1 androidx.compose.ui.platform.AndroidComposeView.dispatchDraw:100 android.view.View.draw:26345 android.view.View.updateDisplayListIfDirty:25175 
06-02 07:12:08.183 19343 19343 I View    : setRequestedFrameRate frameRate=-4.0, this=android.view.View{857b6a5 V.ED..... ........ 0,0-0,0}, caller=fr.a:1 androidx.compose.ui.platform.AndroidComposeView.dispatchDraw:109 android.view.View.draw:26345 android.view.View.updateDisplayListIfDirty:25175 android.view.ViewGroup.recreateChildDisplayList:4794 
06-02 07:12:08.186   674   674 D android.hardware.security.keymint-service: begin: ret 0
06-02 07:12:08.187   673  5836 I keystore2: system/security/keystore2/src/security_level.rs:466 - In create_operation. Success to create IKeystoreOperation. 10501, None
06-02 07:12:08.189   674   674 D android.hardware.security.keymint-service: update: ret 0
06-02 07:12:08.191 19343 19343 I View    : setRequestedFrameRate frameRate=NaN, this=androidx.compose.ui.platform.AndroidComposeView{d024ee5 VFED..... ........ 0,0-1080,2340 aid=1073741824}, caller=android.view.ViewGroup.setRequestedFrameRate:9952 fr.a:1 androidx.compose.ui.platform.AndroidComposeView.dispatchDraw:100 android.view.View.draw:26345 android.view.View.updateDisplayListIfDirty:25175 
06-02 07:12:08.191 19343 19343 I View    : setRequestedFrameRate frameRate=NaN, this=android.view.View{857b6a5 V.ED..... ........ 0,0-0,0}, caller=fr.a:1 androidx.compose.ui.platform.AndroidComposeView.dispatchDraw:109 android.view.View.draw:26345 android.view.View.updateDisplayListIfDirty:25175 android.view.ViewGroup.recreateChildDisplayList:4794 
06-02 07:12:08.191   674   674 D android.hardware.security.keymint-service: finish: ret 0
06-02 07:12:08.193   674   674 W keymint_tee: [WRN]begin req PARAMS: A32, BM32, PD1, 
06-02 07:12:08.197   674   674 D android.hardware.security.keymint-service: begin: ret 0
06-02 07:12:08.198   673  5836 I keystore2: system/security/keystore2/src/security_level.rs:466 - In create_operation. Success to create IKeystoreOperation. 10501, None
06-02 07:12:08.200   674   674 D android.hardware.security.keymint-service: update: ret 0
06-02 07:12:08.203   674   674 D android.hardware.security.keymint-service: finish: ret 0
06-02 07:12:08.208   674   674 W keymint_tee: [WRN]begin req PARAMS: A32, BM32, PD1, 
06-02 07:12:08.210   674   674 D android.hardware.security.keymint-service: begin: ret 0
06-02 07:12:08.210   673  5836 I keystore2: system/security/keystore2/src/security_level.rs:466 - In create_operation. Success to create IKeystoreOperation. 10501, None
06-02 07:12:08.212   674   674 D android.hardware.security.keymint-service: update: ret 0
06-02 07:12:08.215   674   674 D android.hardware.security.keymint-service: finish: ret 0
06-02 07:12:08.222   674   674 W keymint_tee: [WRN]begin req PARAMS: A32, BM32, PD1, 
06-02 07:12:08.223  1433  2192 D InputDispatcher: Inject motion (21525/2000): action=0x0, time=18070016000000, f=0x0, d=0 dsdx=1.000000 dtdx=0.000000
06-02 07:12:08.224  1433  1622 I InputDispatcher: Delivering touch to (1924): action: 0x4, f=0x0, d=0, '9339104', t=1 
06-02 07:12:08.224  1433  1622 I InputDispatcher: Delivering touch to (19343): action: 0x0, f=0x0, d=0, 'eac7a36', t=1 
06-02 07:12:08.224  1433  1465 I GestureDetector: obtain mCurrentDownEvent. id: -373770566 caller: com.android.server.wm.SystemGesturesPointerEventListener.onPointerEvent:17 com.android.server.wm.PointerEventDispatcher.onInputEvent:51 android.view.InputEventReceiver.dispatchInputEvent:392 
06-02 07:12:08.224  1433  1465 I GestureDetector: obtain mCurrentDownEvent. id: -373770566 caller: com.android.server.wm.SystemPerformancePointerEventListener.onPointerEvent:13 com.android.server.wm.PointerEventDispatcher.onInputEvent:51 android.view.InputEventReceiver.dispatchInputEvent:392 
06-02 07:12:08.224   674   674 D android.hardware.security.keymint-service: begin: ret 0
06-02 07:12:08.224 19343 19343 I VRI[SalesActivity]@3d480d6: ViewPostIme pointer 0
06-02 07:12:08.225 19343 19343 I GestureDetector: obtain mCurrentDownEvent. id: -373770566 caller: io.sentry.android.core.internal.gestures.g.a:5 io.sentry.android.core.internal.gestures.g.dispatchTouchEvent:12 com.android.internal.policy.DecorView.dispatchTouchEvent:728 
06-02 07:12:08.225   673  5836 I keystore2: system/security/keystore2/src/security_level.rs:466 - In create_operation. Success to create IKeystoreOperation. 10501, None
06-02 07:12:08.225  3933  3933 I SemDvfsHyPerManager: acquire hyper - TATouchBoost/3933@21, type = -999
06-02 07:12:08.226  1433  2192 D InputDispatcher: Inject motion (21525/2000): action=0x1, time=18070016000000, f=0x0, d=0 dsdx=1.000000 dtdx=0.000000
06-02 07:12:08.226  1433  1622 I InputDispatcher: Delivering touch to (19343): action: 0x1, f=0x0, d=0, 'eac7a36', t=1 
06-02 07:12:08.226  3933  3933 I SemDvfsHyPerManager: acquire hyper - TaskTurbo/3933@22, type = -999
06-02 07:12:08.226  1433  1465 I GestureDetector: obtain mCurrentMotionEventRaw. action: 1 id: -208761205
06-02 07:12:08.226   887   902 I HYPER-HAL: [RequestManager.cpp]acquire(): Acquired ID : 7819056  [3933 / 21]    HINT :      list : [TABoost / 40] [TIMEOUT / 1500] 
06-02 07:12:08.226 19343 19343 I VRI[SalesActivity]@3d480d6: ViewPostIme pointer 1
06-02 07:12:08.226 19343 19343 I GestureDetector: obtain mCurrentMotionEventRaw. action: 1 id: -208761205
06-02 07:12:08.226  1433  1465 I GestureDetector: obtain mCurrentMotionEventRaw. action: 1 id: -208761205
06-02 07:12:08.227   887   902 I HYPER-HAL: [RequestManager.cpp]acquire(): Acquired ID : 7823012  [3933 / 22]    HINT :      list : [TaskTurbo / 15] [TIMEOUT / 1500] 
06-02 07:12:08.227   674   674 D android.hardware.security.keymint-service: update: ret 0
06-02 07:12:08.229   674   674 D android.hardware.security.keymint-service: finish: ret 0
06-02 07:12:08.231   674   674 W keymint_tee: [WRN]begin req PARAMS: A32, BM32, PD1, 
06-02 07:12:08.233   674   674 D android.hardware.security.keymint-service: begin: ret 0
06-02 07:12:08.234   673  5836 I keystore2: system/security/keystore2/src/security_level.rs:466 - In create_operation. Success to create IKeystoreOperation. 10501, None
06-02 07:12:08.236   674   674 D android.hardware.security.keymint-service: update: ret 0
06-02 07:12:08.237 19343 19343 I View    : setRequestedFrameRate frameRate=NaN, this=androidx.compose.ui.platform.AndroidComposeView{d024ee5 VFED..... ........ 0,0-1080,2340 aid=1073741824}, caller=android.view.ViewGroup.setRequestedFrameRate:9952 fr.a:1 androidx.compose.ui.platform.AndroidComposeView.dispatchDraw:100 android.view.View.draw:26345 android.view.View.updateDisplayListIfDirty:25175 
06-02 07:12:08.237 19343 19343 I View    : setRequestedFrameRate frameRate=NaN, this=android.view.View{857b6a5 V.ED..... ........ 0,0-0,0}, caller=fr.a:1 androidx.compose.ui.platform.AndroidComposeView.dispatchDraw:109 android.view.View.draw:26345 android.view.View.updateDisplayListIfDirty:25175 android.view.ViewGroup.recreateChildDisplayList:4794 
06-02 07:12:08.239   674   674 D android.hardware.security.keymint-service: finish: ret 0
06-02 07:12:08.241   674   674 W keymint_tee: [WRN]begin req PARAMS: A32, BM32, PD1, 
06-02 07:12:08.242   674   674 D android.hardware.security.keymint-service: begin: ret 0
06-02 07:12:08.242   673  5836 I keystore2: system/security/keystore2/src/security_level.rs:466 - In create_operation. Success to create IKeystoreOperation. 10501, None
06-02 07:12:08.243   674   674 D android.hardware.security.keymint-service: update: ret 0
06-02 07:12:08.244   674   674 D android.hardware.security.keymint-service: finish: ret 0
06-02 07:12:08.281 19343 19343 I View    : setRequestedFrameRate frameRate=NaN, this=androidx.compose.ui.platform.AndroidComposeView{d024ee5 VFED..... ........ 0,0-1080,2340 aid=1073741824}, caller=android.view.ViewGroup.setRequestedFrameRate:9952 fr.a:1 androidx.compose.ui.platform.AndroidComposeView.dispatchDraw:100 android.view.View.draw:26345 android.view.View.updateDisplayListIfDirty:25175 
06-02 07:12:08.282 19343 19343 I View    : setRequestedFrameRate frameRate=NaN, this=android.view.View{857b6a5 V.ED..... ........ 0,0-0,0}, caller=fr.a:1 androidx.compose.ui.platform.AndroidComposeView.dispatchDraw:109 android.view.View.draw:26345 android.view.View.updateDisplayListIfDirty:25175 android.view.ViewGroup.recreateChildDisplayList:4794 
06-02 07:12:08.295  1090  1090 D data_transfer: waitConnection: socketFd=6
06-02 07:12:08.295  1090  1090 D data_transfer: clientlisten thread is running
06-02 07:12:08.295  1090  1090 D data_transfer: waitConnection: wait clientfd=-1
06-02 07:12:08.347  1433  2192 D InputDispatcher: Inject motion (21530/2000): action=0x0, time=18070140000000, f=0x0, d=0 dsdx=1.000000 dtdx=0.000000
06-02 07:12:08.348  1433  1622 I InputDispatcher: Delivering touch to (1924): action: 0x4, f=0x0, d=0, '9339104', t=1 
06-02 07:12:08.348  1433  1622 I InputDispatcher: Delivering touch to (19343): action: 0x0, f=0x0, d=0, 'eac7a36', t=1 
06-02 07:12:08.348  1433  1465 I GestureDetector: obtain mCurrentDownEvent. id: -10451752 caller: com.android.server.wm.SystemGesturesPointerEventListener.onPointerEvent:17 com.android.server.wm.PointerEventDispatcher.onInputEvent:51 android.view.InputEventReceiver.dispatchInputEvent:392 
06-02 07:12:08.349  1433  1465 I GestureDetector: obtain mCurrentDownEvent. id: -10451752 caller: com.android.server.wm.SystemPerformancePointerEventListener.onPointerEvent:13 com.android.server.wm.PointerEventDispatcher.onInputEvent:51 android.view.InputEventReceiver.dispatchInputEvent:392 
06-02 07:12:08.349 19343 19343 I VRI[SalesActivity]@3d480d6: ViewPostIme pointer 0
06-02 07:12:08.349 19343 19343 I GestureDetector: obtain mCurrentDownEvent. id: -10451752 caller: io.sentry.android.core.internal.gestures.g.a:5 io.sentry.android.core.internal.gestures.g.dispatchTouchEvent:12 com.android.internal.policy.DecorView.dispatchTouchEvent:728 
06-02 07:12:08.350  3933  3933 I SemDvfsHyPerManager: acquire hyper - TATouchBoost/3933@21, type = -999
06-02 07:12:08.350  1433  2192 D InputDispatcher: Inject motion (21530/2000): action=0x1, time=18070140000000, f=0x0, d=0 dsdx=1.000000 dtdx=0.000000
06-02 07:12:08.350  1433  1622 I InputDispatcher: Delivering touch to (19343): action: 0x1, f=0x0, d=0, 'eac7a36', t=1 
06-02 07:12:08.350   887   902 I HYPER-HAL: [RequestManager.cpp]acquire(): Acquired ID : 7819056  [3933 / 21]    HINT :      list : [TABoost / 40] [TIMEOUT / 1500] 
06-02 07:12:08.351  1433  1465 I GestureDetector: obtain mCurrentMotionEventRaw. action: 1 id: -5530768
06-02 07:12:08.351 19343 19343 I VRI[SalesActivity]@3d480d6: ViewPostIme pointer 1
