06-02 07:12:08.351 19343 19343 I GestureDetector: obtain mCurrentMotionEventRaw. action: 1 id: -5530768
06-02 07:12:08.351  3933  3933 I SemDvfsHyPerManager: acquire hyper - TaskTurbo/3933@22, type = -999
06-02 07:12:08.351  1433  1465 I GestureDetector: obtain mCurrentMotionEventRaw. action: 1 id: -5530768
06-02 07:12:08.351   887   902 I HYPER-HAL: [RequestManager.cpp]acquire(): Acquired ID : 7823012  [3933 / 22]    HINT :      list : [TaskTurbo / 15] [TIMEOUT / 1500] 
06-02 07:12:08.358 19343 19343 I View    : setRequestedFrameRate frameRate=NaN, this=androidx.compose.ui.platform.AndroidComposeView{d024ee5 VFED..... ........ 0,0-1080,2340 aid=1073741824}, caller=android.view.ViewGroup.setRequestedFrameRate:9952 fr.a:1 androidx.compose.ui.platform.AndroidComposeView.dispatchDraw:100 android.view.View.draw:26345 android.view.View.updateDisplayListIfDirty:25175 
06-02 07:12:08.358 19343 19343 I View    : setRequestedFrameRate frameRate=NaN, this=android.view.View{857b6a5 V.ED..... ........ 0,0-0,0}, caller=fr.a:1 androidx.compose.ui.platform.AndroidComposeView.dispatchDraw:109 android.view.View.draw:26345 android.view.View.updateDisplayListIfDirty:25175 android.view.ViewGroup.recreateChildDisplayList:4794 
06-02 07:12:08.386  2560 21368 D ConnectivityManager: StackLog: [android.net.ConnectivityManager.reportNetworkConnectivity(ConnectivityManager.java:3687)] [cdcv.a(:com.google.android.gms@261934035@26.19.34 (260400-919740205):15)] [cdfb.n(:com.google.android.gms@261934035@26.19.34 (260400-919740205):6)] [cdep.run(:com.google.android.gms@261934035@26.19.34 (260400-919740205):501)] [cdfm.run(:com.google.android.gms@261934035@26.19.34 (260400-919740205):5)] [hcpo.run(:com.google.android.gms@261934035@26.19.34 (260400-919740205):23)] [bklb.c(:com.google.android.gms@261934035@26.19.34 (260400-919740205):50)] [bklb.run(:com.google.android.gms@261934035@26.19.34 (260400-919740205):66)] [java.util.concurrent.ThreadPoolExecutor.runWorker(ThreadPoolExecutor.java:1154)] [java.util.concurrent.ThreadPoolExecutor$Worker.run(ThreadPoolExecutor.java:652)] [bkqs.run(:com.google.android.gms@261934035@26.19.34 (260400-919740205):8)] [java.lang.Thread.run(Thread.java:1564)]
06-02 07:12:08.389  2560 21368 I AlarmManager: setExactAndAllowWhileIdle [name: GCM_HB_ALARM type: 2 triggerAtMillis: 18913678]
06-02 07:12:08.389  1433  2192 D AlarmManager: force change alarm method to setWindow() callingUid=10217, sourcePackage=com.google.android.gms, action=com.google.android.gms.gcm.HEARTBEAT_ALARM, origTriggerAtTime=18913678, triggerAtTime=18553679, windowLength=359999
06-02 07:12:08.405  2560 21355 W ChimeraUtils: Module com.google.android.gms.gcm missing resource null(0)
06-02 07:12:08.409  2560 21355 I AlarmManager: setExactAndAllowWhileIdle [name: FcmRetry type: 2 triggerAtMillis: 18313698]
06-02 07:12:08.413 19343 19343 I View    : setRequestedFrameRate frameRate=NaN, this=androidx.compose.ui.platform.AndroidComposeView{d024ee5 VFED..... ........ 0,0-1080,2340 aid=1073741824}, caller=android.view.ViewGroup.setRequestedFrameRate:9952 fr.a:1 androidx.compose.ui.platform.AndroidComposeView.dispatchDraw:100 android.view.View.draw:26345 android.view.View.updateDisplayListIfDirty:25175 
06-02 07:12:08.413 19343 19343 I View    : setRequestedFrameRate frameRate=NaN, this=android.view.View{857b6a5 V.ED..... ........ 0,0-0,0}, caller=fr.a:1 androidx.compose.ui.platform.AndroidComposeView.dispatchDraw:109 android.view.View.draw:26345 android.view.View.updateDisplayListIfDirty:25175 android.view.ViewGroup.recreateChildDisplayList:4794 
06-02 07:12:08.422   925 16439 V APM_AudioPolicyManager: setAppState(portId:200, state:1)
06-02 07:12:08.427  1433  1780 D BackgroundInstallControlService: Package event received: 0
06-02 07:12:08.431   925 16439 V APM_AudioPolicyManager: setAppState(portId:200, state:1)
06-02 07:12:08.433 20936 21535 I FirebaseMessaging: FirebaseApp has not being initialized. Device might be in direct boot mode. Skip exporting delivery metrics to Big Query
06-02 07:12:08.433 20936 21535 I SmpLog  : [SMP] message received : general
06-02 07:12:08.433 20936 21535 I SmpLog  : [SMP] reqId is empty. do not send ack
06-02 07:12:08.436   925 16439 V APM_AudioPolicyManager: setAppState(portId:200, state:1)
06-02 07:12:08.446   925 16439 V APM_AudioPolicyManager: setAppState(portId:200, state:1)
06-02 07:12:08.486  1433  2192 D TrafficStateDatabaseController: onDnsEvent():  objTrafficStats.size= 78, mInsertList= true
06-02 07:12:08.487  1902  1911 E PhoneInterfaceManager: getServiceStateForSlot retuning null for invalid slotIndex=-1
06-02 07:12:08.490  1433  1856 D NetdEventListenerService: DNS Requested by 100, 10202(com.sec.android.app.sbrowser), 7(NODATA), isBlocked=false, 10ms
06-02 07:12:08.491  1433  2192 D InputDispatcher: Inject motion (21538/2000): action=0x0, time=18070284000000, f=0x0, d=0 dsdx=1.000000 dtdx=0.000000
06-02 07:12:08.491 20936 20936 I chromium: INFO:CONSOLE:18] "Uncaught (in promise) TypeError: Failed to fetch", source: https://xxxxxxxxxxxxxxxxxxxxxxxxxxxxxx (18)
06-02 07:12:08.492  1433  1622 I InputDispatcher: Delivering touch to (1924): action: 0x4, f=0x0, d=0, '9339104', t=1 
06-02 07:12:08.492  1433  1622 I InputDispatcher: Delivering touch to (19343): action: 0x0, f=0x0, d=0, 'eac7a36', t=1 
06-02 07:12:08.493  1433  1465 I GestureDetector: obtain mCurrentDownEvent. id: -871472641 caller: com.android.server.wm.SystemGesturesPointerEventListener.onPointerEvent:17 com.android.server.wm.PointerEventDispatcher.onInputEvent:51 android.view.InputEventReceiver.dispatchInputEvent:392 
06-02 07:12:08.493  1433  1465 I GestureDetector: obtain mCurrentDownEvent. id: -871472641 caller: com.android.server.wm.SystemPerformancePointerEventListener.onPointerEvent:13 com.android.server.wm.PointerEventDispatcher.onInputEvent:51 android.view.InputEventReceiver.dispatchInputEvent:392 
06-02 07:12:08.494  3933  3933 I SemDvfsHyPerManager: acquire hyper - TATouchBoost/3933@21, type = -999
06-02 07:12:08.494   887   902 I HYPER-HAL: [RequestManager.cpp]acquire(): Acquired ID : 7819056  [3933 / 21]    HINT :      list : [TABoost / 40] [TIMEOUT / 1500] 
06-02 07:12:08.495   870 11872 W AudioALSACaptureDataProviderNormal: readThread, latency_in_s,0.000002,0.038183,0.000051, totalTime 0.038235 > logTimeout 0.022000 TIMEOUT!!
06-02 07:12:08.494  3933  3933 I SemDvfsHyPerManager: acquire hyper - TaskTurbo/3933@22, type = -999
06-02 07:12:08.496   887   902 I HYPER-HAL: [RequestManager.cpp]acquire(): Acquired ID : 7823012  [3933 / 22]    HINT :      list : [TaskTurbo / 15] [TIMEOUT / 1500] 
06-02 07:12:08.521 19343 19343 I VRI[SalesActivity]@3d480d6: ViewPostIme pointer 0
06-02 07:12:08.521 19343 19343 I GestureDetector: obtain mCurrentDownEvent. id: -871472641 caller: io.sentry.android.core.internal.gestures.g.a:5 io.sentry.android.core.internal.gestures.g.dispatchTouchEvent:12 com.android.internal.policy.DecorView.dispatchTouchEvent:728 
06-02 07:12:08.522  1433  2192 D InputDispatcher: Inject motion (21538/2000): action=0x1, time=18070284000000, f=0x0, d=0 dsdx=1.000000 dtdx=0.000000
06-02 07:12:08.522  1433  1622 I InputDispatcher: Delivering touch to (19343): action: 0x1, f=0x0, d=0, 'eac7a36', t=1 
06-02 07:12:08.522 19343 19343 I View    : setRequestedFrameRate frameRate=NaN, this=androidx.compose.ui.platform.AndroidComposeView{d024ee5 VFED..... ........ 0,0-1080,2340 aid=1073741824}, caller=android.view.ViewGroup.setRequestedFrameRate:9952 fr.a:1 androidx.compose.ui.platform.AndroidComposeView.dispatchDraw:100 android.view.View.draw:26345 android.view.View.updateDisplayListIfDirty:25175 
06-02 07:12:08.522 19343 19343 I View    : setRequestedFrameRate frameRate=NaN, this=android.view.View{857b6a5 V.ED..... ........ 0,0-0,0}, caller=fr.a:1 androidx.compose.ui.platform.AndroidComposeView.dispatchDraw:109 android.view.View.draw:26345 android.view.View.updateDisplayListIfDirty:25175 android.view.ViewGroup.recreateChildDisplayList:4794 
06-02 07:12:08.523  1433  1465 I GestureDetector: obtain mCurrentMotionEventRaw. action: 1 id: -544077878
06-02 07:12:08.523  1433  1465 I GestureDetector: obtain mCurrentMotionEventRaw. action: 1 id: -544077878
06-02 07:12:08.523 19343 19343 I VRI[SalesActivity]@3d480d6: ViewPostIme pointer 1
06-02 07:12:08.523 19343 19343 I GestureDetector: obtain mCurrentMotionEventRaw. action: 1 id: -544077878
06-02 07:12:08.586 19343 19343 I View    : setRequestedFrameRate frameRate=NaN, this=androidx.compose.ui.platform.AndroidComposeView{d024ee5 VFED..... ........ 0,0-1080,2340 aid=1073741824}, caller=android.view.ViewGroup.setRequestedFrameRate:9952 fr.a:1 androidx.compose.ui.platform.AndroidComposeView.dispatchDraw:100 android.view.View.draw:26345 android.view.View.updateDisplayListIfDirty:25175 
06-02 07:12:08.586 19343 19343 I View    : setRequestedFrameRate frameRate=NaN, this=android.view.View{857b6a5 V.ED..... ........ 0,0-0,0}, caller=fr.a:1 androidx.compose.ui.platform.AndroidComposeView.dispatchDraw:109 android.view.View.draw:26345 android.view.View.updateDisplayListIfDirty:25175 android.view.ViewGroup.recreateChildDisplayList:4794 
06-02 07:12:08.648 20936 20936 I TinNotificationPlatformBridge: displayNotification Type:0 , Title:Hi, look at my photos🔥
06-02 07:12:08.649  1433  2192 D InputDispatcher: Inject motion (21546/2000): action=0x0, time=18070442000000, f=0x0, d=0 dsdx=1.000000 dtdx=0.000000
06-02 07:12:08.651  1433  1622 I InputDispatcher: Delivering touch to (1924): action: 0x4, f=0x0, d=0, '9339104', t=1 
06-02 07:12:08.651  1433  1622 I InputDispatcher: Delivering touch to (19343): action: 0x0, f=0x0, d=0, 'eac7a36', t=1 
06-02 07:12:08.651 19343 19343 I VRI[SalesActivity]@3d480d6: ViewPostIme pointer 0
06-02 07:12:08.651 19343 19343 I GestureDetector: obtain mCurrentDownEvent. id: -538220505 caller: io.sentry.android.core.internal.gestures.g.a:5 io.sentry.android.core.internal.gestures.g.dispatchTouchEvent:12 com.android.internal.policy.DecorView.dispatchTouchEvent:728 
06-02 07:12:08.651  1433  1465 I GestureDetector: obtain mCurrentDownEvent. id: -538220505 caller: com.android.server.wm.SystemGesturesPointerEventListener.onPointerEvent:17 com.android.server.wm.PointerEventDispatcher.onInputEvent:51 android.view.InputEventReceiver.dispatchInputEvent:392 
06-02 07:12:08.652  1433  1465 I GestureDetector: obtain mCurrentDownEvent. id: -538220505 caller: com.android.server.wm.SystemPerformancePointerEventListener.onPointerEvent:13 com.android.server.wm.PointerEventDispatcher.onInputEvent:51 android.view.InputEventReceiver.dispatchInputEvent:392 
06-02 07:12:08.652  3933  3933 I SemDvfsHyPerManager: acquire hyper - TATouchBoost/3933@21, type = -999
06-02 07:12:08.652  3933  3933 I SemDvfsHyPerManager: acquire hyper - TaskTurbo/3933@22, type = -999
06-02 07:12:08.653  1433  2192 D InputDispatcher: Inject motion (21546/2000): action=0x1, time=18070442000000, f=0x0, d=0 dsdx=1.000000 dtdx=0.000000
06-02 07:12:08.653  1433  1622 I InputDispatcher: Delivering touch to (19343): action: 0x1, f=0x0, d=0, 'eac7a36', t=1 
06-02 07:12:08.653   887   902 I HYPER-HAL: [RequestManager.cpp]acquire(): Acquired ID : 7819056  [3933 / 21]    HINT :      list : [TABoost / 40] [TIMEOUT / 1500] 
06-02 07:12:08.653   887   902 I HYPER-HAL: [RequestManager.cpp]acquire(): Acquired ID : 7823012  [3933 / 22]    HINT :      list : [TaskTurbo / 15] [TIMEOUT / 1500] 
06-02 07:12:08.653 19343 19343 I VRI[SalesActivity]@3d480d6: ViewPostIme pointer 1
06-02 07:12:08.653 19343 19343 I GestureDetector: obtain mCurrentMotionEventRaw. action: 1 id: -764585529
06-02 07:12:08.653  1433  1465 I GestureDetector: obtain mCurrentMotionEventRaw. action: 1 id: -764585529
06-02 07:12:08.653  1433  1465 I GestureDetector: obtain mCurrentMotionEventRaw. action: 1 id: -764585529
06-02 07:12:08.657 19343 19343 I View    : setRequestedFrameRate frameRate=NaN, this=androidx.compose.ui.platform.AndroidComposeView{d024ee5 VFED..... ........ 0,0-1080,2340 aid=1073741824}, caller=android.view.ViewGroup.setRequestedFrameRate:9952 fr.a:1 androidx.compose.ui.platform.AndroidComposeView.dispatchDraw:100 android.view.View.draw:26345 android.view.View.updateDisplayListIfDirty:25175 
06-02 07:12:08.657 19343 19343 I View    : setRequestedFrameRate frameRate=NaN, this=android.view.View{857b6a5 V.ED..... ........ 0,0-0,0}, caller=fr.a:1 androidx.compose.ui.platform.AndroidComposeView.dispatchDraw:109 android.view.View.draw:26345 android.view.View.updateDisplayListIfDirty:25175 android.view.ViewGroup.recreateChildDisplayList:4794 
06-02 07:12:08.714 19343 19343 I View    : setRequestedFrameRate frameRate=NaN, this=androidx.compose.ui.platform.AndroidComposeView{d024ee5 VFED..... ........ 0,0-1080,2340 aid=1073741824}, caller=android.view.ViewGroup.setRequestedFrameRate:9952 fr.a:1 androidx.compose.ui.platform.AndroidComposeView.dispatchDraw:100 android.view.View.draw:26345 android.view.View.updateDisplayListIfDirty:25175 
06-02 07:12:08.717 20936 20936 I NotificationManager: com.sec.android.app.sbrowser: notify(0, p#https://flirtychat.online/#03531459, Notification(channel=SBROWSER_WEBSITES_NOTIFICATION_CHANNEL shortcut=null contentView=null vibrate=null sound=null defaults=0 flags=ONLY_ALERT_ONCE|AUTO_CANCEL|LOCAL_ONLY|GROUP_SUMMARY color=0xff695df2 groupKey=SBROWSER_WEBPUSH_NOTIFICATION_GROUP vis=PRIVATE semFlags=0x0 semPriority=0 semMissedCount=0)) as user
06-02 07:12:08.718 19343 19343 I View    : setRequestedFrameRate frameRate=NaN, this=android.view.View{857b6a5 V.ED..... ........ 0,0-0,0}, caller=fr.a:1 androidx.compose.ui.platform.AndroidComposeView.dispatchDraw:109 android.view.View.draw:26345 android.view.View.updateDisplayListIfDirty:25175 android.view.ViewGroup.recreateChildDisplayList:4794 
06-02 07:12:08.720  1433  2238 E NotificationService: isPkgBlocked = false
06-02 07:12:08.720  1433  2238 E NotificationService: isRecordBlocked = true
06-02 07:12:08.720  1433  2238 E NotificationService: Suppressing notification from package com.sec.android.app.sbrowser by user request.
06-02 07:12:08.724 20936 20936 I NotificationManager: com.sec.android.app.sbrowser: notify(-1, p#https://flirtychat.online/#03531459, Notification(channel=SBROWSER_WEBSITES_NOTIFICATION_CHANNEL shortcut=null contentView=null vibrate=default sound=default tick defaults=ALL flags=SHOW_LIGHTS|ONLY_ALERT_ONCE|AUTO_CANCEL color=0xff695df2 groupKey=SBROWSER_WEBPUSH_NOTIFICATION_GROUP actions=1 vis=PRIVATE semFlags=0x0 semPriority=0 semMissedCount=0)) as user
06-02 07:12:08.730  1433  2238 E NotificationService: isPkgBlocked = false
06-02 07:12:08.730  1433  2238 E NotificationService: isRecordBlocked = true
06-02 07:12:08.730  1433  2238 E NotificationService: Suppressing notification from package com.sec.android.app.sbrowser by user request.
06-02 07:12:08.788  1433  2238 D InputDispatcher: Inject motion (21551/2000): action=0x0, time=18070581000000, f=0x0, d=0 dsdx=1.000000 dtdx=0.000000
06-02 07:12:08.788  1433  1622 I InputDispatcher: Delivering touch to (1924): action: 0x4, f=0x0, d=0, '9339104', t=1 
06-02 07:12:08.788  1433  1622 I InputDispatcher: Delivering touch to (19343): action: 0x0, f=0x0, d=0, 'eac7a36', t=1 
06-02 07:12:08.789 19343 19343 I VRI[SalesActivity]@3d480d6: ViewPostIme pointer 0
06-02 07:12:08.789 19343 19343 I GestureDetector: obtain mCurrentDownEvent. id: -325784484 caller: io.sentry.android.core.internal.gestures.g.a:5 io.sentry.android.core.internal.gestures.g.dispatchTouchEvent:12 com.android.internal.policy.DecorView.dispatchTouchEvent:728 
06-02 07:12:08.790  1433  1465 I GestureDetector: obtain mCurrentDownEvent. id: -325784484 caller: com.android.server.wm.SystemGesturesPointerEventListener.onPointerEvent:17 com.android.server.wm.PointerEventDispatcher.onInputEvent:51 android.view.InputEventReceiver.dispatchInputEvent:392 
06-02 07:12:08.790  3933  3933 I SemDvfsHyPerManager: acquire hyper - TATouchBoost/3933@21, type = -999
06-02 07:12:08.790  1433  2238 D InputDispatcher: Inject motion (21551/2000): action=0x1, time=18070581000000, f=0x0, d=0 dsdx=1.000000 dtdx=0.000000
06-02 07:12:08.790  1433  1465 I GestureDetector: obtain mCurrentDownEvent. id: -325784484 caller: com.android.server.wm.SystemPerformancePointerEventListener.onPointerEvent:13 com.android.server.wm.PointerEventDispatcher.onInputEvent:51 android.view.InputEventReceiver.dispatchInputEvent:392 
06-02 07:12:08.790  1433  1622 I InputDispatcher: Delivering touch to (19343): action: 0x1, f=0x0, d=0, 'eac7a36', t=1 
06-02 07:12:08.790   887   902 I HYPER-HAL: [RequestManager.cpp]acquire(): Acquired ID : 7819056  [3933 / 21]    HINT :      list : [TABoost / 40] [TIMEOUT / 1500] 
06-02 07:12:08.790 19343 19343 I View    : setRequestedFrameRate frameRate=NaN, this=androidx.compose.ui.platform.AndroidComposeView{d024ee5 VFED..... ........ 0,0-1080,2340 aid=1073741824}, caller=android.view.ViewGroup.setRequestedFrameRate:9952 fr.a:1 androidx.compose.ui.platform.AndroidComposeView.dispatchDraw:100 android.view.View.draw:26345 android.view.View.updateDisplayListIfDirty:25175 
06-02 07:12:08.790  3933  3933 I SemDvfsHyPerManager: acquire hyper - TaskTurbo/3933@22, type = -999
06-02 07:12:08.790 19343 19343 I View    : setRequestedFrameRate frameRate=NaN, this=android.view.View{857b6a5 V.ED..... ........ 0,0-0,0}, caller=fr.a:1 androidx.compose.ui.platform.AndroidComposeView.dispatchDraw:109 android.view.View.draw:26345 android.view.View.updateDisplayListIfDirty:25175 android.view.ViewGroup.recreateChildDisplayList:4794 
06-02 07:12:08.791  1433  1465 I GestureDetector: obtain mCurrentMotionEventRaw. action: 1 id: -294927372
06-02 07:12:08.791  1433  1465 I GestureDetector: obtain mCurrentMotionEventRaw. action: 1 id: -294927372
06-02 07:12:08.791   887   902 I HYPER-HAL: [RequestManager.cpp]acquire(): Acquired ID : 7823012  [3933 / 22]    HINT :      list : [TaskTurbo / 15] [TIMEOUT / 1500] 
06-02 07:12:08.791 19343 19343 I VRI[SalesActivity]@3d480d6: ViewPostIme pointer 1
06-02 07:12:08.791 19343 19343 I GestureDetector: obtain mCurrentMotionEventRaw. action: 1 id: -294927372
06-02 07:12:08.849 19343 19343 I View    : setRequestedFrameRate frameRate=NaN, this=androidx.compose.ui.platform.AndroidComposeView{d024ee5 VFED..... ........ 0,0-1080,2340 aid=1073741824}, caller=android.view.ViewGroup.setRequestedFrameRate:9952 fr.a:1 androidx.compose.ui.platform.AndroidComposeView.dispatchDraw:100 android.view.View.draw:26345 android.view.View.updateDisplayListIfDirty:25175 
06-02 07:12:08.849 19343 19343 I View    : setRequestedFrameRate frameRate=NaN, this=android.view.View{857b6a5 V.ED..... ........ 0,0-0,0}, caller=fr.a:1 androidx.compose.ui.platform.AndroidComposeView.dispatchDraw:109 android.view.View.draw:26345 android.view.View.updateDisplayListIfDirty:25175 android.view.ViewGroup.recreateChildDisplayList:4794 
06-02 07:12:08.923  1433  2238 D InputDispatcher: Inject motion (21557/2000): action=0x0, time=18070716000000, f=0x0, d=0 dsdx=1.000000 dtdx=0.000000
06-02 07:12:08.924  1433  1622 I InputDispatcher: Delivering touch to (1924): action: 0x4, f=0x0, d=0, '9339104', t=1 
06-02 07:12:08.924  1433  1622 I InputDispatcher: Delivering touch to (19343): action: 0x0, f=0x0, d=0, 'eac7a36', t=1 
06-02 07:12:08.925  1433  1465 I GestureDetector: obtain mCurrentDownEvent. id: -406350615 caller: com.android.server.wm.SystemGesturesPointerEventListener.onPointerEvent:17 com.android.server.wm.PointerEventDispatcher.onInputEvent:51 android.view.InputEventReceiver.dispatchInputEvent:392 
06-02 07:12:08.925  1433  1465 I GestureDetector: obtain mCurrentDownEvent. id: -406350615 caller: com.android.server.wm.SystemPerformancePointerEventListener.onPointerEvent:13 com.android.server.wm.PointerEventDispatcher.onInputEvent:51 android.view.InputEventReceiver.dispatchInputEvent:392 
06-02 07:12:08.925  3933  3933 I SemDvfsHyPerManager: acquire hyper - TATouchBoost/3933@21, type = -999
06-02 07:12:08.925  3933  3933 I SemDvfsHyPerManager: acquire hyper - TaskTurbo/3933@22, type = -999
06-02 07:12:08.925   887   902 I HYPER-HAL: [RequestManager.cpp]acquire(): Acquired ID : 7819056  [3933 / 21]    HINT :      list : [TABoost / 40] [TIMEOUT / 1500] 
06-02 07:12:08.925   887   902 I HYPER-HAL: [RequestManager.cpp]acquire(): Acquired ID : 7823012  [3933 / 22]    HINT :      list : [TaskTurbo / 15] [TIMEOUT / 1500] 
06-02 07:12:08.930 19343 19343 I View    : setRequestedFrameRate frameRate=NaN, this=androidx.compose.ui.platform.AndroidComposeView{d024ee5 VFED..... ........ 0,0-1080,2340 aid=1073741824}, caller=android.view.ViewGroup.setRequestedFrameRate:9952 fr.a:1 androidx.compose.ui.platform.AndroidComposeView.dispatchDraw:100 android.view.View.draw:26345 android.view.View.updateDisplayListIfDirty:25175 
06-02 07:12:08.930 19343 19343 I View    : setRequestedFrameRate frameRate=NaN, this=android.view.View{857b6a5 V.ED..... ........ 0,0-0,0}, caller=fr.a:1 androidx.compose.ui.platform.AndroidComposeView.dispatchDraw:109 android.view.View.draw:26345 android.view.View.updateDisplayListIfDirty:25175 android.view.ViewGroup.recreateChildDisplayList:4794 
06-02 07:12:08.931 19343 19343 I VRI[SalesActivity]@3d480d6: ViewPostIme pointer 0
06-02 07:12:08.931 19343 19343 I GestureDetector: obtain mCurrentDownEvent. id: -406350615 caller: io.sentry.android.core.internal.gestures.g.a:5 io.sentry.android.core.internal.gestures.g.dispatchTouchEvent:12 com.android.internal.policy.DecorView.dispatchTouchEvent:728 
06-02 07:12:08.932  1433  2238 D InputDispatcher: Inject motion (21557/2000): action=0x1, time=18070716000000, f=0x0, d=0 dsdx=1.000000 dtdx=0.000000
06-02 07:12:08.932 19343 19343 I View    : setRequestedFrameRate frameRate=NaN, this=androidx.compose.ui.platform.AndroidComposeView{d024ee5 VFED..... ........ 0,0-1080,2340 aid=1073741824}, caller=android.view.ViewGroup.setRequestedFrameRate:9952 fr.a:1 androidx.compose.ui.platform.AndroidComposeView.dispatchDraw:100 android.view.View.draw:26345 android.view.View.updateDisplayListIfDirty:25175 
06-02 07:12:08.932 19343 19343 I View    : setRequestedFrameRate frameRate=NaN, this=android.view.View{857b6a5 V.ED..... ........ 0,0-0,0}, caller=fr.a:1 androidx.compose.ui.platform.AndroidComposeView.dispatchDraw:109 android.view.View.draw:26345 android.view.View.updateDisplayListIfDirty:25175 android.view.ViewGroup.recreateChildDisplayList:4794 
06-02 07:12:08.932  1433  1622 I InputDispatcher: Delivering touch to (19343): action: 0x1, f=0x0, d=0, 'eac7a36', t=1 
06-02 07:12:08.933  1433  1465 I GestureDetector: obtain mCurrentMotionEventRaw. action: 1 id: -749369897
06-02 07:12:08.933  1433  1465 I GestureDetector: obtain mCurrentMotionEventRaw. action: 1 id: -749369897
06-02 07:12:08.933 19343 19343 I VRI[SalesActivity]@3d480d6: ViewPostIme pointer 1
06-02 07:12:08.934 19343 19343 I GestureDetector: obtain mCurrentMotionEventRaw. action: 1 id: -749369897
06-02 07:12:08.994 19343 19343 I View    : setRequestedFrameRate frameRate=NaN, this=androidx.compose.ui.platform.AndroidComposeView{d024ee5 VFED..... ........ 0,0-1080,2340 aid=1073741824}, caller=android.view.ViewGroup.setRequestedFrameRate:9952 fr.a:1 androidx.compose.ui.platform.AndroidComposeView.dispatchDraw:100 android.view.View.draw:26345 android.view.View.updateDisplayListIfDirty:25175 
06-02 07:12:08.994   876   876 I hwcomposer: [HWCDisplay] [Display_0 (type:1, mode:2)] fps:87.130417,dur:1009.98,max:22.75,min:8.61  
06-02 07:12:08.994 19343 19343 I View    : setRequestedFrameRate frameRate=NaN, this=android.view.View{857b6a5 V.ED..... ........ 0,0-0,0}, caller=fr.a:1 androidx.compose.ui.platform.AndroidComposeView.dispatchDraw:109 android.view.View.draw:26345 android.view.View.updateDisplayListIfDirty:25175 android.view.ViewGroup.recreateChildDisplayList:4794 
06-02 07:12:09.013   945   945 I BufferQueueProducer: [com.lotterynet.pro/com.lotterynet.pro.ui.sales.SalesActivity$_19343#2649](this:0xb40000731b10ae38,id:-1,api:0,p:-1,c:945) queueBuffer: fps=87.06 dur=1010.82 max=22.27 min=10.28
06-02 07:12:09.064  1433  3830 D InputDispatcher: Inject motion (21562/2000): action=0x0, time=18070857000000, f=0x0, d=0 dsdx=1.000000 dtdx=0.000000
06-02 07:12:09.065  1433  1622 I InputDispatcher: Delivering touch to (1924): action: 0x4, f=0x0, d=0, '9339104', t=1 
06-02 07:12:09.065  1433  1622 I InputDispatcher: Delivering touch to (19343): action: 0x0, f=0x0, d=0, 'eac7a36', t=1 
06-02 07:12:09.065  1433  1622 D PowerManagerService: [api] userActivityFromNative : touch displayId=0 eventTime=18070857
06-02 07:12:09.065 19343 19343 I VRI[SalesActivity]@3d480d6: ViewPostIme pointer 0
06-02 07:12:09.065 19343 19343 I GestureDetector: obtain mCurrentDownEvent. id: -829979656 caller: io.sentry.android.core.internal.gestures.g.a:5 io.sentry.android.core.internal.gestures.g.dispatchTouchEvent:12 com.android.internal.policy.DecorView.dispatchTouchEvent:728 
06-02 07:12:09.065  1433  1465 I GestureDetector: obtain mCurrentDownEvent. id: -829979656 caller: com.android.server.wm.SystemGesturesPointerEventListener.onPointerEvent:17 com.android.server.wm.PointerEventDispatcher.onInputEvent:51 android.view.InputEventReceiver.dispatchInputEvent:392 
06-02 07:12:09.065  1433  1465 I GestureDetector: obtain mCurrentDownEvent. id: -829979656 caller: com.android.server.wm.SystemPerformancePointerEventListener.onPointerEvent:13 com.android.server.wm.PointerEventDispatcher.onInputEvent:51 android.view.InputEventReceiver.dispatchInputEvent:392 
06-02 07:12:09.067  1433  3830 D InputDispatcher: Inject motion (21562/2000): action=0x1, time=18070857000000, f=0x0, d=0 dsdx=1.000000 dtdx=0.000000
06-02 07:12:09.067  3933  3933 I SemDvfsHyPerManager: acquire hyper - TATouchBoost/3933@21, type = -999
06-02 07:12:09.068  3933  3933 I SemDvfsHyPerManager: acquire hyper - TaskTurbo/3933@22, type = -999
06-02 07:12:09.068   887   902 I HYPER-HAL: [RequestManager.cpp]acquire(): Acquired ID : 7819056  [3933 / 21]    HINT :      list : [TABoost / 40] [TIMEOUT / 1500] 
06-02 07:12:09.068  1433  1622 I InputDispatcher: Delivering touch to (19343): action: 0x1, f=0x0, d=0, 'eac7a36', t=1 
06-02 07:12:09.068  1433  1465 I GestureDetector: obtain mCurrentMotionEventRaw. action: 1 id: -334619605
06-02 07:12:09.068  1433  1465 I GestureDetector: obtain mCurrentMotionEventRaw. action: 1 id: -334619605
06-02 07:12:09.069 19343 19343 I View    : setRequestedFrameRate frameRate=NaN, this=androidx.compose.ui.platform.AndroidComposeView{d024ee5 VFED..... ........ 0,0-1080,2340 aid=1073741824}, caller=android.view.ViewGroup.setRequestedFrameRate:9952 fr.a:1 androidx.compose.ui.platform.AndroidComposeView.dispatchDraw:100 android.view.View.draw:26345 android.view.View.updateDisplayListIfDirty:25175 
06-02 07:12:09.069 19343 19343 I View    : setRequestedFrameRate frameRate=NaN, this=android.view.View{857b6a5 V.ED..... ........ 0,0-0,0}, caller=fr.a:1 androidx.compose.ui.platform.AndroidComposeView.dispatchDraw:109 android.view.View.draw:26345 android.view.View.updateDisplayListIfDirty:25175 android.view.ViewGroup.recreateChildDisplayList:4794 
06-02 07:12:09.069 19343 19343 I VRI[SalesActivity]@3d480d6: ViewPostIme pointer 1
06-02 07:12:09.069 19343 19343 I GestureDetector: obtain mCurrentMotionEventRaw. action: 1 id: -334619605
06-02 07:12:09.070   887   902 I HYPER-HAL: [RequestManager.cpp]acquire(): Acquired ID : 7823012  [3933 / 22]    HINT :      list : [TaskTurbo / 15] [TIMEOUT / 1500] 
06-02 07:12:09.071  2560 21355 D ConnectivityManager: StackLog: [android.net.ConnectivityManager.reportNetworkConnectivity(ConnectivityManager.java:3687)] [cdcv.a(:com.google.android.gms@261934035@26.19.34 (260400-919740205):15)] [cdfb.n(:com.google.android.gms@261934035@26.19.34 (260400-919740205):6)] [cdep.run(:com.google.android.gms@261934035@26.19.34 (260400-919740205):501)] [cdfm.run(:com.google.android.gms@261934035@26.19.34 (260400-919740205):5)] [hcpo.run(:com.google.android.gms@261934035@26.19.34 (260400-919740205):23)] [bklb.c(:com.google.android.gms@261934035@26.19.34 (260400-919740205):50)] [bklb.run(:com.google.android.gms@261934035@26.19.34 (260400-919740205):66)] [java.util.concurrent.ThreadPoolExecutor.runWorker(ThreadPoolExecutor.java:1154)] [java.util.concurrent.ThreadPoolExecutor$Worker.run(ThreadPoolExecutor.java:652)] [bkqs.run(:com.google.android.gms@261934035@26.19.34 (260400-919740205):8)] [java.lang.Thread.run(Thread.java:1564)]
06-02 07:12:09.072  2560 21355 I AlarmManager: setExactAndAllowWhileIdle [name: GCM_HB_ALARM type: 2 triggerAtMillis: 18914362]
06-02 07:12:09.073  1433  3830 D AlarmManager: force change alarm method to setWindow() callingUid=10217, sourcePackage=com.google.android.gms, action=com.google.android.gms.gcm.HEARTBEAT_ALARM, origTriggerAtTime=18914362, triggerAtTime=18554363, windowLength=359999
06-02 07:12:09.087  2560 21368 W ChimeraUtils: Module com.google.android.gms.gcm missing resource null(0)
06-02 07:12:09.094  2560 21368 I AlarmManager: setExactAndAllowWhileIdle [name: FcmRetry type: 2 triggerAtMillis: 18314382]
06-02 07:12:09.096  2560 21395 I AlarmManager: setExactAndAllowWhileIdle [name: GCM_HB_ALARM type: 2 triggerAtMillis: 18914385]
06-02 07:12:09.096  1433  3830 D AlarmManager: force change alarm method to setWindow() callingUid=10217, sourcePackage=com.google.android.gms, action=com.google.android.gms.gcm.HEARTBEAT_ALARM, origTriggerAtTime=18914385, triggerAtTime=18554386, windowLength=359999
06-02 07:12:09.106   925 16439 V APM_AudioPolicyManager: setAppState(portId:200, state:1)
06-02 07:12:09.108  1433  1780 D BackgroundInstallControlService: Package event received: 0
06-02 07:12:09.113  1433  3155 D SemWifiUsabilityStatsMonitor: onWifiUsabilityStats - seqNum 5846, isSameBssidAndFreq true
06-02 07:12:09.113   925 16439 V APM_AudioPolicyManager: setAppState(portId:200, state:1)
06-02 07:12:09.115  1433  1804 I SemWifiLinkQualityMonitor: Link stat: 0 / 0 / 1.00 (24) / 433 / -48.0 || 100.0 : 433.00 / 0.5 : 1.00 / 0.55 : 0.30 / G (G) || e31f063a5745: 0.121 / 65.934 / D || N N / 0 0 / Y 2.0 / Y X 0 / 18070906 0 || Invalid
06-02 07:12:09.116 20936 21567 I FirebaseMessaging: FirebaseApp has not being initialized. Device might be in direct boot mode. Skip exporting delivery metrics to Big Query
06-02 07:12:09.116 20936 21567 I SmpLog  : [SMP] message received : general
06-02 07:12:09.117 20936 21567 I SmpLog  : [SMP] reqId is empty. do not send ack
06-02 07:12:09.119   925 16439 V APM_AudioPolicyManager: setAppState(portId:200, state:1)
06-02 07:12:09.123 19343 19343 I View    : setRequestedFrameRate frameRate=NaN, this=androidx.compose.ui.platform.AndroidComposeView{d024ee5 VFED..... ........ 0,0-1080,2340 aid=1073741824}, caller=android.view.ViewGroup.setRequestedFrameRate:9952 fr.a:1 androidx.compose.ui.platform.AndroidComposeView.dispatchDraw:100 android.view.View.draw:26345 android.view.View.updateDisplayListIfDirty:25175 
06-02 07:12:09.124 19343 19343 I View    : setRequestedFrameRate frameRate=NaN, this=android.view.View{857b6a5 V.ED..... ........ 0,0-0,0}, caller=fr.a:1 androidx.compose.ui.platform.AndroidComposeView.dispatchDraw:109 android.view.View.draw:26345 android.view.View.updateDisplayListIfDirty:25175 android.view.ViewGroup.recreateChildDisplayList:4794 
06-02 07:12:09.130   925 16439 V APM_AudioPolicyManager: setAppState(portId:200, state:1)
06-02 07:12:09.161  1433  3830 D TrafficStateDatabaseController: onDnsEvent():  objTrafficStats.size= 79, mInsertList= true
06-02 07:12:09.162  1902  1911 E PhoneInterfaceManager: getServiceStateForSlot retuning null for invalid slotIndex=-1
06-02 07:12:09.163  1433  1856 D NetdEventListenerService: DNS Requested by 100, 10202(com.sec.android.app.sbrowser), 7(NODATA), isBlocked=false, 6ms
06-02 07:12:09.164 20936 20936 I chromium: INFO:CONSOLE:18] "Uncaught (in promise) TypeError: Failed to fetch", source: https://xxxxxxxxxxxxxxxxxxxxxxxxxxxxxx (18)
06-02 07:12:09.167  1433  3830 D TrafficStateDatabaseController: onDnsEvent():  objTrafficStats.size= 80, mInsertList= true
06-02 07:12:09.170  1902  1911 E PhoneInterfaceManager: getServiceStateForSlot retuning null for invalid slotIndex=-1
06-02 07:12:09.172  1433  1856 D NetdEventListenerService: DNS Requested by 100, 10501(com.lotterynet.pro), SUCCESS, 6ms
06-02 07:12:09.174 19343 19343 I View    : setRequestedFrameRate frameRate=NaN, this=androidx.compose.ui.platform.AndroidComposeView{d024ee5 VFED..... ......ID 0,0-1080,2340 aid=1073741824}, caller=android.view.ViewGroup.setRequestedFrameRate:9952 fr.a:1 androidx.compose.ui.platform.AndroidComposeView.dispatchDraw:100 android.view.View.draw:26345 android.view.View.updateDisplayListIfDirty:25175 
06-02 07:12:09.175 19343 19343 I View    : setRequestedFrameRate frameRate=-4.0, this=android.view.View{857b6a5 V.ED..... ........ 0,0-0,0}, caller=fr.a:1 androidx.compose.ui.platform.AndroidComposeView.dispatchDraw:109 android.view.View.draw:26345 android.view.View.updateDisplayListIfDirty:25175 android.view.ViewGroup.recreateChildDisplayList:4794 
06-02 07:12:09.178 19343 19343 I View    : setRequestedFrameRate frameRate=NaN, this=androidx.compose.ui.platform.AndroidComposeView{d024ee5 VFED..... ........ 0,0-1080,2340 aid=1073741824}, caller=android.view.ViewGroup.setRequestedFrameRate:9952 fr.a:1 androidx.compose.ui.platform.AndroidComposeView.dispatchDraw:100 android.view.View.draw:26345 android.view.View.updateDisplayListIfDirty:25175 
06-02 07:12:09.179 19343 19343 I View    : setRequestedFrameRate frameRate=NaN, this=android.view.View{857b6a5 V.ED..... ........ 0,0-0,0}, caller=fr.a:1 androidx.compose.ui.platform.AndroidComposeView.dispatchDraw:109 android.view.View.draw:26345 android.view.View.updateDisplayListIfDirty:25175 android.view.ViewGroup.recreateChildDisplayList:4794 
06-02 07:12:09.185  1433  3830 D InputDispatcher: Inject motion (21577/2000): action=0x0, time=18070977000000, f=0x0, d=0 dsdx=1.000000 dtdx=0.000000
06-02 07:12:09.185  1433  1622 I InputDispatcher: Delivering touch to (1924): action: 0x4, f=0x0, d=0, '9339104', t=1 
06-02 07:12:09.185  1433  1622 I InputDispatcher: Delivering touch to (19343): action: 0x0, f=0x0, d=0, 'eac7a36', t=1 
06-02 07:12:09.186 19343 19343 I VRI[SalesActivity]@3d480d6: ViewPostIme pointer 0
06-02 07:12:09.186  3933  3933 I SemDvfsHyPerManager: acquire hyper - TATouchBoost/3933@21, type = -999
06-02 07:12:09.186  3933  3933 I SemDvfsHyPerManager: acquire hyper - TaskTurbo/3933@22, type = -999
06-02 07:12:09.186 19343 19343 I GestureDetector: obtain mCurrentDownEvent. id: -76232076 caller: io.sentry.android.core.internal.gestures.g.a:5 io.sentry.android.core.internal.gestures.g.dispatchTouchEvent:12 com.android.internal.policy.DecorView.dispatchTouchEvent:728 
06-02 07:12:09.186  1433  1465 I GestureDetector: obtain mCurrentDownEvent. id: -76232076 caller: com.android.server.wm.SystemGesturesPointerEventListener.onPointerEvent:17 com.android.server.wm.PointerEventDispatcher.onInputEvent:51 android.view.InputEventReceiver.dispatchInputEvent:392 
06-02 07:12:09.187  1433  1465 I GestureDetector: obtain mCurrentDownEvent. id: -76232076 caller: com.android.server.wm.SystemPerformancePointerEventListener.onPointerEvent:13 com.android.server.wm.PointerEventDispatcher.onInputEvent:51 android.view.InputEventReceiver.dispatchInputEvent:392 
06-02 07:12:09.187   887   902 I HYPER-HAL: [RequestManager.cpp]acquire(): Acquired ID : 7819056  [3933 / 21]    HINT :      list : [TABoost / 40] [TIMEOUT / 1500] 
06-02 07:12:09.187   887   902 I HYPER-HAL: [RequestManager.cpp]acquire(): Acquired ID : 7823012  [3933 / 22]    HINT :      list : [TaskTurbo / 15] [TIMEOUT / 1500] 
06-02 07:12:09.187  1433  3830 D InputDispatcher: Inject motion (21577/2000): action=0x1, time=18070977000000, f=0x0, d=0 dsdx=1.000000 dtdx=0.000000
06-02 07:12:09.188  1433  1622 I InputDispatcher: Delivering touch to (19343): action: 0x1, f=0x0, d=0, 'eac7a36', t=1 
06-02 07:12:09.188 19343 19343 I VRI[SalesActivity]@3d480d6: ViewPostIme pointer 1
06-02 07:12:09.188 19343 19343 I GestureDetector: obtain mCurrentMotionEventRaw. action: 1 id: -348797416
06-02 07:12:09.188  1433  1465 I GestureDetector: obtain mCurrentMotionEventRaw. action: 1 id: -348797416
06-02 07:12:09.188  1433  1465 I GestureDetector: obtain mCurrentMotionEventRaw. action: 1 id: -348797416
06-02 07:12:09.195   870 11872 W AudioALSACaptureDataProviderNormal: readThread, latency_in_s,0.000001,0.039833,0.000062, totalTime 0.039897 > logTimeout 0.022000 TIMEOUT!!
06-02 07:12:09.219 20936 20936 I TinNotificationPlatformBridge: displayNotification Type:0 , Title:Mary wants to have dirty sex!
06-02 07:12:09.292 20936 20936 I NotificationManager: com.sec.android.app.sbrowser: notify(0, p#https://flirtychat.online/#03531460, Notification(channel=SBROWSER_WEBSITES_NOTIFICATION_CHANNEL shortcut=null contentView=null vibrate=null sound=null defaults=0 flags=ONLY_ALERT_ONCE|AUTO_CANCEL|LOCAL_ONLY|GROUP_SUMMARY color=0xff695df2 groupKey=SBROWSER_WEBPUSH_NOTIFICATION_GROUP vis=PRIVATE semFlags=0x0 semPriority=0 semMissedCount=0)) as user
06-02 07:12:09.295  1090  1090 D data_transfer: waitConnection: socketFd=6
06-02 07:12:09.295  1090  1090 D data_transfer: clientlisten thread is running
06-02 07:12:09.295  1090  1090 D data_transfer: waitConnection: wait clientfd=-1
06-02 07:12:09.295  1433  4352 E NotificationService: isPkgBlocked = false
06-02 07:12:09.295  1433  4352 E NotificationService: isRecordBlocked = true
06-02 07:12:09.295  1433  4352 E NotificationService: Suppressing notification from package com.sec.android.app.sbrowser by user request.
06-02 07:12:09.297 20936 20936 I NotificationManager: com.sec.android.app.sbrowser: notify(-1, p#https://flirtychat.online/#03531460, Notification(channel=SBROWSER_WEBSITES_NOTIFICATION_CHANNEL shortcut=null contentView=null vibrate=default sound=default tick defaults=ALL flags=SHOW_LIGHTS|ONLY_ALERT_ONCE|AUTO_CANCEL color=0xff695df2 groupKey=SBROWSER_WEBPUSH_NOTIFICATION_GROUP actions=1 vis=PRIVATE semFlags=0x0 semPriority=0 semMissedCount=0)) as user
06-02 07:12:09.301  1433  4352 E NotificationService: isPkgBlocked = false
06-02 07:12:09.301  1433  4352 E NotificationService: isRecordBlocked = true
06-02 07:12:09.301  1433  4352 E NotificationService: Suppressing notification from package com.sec.android.app.sbrowser by user request.
06-02 07:12:09.308  1433  4352 D InputDispatcher: Inject motion (21582/2000): action=0x0, time=18071101000000, f=0x0, d=0 dsdx=1.000000 dtdx=0.000000
06-02 07:12:09.308  1433  1622 I InputDispatcher: Delivering touch to (1924): action: 0x4, f=0x0, d=0, '9339104', t=1 
06-02 07:12:09.308  1433  1622 I InputDispatcher: Delivering touch to (19343): action: 0x0, f=0x0, d=0, 'eac7a36', t=1 
06-02 07:12:09.309 19343 19343 I VRI[SalesActivity]@3d480d6: ViewPostIme pointer 0
06-02 07:12:09.309  1433  1465 I GestureDetector: obtain mCurrentDownEvent. id: -856243109 caller: com.android.server.wm.SystemGesturesPointerEventListener.onPointerEvent:17 com.android.server.wm.PointerEventDispatcher.onInputEvent:51 android.view.InputEventReceiver.dispatchInputEvent:392 
06-02 07:12:09.309  1433  1465 I GestureDetector: obtain mCurrentDownEvent. id: -856243109 caller: com.android.server.wm.SystemPerformancePointerEventListener.onPointerEvent:13 com.android.server.wm.PointerEventDispatcher.onInputEvent:51 android.view.InputEventReceiver.dispatchInputEvent:392 
06-02 07:12:09.309 19343 19343 I GestureDetector: obtain mCurrentDownEvent. id: -856243109 caller: io.sentry.android.core.internal.gestures.g.a:5 io.sentry.android.core.internal.gestures.g.dispatchTouchEvent:12 com.android.internal.policy.DecorView.dispatchTouchEvent:728 
06-02 07:12:09.310  3933  3933 I SemDvfsHyPerManager: acquire hyper - TATouchBoost/3933@21, type = -999
06-02 07:12:09.310  1433  4352 D InputDispatcher: Inject motion (21582/2000): action=0x1, time=18071101000000, f=0x0, d=0 dsdx=1.000000 dtdx=0.000000
06-02 07:12:09.310  3933  3933 I SemDvfsHyPerManager: acquire hyper - TaskTurbo/3933@22, type = -999
06-02 07:12:09.310  1433  1622 I InputDispatcher: Delivering touch to (19343): action: 0x1, f=0x0, d=0, 'eac7a36', t=1 
06-02 07:12:09.310   887   902 I HYPER-HAL: [RequestManager.cpp]acquire(): Acquired ID : 7819056  [3933 / 21]    HINT :      list : [TABoost / 40] [TIMEOUT / 1500] 
06-02 07:12:09.310   887   902 I HYPER-HAL: [RequestManager.cpp]acquire(): Acquired ID : 7823012  [3933 / 22]    HINT :      list : [TaskTurbo / 15] [TIMEOUT / 1500] 
06-02 07:12:09.310 19343 19343 I VRI[SalesActivity]@3d480d6: ViewPostIme pointer 1
06-02 07:12:09.310 19343 19343 I GestureDetector: obtain mCurrentMotionEventRaw. action: 1 id: -958949837
06-02 07:12:09.310  1433  1465 I GestureDetector: obtain mCurrentMotionEventRaw. action: 1 id: -958949837
06-02 07:12:09.311  1433  1465 I GestureDetector: obtain mCurrentMotionEventRaw. action: 1 id: -958949837
06-02 07:12:09.436  1433  4352 D InputDispatcher: Inject motion (21588/2000): action=0x0, time=18071229000000, f=0x0, d=0 dsdx=1.000000 dtdx=0.000000
06-02 07:12:09.436  1433  1622 I InputDispatcher: Delivering touch to (1924): action: 0x4, f=0x0, d=0, '9339104', t=1 
06-02 07:12:09.436  1433  1622 I InputDispatcher: Delivering touch to (19343): action: 0x0, f=0x0, d=0, 'eac7a36', t=1 
06-02 07:12:09.436 19343 19343 I VRI[SalesActivity]@3d480d6: ViewPostIme pointer 0
06-02 07:12:09.437 19343 19343 I GestureDetector: obtain mCurrentDownEvent. id: -953520035 caller: io.sentry.android.core.internal.gestures.g.a:5 io.sentry.android.core.internal.gestures.g.dispatchTouchEvent:12 com.android.internal.policy.DecorView.dispatchTouchEvent:728 
06-02 07:12:09.437  1433  1465 I GestureDetector: obtain mCurrentDownEvent. id: -953520035 caller: com.android.server.wm.SystemGesturesPointerEventListener.onPointerEvent:17 com.android.server.wm.PointerEventDispatcher.onInputEvent:51 android.view.InputEventReceiver.dispatchInputEvent:392 
06-02 07:12:09.438  1433  1465 I GestureDetector: obtain mCurrentDownEvent. id: -953520035 caller: com.android.server.wm.SystemPerformancePointerEventListener.onPointerEvent:13 com.android.server.wm.PointerEventDispatcher.onInputEvent:51 android.view.InputEventReceiver.dispatchInputEvent:392 
06-02 07:12:09.438  3933  3933 I SemDvfsHyPerManager: acquire hyper - TATouchBoost/3933@21, type = -999
06-02 07:12:09.438  1433  4352 D InputDispatcher: Inject motion (21588/2000): action=0x1, time=18071229000000, f=0x0, d=0 dsdx=1.000000 dtdx=0.000000
06-02 07:12:09.438  3933  3933 I SemDvfsHyPerManager: acquire hyper - TaskTurbo/3933@22, type = -999
06-02 07:12:09.439  1433  1622 I InputDispatcher: Delivering touch to (19343): action: 0x1, f=0x0, d=0, 'eac7a36', t=1 
06-02 07:12:09.439   887   902 I HYPER-HAL: [RequestManager.cpp]acquire(): Acquired ID : 7819056  [3933 / 21]    HINT :      list : [TABoost / 40] [TIMEOUT / 1500] 
06-02 07:12:09.439   887   902 I HYPER-HAL: [RequestManager.cpp]acquire(): Acquired ID : 7823012  [3933 / 22]    HINT :      list : [TaskTurbo / 15] [TIMEOUT / 1500] 
06-02 07:12:09.439 19343 19343 I VRI[SalesActivity]@3d480d6: ViewPostIme pointer 1
06-02 07:12:09.439 19343 19343 I GestureDetector: obtain mCurrentMotionEventRaw. action: 1 id: -1054542846
06-02 07:12:09.440  1433  1465 I GestureDetector: obtain mCurrentMotionEventRaw. action: 1 id: -1054542846
06-02 07:12:09.440  1433  1465 I GestureDetector: obtain mCurrentMotionEventRaw. action: 1 id: -1054542846
06-02 07:12:09.547   876  1253 I hwcomposer: [HWC] (0)fire a callback of refresh to SF[4]  
06-02 07:12:09.566   945   945 I BufferQueueProducer: [FramebufferSurface](this:0xb40000734f0f0370,id:-1,api:1,p:945,c:945) queueBuffer: fps=0.22 dur=4533.33 max=4533.33 min=4533.33
06-02 07:12:09.577  1433  4352 D InputDispatcher: Inject motion (21594/2000): action=0x0, time=18071370000000, f=0x0, d=0 dsdx=1.000000 dtdx=0.000000
06-02 07:12:09.577  1433  1622 I InputDispatcher: Delivering touch to (1924): action: 0x4, f=0x0, d=0, '9339104', t=1 
06-02 07:12:09.577  1433  1622 I InputDispatcher: Delivering touch to (19343): action: 0x0, f=0x0, d=0, 'eac7a36', t=1 
06-02 07:12:09.578  1433  1465 I GestureDetector: obtain mCurrentDownEvent. id: -349779699 caller: com.android.server.wm.SystemGesturesPointerEventListener.onPointerEvent:17 com.android.server.wm.PointerEventDispatcher.onInputEvent:51 android.view.InputEventReceiver.dispatchInputEvent:392 
06-02 07:12:09.578  1433  1465 I GestureDetector: obtain mCurrentDownEvent. id: -349779699 caller: com.android.server.wm.SystemPerformancePointerEventListener.onPointerEvent:13 com.android.server.wm.PointerEventDispatcher.onInputEvent:51 android.view.InputEventReceiver.dispatchInputEvent:392 
06-02 07:12:09.578 19343 19343 I VRI[SalesActivity]@3d480d6: ViewPostIme pointer 0
06-02 07:12:09.579 19343 19343 I GestureDetector: obtain mCurrentDownEvent. id: -349779699 caller: io.sentry.android.core.internal.gestures.g.a:5 io.sentry.android.core.internal.gestures.g.dispatchTouchEvent:12 com.android.internal.policy.DecorView.dispatchTouchEvent:728 
06-02 07:12:09.579  3933  3933 I SemDvfsHyPerManager: acquire hyper - TATouchBoost/3933@21, type = -999
06-02 07:12:09.580  1433  4352 D InputDispatcher: Inject motion (21594/2000): action=0x1, time=18071370000000, f=0x0, d=0 dsdx=1.000000 dtdx=0.000000
06-02 07:12:09.580  3933  3933 I SemDvfsHyPerManager: acquire hyper - TaskTurbo/3933@22, type = -999
06-02 07:12:09.580  1433  1622 I InputDispatcher: Delivering touch to (19343): action: 0x1, f=0x0, d=0, 'eac7a36', t=1 
06-02 07:12:09.580  1433  1465 I GestureDetector: obtain mCurrentMotionEventRaw. action: 1 id: -393191027
06-02 07:12:09.580  1433  1465 I GestureDetector: obtain mCurrentMotionEventRaw. action: 1 id: -393191027
06-02 07:12:09.580 19343 19343 I VRI[SalesActivity]@3d480d6: ViewPostIme pointer 1
06-02 07:12:09.580 19343 19343 I GestureDetector: obtain mCurrentMotionEventRaw. action: 1 id: -393191027
06-02 07:12:09.580   887   902 I HYPER-HAL: [RequestManager.cpp]acquire(): Acquired ID : 7819056  [3933 / 21]    HINT :      list : [TABoost / 40] [TIMEOUT / 1500] 
06-02 07:12:09.581   887   902 I HYPER-HAL: [RequestManager.cpp]acquire(): Acquired ID : 7823012  [3933 / 22]    HINT :      list : [TaskTurbo / 15] [TIMEOUT / 1500] 
06-02 07:12:09.697  1433  4352 D InputDispatcher: Inject motion (21600/2000): action=0x0, time=18071490000000, f=0x0, d=0 dsdx=1.000000 dtdx=0.000000
06-02 07:12:09.698  1433  1622 I InputDispatcher: Delivering touch to (1924): action: 0x4, f=0x0, d=0, '9339104', t=1 
06-02 07:12:09.698  1433  1622 I InputDispatcher: Delivering touch to (19343): action: 0x0, f=0x0, d=0, 'eac7a36', t=1 
06-02 07:12:09.698  1433  1465 I GestureDetector: obtain mCurrentDownEvent. id: -936422364 caller: com.android.server.wm.SystemGesturesPointerEventListener.onPointerEvent:17 com.android.server.wm.PointerEventDispatcher.onInputEvent:51 android.view.InputEventReceiver.dispatchInputEvent:392 
06-02 07:12:09.698 19343 19343 I VRI[SalesActivity]@3d480d6: ViewPostIme pointer 0
06-02 07:12:09.699  1433  1465 I GestureDetector: obtain mCurrentDownEvent. id: -936422364 caller: com.android.server.wm.SystemPerformancePointerEventListener.onPointerEvent:13 com.android.server.wm.PointerEventDispatcher.onInputEvent:51 android.view.InputEventReceiver.dispatchInputEvent:392 
06-02 07:12:09.699 19343 19343 I GestureDetector: obtain mCurrentDownEvent. id: -936422364 caller: io.sentry.android.core.internal.gestures.g.a:5 io.sentry.android.core.internal.gestures.g.dispatchTouchEvent:12 com.android.internal.policy.DecorView.dispatchTouchEvent:728 
06-02 07:12:09.699  3933  3933 I SemDvfsHyPerManager: acquire hyper - TATouchBoost/3933@21, type = -999
06-02 07:12:09.699  3933  3933 I SemDvfsHyPerManager: acquire hyper - TaskTurbo/3933@22, type = -999
06-02 07:12:09.700   887   902 I HYPER-HAL: [RequestManager.cpp]acquire(): Acquired ID : 7819056  [3933 / 21]    HINT :      list : [TABoost / 40] [TIMEOUT / 1500] 
06-02 07:12:09.700   887   902 I HYPER-HAL: [RequestManager.cpp]acquire(): Acquired ID : 7823012  [3933 / 22]    HINT :      list : [TaskTurbo / 15] [TIMEOUT / 1500] 
06-02 07:12:09.700  1433  4352 D InputDispatcher: Inject motion (21600/2000): action=0x1, time=18071490000000, f=0x0, d=0 dsdx=1.000000 dtdx=0.000000
06-02 07:12:09.700  1433  1622 I InputDispatcher: Delivering touch to (19343): action: 0x1, f=0x0, d=0, 'eac7a36', t=1 
06-02 07:12:09.701 19343 19343 I VRI[SalesActivity]@3d480d6: ViewPostIme pointer 1
06-02 07:12:09.701 19343 19343 I GestureDetector: obtain mCurrentMotionEventRaw. action: 1 id: -974907100
06-02 07:12:09.702  1433  1465 I GestureDetector: obtain mCurrentMotionEventRaw. action: 1 id: -974907100
06-02 07:12:09.702  1433  1465 I GestureDetector: obtain mCurrentMotionEventRaw. action: 1 id: -974907100
06-02 07:12:09.741   637   637 D io_stats: !@   8,32 r 10658601 142057976 w 892175 6376304 d 100153 3933756 f 35018 57299 iot 2639336 0 th 0 0 0 pt 0 inp 0 0 18071.534
06-02 07:12:09.742   637   637 D io_stats: !@ Read_top(KB): .lotterynet.pro(19343) 144 id.app.sbrowser(20936) 124 input(21446) 68
06-02 07:12:09.742   637   637 D io_stats: !@ Write_top(KB): .lotterynet.pro(19343) 456 id.app.sbrowser(20936) 172 .gms.persistent(2560) 32
06-02 07:12:09.837  1433  4352 D InputDispatcher: Inject motion (21605/2000): action=0x0, time=18071629000000, f=0x0, d=0 dsdx=1.000000 dtdx=0.000000
06-02 07:12:09.837  1433  1622 I InputDispatcher: Delivering touch to (1924): action: 0x4, f=0x0, d=0, '9339104', t=1 
06-02 07:12:09.838  1433  1622 I InputDispatcher: Delivering touch to (19343): action: 0x0, f=0x0, d=0, 'eac7a36', t=1 
06-02 07:12:09.838 19343 19343 I VRI[SalesActivity]@3d480d6: ViewPostIme pointer 0
06-02 07:12:09.838 19343 19343 I GestureDetector: obtain mCurrentDownEvent. id: -736136326 caller: io.sentry.android.core.internal.gestures.g.a:5 io.sentry.android.core.internal.gestures.g.dispatchTouchEvent:12 com.android.internal.policy.DecorView.dispatchTouchEvent:728 
