--------- beginning of system
06-02 07:12:05.738   637   637 D io_stats: !@   8,32 r 10658533 142057556 w 892119 6375620 d 100153 3933756 f 35016 57295 iot 2639056 0 th 0 0 0 pt 0 inp 0 0 18067.531
06-02 07:12:05.738   637   637 D io_stats: !@ Read_top(KB): roid.apps.turbo(21376) 552 .gms.persistent(2560) 212 sh(21442) 180
06-02 07:12:05.739   637   637 D io_stats: !@ Write_top(KB): kworker/u16:6(17414) 232 .gms.persistent(2560) 16 roid.apps.turbo(21376) 8
--------- beginning of main
06-02 07:12:05.832  1433  2192 D InputDispatcher: Inject motion (21446/2000): action=0x0, time=18067622000000, f=0x0, d=0 dsdx=1.000000 dtdx=0.000000
06-02 07:12:05.835  1433  1622 I InputDispatcher: Delivering touch to (1924): action: 0x4, f=0x0, d=0, '9339104', t=1 
06-02 07:12:05.835  1433  1622 I InputDispatcher: Delivering touch to (19343): action: 0x0, f=0x0, d=0, 'eac7a36', t=1 
06-02 07:12:05.836 19343 19343 I VRI[SalesActivity]@3d480d6: ViewPostIme pointer 0
06-02 07:12:05.836  1433  1622 D PowerManagerService: [api] userActivityFromNative : touch displayId=0 eventTime=18067622
06-02 07:12:05.837 19343 19343 I GestureDetector: obtain mCurrentDownEvent. id: -233330953 caller: io.sentry.android.core.internal.gestures.g.a:5 io.sentry.android.core.internal.gestures.g.dispatchTouchEvent:12 com.android.internal.policy.DecorView.dispatchTouchEvent:728 
06-02 07:12:05.837  1433  1465 I GestureDetector: obtain mCurrentDownEvent. id: -233330953 caller: com.android.server.wm.SystemGesturesPointerEventListener.onPointerEvent:17 com.android.server.wm.PointerEventDispatcher.onInputEvent:51 android.view.InputEventReceiver.dispatchInputEvent:392 
06-02 07:12:05.837  1433  1465 I GestureDetector: obtain mCurrentDownEvent. id: -233330953 caller: com.android.server.wm.SystemPerformancePointerEventListener.onPointerEvent:13 com.android.server.wm.PointerEventDispatcher.onInputEvent:51 android.view.InputEventReceiver.dispatchInputEvent:392 
06-02 07:12:05.838 19343 19343 I VRI[SalesActivity]@3d480d6: call setFrameRateCategory for touch hint category=high hint, reason=touch, vri=VRI[SalesActivity]@3d480d6
06-02 07:12:05.838   870 11872 W AudioALSACaptureDataProviderNormal: readThread, latency_in_s,0.000002,0.019969,0.002830, totalTime 0.022801 > logTimeout 0.022000 TIMEOUT!!
06-02 07:12:05.839  1433  1622 D PowerManagerService: UserActivityStateListenerState: 1
06-02 07:12:05.840  1433  1622 D PowerManagerService: UserActivityState : 4 -> 1 groupId=0
06-02 07:12:05.840  1433  1526 D DisplayPowerController[0]: animateScreenStateChange: target=ON, mIsEnabled=true
06-02 07:12:05.840  1433  1622 D PowerManagerService: displayReady: false groupId=0
06-02 07:12:05.840  3933  3933 I SemDvfsHyPerManager: acquire hyper - TATouchBoost/3933@21, type = -999
06-02 07:12:05.842  1433  2192 D InputDispatcher: Inject motion (21446/2000): action=0x1, time=18067622000000, f=0x0, d=0 dsdx=1.000000 dtdx=0.000000
06-02 07:12:05.843  1433  1622 I InputDispatcher: Delivering touch to (19343): action: 0x1, f=0x0, d=0, 'eac7a36', t=1 
06-02 07:12:05.843 19343 19343 I VRI[SalesActivity]@3d480d6: ViewPostIme pointer 1
06-02 07:12:05.843 19343 19343 I GestureDetector: obtain mCurrentMotionEventRaw. action: 1 id: -154604197
06-02 07:12:05.844  3933  3933 I SemDvfsHyPerManager: acquire hyper - TaskTurbo/3933@22, type = -999
06-02 07:12:05.844  1433  1465 I GestureDetector: obtain mCurrentMotionEventRaw. action: 1 id: -154604197
06-02 07:12:05.844   887   902 I HYPER-HAL: [RequestManager.cpp]acquire(): Acquired ID : 7819056  [3933 / 21]    HINT :      list : [TABoost / 40] [TIMEOUT / 1500] 
06-02 07:12:05.844  1433  1465 I GestureDetector: obtain mCurrentMotionEventRaw. action: 1 id: -154604197
06-02 07:12:05.846  1433  1526 W DisplayPowerController[0]: Animating brightness: target=193(0.76), rate=1.894, reason=manual[193]
06-02 07:12:05.846   945   945 I SurfaceFlinger: [com.lotterynet.pro/com.lotterynet.pro.ui.sales.SalesActivity$_19343#2649] setFrameRateCategory: HighHint
06-02 07:12:05.847   887   902 I HYPER-HAL: [RequestManager.cpp]acquire(): Acquired ID : 7823012  [3933 / 22]    HINT :      list : [TaskTurbo / 15] [TIMEOUT / 1500] 
06-02 07:12:05.847  1433  1433 I MdnieScenarioControlService: action  :  com.samsung.server.PowerManagerService.action.USER_ACTIVITY
06-02 07:12:05.847   887   902 I mtkpower_client: perf_lock_acq, hdl:0, dur:0, num:2, tid:902
06-02 07:12:05.848  1433  1433 D PowerManagerService: [api] setScreenDimDurationOverrideFromSqdInternal: mScreenDimDurationOverrideFromSQD: -1
06-02 07:12:05.849   887   902 I mtkpower_client: ret_hdl:3712
06-02 07:12:05.849  1433  1526 D DisplayManagerService: handleBrightnessAnimation: started=true
06-02 07:12:05.849   895   941 I libPowerHal: [perfLockAcq] idx:0 hdl:3712 hint:-1 pid:887 tid:902 duration:0 lock_user:vendor.samsung. => ret_hdl:3712
06-02 07:12:05.849  1433  1526 I RefreshRateTokenController: Adding refreshRateToken={ RefreshRateToken[->PassiveModeToken:BrightnessAnim, acquire at 18067642 (now)}, caller=com.android.server.display.mode.RefreshRateController.createPassiveModeToken:33 com.android.server.display.DisplayManagerService$$ExternalSyntheticLambda1.accept:365 com.android.server.display.DisplayPowerController.animateScreenBrightness:263 com.android.server.display.DisplayPowerController.updatePowerStateInternal:2573 com.android.server.display.DisplayPowerController.updatePowerState:9 
06-02 07:12:05.849   895   941 I libPowerHal: [PE] vendor.samsung. update cmd:300c000, param:15
06-02 07:12:05.853 19343 19343 I View    : setRequestedFrameRate frameRate=NaN, this=androidx.compose.ui.platform.AndroidComposeView{d024ee5 VFED..... ........ 0,0-1080,2340 aid=1073741824}, caller=android.view.ViewGroup.setRequestedFrameRate:9952 fr.a:1 androidx.compose.ui.platform.AndroidComposeView.dispatchDraw:100 android.view.View.draw:26345 android.view.View.updateDisplayListIfDirty:25175 
06-02 07:12:05.853  1433  1526 D DisplayPowerController[0]: saveBrightnessInfo: brt:0.75686276 adjBrt:0.75686276 min:0.0 max:1.0 hbm:0 tp:1.0 throttler:0 isAnimating:true
06-02 07:12:05.853 19343 19343 I View    : setRequestedFrameRate frameRate=NaN, this=android.view.View{857b6a5 V.ED..... ........ 0,0-0,0}, caller=fr.a:1 androidx.compose.ui.platform.AndroidComposeView.dispatchDraw:109 android.view.View.draw:26345 android.view.View.updateDisplayListIfDirty:25175 android.view.ViewGroup.recreateChildDisplayList:4794 
06-02 07:12:05.853  1433  1526 V DisplayPowerController[0]: Brightness [0.75686276] reason changing to: 'manual', previous reason: 'manual [ dim ]'.
06-02 07:12:05.853  1433  1526 I DisplayPowerController[0]: BrightnessEvent: brt=0.75686276 (95.0%), nits= 293.004, lux=-1.0, reason=manual, strat=FallbackBrightnessStrategy, state=ON, stateReason=KEY, policy=BRIGHT, flags=, initBrt=0.047058824, rcmdBrt=NaN, preBrt=NaN, preLux=0.0, wasShortTermModelActive=false, autoBrightness=false (default), unclampedBrt=0.75686276, hbmMax=1.0, hbmMode=off, thrmMax=1.0, rbcStrength=-1, powerFactor=1.0, physDisp=Pantalla integrada(local:4627039422300187648), logicalId=0, slowChange=false, rampSpeed=1.8941176
06-02 07:12:05.854  1433  1526 D PowerManagerService: displayReady: true groupId=0
06-02 07:12:05.854  1433  1467 D BrightnessSynchronizer: onDisplayChanged() : displayId=0
06-02 07:12:05.854  1433  1467 D BrightnessSynchronizer: updateScreenBrightness: displayId=0 type=2 mPreferredSettingValue=0.75686276(193) currentBrightnessInt=193 currentBrightnessIntFromFloat=193(0.75686276)
06-02 07:12:05.856  1924  1924 D SecBrightnessController: updateSlider() - BrightnessDialog resetTimer()
06-02 07:12:05.858  1433  1853 D BrightnessHandler: inject brightness = 17.0, Brightness: 0.06551092
06-02 07:12:05.858  1924  1924 D SecBrightnessController: updateSlider() - BrightnessDialog resetTimer()
06-02 07:12:05.859   880   880 I SensorsHub: LightSensor::injectSensorData: brightness 17
06-02 07:12:05.860  1433  1853 D BrightnessHandler: inject brightness = 17.0, Brightness: 0.06551092
06-02 07:12:05.861   880   880 I SensorsHub: LightSensor::injectSensorData: brightness 17
06-02 07:12:05.862   891   891 I SehLight: lcd : 17+
06-02 07:12:05.869   891   891 I SehLight: lcd : 17-
06-02 07:12:05.871  1433  1853 D BrightnessHandler: inject brightness = 22.0, Brightness: 0.08654699
06-02 07:12:05.872   880   880 I SensorsHub: LightSensor::injectSensorData: brightness 22
06-02 07:12:05.874  1433  1853 D BrightnessHandler: inject brightness = 22.0, Brightness: 0.08654699
06-02 07:12:05.875   880   880 I SensorsHub: LightSensor::injectSensorData: brightness 22
06-02 07:12:05.875   891   891 I SehLight: lcd : 22+
06-02 07:12:05.881   891   891 I SehLight: lcd : 22-
06-02 07:12:05.882  1433  1853 D BrightnessHandler: inject brightness = 27.0, Brightness: 0.10767893
06-02 07:12:05.884   880   880 I SensorsHub: LightSensor::injectSensorData: brightness 27
06-02 07:12:05.885  1433  1853 D BrightnessHandler: inject brightness = 27.0, Brightness: 0.10767893
06-02 07:12:05.886   880   880 I SensorsHub: LightSensor::injectSensorData: brightness 27
06-02 07:12:05.887   891   891 I SehLight: lcd : 27+
06-02 07:12:05.891   891   891 I SehLight: lcd : 27-
06-02 07:12:05.892  1433  1853 D BrightnessHandler: inject brightness = 33.0, Brightness: 0.128715
06-02 07:12:05.893   880   880 I SensorsHub: LightSensor::injectSensorData: brightness 33
06-02 07:12:05.894  1433  1853 D BrightnessHandler: inject brightness = 33.0, Brightness: 0.128715
06-02 07:12:05.895   870 11872 W AudioALSACaptureDataProviderNormal: readThread, latency_in_s,0.000001,0.039628,0.000043, totalTime 0.039673 > logTimeout 0.022000 TIMEOUT!!
06-02 07:12:05.895   880   880 I SensorsHub: LightSensor::injectSensorData: brightness 33
06-02 07:12:05.896   891   891 I SehLight: lcd : 33+
06-02 07:12:05.903   891   891 I SehLight: lcd : 33-
06-02 07:12:05.904  1433  1853 D BrightnessHandler: inject brightness = 38.0, Brightness: 0.14981355
06-02 07:12:05.905   880   880 I SensorsHub: LightSensor::injectSensorData: brightness 38
06-02 07:12:05.906  1433  1853 D BrightnessHandler: inject brightness = 38.0, Brightness: 0.14981355
06-02 07:12:05.906   880   880 I SensorsHub: LightSensor::injectSensorData: brightness 38
06-02 07:12:05.907   891   891 I SehLight: lcd : 38+
06-02 07:12:05.913   891   891 I SehLight: lcd : 38-
06-02 07:12:05.914  1433  1853 D BrightnessHandler: inject brightness = 44.0, Brightness: 0.17084962
06-02 07:12:05.915   880   880 I SensorsHub: LightSensor::injectSensorData: brightness 44
06-02 07:12:05.917  1433  1853 D BrightnessHandler: inject brightness = 44.0, Brightness: 0.17084962
06-02 07:12:05.918   880   880 I SensorsHub: LightSensor::injectSensorData: brightness 44
06-02 07:12:05.919   891   891 I SehLight: lcd : 44+
06-02 07:12:05.925   891   891 I SehLight: lcd : 44-
06-02 07:12:05.927  1433  1853 D BrightnessHandler: inject brightness = 49.0, Brightness: 0.19196758
06-02 07:12:05.928   880   880 I SensorsHub: LightSensor::injectSensorData: brightness 49
06-02 07:12:05.929  1433  1853 D BrightnessHandler: inject brightness = 49.0, Brightness: 0.19196758
06-02 07:12:05.930   880   880 I SensorsHub: LightSensor::injectSensorData: brightness 49
06-02 07:12:05.931   891   891 I SehLight: lcd : 49+
06-02 07:12:05.936   891   891 I SehLight: lcd : 49-
06-02 07:12:05.936  1433  1853 D BrightnessHandler: inject brightness = 54.0, Brightness: 0.21301942
06-02 07:12:05.937   880   880 I SensorsHub: LightSensor::injectSensorData: brightness 54
06-02 07:12:05.939  1433  1853 D BrightnessHandler: inject brightness = 54.0, Brightness: 0.21301942
06-02 07:12:05.939   880   880 I SensorsHub: LightSensor::injectSensorData: brightness 54
06-02 07:12:05.940   891   891 I SehLight: lcd : 54+
06-02 07:12:05.942 19343 19343 I View    : setRequestedFrameRate frameRate=NaN, this=androidx.compose.ui.platform.AndroidComposeView{d024ee5 VFED..... ........ 0,0-1080,2340 aid=1073741824}, caller=android.view.ViewGroup.setRequestedFrameRate:9952 fr.a:1 androidx.compose.ui.platform.AndroidComposeView.dispatchDraw:100 android.view.View.draw:26345 android.view.View.updateDisplayListIfDirty:25175 
06-02 07:12:05.942 19343 19343 I View    : setRequestedFrameRate frameRate=NaN, this=android.view.View{857b6a5 V.ED..... ........ 0,0-0,0}, caller=fr.a:1 androidx.compose.ui.platform.AndroidComposeView.dispatchDraw:109 android.view.View.draw:26345 android.view.View.updateDisplayListIfDirty:25175 android.view.ViewGroup.recreateChildDisplayList:4794 
06-02 07:12:05.946   891   891 I SehLight: lcd : 54-
06-02 07:12:05.947  1433  1853 D BrightnessHandler: inject brightness = 60.0, Brightness: 0.23417917
06-02 07:12:05.947   880   880 I SensorsHub: LightSensor::injectSensorData: brightness 60
06-02 07:12:05.949  1433  1853 D BrightnessHandler: inject brightness = 60.0, Brightness: 0.23417917
06-02 07:12:05.949   880   880 I SensorsHub: LightSensor::injectSensorData: brightness 60
06-02 07:12:05.950   891   891 I SehLight: lcd : 60+
06-02 07:12:05.958   891   891 I SehLight: lcd : 60-
06-02 07:12:05.961  1433  1853 D BrightnessHandler: inject brightness = 65.0, Brightness: 0.25521523
06-02 07:12:05.961   880   880 I SensorsHub: LightSensor::injectSensorData: brightness 65
06-02 07:12:05.963  1433  1853 D BrightnessHandler: inject brightness = 65.0, Brightness: 0.25521523
06-02 07:12:05.963   880   880 I SensorsHub: LightSensor::injectSensorData: brightness 65
06-02 07:12:05.964   891   891 I SehLight: lcd : 65+
06-02 07:12:05.969   891   891 I SehLight: lcd : 65-
06-02 07:12:05.969  1433  1853 D BrightnessHandler: inject brightness = 70.0, Brightness: 0.2762815
06-02 07:12:05.970   880   880 I SensorsHub: LightSensor::injectSensorData: brightness 70
06-02 07:12:05.971  1433  1853 D BrightnessHandler: inject brightness = 70.0, Brightness: 0.2762815
06-02 07:12:05.972   880   880 I SensorsHub: LightSensor::injectSensorData: brightness 70
06-02 07:12:05.972   891   891 I SehLight: lcd : 70+
06-02 07:12:05.979   945   945 I BufferQueueProducer: [com.lotterynet.pro/com.lotterynet.pro.ui.sales.SalesActivity$_19343#2649](this:0xb40000731b10ae38,id:-1,api:0,p:-1,c:945) queueBuffer: fps=9.91 dur=1009.40 max=898.54 min=10.54
06-02 07:12:05.980   891   891 I SehLight: lcd : 70-
06-02 07:12:05.980  1433  1853 D BrightnessHandler: inject brightness = 76.0, Brightness: 0.29760984
06-02 07:12:05.980   876   876 I hwcomposer: [HWCDisplay] [Display_0 (type:1, mode:2)] fps:10.941539,dur:1005.34,max:837.81,min:10.17  
06-02 07:12:05.980   880   880 I SensorsHub: LightSensor::injectSensorData: brightness 76
06-02 07:12:05.981  1433  1853 D BrightnessHandler: inject brightness = 76.0, Brightness: 0.29760984
06-02 07:12:05.982   880   880 I SensorsHub: LightSensor::injectSensorData: brightness 76
06-02 07:12:05.983   891   891 I SehLight: lcd : 76+
06-02 07:12:05.991   891   891 I SehLight: lcd : 76-
06-02 07:12:05.992  1433  1853 D BrightnessHandler: inject brightness = 81.0, Brightness: 0.31862932
06-02 07:12:05.992   880   880 I SensorsHub: LightSensor::injectSensorData: brightness 81
06-02 07:12:05.994  1433  1853 D BrightnessHandler: inject brightness = 81.0, Brightness: 0.31862932
06-02 07:12:05.994   880   880 I SensorsHub: LightSensor::injectSensorData: brightness 81
06-02 07:12:05.995   870 11872 W AudioALSACaptureDataProviderNormal: readThread, latency_in_s,0.000001,0.040069,0.000042, totalTime 0.040113 > logTimeout 0.022000 TIMEOUT!!
06-02 07:12:05.995   891   891 I SehLight: lcd : 81+
06-02 07:12:06.002   891   891 I SehLight: lcd : 81-
06-02 07:12:06.003  1433  1853 D BrightnessHandler: inject brightness = 87.0, Brightness: 0.33961347
06-02 07:12:06.003   880   880 I SensorsHub: LightSensor::injectSensorData: brightness 87
06-02 07:12:06.004  1433  1853 D BrightnessHandler: inject brightness = 87.0, Brightness: 0.33961347
06-02 07:12:06.004   880   880 I SensorsHub: LightSensor::injectSensorData: brightness 87
06-02 07:12:06.004  1433  2192 D InputDispatcher: Inject motion (21453/2000): action=0x0, time=18067797000000, f=0x0, d=0 dsdx=1.000000 dtdx=0.000000
06-02 07:12:06.005  1433  1622 I InputDispatcher: Delivering touch to (1924): action: 0x4, f=0x0, d=0, '9339104', t=1 
06-02 07:12:06.005  1433  1622 I InputDispatcher: Delivering touch to (19343): action: 0x0, f=0x0, d=0, 'eac7a36', t=1 
06-02 07:12:06.005   891   891 I SehLight: lcd : 87+
06-02 07:12:06.005  1433  1465 I GestureDetector: obtain mCurrentDownEvent. id: -5245308 caller: com.android.server.wm.SystemGesturesPointerEventListener.onPointerEvent:17 com.android.server.wm.PointerEventDispatcher.onInputEvent:51 android.view.InputEventReceiver.dispatchInputEvent:392 
06-02 07:12:06.005  1433  1465 I GestureDetector: obtain mCurrentDownEvent. id: -5245308 caller: com.android.server.wm.SystemPerformancePointerEventListener.onPointerEvent:13 com.android.server.wm.PointerEventDispatcher.onInputEvent:51 android.view.InputEventReceiver.dispatchInputEvent:392 
06-02 07:12:06.006 19343 19343 I VRI[SalesActivity]@3d480d6: ViewPostIme pointer 0
06-02 07:12:06.006 19343 19343 I GestureDetector: obtain mCurrentDownEvent. id: -5245308 caller: io.sentry.android.core.internal.gestures.g.a:5 io.sentry.android.core.internal.gestures.g.dispatchTouchEvent:12 com.android.internal.policy.DecorView.dispatchTouchEvent:728 
06-02 07:12:06.006  3933  3933 I SemDvfsHyPerManager: acquire hyper - TATouchBoost/3933@21, type = -999
06-02 07:12:06.007  3933  3933 I SemDvfsHyPerManager: acquire hyper - TaskTurbo/3933@22, type = -999
06-02 07:12:06.007  1433  2192 D InputDispatcher: Inject motion (21453/2000): action=0x1, time=18067797000000, f=0x0, d=0 dsdx=1.000000 dtdx=0.000000
06-02 07:12:06.007   887   902 I HYPER-HAL: [RequestManager.cpp]acquire(): Acquired ID : 7819056  [3933 / 21]    HINT :      list : [TABoost / 40] [TIMEOUT / 1500] 
06-02 07:12:06.007   887   902 I HYPER-HAL: [RequestManager.cpp]acquire(): Acquired ID : 7823012  [3933 / 22]    HINT :      list : [TaskTurbo / 15] [TIMEOUT / 1500] 
06-02 07:12:06.007  1433  1622 I InputDispatcher: Delivering touch to (19343): action: 0x1, f=0x0, d=0, 'eac7a36', t=1 
06-02 07:12:06.008  1433  1465 I GestureDetector: obtain mCurrentMotionEventRaw. action: 1 id: -77825091
06-02 07:12:06.008 19343 19343 I VRI[SalesActivity]@3d480d6: ViewPostIme pointer 1
06-02 07:12:06.008 19343 19343 I GestureDetector: obtain mCurrentMotionEventRaw. action: 1 id: -77825091
06-02 07:12:06.008  1433  1465 I GestureDetector: obtain mCurrentMotionEventRaw. action: 1 id: -77825091
06-02 07:12:06.013   891   891 I SehLight: lcd : 87-
06-02 07:12:06.014  1433  1853 D BrightnessHandler: inject brightness = 92.0, Brightness: 0.3606479
06-02 07:12:06.015   880   880 I SensorsHub: LightSensor::injectSensorData: brightness 92
06-02 07:12:06.016  1433  1853 D BrightnessHandler: inject brightness = 92.0, Brightness: 0.3606479
06-02 07:12:06.016   880   880 I SensorsHub: LightSensor::injectSensorData: brightness 92
06-02 07:12:06.017   891   891 I SehLight: lcd : 92+
06-02 07:12:06.020 19343 19343 I View    : setRequestedFrameRate frameRate=NaN, this=androidx.compose.ui.platform.AndroidComposeView{d024ee5 VFED..... ........ 0,0-1080,2340 aid=1073741824}, caller=android.view.ViewGroup.setRequestedFrameRate:9952 fr.a:1 androidx.compose.ui.platform.AndroidComposeView.dispatchDraw:100 android.view.View.draw:26345 android.view.View.updateDisplayListIfDirty:25175 
06-02 07:12:06.020 19343 19343 I View    : setRequestedFrameRate frameRate=NaN, this=android.view.View{857b6a5 V.ED..... ........ 0,0-0,0}, caller=fr.a:1 androidx.compose.ui.platform.AndroidComposeView.dispatchDraw:109 android.view.View.draw:26345 android.view.View.updateDisplayListIfDirty:25175 android.view.ViewGroup.recreateChildDisplayList:4794 
06-02 07:12:06.025   891   891 I SehLight: lcd : 92-
06-02 07:12:06.026  1433  1853 D BrightnessHandler: inject brightness = 97.0, Brightness: 0.38170424
06-02 07:12:06.027   880   880 I SensorsHub: LightSensor::injectSensorData: brightness 97
06-02 07:12:06.028  1433  1853 D BrightnessHandler: inject brightness = 97.0, Brightness: 0.38170424
06-02 07:12:06.028   880   880 I SensorsHub: LightSensor::injectSensorData: brightness 97
06-02 07:12:06.030   891   891 I SehLight: lcd : 97+
06-02 07:12:06.035   891   891 I SehLight: lcd : 97-
06-02 07:12:06.036  1433  1853 D BrightnessHandler: inject brightness = 103.0, Brightness: 0.40272057
06-02 07:12:06.037   880   880 I SensorsHub: LightSensor::injectSensorData: brightness 103
06-02 07:12:06.038  1433  1853 D BrightnessHandler: inject brightness = 103.0, Brightness: 0.40272057
06-02 07:12:06.039   880   880 I SensorsHub: LightSensor::injectSensorData: brightness 103
06-02 07:12:06.040   891   891 I SehLight: lcd : 103+
06-02 07:12:06.047   891   891 I SehLight: lcd : 103-
06-02 07:12:06.048  1433  1853 D BrightnessHandler: inject brightness = 108.0, Brightness: 0.42379785
06-02 07:12:06.049   880   880 I SensorsHub: LightSensor::injectSensorData: brightness 108
06-02 07:12:06.049  1433  1853 D BrightnessHandler: inject brightness = 108.0, Brightness: 0.42379785
06-02 07:12:06.050   880   880 I SensorsHub: LightSensor::injectSensorData: brightness 108
06-02 07:12:06.051   891   891 I SehLight: lcd : 108+
06-02 07:12:06.058   891   891 I SehLight: lcd : 108-
06-02 07:12:06.059  1433  1853 D BrightnessHandler: inject brightness = 113.0, Brightness: 0.44484136
06-02 07:12:06.060   880   880 I SensorsHub: LightSensor::injectSensorData: brightness 113
06-02 07:12:06.061  1433  1853 D BrightnessHandler: inject brightness = 113.0, Brightness: 0.44484136
06-02 07:12:06.062   880   880 I SensorsHub: LightSensor::injectSensorData: brightness 113
06-02 07:12:06.062   891   891 I SehLight: lcd : 113+
06-02 07:12:06.069   891   891 I SehLight: lcd : 113-
06-02 07:12:06.071  1433  1853 D BrightnessHandler: inject brightness = 119.0, Brightness: 0.46584553
06-02 07:12:06.071 19343 19343 I View    : setRequestedFrameRate frameRate=NaN, this=androidx.compose.ui.platform.AndroidComposeView{d024ee5 VFED..... ........ 0,0-1080,2340 aid=1073741824}, caller=android.view.ViewGroup.setRequestedFrameRate:9952 fr.a:1 androidx.compose.ui.platform.AndroidComposeView.dispatchDraw:100 android.view.View.draw:26345 android.view.View.updateDisplayListIfDirty:25175 
06-02 07:12:06.071 19343 19343 I View    : setRequestedFrameRate frameRate=NaN, this=android.view.View{857b6a5 V.ED..... ........ 0,0-0,0}, caller=fr.a:1 androidx.compose.ui.platform.AndroidComposeView.dispatchDraw:109 android.view.View.draw:26345 android.view.View.updateDisplayListIfDirty:25175 android.view.ViewGroup.recreateChildDisplayList:4794 
06-02 07:12:06.073   880   880 I SensorsHub: LightSensor::injectSensorData: brightness 119
06-02 07:12:06.073  1433  1853 D BrightnessHandler: inject brightness = 119.0, Brightness: 0.46584553
06-02 07:12:06.074   880   880 I SensorsHub: LightSensor::injectSensorData: brightness 119
06-02 07:12:06.075   891   891 I SehLight: lcd : 119+
06-02 07:12:06.080   891   891 I SehLight: lcd : 119-
06-02 07:12:06.081  1433  1853 D BrightnessHandler: inject brightness = 124.0, Brightness: 0.4868451
06-02 07:12:06.082   880   880 I SensorsHub: LightSensor::injectSensorData: brightness 124
06-02 07:12:06.083  1433  1853 D BrightnessHandler: inject brightness = 124.0, Brightness: 0.4868451
06-02 07:12:06.084   880   880 I SensorsHub: LightSensor::injectSensorData: brightness 124
06-02 07:12:06.084   891   891 I SehLight: lcd : 124+
06-02 07:12:06.091   891   891 I SehLight: lcd : 124-
06-02 07:12:06.092  1433  1853 D BrightnessHandler: inject brightness = 130.0, Brightness: 0.5078647
06-02 07:12:06.093   880   880 I SensorsHub: LightSensor::injectSensorData: brightness 130
06-02 07:12:06.094  1433  1853 D BrightnessHandler: inject brightness = 130.0, Brightness: 0.5078647
06-02 07:12:06.095   880   880 I SensorsHub: LightSensor::injectSensorData: brightness 130
06-02 07:12:06.096   891   891 I SehLight: lcd : 130+
06-02 07:12:06.102   891   891 I SehLight: lcd : 130-
06-02 07:12:06.103  1433  1853 D BrightnessHandler: inject brightness = 135.0, Brightness: 0.52883875
06-02 07:12:06.104   880   880 I SensorsHub: LightSensor::injectSensorData: brightness 135
06-02 07:12:06.105  1433  1853 D BrightnessHandler: inject brightness = 135.0, Brightness: 0.52883875
06-02 07:12:06.105   880   880 I SensorsHub: LightSensor::injectSensorData: brightness 135
06-02 07:12:06.106   891   891 I SehLight: lcd : 135+
06-02 07:12:06.107  1433  3155 D SemWifiUsabilityStatsMonitor: onWifiUsabilityStats - seqNum 5845, isSameBssidAndFreq true
06-02 07:12:06.108  1433  1804 I SemWifiLinkQualityMonitor: Link stat: 0 / 0 / 1.00 (11) / 433 / -46.0 || 100.0 : 433.00 / 0.5 : 1.00 / 0.55 : 0.30 / G (G) || e31f063a5745: 0.121 / 65.934 / D || N N / 0 0 / Y 2.0 / Y X 0 / 18067900 0 || Invalid
06-02 07:12:06.113   891   891 I SehLight: lcd : 135-
06-02 07:12:06.114  1433  1853 D BrightnessHandler: inject brightness = 140.0, Brightness: 0.54976726
06-02 07:12:06.115   880   880 I SensorsHub: LightSensor::injectSensorData: brightness 140
06-02 07:12:06.117  1433  1853 D BrightnessHandler: inject brightness = 140.0, Brightness: 0.54976726
06-02 07:12:06.118   880   880 I SensorsHub: LightSensor::injectSensorData: brightness 140
06-02 07:12:06.118   891   891 I SehLight: lcd : 140+
06-02 07:12:06.125   891   891 I SehLight: lcd : 140-
06-02 07:12:06.127  1433  1853 D BrightnessHandler: inject brightness = 145.0, Brightness: 0.57045895
06-02 07:12:06.127   880   880 I SensorsHub: LightSensor::injectSensorData: brightness 145
06-02 07:12:06.128  1433  1853 D BrightnessHandler: inject brightness = 145.0, Brightness: 0.57045895
06-02 07:12:06.128   880   880 I SensorsHub: LightSensor::injectSensorData: brightness 145
06-02 07:12:06.129   891   891 I SehLight: lcd : 145+
06-02 07:12:06.135   891   891 I SehLight: lcd : 145-
06-02 07:12:06.136  1433  1853 D BrightnessHandler: inject brightness = 151.0, Brightness: 0.59165895
06-02 07:12:06.137   880   880 I SensorsHub: LightSensor::injectSensorData: brightness 151
06-02 07:12:06.138  1433  1853 D BrightnessHandler: inject brightness = 151.0, Brightness: 0.59165895
06-02 07:12:06.139   880   880 I SensorsHub: LightSensor::injectSensorData: brightness 151
06-02 07:12:06.140   891   891 I SehLight: lcd : 151+
06-02 07:12:06.147   891   891 I SehLight: lcd : 151-
06-02 07:12:06.148  1433  1853 D BrightnessHandler: inject brightness = 156.0, Brightness: 0.6130158
06-02 07:12:06.149   880   880 I SensorsHub: LightSensor::injectSensorData: brightness 156
06-02 07:12:06.150  1433  1853 D BrightnessHandler: inject brightness = 156.0, Brightness: 0.6130158
06-02 07:12:06.151   880   880 I SensorsHub: LightSensor::injectSensorData: brightness 156
06-02 07:12:06.152   891   891 I SehLight: lcd : 156+
06-02 07:12:06.158   891   891 I SehLight: lcd : 156-
06-02 07:12:06.159  1433  1853 D BrightnessHandler: inject brightness = 162.0, Brightness: 0.6339779
06-02 07:12:06.160   880   880 I SensorsHub: LightSensor::injectSensorData: brightness 162
06-02 07:12:06.162  1433  1853 D BrightnessHandler: inject brightness = 162.0, Brightness: 0.6339779
06-02 07:12:06.162   880   880 I SensorsHub: LightSensor::injectSensorData: brightness 162
06-02 07:12:06.163   891   891 I SehLight: lcd : 162+
06-02 07:12:06.168   891   891 I SehLight: lcd : 162-
06-02 07:12:06.170  1433  1853 D BrightnessHandler: inject brightness = 167.0, Brightness: 0.65523165
06-02 07:12:06.170   880   880 I SensorsHub: LightSensor::injectSensorData: brightness 167
06-02 07:12:06.171  1433  1853 D BrightnessHandler: inject brightness = 167.0, Brightness: 0.65523165
06-02 07:12:06.172   880   880 I SensorsHub: LightSensor::injectSensorData: brightness 167
06-02 07:12:06.172   891   891 I SehLight: lcd : 167+
06-02 07:12:06.180   891   891 I SehLight: lcd : 167-
06-02 07:12:06.181  1433  1853 D BrightnessHandler: inject brightness = 172.0, Brightness: 0.6761726
06-02 07:12:06.181   880   880 I SensorsHub: LightSensor::injectSensorData: brightness 172
06-02 07:12:06.183  1433  1853 D BrightnessHandler: inject brightness = 172.0, Brightness: 0.6761726
06-02 07:12:06.183   880   880 I SensorsHub: LightSensor::injectSensorData: brightness 172
06-02 07:12:06.184   891   891 I SehLight: lcd : 172+
06-02 07:12:06.191   891   891 I SehLight: lcd : 172-
06-02 07:12:06.194  1433  1853 D BrightnessHandler: inject brightness = 178.0, Brightness: 0.69724804
06-02 07:12:06.195   880   880 I SensorsHub: LightSensor::injectSensorData: brightness 178
06-02 07:12:06.196  1433  1853 D BrightnessHandler: inject brightness = 178.0, Brightness: 0.69724804
06-02 07:12:06.197   880   880 I SensorsHub: LightSensor::injectSensorData: brightness 178
06-02 07:12:06.198   891   891 I SehLight: lcd : 178+
06-02 07:12:06.202   891   891 I SehLight: lcd : 178-
06-02 07:12:06.205  1433  1853 D BrightnessHandler: inject brightness = 183.0, Brightness: 0.71820754
06-02 07:12:06.206   880   880 I SensorsHub: LightSensor::injectSensorData: brightness 183
06-02 07:12:06.208  1433  1853 D BrightnessHandler: inject brightness = 183.0, Brightness: 0.71820754
06-02 07:12:06.209   880   880 I SensorsHub: LightSensor::injectSensorData: brightness 183
06-02 07:12:06.211   891   891 I SehLight: lcd : 183+
06-02 07:12:06.213   891   891 I SehLight: lcd : 183-
06-02 07:12:06.215  1433  1853 D BrightnessHandler: inject brightness = 188.0, Brightness: 0.7391586
06-02 07:12:06.215   880   880 I SensorsHub: LightSensor::injectSensorData: brightness 188
06-02 07:12:06.216  1433  1853 D BrightnessHandler: inject brightness = 188.0, Brightness: 0.7391586
06-02 07:12:06.217   880   880 I SensorsHub: LightSensor::injectSensorData: brightness 188
06-02 07:12:06.218   891   891 I SehLight: lcd : 188+
06-02 07:12:06.224  1433  1526 D DisplayPowerController[0]: animateScreenStateChange: target=ON, mIsEnabled=true
06-02 07:12:06.224   891   891 I SehLight: lcd : 188-
06-02 07:12:06.224  1433  1526 D DisplayPowerController[0]: saveBrightnessInfo: brt:0.75686276 adjBrt:0.75686276 min:0.0 max:1.0 hbm:0 tp:1.0 throttler:0 isAnimating:false
06-02 07:12:06.224  1433  1853 D BrightnessHandler: inject brightness = 193.0, Brightness: 0.75686276
06-02 07:12:06.225   880   880 I SensorsHub: LightSensor::injectSensorData: brightness 193
06-02 07:12:06.226  1433  1853 D BrightnessHandler: inject brightness = 193.0, Brightness: 0.75686276
06-02 07:12:06.227   880   880 I SensorsHub: LightSensor::injectSensorData: brightness 193
06-02 07:12:06.228   891   891 I SehLight: lcd : 193+
06-02 07:12:06.228  1433  1467 D BrightnessSynchronizer: onDisplayChanged() : displayId=0
06-02 07:12:06.228  1433  1467 D BrightnessSynchronizer: updateScreenBrightness: displayId=0 type=2 mPreferredSettingValue=0.75686276(193) currentBrightnessInt=193 currentBrightnessIntFromFloat=193(0.75686276)
06-02 07:12:06.230  1924  1924 D SecBrightnessController: updateSlider() - BrightnessDialog resetTimer()
06-02 07:12:06.230  1924  1924 D SecBrightnessController: updateSlider() - BrightnessDialog resetTimer()
06-02 07:12:06.235   891   891 I SehLight: lcd : 193-
06-02 07:12:06.251  1433  2192 D InputDispatcher: Inject motion (21458/2000): action=0x0, time=18068044000000, f=0x0, d=0 dsdx=1.000000 dtdx=0.000000
06-02 07:12:06.252  1433  1622 I InputDispatcher: Delivering touch to (1924): action: 0x4, f=0x0, d=0, '9339104', t=1 
06-02 07:12:06.252  1433  1622 I InputDispatcher: Delivering touch to (19343): action: 0x0, f=0x0, d=0, 'eac7a36', t=1 
06-02 07:12:06.252 19343 19343 I VRI[SalesActivity]@3d480d6: ViewPostIme pointer 0
06-02 07:12:06.252  1433  1465 I GestureDetector: obtain mCurrentDownEvent. id: -155148876 caller: com.android.server.wm.SystemGesturesPointerEventListener.onPointerEvent:17 com.android.server.wm.PointerEventDispatcher.onInputEvent:51 android.view.InputEventReceiver.dispatchInputEvent:392 
06-02 07:12:06.252 19343 19343 I GestureDetector: obtain mCurrentDownEvent. id: -155148876 caller: io.sentry.android.core.internal.gestures.g.a:5 io.sentry.android.core.internal.gestures.g.dispatchTouchEvent:12 com.android.internal.policy.DecorView.dispatchTouchEvent:728 
06-02 07:12:06.253  1433  1465 I GestureDetector: obtain mCurrentDownEvent. id: -155148876 caller: com.android.server.wm.SystemPerformancePointerEventListener.onPointerEvent:13 com.android.server.wm.PointerEventDispatcher.onInputEvent:51 android.view.InputEventReceiver.dispatchInputEvent:392 
06-02 07:12:06.253  3933  3933 I SemDvfsHyPerManager: acquire hyper - TATouchBoost/3933@21, type = -999
06-02 07:12:06.253  3933  3933 I SemDvfsHyPerManager: acquire hyper - TaskTurbo/3933@22, type = -999
06-02 07:12:06.253  1433  2192 D InputDispatcher: Inject motion (21458/2000): action=0x1, time=18068044000000, f=0x0, d=0 dsdx=1.000000 dtdx=0.000000
06-02 07:12:06.253  1433  1622 I InputDispatcher: Delivering touch to (19343): action: 0x1, f=0x0, d=0, 'eac7a36', t=1 
06-02 07:12:06.253 19343 19343 I VRI[SalesActivity]@3d480d6: ViewPostIme pointer 1
06-02 07:12:06.253 19343 19343 I GestureDetector: obtain mCurrentMotionEventRaw. action: 1 id: -177225688
06-02 07:12:06.253  1433  1465 I GestureDetector: obtain mCurrentMotionEventRaw. action: 1 id: -177225688
06-02 07:12:06.254  1433  1465 I GestureDetector: obtain mCurrentMotionEventRaw. action: 1 id: -177225688
06-02 07:12:06.254   887   902 I HYPER-HAL: [RequestManager.cpp]acquire(): Acquired ID : 7819056  [3933 / 21]    HINT :      list : [TABoost / 40] [TIMEOUT / 1500] 
06-02 07:12:06.254   887   902 I HYPER-HAL: [RequestManager.cpp]acquire(): Acquired ID : 7823012  [3933 / 22]    HINT :      list : [TaskTurbo / 15] [TIMEOUT / 1500] 
06-02 07:12:06.263 19343 19343 I View    : setRequestedFrameRate frameRate=NaN, this=androidx.compose.ui.platform.AndroidComposeView{d024ee5 VFED..... ........ 0,0-1080,2340 aid=1073741824}, caller=android.view.ViewGroup.setRequestedFrameRate:9952 fr.a:1 androidx.compose.ui.platform.AndroidComposeView.dispatchDraw:100 android.view.View.draw:26345 android.view.View.updateDisplayListIfDirty:25175 
06-02 07:12:06.263 19343 19343 I View    : setRequestedFrameRate frameRate=-4.0, this=android.view.View{857b6a5 V.ED..... ........ 0,0-0,0}, caller=fr.a:1 androidx.compose.ui.platform.AndroidComposeView.dispatchDraw:109 android.view.View.draw:26345 android.view.View.updateDisplayListIfDirty:25175 android.view.ViewGroup.recreateChildDisplayList:4794 
06-02 07:12:06.294  1090  1090 D data_transfer: waitConnection: socketFd=6
06-02 07:12:06.294  1090  1090 D data_transfer: clientlisten thread is running
06-02 07:12:06.294  1090  1090 D data_transfer: waitConnection: wait clientfd=-1
06-02 07:12:06.316 19343 19343 I View    : setRequestedFrameRate frameRate=NaN, this=androidx.compose.ui.platform.AndroidComposeView{d024ee5 VFED..... ........ 0,0-1080,2340 aid=1073741824}, caller=android.view.ViewGroup.setRequestedFrameRate:9952 fr.a:1 androidx.compose.ui.platform.AndroidComposeView.dispatchDraw:100 android.view.View.draw:26345 android.view.View.updateDisplayListIfDirty:25175 
06-02 07:12:06.316 19343 19343 I View    : setRequestedFrameRate frameRate=NaN, this=android.view.View{857b6a5 V.ED..... ........ 0,0-0,0}, caller=fr.a:1 androidx.compose.ui.platform.AndroidComposeView.dispatchDraw:109 android.view.View.draw:26345 android.view.View.updateDisplayListIfDirty:25175 android.view.ViewGroup.recreateChildDisplayList:4794 
06-02 07:12:06.424  1433  1526 D DisplayManagerService: handleBrightnessAnimation: started=false
06-02 07:12:06.425  1433  1526 I RefreshRateTokenController: Removing refreshRateToken={ RefreshRateToken[->PassiveModeToken:BrightnessAnim, acquire at 18067642 (575 ms ago)}, caller=com.android.server.display.mode.RefreshRateToken.release:5 com.android.server.display.DisplayManagerService$$ExternalSyntheticLambda1.accept:405 com.android.server.display.DisplayPowerController$3.run:24 android.os.Handler.handleCallback:995 android.os.Handler.dispatchMessage:103 
06-02 07:12:06.466   898   926 E BatteryDump: !@new_battery_dump : 3828,46,475,550,44,327,330,355,0,0,330,355,0,Charging,NO_CHARGING,Normal,Good,USB,1,Normal,0,0,9600,0x0,0x10000,0x0,0,0,0000,0000,00000000,0,0,0,0,567,3828000,440,0,0,
06-02 07:12:06.466   898   898 I sehhealth-service: updateLrpSysfs: write: 329
06-02 07:12:06.508  1433  2238 D InputDispatcher: Inject motion (21463/2000): action=0x0, time=18068301000000, f=0x0, d=0 dsdx=1.000000 dtdx=0.000000
06-02 07:12:06.508  1433  1622 I InputDispatcher: Delivering touch to (1924): action: 0x4, f=0x0, d=0, '9339104', t=1 
06-02 07:12:06.508  1433  1622 I InputDispatcher: Delivering touch to (19343): action: 0x0, f=0x0, d=0, 'eac7a36', t=1 
06-02 07:12:06.509  1433  1465 I GestureDetector: obtain mCurrentDownEvent. id: -493510865 caller: com.android.server.wm.SystemGesturesPointerEventListener.onPointerEvent:17 com.android.server.wm.PointerEventDispatcher.onInputEvent:51 android.view.InputEventReceiver.dispatchInputEvent:392 
06-02 07:12:06.510  1433  1465 I GestureDetector: obtain mCurrentDownEvent. id: -493510865 caller: com.android.server.wm.SystemPerformancePointerEventListener.onPointerEvent:13 com.android.server.wm.PointerEventDispatcher.onInputEvent:51 android.view.InputEventReceiver.dispatchInputEvent:392 
06-02 07:12:06.510  3933  3933 I SemDvfsHyPerManager: acquire hyper - TATouchBoost/3933@21, type = -999
06-02 07:12:06.510  3933  3933 I SemDvfsHyPerManager: acquire hyper - TaskTurbo/3933@22, type = -999
06-02 07:12:06.510   887   902 I HYPER-HAL: [RequestManager.cpp]acquire(): Acquired ID : 7819056  [3933 / 21]    HINT :      list : [TABoost / 40] [TIMEOUT / 1500] 
06-02 07:12:06.510   887   902 I HYPER-HAL: [RequestManager.cpp]acquire(): Acquired ID : 7823012  [3933 / 22]    HINT :      list : [TaskTurbo / 15] [TIMEOUT / 1500] 
06-02 07:12:06.525 19343 19343 I VRI[SalesActivity]@3d480d6: ViewPostIme pointer 0
06-02 07:12:06.525 19343 19343 I GestureDetector: obtain mCurrentDownEvent. id: -493510865 caller: io.sentry.android.core.internal.gestures.g.a:5 io.sentry.android.core.internal.gestures.g.dispatchTouchEvent:12 com.android.internal.policy.DecorView.dispatchTouchEvent:728 
06-02 07:12:06.526  1433  2238 D InputDispatcher: Inject motion (21463/2000): action=0x1, time=18068301000000, f=0x0, d=0 dsdx=1.000000 dtdx=0.000000
06-02 07:12:06.527  1433  1622 I InputDispatcher: Delivering touch to (19343): action: 0x1, f=0x0, d=0, 'eac7a36', t=1 
06-02 07:12:06.527  1433  1465 I GestureDetector: obtain mCurrentMotionEventRaw. action: 1 id: -7708352
06-02 07:12:06.527  1433  1465 I GestureDetector: obtain mCurrentMotionEventRaw. action: 1 id: -7708352
06-02 07:12:06.527 19343 19343 I View    : setRequestedFrameRate frameRate=NaN, this=androidx.compose.ui.platform.AndroidComposeView{d024ee5 VFED..... ........ 0,0-1080,2340 aid=1073741824}, caller=android.view.ViewGroup.setRequestedFrameRate:9952 fr.a:1 androidx.compose.ui.platform.AndroidComposeView.dispatchDraw:100 android.view.View.draw:26345 android.view.View.updateDisplayListIfDirty:25175 
06-02 07:12:06.528 19343 19343 I View    : setRequestedFrameRate frameRate=NaN, this=android.view.View{857b6a5 V.ED..... ........ 0,0-0,0}, caller=fr.a:1 androidx.compose.ui.platform.AndroidComposeView.dispatchDraw:109 android.view.View.draw:26345 android.view.View.updateDisplayListIfDirty:25175 android.view.ViewGroup.recreateChildDisplayList:4794 
06-02 07:12:06.529 19343 19343 I VRI[SalesActivity]@3d480d6: ViewPostIme pointer 1
06-02 07:12:06.529 19343 19343 I GestureDetector: obtain mCurrentMotionEventRaw. action: 1 id: -7708352
06-02 07:12:06.540 19343 19343 I View    : setRequestedFrameRate frameRate=NaN, this=androidx.compose.ui.platform.AndroidComposeView{d024ee5 VFED..... ........ 0,0-1080,2340 aid=1073741824}, caller=android.view.ViewGroup.setRequestedFrameRate:9952 fr.a:1 androidx.compose.ui.platform.AndroidComposeView.dispatchDraw:100 android.view.View.draw:26345 android.view.View.updateDisplayListIfDirty:25175 
06-02 07:12:06.540 19343 19343 I View    : setRequestedFrameRate frameRate=-4.0, this=android.view.View{857b6a5 V.ED..... ........ 0,0-0,0}, caller=fr.a:1 androidx.compose.ui.platform.AndroidComposeView.dispatchDraw:109 android.view.View.draw:26345 android.view.View.updateDisplayListIfDirty:25175 android.view.ViewGroup.recreateChildDisplayList:4794 
06-02 07:12:06.593 19343 19343 I View    : setRequestedFrameRate frameRate=NaN, this=androidx.compose.ui.platform.AndroidComposeView{d024ee5 VFED..... ........ 0,0-1080,2340 aid=1073741824}, caller=android.view.ViewGroup.setRequestedFrameRate:9952 fr.a:1 androidx.compose.ui.platform.AndroidComposeView.dispatchDraw:100 android.view.View.draw:26345 android.view.View.updateDisplayListIfDirty:25175 
06-02 07:12:06.593 19343 19343 I View    : setRequestedFrameRate frameRate=NaN, this=android.view.View{857b6a5 V.ED..... ........ 0,0-0,0}, caller=fr.a:1 androidx.compose.ui.platform.AndroidComposeView.dispatchDraw:109 android.view.View.draw:26345 android.view.View.updateDisplayListIfDirty:25175 android.view.ViewGroup.recreateChildDisplayList:4794 
06-02 07:12:06.767  1433  2238 D InputDispatcher: Inject motion (21468/2000): action=0x0, time=18068559000000, f=0x0, d=0 dsdx=1.000000 dtdx=0.000000
06-02 07:12:06.767  1433  1622 I InputDispatcher: Delivering touch to (1924): action: 0x4, f=0x0, d=0, '9339104', t=1 
06-02 07:12:06.767  1433  1622 I InputDispatcher: Delivering touch to (19343): action: 0x0, f=0x0, d=0, 'eac7a36', t=1 
06-02 07:12:06.768  1433  1465 I GestureDetector: obtain mCurrentDownEvent. id: -468470491 caller: com.android.server.wm.SystemGesturesPointerEventListener.onPointerEvent:17 com.android.server.wm.PointerEventDispatcher.onInputEvent:51 android.view.InputEventReceiver.dispatchInputEvent:392 
06-02 07:12:06.768  1433  1465 I GestureDetector: obtain mCurrentDownEvent. id: -468470491 caller: com.android.server.wm.SystemPerformancePointerEventListener.onPointerEvent:13 com.android.server.wm.PointerEventDispatcher.onInputEvent:51 android.view.InputEventReceiver.dispatchInputEvent:392 
06-02 07:12:06.768 19343 19343 I VRI[SalesActivity]@3d480d6: ViewPostIme pointer 0
06-02 07:12:06.769 19343 19343 I GestureDetector: obtain mCurrentDownEvent. id: -468470491 caller: io.sentry.android.core.internal.gestures.g.a:5 io.sentry.android.core.internal.gestures.g.dispatchTouchEvent:12 com.android.internal.policy.DecorView.dispatchTouchEvent:728 
06-02 07:12:06.769  3933  3933 I SemDvfsHyPerManager: acquire hyper - TATouchBoost/3933@21, type = -999
06-02 07:12:06.769  3933  3933 I SemDvfsHyPerManager: acquire hyper - TaskTurbo/3933@22, type = -999
06-02 07:12:06.769   887   902 I HYPER-HAL: [RequestManager.cpp]acquire(): Acquired ID : 7819056  [3933 / 21]    HINT :      list : [TABoost / 40] [TIMEOUT / 1500] 
06-02 07:12:06.769   887   902 I HYPER-HAL: [RequestManager.cpp]acquire(): Acquired ID : 7823012  [3933 / 22]    HINT :      list : [TaskTurbo / 15] [TIMEOUT / 1500] 
06-02 07:12:06.770  1433  2238 D InputDispatcher: Inject motion (21468/2000): action=0x1, time=18068559000000, f=0x0, d=0 dsdx=1.000000 dtdx=0.000000
06-02 07:12:06.770  1433  1622 I InputDispatcher: Delivering touch to (19343): action: 0x1, f=0x0, d=0, 'eac7a36', t=1 
06-02 07:12:06.771  1433  1465 I GestureDetector: obtain mCurrentMotionEventRaw. action: 1 id: -916994263
06-02 07:12:06.771  1433  1465 I GestureDetector: obtain mCurrentMotionEventRaw. action: 1 id: -916994263
06-02 07:12:06.771 19343 19343 I View    : setRequestedFrameRate frameRate=NaN, this=androidx.compose.ui.platform.AndroidComposeView{d024ee5 VFED..... ........ 0,0-1080,2340 aid=1073741824}, caller=android.view.ViewGroup.setRequestedFrameRate:9952 fr.a:1 androidx.compose.ui.platform.AndroidComposeView.dispatchDraw:100 android.view.View.draw:26345 android.view.View.updateDisplayListIfDirty:25175 
06-02 07:12:06.771 19343 19343 I View    : setRequestedFrameRate frameRate=NaN, this=android.view.View{857b6a5 V.ED..... ........ 0,0-0,0}, caller=fr.a:1 androidx.compose.ui.platform.AndroidComposeView.dispatchDraw:109 android.view.View.draw:26345 android.view.View.updateDisplayListIfDirty:25175 android.view.ViewGroup.recreateChildDisplayList:4794 
06-02 07:12:06.772 19343 19343 I VRI[SalesActivity]@3d480d6: ViewPostIme pointer 1
06-02 07:12:06.772 19343 19343 I GestureDetector: obtain mCurrentMotionEventRaw. action: 1 id: -916994263
06-02 07:12:06.795 19343 19343 I View    : setRequestedFrameRate frameRate=NaN, this=androidx.compose.ui.platform.AndroidComposeView{d024ee5 VFED..... ......ID 0,0-1080,2340 aid=1073741824}, caller=android.view.ViewGroup.setRequestedFrameRate:9952 fr.a:1 androidx.compose.ui.platform.AndroidComposeView.dispatchDraw:100 android.view.View.draw:26345 android.view.View.updateDisplayListIfDirty:25175 
06-02 07:12:06.795 19343 19343 I View    : setRequestedFrameRate frameRate=-4.0, this=android.view.View{857b6a5 V.ED..... ........ 0,0-0,0}, caller=fr.a:1 androidx.compose.ui.platform.AndroidComposeView.dispatchDraw:109 android.view.View.draw:26345 android.view.View.updateDisplayListIfDirty:25175 android.view.ViewGroup.recreateChildDisplayList:4794 
06-02 07:12:06.796  7785  8161 W ProxyAndroidLoggerBackend: Too many Flogger logs received before configuration. Dropping old logs.
06-02 07:12:06.798 19343 19343 I View    : setRequestedFrameRate frameRate=NaN, this=androidx.compose.ui.platform.AndroidComposeView{d024ee5 VFED..... ........ 0,0-1080,2340 aid=1073741824}, caller=android.view.ViewGroup.setRequestedFrameRate:9952 fr.a:1 androidx.compose.ui.platform.AndroidComposeView.dispatchDraw:100 android.view.View.draw:26345 android.view.View.updateDisplayListIfDirty:25175 
06-02 07:12:06.798 19343 19343 I View    : setRequestedFrameRate frameRate=NaN, this=android.view.View{857b6a5 V.ED..... ........ 0,0-0,0}, caller=fr.a:1 androidx.compose.ui.platform.AndroidComposeView.dispatchDraw:109 android.view.View.draw:26345 android.view.View.updateDisplayListIfDirty:25175 android.view.ViewGroup.recreateChildDisplayList:4794 
06-02 07:12:06.847  1433  2238 D TrafficStateDatabaseController: onDnsEvent():  objTrafficStats.size= 77, mInsertList= true
06-02 07:12:06.848  1902  2372 E PhoneInterfaceManager: getServiceStateForSlot retuning null for invalid slotIndex=-1
06-02 07:12:06.851  1433  1856 D NetdEventListenerService: DNS Requested by 100, 10501(com.lotterynet.pro), SUCCESS, 64ms
06-02 07:12:06.916  1433  2238 D InputDispatcher: Inject motion (21476/2000): action=0x0, time=18068709000000, f=0x0, d=0 dsdx=1.000000 dtdx=0.000000
06-02 07:12:06.916  1433  1622 I InputDispatcher: Delivering touch to (1924): action: 0x4, f=0x0, d=0, '9339104', t=1 
06-02 07:12:06.916  1433  1622 I InputDispatcher: Delivering touch to (19343): action: 0x0, f=0x0, d=0, 'eac7a36', t=1 
06-02 07:12:06.917  1433  1622 D PowerManagerService: [api] userActivityFromNative : touch displayId=0 eventTime=18068709
06-02 07:12:06.917  1433  1465 I GestureDetector: obtain mCurrentDownEvent. id: -507657248 caller: com.android.server.wm.SystemGesturesPointerEventListener.onPointerEvent:17 com.android.server.wm.PointerEventDispatcher.onInputEvent:51 android.view.InputEventReceiver.dispatchInputEvent:392 
06-02 07:12:06.918  1433  1465 I GestureDetector: obtain mCurrentDownEvent. id: -507657248 caller: com.android.server.wm.SystemPerformancePointerEventListener.onPointerEvent:13 com.android.server.wm.PointerEventDispatcher.onInputEvent:51 android.view.InputEventReceiver.dispatchInputEvent:392 
06-02 07:12:06.918  3933  3933 I SemDvfsHyPerManager: acquire hyper - TATouchBoost/3933@21, type = -999
06-02 07:12:06.918  3933  3933 I SemDvfsHyPerManager: acquire hyper - TaskTurbo/3933@22, type = -999
06-02 07:12:06.918   887   902 I HYPER-HAL: [RequestManager.cpp]acquire(): Acquired ID : 7819056  [3933 / 21]    HINT :      list : [TABoost / 40] [TIMEOUT / 1500] 
06-02 07:12:06.918   887   902 I HYPER-HAL: [RequestManager.cpp]acquire(): Acquired ID : 7823012  [3933 / 22]    HINT :      list : [TaskTurbo / 15] [TIMEOUT / 1500] 
06-02 07:12:06.931 19343 19343 I View    : setRequestedFrameRate frameRate=NaN, this=androidx.compose.ui.platform.AndroidComposeView{d024ee5 VFED..... ........ 0,0-1080,2340 aid=1073741824}, caller=android.view.ViewGroup.setRequestedFrameRate:9952 fr.a:1 androidx.compose.ui.platform.AndroidComposeView.dispatchDraw:100 android.view.View.draw:26345 android.view.View.updateDisplayListIfDirty:25175 
06-02 07:12:06.931 19343 19343 I View    : setRequestedFrameRate frameRate=NaN, this=android.view.View{857b6a5 V.ED..... ........ 0,0-0,0}, caller=fr.a:1 androidx.compose.ui.platform.AndroidComposeView.dispatchDraw:109 android.view.View.draw:26345 android.view.View.updateDisplayListIfDirty:25175 android.view.ViewGroup.recreateChildDisplayList:4794 
06-02 07:12:06.932 19343 19343 I VRI[SalesActivity]@3d480d6: ViewPostIme pointer 0
06-02 07:12:06.932 19343 19343 I GestureDetector: obtain mCurrentDownEvent. id: -507657248 caller: io.sentry.android.core.internal.gestures.g.a:5 io.sentry.android.core.internal.gestures.g.dispatchTouchEvent:12 com.android.internal.policy.DecorView.dispatchTouchEvent:728 
06-02 07:12:06.933  1433  2238 D InputDispatcher: Inject motion (21476/2000): action=0x1, time=18068709000000, f=0x0, d=0 dsdx=1.000000 dtdx=0.000000
06-02 07:12:06.933  1433  1622 I InputDispatcher: Delivering touch to (19343): action: 0x1, f=0x0, d=0, 'eac7a36', t=1 
06-02 07:12:06.933 19343 19343 I View    : setRequestedFrameRate frameRate=NaN, this=androidx.compose.ui.platform.AndroidComposeView{d024ee5 VFED..... ........ 0,0-1080,2340 aid=1073741824}, caller=android.view.ViewGroup.setRequestedFrameRate:9952 fr.a:1 androidx.compose.ui.platform.AndroidComposeView.dispatchDraw:100 android.view.View.draw:26345 android.view.View.updateDisplayListIfDirty:25175 
