06-02 07:06:55.983  1433  1853 D BrightnessHandler: inject brightness = 193.0, Brightness: 0.75686276
06-02 07:06:55.983   880   880 I SensorsHub: LightSensor::injectSensorData: brightness 193
06-02 07:06:55.984   891   891 I SehLight: lcd : 193+
06-02 07:06:55.986  1433  1526 D DisplayPowerController[0]: saveBrightnessInfo: brt:0.75686276 adjBrt:0.75686276 min:0.0 max:1.0 hbm:0 tp:1.0 throttler:0 isAnimating:false
06-02 07:06:55.987  1433  1467 D BrightnessSynchronizer: onDisplayChanged() : displayId=0
06-02 07:06:55.988  1433  1467 D BrightnessSynchronizer: updateScreenBrightness: displayId=0 type=2 mPreferredSettingValue=0.75686276(193) currentBrightnessInt=193 currentBrightnessIntFromFloat=193(0.75686276)
06-02 07:06:55.991  1924  1924 D SecBrightnessController: updateSlider() - BrightnessDialog resetTimer()
06-02 07:06:55.991  1924  1924 D SecBrightnessController: updateSlider() - BrightnessDialog resetTimer()
06-02 07:06:55.992   891   891 I SehLight: lcd : 193-
06-02 07:06:56.068 19343 19343 I View    : setRequestedFrameRate frameRate=NaN, this=androidx.compose.ui.platform.AndroidComposeView{8bddf81 VFED..... ........ 0,0-1080,2340 aid=1073741824}, caller=android.view.ViewGroup.setRequestedFrameRate:9952 fr.a:1 androidx.compose.ui.platform.AndroidComposeView.dispatchDraw:100 android.view.View.draw:26345 android.view.View.updateDisplayListIfDirty:25175 
06-02 07:06:56.068 19343 19343 I View    : setRequestedFrameRate frameRate=NaN, this=android.view.View{e6a08d0 V.ED..... ........ 0,0-0,0}, caller=fr.a:1 androidx.compose.ui.platform.AndroidComposeView.dispatchDraw:109 android.view.View.draw:26345 android.view.View.updateDisplayListIfDirty:25175 android.view.ViewGroup.recreateChildDisplayList:4794 
06-02 07:06:56.086  1433  4742 D InputDispatcher: Inject motion (19798/2000): action=0x0, time=17757878000000, f=0x0, d=0 dsdx=1.000000 dtdx=0.000000
06-02 07:06:56.086  1433  1622 I InputDispatcher: Delivering touch to (1924): action: 0x4, f=0x0, d=0, '9339104', t=1 
06-02 07:06:56.086  1433  1622 I InputDispatcher: Delivering touch to (19343): action: 0x0, f=0x0, d=0, 'a8b223f', t=1 
06-02 07:06:56.086 19343 19343 I VRI[SalesActivity]@5294ec6: ViewPostIme pointer 0
06-02 07:06:56.086 19343 19343 I GestureDetector: obtain mCurrentDownEvent. id: -451871150 caller: io.sentry.android.core.internal.gestures.g.a:5 io.sentry.android.core.internal.gestures.g.dispatchTouchEvent:12 com.android.internal.policy.DecorView.dispatchTouchEvent:728 
06-02 07:06:56.086  1433  1465 I GestureDetector: obtain mCurrentDownEvent. id: -451871150 caller: com.android.server.wm.SystemGesturesPointerEventListener.onPointerEvent:17 com.android.server.wm.PointerEventDispatcher.onInputEvent:51 android.view.InputEventReceiver.dispatchInputEvent:392 
06-02 07:06:56.087  1433  1465 I GestureDetector: obtain mCurrentDownEvent. id: -451871150 caller: com.android.server.wm.SystemPerformancePointerEventListener.onPointerEvent:13 com.android.server.wm.PointerEventDispatcher.onInputEvent:51 android.view.InputEventReceiver.dispatchInputEvent:392 
06-02 07:06:56.087  3933  3933 I SemDvfsHyPerManager: acquire hyper - TATouchBoost/3933@21, type = -999
06-02 07:06:56.088  3933  3933 I SemDvfsHyPerManager: acquire hyper - TaskTurbo/3933@22, type = -999
06-02 07:06:56.088   887   902 I HYPER-HAL: [RequestManager.cpp]acquire(): Acquired ID : 7819056  [3933 / 21]    HINT :      list : [TABoost / 40] [TIMEOUT / 1500] 
06-02 07:06:56.088   887   902 I HYPER-HAL: [RequestManager.cpp]acquire(): Acquired ID : 7823012  [3933 / 22]    HINT :      list : [TaskTurbo / 15] [TIMEOUT / 1500] 
06-02 07:06:56.088  1433  4742 D InputDispatcher: Inject motion (19798/2000): action=0x1, time=17757878000000, f=0x0, d=0 dsdx=1.000000 dtdx=0.000000
06-02 07:06:56.088  1433  1622 I InputDispatcher: Delivering touch to (19343): action: 0x1, f=0x0, d=0, 'a8b223f', t=1 
06-02 07:06:56.088  1090  1090 D data_transfer: waitConnection: socketFd=6
06-02 07:06:56.088  1090  1090 D data_transfer: clientlisten thread is running
06-02 07:06:56.088  1090  1090 D data_transfer: waitConnection: wait clientfd=-1
06-02 07:06:56.089  1433  1465 I GestureDetector: obtain mCurrentMotionEventRaw. action: 1 id: -251611027
06-02 07:06:56.089 19343 19343 I VRI[SalesActivity]@5294ec6: ViewPostIme pointer 1
06-02 07:06:56.089 19343 19343 I GestureDetector: obtain mCurrentMotionEventRaw. action: 1 id: -251611027
06-02 07:06:56.089  1433  1465 I GestureDetector: obtain mCurrentMotionEventRaw. action: 1 id: -251611027
06-02 07:06:56.091   945   945 I BufferQueueProducer: [com.lotterynet.pro/com.lotterynet.pro.ui.sales.SalesActivity$_19343#2616](this:0xb40000731b077638,id:-1,api:0,p:-1,c:945) queueBuffer: fps=44.53 dur=1010.45 max=510.49 min=10.69
06-02 07:06:56.099 19343 19343 I View    : setRequestedFrameRate frameRate=NaN, this=androidx.compose.ui.platform.AndroidComposeView{8bddf81 VFED..... ........ 0,0-1080,2340 aid=1073741824}, caller=android.view.ViewGroup.setRequestedFrameRate:9952 fr.a:1 androidx.compose.ui.platform.AndroidComposeView.dispatchDraw:100 android.view.View.draw:26345 android.view.View.updateDisplayListIfDirty:25175 
06-02 07:06:56.099 19343 19343 I View    : setRequestedFrameRate frameRate=-4.0, this=android.view.View{e6a08d0 V.ED..... ........ 0,0-0,0}, caller=fr.a:1 androidx.compose.ui.platform.AndroidComposeView.dispatchDraw:109 android.view.View.draw:26345 android.view.View.updateDisplayListIfDirty:25175 android.view.ViewGroup.recreateChildDisplayList:4794 
06-02 07:06:56.117  1433  1580 D MotionEngine: [MotionEngine] -> PR_MOVE -> Move Recognition Lv(3)
06-02 07:06:56.129  1433  1613 D VibrationThread: Playing vibration id 141 on vibrator 0 SetAmplitudeVibratorStep
06-02 07:06:56.129  1433  1613 D VibrationThread: Running amplitude step with 1ms latency.
06-02 07:06:56.129  1433  1613 D VibrationThread: Turning off vibrator 0
06-02 07:06:56.129   914   914 E SecVibrator-HAL-AIDL-CORE: V_2_0: Vibrator off
06-02 07:06:56.129   914   914 E SecVibrator-HAL-AIDL-CORE: HW_API: do_off
06-02 07:06:56.129   914   914 E SecVibrator-HAL-AIDL-CORE: HW_API: >> writeNode node:/timed_output/vibrator/enable val:0
06-02 07:06:56.130   914   914 E SecVibrator-HAL-AIDL-CORE: HW_API: << writeNode node OK : 2
06-02 07:06:56.137  1433  1580 D MotionEngine: [TURN OVER] #####  Init
06-02 07:06:56.148   876   876 I hwcomposer: [HWCDisplay] [Display_0 (type:1, mode:2)] fps:51.744083,dur:1004.95,max:297.11,min:10.16  
06-02 07:06:56.180  1433  1526 D DisplayManagerService: handleBrightnessAnimation: started=false
06-02 07:06:56.185  1433  1526 I RefreshRateTokenController: Removing refreshRateToken={ RefreshRateToken[->PassiveModeToken:BrightnessAnim, acquire at 17757406 (571 ms ago)}, caller=com.android.server.display.mode.RefreshRateToken.release:5 com.android.server.display.DisplayManagerService$$ExternalSyntheticLambda1.accept:405 com.android.server.display.DisplayPowerController$3.run:24 android.os.Handler.handleCallback:995 android.os.Handler.dispatchMessage:103 
06-02 07:06:56.197  1433  1580 D MotionEngine: [CALIBRATION] Calibration Secess(5)[-0.0420 -0.0077 0.0252]
06-02 07:06:56.202  1433  1580 D MotionEngine: [CALIBRATION] File Write[-0.0420 -0.0077 0.0252]
06-02 07:06:56.296  1131  3290 V MediaPlayerService: [61] enableAudioDeviceCallback, 1
06-02 07:06:56.297  1131  3290 V AudioSink: enableAudioDeviceCallback, 1
06-02 07:06:56.298  1924 19777 V MediaPlayer-JNI: start
06-02 07:06:56.299  1924 19777 V MediaPlayerNative: start
06-02 07:06:56.299  1131  3290 V MediaPlayerService: [61] setLooping(0)
06-02 07:06:56.300  1131  3290 V MediaPlayerService: [61] setVolume(1.000000, 1.000000)
06-02 07:06:56.300  1131  3290 V AudioSink: setVolume(1.000000, 1.000000)
06-02 07:06:56.301  1131  3290 V MediaPlayerService: [61] setAuxEffectSendLevel(0.000000)
06-02 07:06:56.301  1433  1433 D AudioPlayerStateMonitor: Found a new active media playback. AudioPlaybackConfiguration piid:1375 deviceIds:[] type:android.media.MediaPlayer u/pid:10063/1924 state:started attr:AudioAttributes: usage=USAGE_NOTIFICATION content=CONTENT_TYPE_SONIFICATION flags=0x800 tags= bundle=null sessionId:2129 mutedState:none  FormatInfo{isSpatialized=false, channelMask=0x0, sampleRate=0}
06-02 07:06:56.301  1131  3290 V AudioSink: setAuxEffectSendLevel(0.000000)
06-02 07:06:56.301  1131  3290 V MediaPlayerService: [61] start
06-02 07:06:56.302  1131  3290 V NuPlayerDriver: start(0xe81ad940), state is 4, eos is 0
06-02 07:06:56.302  1131 19781 V NuPlayer: kWhatStart
06-02 07:06:56.302  1131 19781 V NuPlayer: onStart: mCrypto: 0x0 (0)
06-02 07:06:56.302  1131 19781 I GenericSource: start
06-02 07:06:56.302  1924 19777 D RingtonePlayer: player.start piid:1375
06-02 07:06:56.303  1924 19777 V MediaPlayerNative: invoke 76
06-02 07:06:56.303  1131  3290 V NuPlayer: getTrackInfo
06-02 07:06:56.304  1924  2741 D SoundCraft.PlayingAudioConditionHandler: onPlaybackConfigChanged : lastStartedPackageName=null, lastStartedUid=-1, newStartedUid=-1, newStartPackageName=null, thread=Thread[RoutineHandlerThread,5,main]
06-02 07:06:56.305  1131 19789 I GenericSource: readBuffer(Audio) mode = 0, EOS
06-02 07:06:56.311  1433  1433 D MediaSessionService: Audio playback is changed, config=AudioPlaybackConfiguration piid:1375 deviceIds:[] type:android.media.MediaPlayer u/pid:10063/1924 state:started attr:AudioAttributes: usage=USAGE_NOTIFICATION content=CONTENT_TYPE_SONIFICATION flags=0x800 tags= bundle=null sessionId:2129 mutedState:none  FormatInfo{isSpatialized=false, channelMask=0x0, sampleRate=0}, removed=false
06-02 07:06:56.313  1131 19781 V NuPlayer: checkOffloadExceptions is true, call canOffloadStream
06-02 07:06:56.315  1433  1433 D MediaSessionStack: updateMediaButtonSessionIfNeeded, callers=com.android.server.media.AudioPlayerStateMonitor$MessageHandler.handleMessage:19 android.os.Handler.dispatchMessage:110 
06-02 07:06:56.317  1433  1775 D MediaRouterService: onAudioPlayerActiveStateChanged: uid=10063, active=true, restoreUid=10063
06-02 07:06:56.318  1433  1433 D MediaSessionStack: updateMediaButtonSessionIfNeeded, skipping uid=10063
06-02 07:06:56.318  1433  1433 D MediaSessionStack: updateMediaButtonSessionIfNeeded, skipping uid=10311
06-02 07:06:56.318  1433  1433 D MediaSessionStack: updateMediaButtonSessionIfNeeded, skipping uid=10274
06-02 07:06:56.318  1433  1433 D MediaSessionStack: updateMediaButtonSessionIfNeeded, skipping uid=10227
06-02 07:06:56.319   925  8157 V APM_AudioPolicyManager: getOffloadSupport: SR=44100, CM=0x3, Format=0x4000002, StreamType=5, BitRate=256000, duration=1486077 us, has_video=0
06-02 07:06:56.319   925  8157 V APM_AudioPolicyManager: isOffloadPossible: stream_type != MUSIC, returning false
06-02 07:06:56.320  1131 19781 I MediaClock: setPlaybackRate rate : 1.000000
06-02 07:06:56.320  1131 19803 I NuPlayerRenderer: onConfigPlayback
06-02 07:06:56.320  1131 19803 I MediaClock: setPlaybackRate rate : 1.000000
06-02 07:06:56.320  1131 19803 I MediaClock: setSpeedAjust mSASpeed (0), mMinClockModificationTimeUs (80000)
06-02 07:06:56.321  1131 19781 I NuPlayerRenderer: setDuration (1486077)
06-02 07:06:56.321  1131 19803 I NuPlayerRenderer: kWhatSetRefRate - refRate(1.000000)
06-02 07:06:56.321  1131 19781 V NuPlayer: startPlaybackTimer() time       17758114361981 (onstart)
06-02 07:06:56.321  1131 19781 V NuPlayer: scanning sources haveAudio=0, haveVideo=0
06-02 07:06:56.321  1131 19781 V NuPlayer: checkOffloadExceptions is true, call canOffloadStream
06-02 07:06:56.321   925  8157 V APM_AudioPolicyManager: getOffloadSupport: SR=44100, CM=0x3, Format=0x4000002, StreamType=5, BitRate=256000, duration=1486077 us, has_video=0
06-02 07:06:56.322   925  8157 V APM_AudioPolicyManager: isOffloadPossible: stream_type != MUSIC, returning false
06-02 07:06:56.322  1131 19781 V NuPlayer: make Decoder (audio)
06-02 07:06:56.323  1131 19781 V NuPlayer: instantiateDecoder audio Decoder
06-02 07:06:56.324  1924  1924 D MediaRouter: onRestoreRoute() : route=RouteInfo{ name=Dispositivo, description=null, status=null, category=RouteCategory{ name=Sistema types=ROUTE_TYPE_LIVE_AUDIO ROUTE_TYPE_LIVE_VIDEO  groupable=false }, supportedTypes=ROUTE_TYPE_LIVE_AUDIO ROUTE_TYPE_LIVE_VIDEO , presentationDisplay=null }
06-02 07:06:56.325  1924  1924 V MediaRouter: Selecting route: RouteInfo{ name=Dispositivo, description=null, status=null, category=RouteCategory{ name=Sistema types=ROUTE_TYPE_LIVE_AUDIO ROUTE_TYPE_LIVE_VIDEO  groupable=false }, supportedTypes=ROUTE_TYPE_LIVE_AUDIO ROUTE_TYPE_LIVE_VIDEO , presentationDisplay=null }
06-02 07:06:56.345  1131 19805 I CCodec  : state->set(ALLOCATING)
06-02 07:06:56.347  1131 19805 I CCodec  : allocate(c2.android.aac.decoder)
06-02 07:06:56.347  1131 19805 D CCodec  : allocate(c2.android.aac.decoder)
06-02 07:06:56.350  1131 19805 I CCodec  : setting up 'default' as default (vendor) store
06-02 07:06:56.354   870 11872 W AudioALSACaptureDataProviderNormal: readThread, latency_in_s,0.000003,0.038486,0.000075, totalTime 0.038564 > logTimeout 0.022000 TIMEOUT!!
06-02 07:06:56.361  1433  4742 D InputDispatcher: Inject motion (19806/2000): action=0x0, time=17758154000000, f=0x0, d=0 dsdx=1.000000 dtdx=0.000000
06-02 07:06:56.361  1433  1622 I InputDispatcher: Delivering touch to (1924): action: 0x4, f=0x0, d=0, '9339104', t=1 
06-02 07:06:56.362  1433  1622 I InputDispatcher: Delivering touch to (19343): action: 0x0, f=0x0, d=0, 'a8b223f', t=1 
06-02 07:06:56.362  1433  1465 I GestureDetector: obtain mCurrentDownEvent. id: -30666278 caller: com.android.server.wm.SystemGesturesPointerEventListener.onPointerEvent:17 com.android.server.wm.PointerEventDispatcher.onInputEvent:51 android.view.InputEventReceiver.dispatchInputEvent:392 
06-02 07:06:56.362  1433  1465 I GestureDetector: obtain mCurrentDownEvent. id: -30666278 caller: com.android.server.wm.SystemPerformancePointerEventListener.onPointerEvent:13 com.android.server.wm.PointerEventDispatcher.onInputEvent:51 android.view.InputEventReceiver.dispatchInputEvent:392 
06-02 07:06:56.363 19343 19343 I VRI[SalesActivity]@5294ec6: ViewPostIme pointer 0
06-02 07:06:56.363  3933  3933 I SemDvfsHyPerManager: acquire hyper - TATouchBoost/3933@21, type = -999
06-02 07:06:56.363  3933  3933 I SemDvfsHyPerManager: acquire hyper - TaskTurbo/3933@22, type = -999
06-02 07:06:56.363   887   902 I HYPER-HAL: [RequestManager.cpp]acquire(): Acquired ID : 7819056  [3933 / 21]    HINT :      list : [TABoost / 40] [TIMEOUT / 1500] 
06-02 07:06:56.363 19343 19343 I GestureDetector: obtain mCurrentDownEvent. id: -30666278 caller: io.sentry.android.core.internal.gestures.g.a:5 io.sentry.android.core.internal.gestures.g.dispatchTouchEvent:12 com.android.internal.policy.DecorView.dispatchTouchEvent:728 
06-02 07:06:56.363   887   902 I HYPER-HAL: [RequestManager.cpp]acquire(): Acquired ID : 7823012  [3933 / 22]    HINT :      list : [TaskTurbo / 15] [TIMEOUT / 1500] 
06-02 07:06:56.364  1433  4742 D InputDispatcher: Inject motion (19806/2000): action=0x1, time=17758154000000, f=0x0, d=0 dsdx=1.000000 dtdx=0.000000
06-02 07:06:56.364  1433  1622 I InputDispatcher: Delivering touch to (19343): action: 0x1, f=0x0, d=0, 'a8b223f', t=1 
06-02 07:06:56.365 19343 19343 I VRI[SalesActivity]@5294ec6: ViewPostIme pointer 1
06-02 07:06:56.365 19343 19343 I GestureDetector: obtain mCurrentMotionEventRaw. action: 1 id: -122896617
06-02 07:06:56.365  1433  1465 I GestureDetector: obtain mCurrentMotionEventRaw. action: 1 id: -122896617
06-02 07:06:56.365  1433  1465 I GestureDetector: obtain mCurrentMotionEventRaw. action: 1 id: -122896617
06-02 07:06:56.379 19343 19343 I View    : setRequestedFrameRate frameRate=NaN, this=androidx.compose.ui.platform.AndroidComposeView{8bddf81 VFED..... ........ 0,0-1080,2340 aid=1073741824}, caller=android.view.ViewGroup.setRequestedFrameRate:9952 fr.a:1 androidx.compose.ui.platform.AndroidComposeView.dispatchDraw:100 android.view.View.draw:26345 android.view.View.updateDisplayListIfDirty:25175 
06-02 07:06:56.379 19343 19343 I View    : setRequestedFrameRate frameRate=-4.0, this=android.view.View{e6a08d0 V.ED..... ........ 0,0-0,0}, caller=fr.a:1 androidx.compose.ui.platform.AndroidComposeView.dispatchDraw:109 android.view.View.draw:26345 android.view.View.updateDisplayListIfDirty:25175 android.view.ViewGroup.recreateChildDisplayList:4794 
06-02 07:06:56.379  1433  1613 D VibrationThread: Playing vibration id 141 on vibrator 0 SetAmplitudeVibratorStep
06-02 07:06:56.379  1433  1613 D VibrationThread: Running amplitude step with 1ms latency.
06-02 07:06:56.379  1433  1613 D VibrationThread: Turning on vibrator 0 for 250ms
06-02 07:06:56.380  1433  1613 D VibrationThread: Turning on vibrator 0 for 250ms
06-02 07:06:56.380   914   914 E SecVibrator-HAL-AIDL-CORE: V_2_0: Vibrator on for timeoutMs: 250
06-02 07:06:56.381   914   914 E SecVibrator-HAL-AIDL-CORE: HW_API: do_on for timeoutMs: 250
06-02 07:06:56.381   914   914 E SecVibrator-HAL-AIDL-CORE: HW_API: >> writeNode node:/timed_output/vibrator/enable val:250
06-02 07:06:56.382   914   914 E SecVibrator-HAL-AIDL-CORE: HW_API: << writeNode node OK : 4
06-02 07:06:56.383  1433  1613 D VibrationThread: Turned on vibrator 0, result = 250
06-02 07:06:56.394   870 11872 W AudioALSACaptureDataProviderNormal: readThread, latency_in_s,0.000001,0.039308,0.000055, totalTime 0.039365 > logTimeout 0.022000 TIMEOUT!!
06-02 07:06:56.427 19343 19343 I View    : setRequestedFrameRate frameRate=NaN, this=androidx.compose.ui.platform.AndroidComposeView{8bddf81 VFED..... ........ 0,0-1080,2340 aid=1073741824}, caller=android.view.ViewGroup.setRequestedFrameRate:9952 fr.a:1 androidx.compose.ui.platform.AndroidComposeView.dispatchDraw:100 android.view.View.draw:26345 android.view.View.updateDisplayListIfDirty:25175 
06-02 07:06:56.427 19343 19343 I View    : setRequestedFrameRate frameRate=NaN, this=android.view.View{e6a08d0 V.ED..... ........ 0,0-0,0}, caller=fr.a:1 androidx.compose.ui.platform.AndroidComposeView.dispatchDraw:109 android.view.View.draw:26345 android.view.View.updateDisplayListIfDirty:25175 android.view.ViewGroup.recreateChildDisplayList:4794 
06-02 07:06:56.437  1433  1580 D MotionEngine: [@@@ Motion Engine @@@] GetMotionScenarioId -0.110133 -0.497994 9.998186 -0.063000 0.882700 -0.340200 8 51 20
06-02 07:06:56.437  1433  1580 D MotionEngine: [@@@ Motion Engine @@@] GnStuckMode 0 
06-02 07:06:56.461  1131 19805 I CCodec  : Created component [c2.android.aac.decoder] for [c2.android.aac.decoder]
06-02 07:06:56.461  1131 19805 I CCodec  : [c2.android.aac.decoder] state->set(ALLOCATED)
06-02 07:06:56.463  1131 19805 D CCodecConfig: read media type: audio/mp4a-latm
06-02 07:06:56.473  1131 19805 D ReflectedParamUpdater: extent() != 1 for single value type: algo.buffers.max-count.values
06-02 07:06:56.473  1131 19805 D ReflectedParamUpdater: extent() != 1 for single value type: output.subscribed-indices.values
06-02 07:06:56.474  1131 19805 D ReflectedParamUpdater: extent() != 1 for single value type: input.buffers.allocator-ids.values
06-02 07:06:56.474  1131 19805 D ReflectedParamUpdater: extent() != 1 for single value type: output.buffers.allocator-ids.values
06-02 07:06:56.474  1131 19805 D ReflectedParamUpdater: extent() != 1 for single value type: algo.buffers.allocator-ids.values
06-02 07:06:56.474  1131 19805 D ReflectedParamUpdater: extent() != 1 for single value type: output.buffers.pool-ids.values
06-02 07:06:56.475  1131 19805 D ReflectedParamUpdater: extent() != 1 for single value type: algo.buffers.pool-ids.values
06-02 07:06:56.492  1131 19805 I CCodec  : [c2.android.aac.decoder] config->initialize() : 0
06-02 07:06:56.495  1131 19805 I CCodecConfig: query failed after returning 21 values (BAD_INDEX)
06-02 07:06:56.496  1131 19805 D CCodecConfig: c2 config diff is Dict {
06-02 07:06:56.496  1131 19805 D CCodecConfig:   c2::u32 coded.aac-packaging.value = 0
06-02 07:06:56.496  1131 19805 D CCodecConfig:   c2::u32 coded.bitrate.value = 64000
06-02 07:06:56.496  1131 19805 D CCodecConfig:   c2::u32 coded.pl.level = 0
06-02 07:06:56.496  1131 19805 D CCodecConfig:   c2::u32 coded.pl.profile = 8192
06-02 07:06:56.496  1131 19805 D CCodecConfig:   c2::i32 coding.drc.album-mode.value = 0
06-02 07:06:56.496  1131 19805 D CCodecConfig:   c2::float coding.drc.attenuation-factor.value = 1
06-02 07:06:56.496  1131 19805 D CCodecConfig:   c2::float coding.drc.boost-factor.value = 1
06-02 07:06:56.496  1131 19805 D CCodecConfig:   c2::i32 coding.drc.compression-mode.value = 3
06-02 07:06:56.496  1131 19805 D CCodecConfig:   c2::i32 coding.drc.effect-type.value = 3
06-02 07:06:56.496  1131 19805 D CCodecConfig:   c2::float coding.drc.encoded-level.value = 0.25
06-02 07:06:56.496  1131 19805 D CCodecConfig:   c2::float coding.drc.reference-level.value = -16
06-02 07:06:56.496  1131 19805 D CCodecConfig:   c2::u32 input.buffers.max-size.value = 8192
06-02 07:06:56.496  1131 19805 D CCodecConfig:   c2::u32 input.delay.value = 0
06-02 07:06:56.496  1131 19805 D CCodecConfig:   string input.media-type.value = "audio/mp4a-latm"
06-02 07:06:56.496  1131 19805 D CCodecConfig:   c2::u32 output.delay.value = 2
06-02 07:06:56.496  1131 19805 D CCodecConfig:   c2::float output.drc.output-loudness.value = 0.25
06-02 07:06:56.496  1131 19805 D CCodecConfig:   c2::u32 output.large-frame.max-size = 0
06-02 07:06:56.496  1131 19805 D CCodecConfig:   c2::u32 output.large-frame.threshold-size = 0
06-02 07:06:56.496  1131 19805 D CCodecConfig:   string output.media-type.value = "audio/raw"
06-02 07:06:56.496  1131 19805 D CCodecConfig:   c2::u32 raw.channel-count.value = 1
06-02 07:06:56.496  1131 19805 D CCodecConfig:   c2::u32 raw.channel-mask.value = 0
06-02 07:06:56.496  1131 19805 D CCodecConfig:   c2::u32 raw.max-channel-count.value = 8
06-02 07:06:56.496  1131 19805 D CCodecConfig:   c2::u32 raw.sample-rate.value = 44100
06-02 07:06:56.496  1131 19805 D CCodecConfig: }
06-02 07:06:56.498  1131 19805 I CCodec  : [c2.android.aac.decoder] config->queryConfiguration()
06-02 07:06:56.498  1131 19805 I CCodec  : [c2.android.aac.decoder] mCallback->onComponentAllocated() IN
06-02 07:06:56.498  1131 19805 I CCodec  : [c2.android.aac.decoder] mCallback->onComponentAllocated() OUT
06-02 07:06:56.508  1131 19804 W ServiceManagerCppClient: Failed to get isDeclared for media_quality: Status(-1, EX_SECURITY): 'SELinux denied for service.'
06-02 07:06:56.508  1131 19804 E MediaCodec: Media Quality Service not found.
06-02 07:06:56.509  1131 19805 D CCodec  : [c2.android.aac.decoder] buffers are bound to CCodec for this session
06-02 07:06:56.509  1131 19805 I CCodec  : appPid(1924) width(0) height(0)
06-02 07:06:56.509  1131 19805 D CCodecConfig: no c2 equivalents for durationUs
06-02 07:06:56.509  1131 19805 D CCodecConfig: no c2 equivalents for frame-count
06-02 07:06:56.509  1131 19805 D CCodecConfig: no c2 equivalents for track-id
06-02 07:06:56.509  1131 19805 D CCodecConfig: no c2 equivalents for track-fourcc
06-02 07:06:56.509  1131 19805 D CCodecConfig: no c2 equivalents for bits-per-sample
06-02 07:06:56.509  1131 19805 D CCodecConfig: no c2 equivalents for language
06-02 07:06:56.509  1131 19805 D CCodecConfig: no c2 equivalents for encoder-delay
06-02 07:06:56.509  1131 19805 D CCodecConfig: no c2 equivalents for encoder-padding
06-02 07:06:56.509  1131 19805 D CCodecConfig: no c2 equivalents for app-pid
06-02 07:06:56.509  1131 19805 D CCodecConfig: no c2 equivalents for flags
06-02 07:06:56.511  1131 19805 D CCodecConfig: c2 config diff is   c2::u32 coded.bitrate.value = 256000
06-02 07:06:56.511  1131 19805 D CCodecConfig:   c2::u32 raw.channel-count.value = 2
06-02 07:06:56.512  1131 19805 W Codec2Client: query -- param skipped: index = 1107298332.
06-02 07:06:56.512  1131 19805 D CCodec  : encoding statistics level = 0
06-02 07:06:56.512  1131 19805 D CCodec  : setup formats input: AMessage(what = 0x00000000) = {
06-02 07:06:56.512  1131 19805 D CCodec  :   int32_t aac-drc-album-mode = 0
06-02 07:06:56.512  1131 19805 D CCodec  :   int32_t aac-drc-boost-level = 127
06-02 07:06:56.512  1131 19805 D CCodec  :   int32_t aac-drc-cut-level = 127
06-02 07:06:56.512  1131 19805 D CCodec  :   int32_t aac-drc-effect-type = 3
06-02 07:06:56.512  1131 19805 D CCodec  :   int32_t aac-encoded-target-level = -1
06-02 07:06:56.512  1131 19805 D CCodec  :   int32_t aac-max-output-channel_count = 8
06-02 07:06:56.512  1131 19805 D CCodec  :   int32_t aac-target-ref-level = 64
06-02 07:06:56.512  1131 19805 D CCodec  :   int32_t bitrate = 256000
06-02 07:06:56.512  1131 19805 D CCodec  :   int32_t channel-count = 2
06-02 07:06:56.512  1131 19805 D CCodec  :   int32_t channel-mask = 0
06-02 07:06:56.512  1131 19805 D CCodec  :   int32_t level = 0
06-02 07:06:56.512  1131 19805 D CCodec  :   int32_t max-input-size = 524308
06-02 07:06:56.512  1131 19805 D CCodec  :   int32_t max-output-channel-count = 8
06-02 07:06:56.512  1131 19805 D CCodec  :   string mime = "audio/mp4a-latm"
06-02 07:06:56.512  1131 19805 D CCodec  :   int32_t profile = 2
06-02 07:06:56.512  1131 19805 D CCodec  :   int32_t sample-rate = 44100
06-02 07:06:56.512  1131 19805 D CCodec  : }
06-02 07:06:56.512  1131 19805 D CCodec  : setup formats output: AMessage(what = 0x00000000) = {
06-02 07:06:56.512  1131 19805 D CCodec  :   int32_t aac-drc-album-mode = 0
06-02 07:06:56.512  1131 19805 D CCodec  :   int32_t aac-drc-boost-level = 127
06-02 07:06:56.512  1131 19805 D CCodec  :   int32_t aac-drc-cut-level = 127
06-02 07:06:56.512  1131 19805 D CCodec  :   int32_t aac-drc-effect-type = 3
06-02 07:06:56.512  1131 19805 D CCodec  :   int32_t aac-drc-output-loudness = -1
06-02 07:06:56.512  1131 19805 D CCodec  :   int32_t aac-encoded-target-level = -1
06-02 07:06:56.512  1131 19805 D CCodec  :   int32_t aac-max-output-channel_count = 8
06-02 07:06:56.512  1131 19805 D CCodec  :   int32_t aac-target-ref-level = 64
06-02 07:06:56.512  1131 19805 D CCodec  :   int32_t buffer-batch-max-output-size = 0
06-02 07:06:56.512  1131 19805 D CCodec  :   int32_t buffer-batch-threshold-output-size = 0
06-02 07:06:56.512  1131 19805 D CCodec  :   int32_t channel-count = 2
06-02 07:06:56.512  1131 19805 D CCodec  :   int32_t channel-mask = 0
06-02 07:06:56.512  1131 19805 D CCodec  :   int32_t max-output-channel-count = 8
06-02 07:06:56.512  1131 19805 D CCodec  :   string mime = "audio/raw"
06-02 07:06:56.512  1131 19805 D CCodec  :   int32_t sample-rate = 44100
06-02 07:06:56.512  1131 19805 D CCodec  :   int32_t encoder-delay = 2112
06-02 07:06:56.512  1131 19805 D CCodec  :   int32_t encoder-padding = 636
06-02 07:06:56.512  1131 19805 D CCodec  :   int32_t android._config-pcm-encoding = 2
06-02 07:06:56.512  1131 19805 D CCodec  : }
06-02 07:06:56.513  1131 19805 I CCodecConfig: query failed after returning 21 values (BAD_INDEX)
06-02 07:06:56.514  1131 19805 E mediaserver32: Failed to query component interface for required system resources: 6
06-02 07:06:56.522  1433  4742 D SehCodecSolutionService: updateMediaStatisticsData: (action=1@1986621044;category=4@1986621044;label=1634951523@1986621044)
06-02 07:06:56.522  1433  4742 D CodecSolution_MediaStatisticsData: MediaStatisticsData: action=1@1986621044;category=4@1986621044;label=1634951523@1986621044
06-02 07:06:56.522  1433  4742 D CodecSolution_MediaStatisticsData: Category.valueOf: 4
06-02 07:06:56.522  1433  4742 D CodecSolution_MediaStatisticsData: Action.valueOf: 1
06-02 07:06:56.522  1433  4742 D CodecSolution_MediaStatisticsData: Label.valueOf: 0x61736163
06-02 07:06:56.522  1433  4742 D CodecSolution_MediaStatisticsData: category: ADEC
06-02 07:06:56.522  1433  4742 D CodecSolution_MediaStatisticsData: action: INSTANTIATE
06-02 07:06:56.522  1433  4742 D CodecSolution_MediaStatisticsData: label: ANDROID_SW_AAC
06-02 07:06:56.522  1433  1433 D SehCodecSolutionService: handleMessage : 900
06-02 07:06:56.522  1433  1433 D SehCodecSolutionService: event : ADEC
06-02 07:06:56.522  1433  1433 D CodecSolution_Logging: dma : true, feature: ADEC, extra: ANDROID_SW_AAC, value: -1
06-02 07:06:56.522  1433  1433 D CodecSolution_Logging: insert diagmon log
06-02 07:06:56.523  1433  1433 D CodecSolution_Logging: permission granted
06-02 07:06:56.523  1433  1433 W ContextImpl: Calling a method in the system process without a qualified user: android.app.ContextImpl.sendBroadcast:1335 vendor.samsung.frameworks.codecsolution.Logging.insertDiagmonLog:14 vendor.samsung.frameworks.codecsolution.Logging.insertLog:6 vendor.samsung.frameworks.codecsolution.Logging.insertLog:1 vendor.samsung.frameworks.codecsolution.SehCodecSolutionService$1.handleMessage:24 
06-02 07:06:56.525  1131 19805 I MediaCodec: MediaCodec will operate in async mode
06-02 07:06:56.525  1131 19804 D MediaCodec: keep callback message for reclaim
06-02 07:06:56.526  1131 19805 I CCodec  : [c2.android.aac.decoder] state->set(STARTING)
06-02 07:06:56.537 19495 19499 W ocessService0:3: userfaultfd: MOVE ioctl seems unsupported: Connection timed out
06-02 07:06:56.545  3911  3911 W ContextImpl: Calling a method in the system process without a qualified user: android.app.ContextImpl.startService:2068 android.content.ContextWrapper.startService:872 android.content.ContextWrapper.startService:872 com.sec.android.diagmonagent.sa.receiver.CFLogReceiver.onReceive:56 android.app.ActivityThread.handleReceiver:5663 
06-02 07:06:56.550  1131 19805 W Codec2Client: query -- param skipped: index = 1342179345.
06-02 07:06:56.551  1131 19805 W Codec2Client: query -- param skipped: index = 2415921170.
06-02 07:06:56.551  1131 19805 W Codec2Client: query -- param skipped: index = 1610614798.
06-02 07:06:56.560  1131 19805 D CCodecBufferChannel: [c2.android.aac.decoder#831] Created input block pool with allocatorID 16 => poolID 77 - OK (0)
06-02 07:06:56.563  1167 13471 D BufferPoolAccessor2.0: bufferpool2 0xb40000792052ee28 : 0(0 size) total buffers - 0(0 size) used buffers - 64/68 (recycle/alloc) - 4/67 (fetch/transfer)
06-02 07:06:56.564  1167 13471 D BufferPoolAccessor2.0: Destruction - bufferpool2 0xb40000792052ee28 cached: 0/0M, 0/0% in use; allocs: 68, 94% recycled; transfers: 67, 94% unfetched
06-02 07:06:56.565  1131 19805 I CCodecBufferChannel: [c2.android.aac.decoder#831] Created output block pool with allocatorID 16 => poolID 230 - OK
06-02 07:06:56.566  1131 19805 D CCodecBufferChannel: [c2.android.aac.decoder#831] Configured output block pool ids 230 => OK
06-02 07:06:56.571  1167  7056 E Codec2-ComponentInterface: We have a failed config
06-02 07:06:56.576  1131 19805 I CCodec  : [c2.android.aac.decoder] state->set(RUNNING)
06-02 07:06:56.579   877 32607 D C2MtkComponentStore: setDmaBufUsage: usage 5, flags 0, heapName mtk_mm for decoder.
06-02 07:06:56.585  1131 19805 I CCodecBufferChannel: [c2.android.aac.decoder#831] 4 initial input buffers available
06-02 07:06:56.588  1167 19809 D SimpleC2Component: Using output block pool with poolID 230 => got 230 - 0
06-02 07:06:56.606  1167 19809 I C2SoftAacDec: Reconfiguring decoder: 0->44100 Hz, 0->2 channels
06-02 07:06:56.609   877 32607 D C2MtkComponentStore: setDmaBufUsage: usage 5, flags 0, heapName mtk_mm for decoder.
06-02 07:06:56.615  1131 19805 D CCodecConfig: c2 config diff is   c2::u32 raw.channel-mask.value = 12
06-02 07:06:56.617  1131 19805 D CCodecBuffers: [c2.android.aac.decoder#831:Output[N]] popFromStashAndRegister: at 0us, output format changed to AMessage(what = 0x00000000) = {
06-02 07:06:56.617  1131 19805 D CCodecBuffers:   int32_t aac-drc-album-mode = 0
06-02 07:06:56.617  1131 19805 D CCodecBuffers:   int32_t aac-drc-boost-level = 127
06-02 07:06:56.617  1131 19805 D CCodecBuffers:   int32_t aac-drc-cut-level = 127
06-02 07:06:56.617  1131 19805 D CCodecBuffers:   int32_t aac-drc-effect-type = 3
06-02 07:06:56.617  1131 19805 D CCodecBuffers:   int32_t aac-drc-output-loudness = -1
06-02 07:06:56.617  1131 19805 D CCodecBuffers:   int32_t aac-encoded-target-level = -1
06-02 07:06:56.617  1131 19805 D CCodecBuffers:   int32_t aac-max-output-channel_count = 8
06-02 07:06:56.617  1131 19805 D CCodecBuffers:   int32_t aac-target-ref-level = 64
06-02 07:06:56.617  1131 19805 D CCodecBuffers:   int32_t buffer-batch-max-output-size = 0
06-02 07:06:56.617  1131 19805 D CCodecBuffers:   int32_t buffer-batch-threshold-output-size = 0
06-02 07:06:56.617  1131 19805 D CCodecBuffers:   int32_t channel-count = 2
06-02 07:06:56.617  1131 19805 D CCodecBuffers:   int32_t channel-mask = 12
06-02 07:06:56.617  1131 19805 D CCodecBuffers:   int32_t max-output-channel-count = 8
06-02 07:06:56.617  1131 19805 D CCodecBuffers:   string mime = "audio/raw"
06-02 07:06:56.617  1131 19805 D CCodecBuffers:   int32_t sample-rate = 44100
06-02 07:06:56.617  1131 19805 D CCodecBuffers:   int32_t encoder-delay = 2112
06-02 07:06:56.617  1131 19805 D CCodecBuffers:   int32_t encoder-padding = 636
06-02 07:06:56.617  1131 19805 D CCodecBuffers:   int32_t android._config-pcm-encoding = 2
06-02 07:06:56.617  1131 19805 D CCodecBuffers: }
06-02 07:06:56.623  1131 19803 V AudioSink: +++ close
06-02 07:06:56.624  1131 19803 V AudioSink: --- close
06-02 07:06:56.629  1433  1613 D VibrationThread: Playing vibration id 141 on vibrator 0 SetAmplitudeVibratorStep
06-02 07:06:56.629  1433  1613 D VibrationThread: Running amplitude step with 1ms latency.
06-02 07:06:56.629  1433  1613 D VibrationThread: Turning off vibrator 0
06-02 07:06:56.629   914   914 E SecVibrator-HAL-AIDL-CORE: V_2_0: Vibrator off
06-02 07:06:56.629   914   914 E SecVibrator-HAL-AIDL-CORE: HW_API: do_off
06-02 07:06:56.629   914   914 E SecVibrator-HAL-AIDL-CORE: HW_API: >> writeNode node:/timed_output/vibrator/enable val:0
06-02 07:06:56.629   914   914 E SecVibrator-HAL-AIDL-CORE: HW_API: << writeNode node OK : 2
06-02 07:06:56.630  1433  4742 D InputDispatcher: Inject motion (19815/2000): action=0x0, time=17758422000000, f=0x0, d=0 dsdx=1.000000 dtdx=0.000000
06-02 07:06:56.630  1433  1622 I InputDispatcher: Delivering touch to (1924): action: 0x4, f=0x0, d=0, '9339104', t=1 
06-02 07:06:56.630  1433  1622 I InputDispatcher: Delivering touch to (19343): action: 0x0, f=0x0, d=0, 'a8b223f', t=1 
06-02 07:06:56.630  1433  1622 D PowerManagerService: [api] userActivityFromNative : touch displayId=0 eventTime=17758422
06-02 07:06:56.631 19343 19343 I VRI[SalesActivity]@5294ec6: ViewPostIme pointer 0
06-02 07:06:56.631 19343 19343 I GestureDetector: obtain mCurrentDownEvent. id: -355136512 caller: io.sentry.android.core.internal.gestures.g.a:5 io.sentry.android.core.internal.gestures.g.dispatchTouchEvent:12 com.android.internal.policy.DecorView.dispatchTouchEvent:728 
06-02 07:06:56.631  1433  1465 I GestureDetector: obtain mCurrentDownEvent. id: -355136512 caller: com.android.server.wm.SystemGesturesPointerEventListener.onPointerEvent:17 com.android.server.wm.PointerEventDispatcher.onInputEvent:51 android.view.InputEventReceiver.dispatchInputEvent:392 
06-02 07:06:56.631  1433  1465 I GestureDetector: obtain mCurrentDownEvent. id: -355136512 caller: com.android.server.wm.SystemPerformancePointerEventListener.onPointerEvent:13 com.android.server.wm.PointerEventDispatcher.onInputEvent:51 android.view.InputEventReceiver.dispatchInputEvent:392 
06-02 07:06:56.632  1433  4742 D InputDispatcher: Inject motion (19815/2000): action=0x1, time=17758422000000, f=0x0, d=0 dsdx=1.000000 dtdx=0.000000
06-02 07:06:56.632  3933  3933 I SemDvfsHyPerManager: acquire hyper - TATouchBoost/3933@21, type = -999
06-02 07:06:56.632  1433  1622 I InputDispatcher: Delivering touch to (19343): action: 0x1, f=0x0, d=0, 'a8b223f', t=1 
06-02 07:06:56.632   887   902 I HYPER-HAL: [RequestManager.cpp]acquire(): Acquired ID : 7819056  [3933 / 21]    HINT :      list : [TABoost / 40] [TIMEOUT / 1500] 
06-02 07:06:56.632  1433  1465 I GestureDetector: obtain mCurrentMotionEventRaw. action: 1 id: -86094363
06-02 07:06:56.632  1433  1465 I GestureDetector: obtain mCurrentMotionEventRaw. action: 1 id: -86094363
06-02 07:06:56.632 19343 19343 I VRI[SalesActivity]@5294ec6: ViewPostIme pointer 1
06-02 07:06:56.632 19343 19343 I GestureDetector: obtain mCurrentMotionEventRaw. action: 1 id: -86094363
06-02 07:06:56.634   925  8157 V APM_AudioPolicyManager: selectOutput new bestOutput 13 criteria 0 100 0 0 0 0 0 2 
06-02 07:06:56.634  3933  3933 I SemDvfsHyPerManager: acquire hyper - TaskTurbo/3933@22, type = -999
06-02 07:06:56.635   887   902 I HYPER-HAL: [RequestManager.cpp]acquire(): Acquired ID : 7823012  [3933 / 22]    HINT :      list : [TaskTurbo / 15] [TIMEOUT / 1500] 
06-02 07:06:56.635   925  8157 V APM_AudioPolicyManager: getOutput() stream 3 selected devices {AUDIO_DEVICE_OUT_SPEAKER, @:}, output 13
06-02 07:06:56.638   925  8157 V APM_AudioPolicyManager: selectOutput new bestOutput 13 criteria 0 100 0 0 0 0 0 2 
06-02 07:06:56.638   925  8157 V APM_AudioPolicyManager: getOutput() stream 3 selected devices {AUDIO_DEVICE_OUT_SPEAKER, @:}, output 13
06-02 07:06:56.639   925  8157 V APM_AudioPolicyManager: selectOutput new bestOutput 13 criteria 0 100 0 0 0 0 0 2 
06-02 07:06:56.639   925  8157 V APM_AudioPolicyManager: getOutput() stream 3 selected devices {AUDIO_DEVICE_OUT_SPEAKER, @:}, output 13
06-02 07:06:56.639  1131 19803 I NuPlayerRenderer: checkAudioSinkPcmMsSetting 500
06-02 07:06:56.639  1131 19803 V AudioSink: open(44100, 2, 0x3, 0x1, 0, 2129 0x0)
06-02 07:06:56.640   925  8157 V APM_AudioPolicyManager: selectOutput new bestOutput 13 criteria 0 100 0 0 0 0 0 2 
06-02 07:06:56.640   925  8157 V APM_AudioPolicyManager: getOutput() stream 5 selected devices {AUDIO_DEVICE_OUT_SPEAKER, @:}, output 13
06-02 07:06:56.642   925  2616 V APM_AudioPolicyManager: selectOutput new bestOutput 13 criteria 0 100 0 0 0 0 0 2 
06-02 07:06:56.642   925  2616 V APM_AudioPolicyManager: getOutput() stream 5 selected devices {AUDIO_DEVICE_OUT_SPEAKER, @:}, output 13
06-02 07:06:56.642  1131 19803 V AudioSink: no track available to recycle
06-02 07:06:56.642  1131 19803 V AudioSink: creating new AudioTrack
06-02 07:06:56.652  1433  4742 D TrafficStateDatabaseController: onDnsEvent():  objTrafficStats.size= 151, mInsertList= true
06-02 07:06:56.653  1902  1911 E PhoneInterfaceManager: getServiceStateForSlot retuning null for invalid slotIndex=-1
06-02 07:06:56.654   870 11872 W AudioALSACaptureDataProviderNormal: readThread, latency_in_s,0.000001,0.040132,0.000070, totalTime 0.040203 > logTimeout 0.022000 TIMEOUT!!
06-02 07:06:56.655  1433  1856 D NetdEventListenerService: DNS Requested by 100, 10501(com.lotterynet.pro), SUCCESS, 2ms
06-02 07:06:56.670 19343 19343 I View    : setRequestedFrameRate frameRate=NaN, this=androidx.compose.ui.platform.AndroidComposeView{8bddf81 VFED..... ......ID 0,0-1080,2340 aid=1073741824}, caller=android.view.ViewGroup.setRequestedFrameRate:9952 fr.a:1 androidx.compose.ui.platform.AndroidComposeView.dispatchDraw:100 android.view.View.draw:26345 android.view.View.updateDisplayListIfDirty:25175 
06-02 07:06:56.670 19343 19343 I View    : setRequestedFrameRate frameRate=-4.0, this=android.view.View{e6a08d0 V.ED..... ........ 0,0-0,0}, caller=fr.a:1 androidx.compose.ui.platform.AndroidComposeView.dispatchDraw:109 android.view.View.draw:26345 android.view.View.updateDisplayListIfDirty:25175 android.view.ViewGroup.recreateChildDisplayList:4794 
06-02 07:06:56.673 19343 19343 I View    : setRequestedFrameRate frameRate=NaN, this=androidx.compose.ui.platform.AndroidComposeView{8bddf81 VFED..... ........ 0,0-1080,2340 aid=1073741824}, caller=android.view.ViewGroup.setRequestedFrameRate:9952 fr.a:1 androidx.compose.ui.platform.AndroidComposeView.dispatchDraw:100 android.view.View.draw:26345 android.view.View.updateDisplayListIfDirty:25175 
06-02 07:06:56.673 19343 19343 I View    : setRequestedFrameRate frameRate=NaN, this=android.view.View{e6a08d0 V.ED..... ........ 0,0-0,0}, caller=fr.a:1 androidx.compose.ui.platform.AndroidComposeView.dispatchDraw:109 android.view.View.draw:26345 android.view.View.updateDisplayListIfDirty:25175 android.view.ViewGroup.recreateChildDisplayList:4794 
06-02 07:06:56.676   925  2616 V APM_AudioPolicyManager: getOutputForAttrInt() attributes={ Content type: AUDIO_CONTENT_TYPE_SONIFICATION Usage: AUDIO_USAGE_NOTIFICATION Source: AUDIO_SOURCE_INVALID Flags: 0x800 Tags:  } stream=AUDIO_STREAM_NOTIFICATION session 2129 selectedDeviceId 0
06-02 07:06:56.677   925  2616 V APM_AudioPolicyManager: getOutputForAttrInt() device {AUDIO_DEVICE_OUT_SPEAKER, @:}, sampling rate 44100, format 0x1, channel mask 0x3, flags 0x400002 stream AUDIO_STREAM_NOTIFICATION
06-02 07:06:56.678   925  2616 V APM_AudioPolicyManager: selectOutput new bestOutput 13 criteria 0 100 0 0 0 1 4 2 
06-02 07:06:56.678   925  2616 V APM_AudioPolicyManager: getOutputForAttrInt returns output 13 selectedDeviceIds 3
06-02 07:06:56.678   925  2616 V APM_AudioPolicyManager: getOutputForAttr() returns output 13 requestedPortIds AUDIO_PORT_HANDLE_NONE selectedDeviceIds 3 for port ID 216
06-02 07:06:56.690   925  2616 I AudioFlinger: nonSecFlag 0, secFlag 400000, outputFlags 2
06-02 07:06:56.694  3933  3933 I SDHMS:LOAD: type: LoadsFreqs, value: 0:0:2:888000:2200000:700000:1241999:2000000:650000:46:390:0
06-02 07:06:56.726   925  2616 D AudioFlinger: Client defaulted notificationFrames to 7520 for frameCount 22560
06-02 07:06:56.729   925  2616 I AF::PthrPatchRecord: creating track with enforcement level 0
06-02 07:06:56.753   925  2616 I AF::Track: setMixerOutConfig return default condition, mixer key 2002, thread key 202
06-02 07:06:56.767  1131 19803 V AudioSink: deleteRecycledTrack_l
06-02 07:06:56.767  1131 19803 V AudioSink: setVolume
06-02 07:06:56.767  1131 19803 D AudioTrack: setVolume(1.000000, 1.000000) pid : 1924
06-02 07:06:56.769  1131 19803 V AudioSink: updateTrack() DONE status 0
06-02 07:06:56.769  1131 19803 V AudioSink: setPlaybackRate(1.000000 1.000000 2 0)
06-02 07:06:56.769  1131 19803 V AudioSink: start
06-02 07:06:56.770  1131 19803 D AudioTrack: setVolume(1.000000, 1.000000) pid : 1924
06-02 07:06:56.774  1131 19803 I SAG_VOR_a32: VoiceActivityDetectionInit() Version Samsung VAD v3.0 a32 2020.06.22)
06-02 07:06:56.777  1433  2205 D InputDispatcher: Inject motion (19823/2000): action=0x0, time=17758570000000, f=0x0, d=0 dsdx=1.000000 dtdx=0.000000
06-02 07:06:56.777  1433  1622 I InputDispatcher: Delivering touch to (1924): action: 0x4, f=0x0, d=0, '9339104', t=1 
06-02 07:06:56.777  1433  1622 I InputDispatcher: Delivering touch to (19343): action: 0x0, f=0x0, d=0, 'a8b223f', t=1 
06-02 07:06:56.778   925  8157 I AF::Track: setMixerOutConfig return default condition, mixer key 2002, thread key 202
06-02 07:06:56.778 19343 19343 I VRI[SalesActivity]@5294ec6: ViewPostIme pointer 0
06-02 07:06:56.778 19343 19343 I GestureDetector: obtain mCurrentDownEvent. id: -24108126 caller: io.sentry.android.core.internal.gestures.g.a:5 io.sentry.android.core.internal.gestures.g.dispatchTouchEvent:12 com.android.internal.policy.DecorView.dispatchTouchEvent:728 
06-02 07:06:56.778  3933  3933 I SemDvfsHyPerManager: acquire hyper - TATouchBoost/3933@21, type = -999
06-02 07:06:56.778  3933  3933 I SemDvfsHyPerManager: acquire hyper - TaskTurbo/3933@22, type = -999
06-02 07:06:56.779   887   902 I HYPER-HAL: [RequestManager.cpp]acquire(): Acquired ID : 7819056  [3933 / 21]    HINT :      list : [TABoost / 40] [TIMEOUT / 1500] 
06-02 07:06:56.779   887   902 I HYPER-HAL: [RequestManager.cpp]acquire(): Acquired ID : 7823012  [3933 / 22]    HINT :      list : [TaskTurbo / 15] [TIMEOUT / 1500] 
06-02 07:06:56.779  1433  1465 I GestureDetector: obtain mCurrentDownEvent. id: -24108126 caller: com.android.server.wm.SystemGesturesPointerEventListener.onPointerEvent:17 com.android.server.wm.PointerEventDispatcher.onInputEvent:51 android.view.InputEventReceiver.dispatchInputEvent:392 
06-02 07:06:56.779  1433  1465 I GestureDetector: obtain mCurrentDownEvent. id: -24108126 caller: com.android.server.wm.SystemPerformancePointerEventListener.onPointerEvent:13 com.android.server.wm.PointerEventDispatcher.onInputEvent:51 android.view.InputEventReceiver.dispatchInputEvent:392 
06-02 07:06:56.779  1433  2205 D InputDispatcher: Inject motion (19823/2000): action=0x1, time=17758570000000, f=0x0, d=0 dsdx=1.000000 dtdx=0.000000
06-02 07:06:56.779  1433  1622 I InputDispatcher: Delivering touch to (19343): action: 0x1, f=0x0, d=0, 'a8b223f', t=1 
06-02 07:06:56.780 19343 19343 I VRI[SalesActivity]@5294ec6: ViewPostIme pointer 1
06-02 07:06:56.780 19343 19343 I GestureDetector: obtain mCurrentMotionEventRaw. action: 1 id: -531126091
06-02 07:06:56.780  1433  1465 I GestureDetector: obtain mCurrentMotionEventRaw. action: 1 id: -531126091
06-02 07:06:56.780  1433  1465 I GestureDetector: obtain mCurrentMotionEventRaw. action: 1 id: -531126091
06-02 07:06:56.781 19343 19343 I View    : setRequestedFrameRate frameRate=NaN, this=androidx.compose.ui.platform.AndroidComposeView{8bddf81 VFED..... ........ 0,0-1080,2340 aid=1073741824}, caller=android.view.ViewGroup.setRequestedFrameRate:9952 fr.a:1 androidx.compose.ui.platform.AndroidComposeView.dispatchDraw:100 android.view.View.draw:26345 android.view.View.updateDisplayListIfDirty:25175 
06-02 07:06:56.781 19343 19343 I View    : setRequestedFrameRate frameRate=NaN, this=android.view.View{e6a08d0 V.ED..... ........ 0,0-0,0}, caller=fr.a:1 androidx.compose.ui.platform.AndroidComposeView.dispatchDraw:109 android.view.View.draw:26345 android.view.View.updateDisplayListIfDirty:25175 android.view.ViewGroup.recreateChildDisplayList:4794 
06-02 07:06:56.785   925  8157 V APM_AudioPolicyManager: startOutput portId 216
06-02 07:06:56.786   925  8157 V APM_AudioPolicyManager: startOutput() output 13, stream 5, session 2129
06-02 07:06:56.787   925  8157 V APM_AudioPolicyManager: setBeaconMute(1) mBeaconMuteRefCount=1 mBeaconPlayingRefCount=0
06-02 07:06:56.789   925  8157 V APM_AudioPolicyManager: getNewOutputDevices selected devices {AUDIO_DEVICE_OUT_SPEAKER, @:}
06-02 07:06:56.790   925  8157 V APM_AudioPolicyManager: setOutputDevices caller startSource[[portId:1][io:13, primary-out]] device {AUDIO_DEVICE_OUT_SPEAKER, @:} delayMs 0
06-02 07:06:56.790   925  8157 V APM_AudioPolicyManager: setOutputDevices: caller startSource[[portId:1][io:13, primary-out]] suppressing checkDeviceMuteStrategies
06-02 07:06:56.790   925  8157 V APM_AudioPolicyManager: setOutputDevices caller startSource[[portId:1][io:13, primary-out]] changing device to {AUDIO_DEVICE_OUT_SPEAKER, @:} (prevDevice {AUDIO_DEVICE_OUT_SPEAKER, @:})
06-02 07:06:56.817   880   940 I SensorsHub: context 10 0 9 1,1,26,1,2,98,76,17,1,1, 17882107428429
06-02 07:06:56.839 19343 19343 I View    : setRequestedFrameRate frameRate=NaN, this=androidx.compose.ui.platform.AndroidComposeView{8bddf81 VFED..... ........ 0,0-1080,2340 aid=1073741824}, caller=android.view.ViewGroup.setRequestedFrameRate:9952 fr.a:1 androidx.compose.ui.platform.AndroidComposeView.dispatchDraw:100 android.view.View.draw:26345 android.view.View.updateDisplayListIfDirty:25175 
06-02 07:06:56.839  1433  1698 D CAE     : onGetSensorHubData(SensorHubParserProvider.java:92) - onGetSensorHubData Event [event buffer len :10], AP_WAKEUP
06-02 07:06:56.839 19343 19343 I View    : setRequestedFrameRate frameRate=NaN, this=android.view.View{e6a08d0 V.ED..... ........ 0,0-0,0}, caller=fr.a:1 androidx.compose.ui.platform.AndroidComposeView.dispatchDraw:109 android.view.View.draw:26345 android.view.View.updateDisplayListIfDirty:25175 android.view.ViewGroup.recreateChildDisplayList:4794 
06-02 07:06:56.840  1433  1698 I CAE     : parse(SensorHubParserProvider.java:188) - buffer size = 10
06-02 07:06:56.841  1433  1698 I CAE     : parse(SensorHubParserProvider.java:199) - 1, 1, 26, 1, 2, 98, 76, 17, 1, 1,
06-02 07:06:56.843  1433  1698 E CAE     : parse(SensorHubModeHandler.java:72) - ERROR : Service is not registered
06-02 07:06:56.844  1433  1698 E CAE     : onGetSensorHubData(SensorHubParserProvider.java:115) - ERROR : Data field parsing error
06-02 07:06:56.854   870   870 D DlbDlbEffect: handle_EFFECT_CMD_SET_DEVICE(device=0x00000002)
06-02 07:06:56.855   870   870 D DlbEffectContext: setDevice(00000002)
06-02 07:06:56.856   870   870 D DlbEndpointParamCache: setDevice(device=0x00000002)
06-02 07:06:56.865   925  1379 I AudioEffectExtendAction: setDevice_l empty address, empty name
06-02 07:06:56.869   925  1379 V VolumeMonitor_Energy_Effect: VM_setDevice() sessionId:-1301, device:0x0x2, isBtTypeHeadset:0
06-02 07:06:56.878  1433  1613 D VibrationThread: Playing vibration id 141 on vibrator 0 CompleteEffectVibratorStep
06-02 07:06:56.879  1433  1613 D VibrationThread: Running complete vibration step on vibrator 0
06-02 07:06:56.880  1433  1613 D VibrationThread: Playing vibration id 141 on vibrator 0 TurnOffVibratorStep
06-02 07:06:56.880  1433  1613 D VibrationThread: Turning off vibrator 0
06-02 07:06:56.881   914   914 E SecVibrator-HAL-AIDL-CORE: V_2_0: Vibrator off
06-02 07:06:56.881   914   914 E SecVibrator-HAL-AIDL-CORE: HW_API: do_off
06-02 07:06:56.881   914   914 E SecVibrator-HAL-AIDL-CORE: HW_API: >> writeNode node:/timed_output/vibrator/enable val:0
06-02 07:06:56.882   914   914 E SecVibrator-HAL-AIDL-CORE: HW_API: << writeNode node OK : 2
06-02 07:06:56.883  1433  1613 D VibrationThread: Vibration 141 finished with EndInfo{status=FINISHED, endedBy=null}
06-02 07:06:56.884  1433  1613 D VibrationThread: Playing vibration id 141 FinishSequentialEffectStep (cleanup)
06-02 07:06:56.884  1433  1613 D VibrationThread: FinishSequentialEffectStep for effect #0
06-02 07:06:56.888  1433  1613 D VibratorManagerService: VibrationThread released vibration 141
06-02 07:06:56.888  1433  1613 D VibratorManagerService: Finish AppOp mode VIBRATE for uid 1000 and package android
06-02 07:06:56.890  1433  1613 D VibratorManagerService: Vibration for uid=1000 and with attrs=VibrationAttributes{mUsage=NOTIFICATION, mAudioUsage= USAGE_UNKNOWN, mFlags=0, tags=} ended with status FINISHED
