06-02 07:06:56.913   870   870 D AudioALSAHardware: +createAudioPatch() num_sources [1] , num_sinks [1], handle [0x19b], current mAudioHalPatchVector size 5
06-02 07:06:56.923   870   870 D AudioALSAStreamManager: +setParameters(), IOport = 13, keyValuePairs = routing=2
06-02 07:06:56.925   870   870 D AudioALSAStreamManager: setParameters(), Send to mStreamOutVector[0], flag 2
06-02 07:06:56.930   870   870 D AudioALSAStreamOut: updatePolicyDevice(), flag: 0x2, device: 0x2
06-02 07:06:56.931   870   870 D AudioALSAStreamManager: +routingOutputDevice(), streamOut : set reopen state : false
06-02 07:06:56.931   870   870 D AudioALSAStreamManager: +routingOutputDevice(), streamOut : set reopen state : false
06-02 07:06:56.931   870   870 D AudioALSAStreamManager: +routingOutputDevice(), streamOut : set reopen state : false
06-02 07:06:56.931   870   870 D AudioALSAStreamManager: +routingOutputDevice(), streamOut : set reopen state : false
06-02 07:06:56.931   870   870 W AudioALSAStreamManager: routingOutputDevice(), flag: 0x2, output_devices == current_output_devices(0x00000002), return
06-02 07:06:56.933   870   870 D AudioIEMsController: routing(+), cur out 0x0 in 0x0, hs 0, bt 0, usb 0, device 0x2, mask 0x1, on 0
06-02 07:06:56.933   870   870 D AudioIEMsController: routing(-), cur out 0x0 in 0x0
06-02 07:06:56.935   870   870 D AudioALSAHardware: -createAudioPatch() num_sources [1] , num_sinks [1], handle [0x1c5]
06-02 07:06:56.937   925  1379 D AudioFlinger: setCurDevice() 0x2
06-02 07:06:56.939   870   870 D AudioALSAStreamOut: getRecommendedLatencyModes()
06-02 07:06:56.943   925  8157 V APM_AudioPolicyManager: setOutputDevices() AF::createAudioPatch returned 0 patchHandle 3628 num_sources 1 num_sinks 1
06-02 07:06:56.947   925  8157 V APM_AudioPolicyManager: checkAndSetVolume: output 13, stream 10, index 15, devices 0x2, volume 1.000000, delayMs 0, muted false
06-02 07:06:56.948  1433  4742 D InputDispatcher: Inject motion (19829/2000): action=0x0, time=17758741000000, f=0x0, d=0 dsdx=1.000000 dtdx=0.000000
06-02 07:06:56.949  1433  1622 I InputDispatcher: Delivering touch to (1924): action: 0x4, f=0x0, d=0, '9339104', t=1 
06-02 07:06:56.949  1433  1622 I InputDispatcher: Delivering touch to (19343): action: 0x0, f=0x0, d=0, 'a8b223f', t=1 
06-02 07:06:56.949  1433  1465 I GestureDetector: obtain mCurrentDownEvent. id: -1020527109 caller: com.android.server.wm.SystemGesturesPointerEventListener.onPointerEvent:17 com.android.server.wm.PointerEventDispatcher.onInputEvent:51 android.view.InputEventReceiver.dispatchInputEvent:392 
06-02 07:06:56.950   925  8157 V APM_AudioPolicyManager: checkAndSetVolume: output 13, stream 4, index 11, devices 0x2, volume 0.223872, delayMs 0, muted false
06-02 07:06:56.950  1433  1465 I GestureDetector: obtain mCurrentDownEvent. id: -1020527109 caller: com.android.server.wm.SystemPerformancePointerEventListener.onPointerEvent:13 com.android.server.wm.PointerEventDispatcher.onInputEvent:51 android.view.InputEventReceiver.dispatchInputEvent:392 
06-02 07:06:56.950 19343 19343 I VRI[SalesActivity]@5294ec6: ViewPostIme pointer 0
06-02 07:06:56.950  3933  3933 I SemDvfsHyPerManager: acquire hyper - TATouchBoost/3933@21, type = -999
06-02 07:06:56.950   925  8157 V APM_AudioPolicyManager: checkAndSetVolume: output 13, stream 8, index 15, devices 0x2, volume 1.000000, delayMs 0, muted false
06-02 07:06:56.950  3933  3933 I SemDvfsHyPerManager: acquire hyper - TaskTurbo/3933@22, type = -999
06-02 07:06:56.950 19343 19343 I GestureDetector: obtain mCurrentDownEvent. id: -1020527109 caller: io.sentry.android.core.internal.gestures.g.a:5 io.sentry.android.core.internal.gestures.g.dispatchTouchEvent:12 com.android.internal.policy.DecorView.dispatchTouchEvent:728 
06-02 07:06:56.950   887   902 I HYPER-HAL: [RequestManager.cpp]acquire(): Acquired ID : 7819056  [3933 / 21]    HINT :      list : [TABoost / 40] [TIMEOUT / 1500] 
06-02 07:06:56.951   887   902 I HYPER-HAL: [RequestManager.cpp]acquire(): Acquired ID : 7823012  [3933 / 22]    HINT :      list : [TaskTurbo / 15] [TIMEOUT / 1500] 
06-02 07:06:56.953  1433  4742 D InputDispatcher: Inject motion (19829/2000): action=0x1, time=17758741000000, f=0x0, d=0 dsdx=1.000000 dtdx=0.000000
06-02 07:06:56.953  1433  1622 I InputDispatcher: Delivering touch to (19343): action: 0x1, f=0x0, d=0, 'a8b223f', t=1 
06-02 07:06:56.954  1433  1465 I GestureDetector: obtain mCurrentMotionEventRaw. action: 1 id: -624241574
06-02 07:06:56.954  1433  1465 I GestureDetector: obtain mCurrentMotionEventRaw. action: 1 id: -624241574
06-02 07:06:56.954 19343 19343 I VRI[SalesActivity]@5294ec6: ViewPostIme pointer 1
06-02 07:06:56.954 19343 19343 I GestureDetector: obtain mCurrentMotionEventRaw. action: 1 id: -624241574
06-02 07:06:56.955   925  8157 V APM_AudioPolicyManager: checkAndSetVolume: output 13, stream 3, index 15, devices 0x2, volume 1.000000, delayMs 0, muted false
06-02 07:06:56.956   925  8157 V APM_AudioPolicyManager: checkAndSetVolume: output 13, stream 5, index 3, devices 0x2, volume 0.035481, delayMs 0, muted false
06-02 07:06:56.956   925  8157 D APM_AudioPolicyManager: checkAndSetGainTableAnalogGain stream 5, devices 0x2, index 3
06-02 07:06:56.959 19343 19343 I View    : setRequestedFrameRate frameRate=NaN, this=androidx.compose.ui.platform.AndroidComposeView{8bddf81 VFED..... ........ 0,0-1080,2340 aid=1073741824}, caller=android.view.ViewGroup.setRequestedFrameRate:9952 fr.a:1 androidx.compose.ui.platform.AndroidComposeView.dispatchDraw:100 android.view.View.draw:26345 android.view.View.updateDisplayListIfDirty:25175 
06-02 07:06:56.959 19343 19343 I View    : setRequestedFrameRate frameRate=NaN, this=android.view.View{e6a08d0 V.ED..... ........ 0,0-0,0}, caller=fr.a:1 androidx.compose.ui.platform.AndroidComposeView.dispatchDraw:109 android.view.View.draw:26345 android.view.View.updateDisplayListIfDirty:25175 android.view.ViewGroup.recreateChildDisplayList:4794 
06-02 07:06:56.962   870   992 D AudioALSAStreamOut: +setParameters(): flag 2, volumeDevice=2;volumeIndex=3;volumeStreamType=5
06-02 07:06:56.964   870   992 D AudioALSAStreamManager: getFactoryTestRouteMode(), misFactoryTestRouteMode = 0
06-02 07:06:56.965   870   992 D AudioMTKGainController: setNormalVolume(), mSceneIndex = 0, stream 5, devices 0x2, index 3, mode 0x0, gainDevice 0x2
06-02 07:06:56.966   870   992 D AudioALSAStreamManager: setVolumeIndex() stream= 5, device= 2, index= 3
06-02 07:06:56.969   925  8157 V APM_AudioPolicyManager: checkAndSetVolume: output 13, stream 2, index 15, devices 0x2, volume 1.000000, delayMs 0, muted false
06-02 07:06:56.969   925  8157 V APM_AudioPolicyManager: checkAndSetVolume: output 13, stream 1, index 0, devices 0x2, volume 0.000000, delayMs 0, muted false
06-02 07:06:56.973   925  8157 V APM_AudioPolicyManager: checkAndSetVolume: output 13, stream 9, index 15, devices 0x2, volume 0.841395, delayMs 0, muted false
06-02 07:06:56.974   925  8157 V APM_AudioPolicyManager: checkAndSetVolume: output 13, stream 0, index 8, devices 0x2, volume 1.000000, delayMs 0, muted false
06-02 07:06:56.977   925  8157 V APM_AudioPolicyManager: checkAndSetVolume: output 13, stream 11, index 0, devices 0x2, volume 0.000000, delayMs 0, muted false
06-02 07:06:56.977   925  8157 V APM_AudioPolicyManager: checkAndSetVolume: output 13, stream 5, index 3, devices 0x2, volume 0.035481, delayMs 0, muted false
06-02 07:06:56.986   925  8157 I AudioFlinger: updateStageIndex new -1301
06-02 07:06:56.997  1131 19803 I MediaClock: setThreshold mThresholdTimeUsForAnchor(500000), mMinClockModificationTimeUs(80000), mMaxCorrectionTimeUs(30000)
06-02 07:06:56.997  1131 19803 I NuPlayerRenderer: onAudioSinkChanged() getPosition : 0
06-02 07:06:56.997  1131 19803 I MediaClock: setPlaybackRate rate : 0.000000
06-02 07:06:56.997  1131 19803 I NuPlayerRenderer: onDrainAudioQueue() send kWhatPollingAudioStarted audio_out : 0
06-02 07:06:56.998  1131 19803 I NuPlayerRenderer: setAudioFirstAnchorTime mAudioFirstAnchorTimeMediaUs : -1, new mediaTimeUs : 46439
06-02 07:06:56.998  1131 19803 I MediaClock: getMediaTime_l - mAnchorTimeRealUs is '-1'
06-02 07:06:56.998  1131 19803 I MediaClock: getMediaTime_l - mAnchorTimeRealUs is '-1'
06-02 07:06:56.998  1131 19781 V NuPlayer: media rendering started
06-02 07:06:56.998  1131 19803 I MediaClock: getMediaTime_l - mAnchorTimeRealUs is '-1'
06-02 07:06:56.998  1131 19803 I MediaClock: getMediaTime_l - mAnchorTimeRealUs is '-1'
06-02 07:06:56.998  1131 19781 V MediaPlayerService: [61] notify (6, 0, 0)
06-02 07:06:56.998   925  1379 I SoundBoosterEffectPlus: SB_setVolume(0xb4000070e90e9200)
06-02 07:06:56.999  1924  1944 V MediaPlayerNative: message received msg=6, ext1=0, ext2=0
06-02 07:06:56.999  1924  1944 V MediaPlayerNative: Received media started message
06-02 07:06:56.999   925  1379 I SoundBoosterEffectPlus: command EFFECT_CMD_SET_VOLUME left = 1.000000, right =1.000000
06-02 07:06:57.000  1131  3289 D MediaPlayerService: onAudioDeviceUpdate deviceIds: 3
06-02 07:06:57.000  1131  3289 V MediaPlayerService: [61] notify (10000, 13, 0)
06-02 07:06:57.001  1131 14346 I MediaClock: getMediaTime_l - mAnchorTimeRealUs is '-1'
06-02 07:06:57.001  1131 14346 V NuPlayerDriver: getCurrentPosition(0xe81ad940) 0 (msec), at state 5
06-02 07:06:57.002  1924  2741 D SoundCraft.PlayingAudioConditionHandler: onPlaybackConfigChanged : lastStartedPackageName=null, lastStartedUid=-1, newStartedUid=-1, newStartPackageName=null, thread=Thread[RoutineHandlerThread,5,main]
06-02 07:06:57.002  1924  2604 V MediaPlayerNative: message received msg=10000, ext1=13, ext2=0
06-02 07:06:57.004   925  1379 I SAG_EQ a64: SetVolumeFloat() inst_num [846930886] VolumeFloat [0.000087] mModeFW [2] mMode [2]
06-02 07:06:57.004   925  1379 I SAG_EQ a64: mIsVolumeTableValid yes 
06-02 07:06:57.004   925  1379 I SAG_EQ a64: SetVolume() VolumeIndexInt [15] 
06-02 07:06:57.004  1131 19803 I MediaClock: getMediaTime_l - mAnchorTimeRealUs is '-1'
06-02 07:06:57.004  1131 19803 I MediaClock: getMediaTime_l - mAnchorTimeRealUs is '-1'
06-02 07:06:57.004  1131 19803 I MediaClock: getMediaTime_l - mAnchorTimeRealUs is '-1'
06-02 07:06:57.004  1131 19803 I MediaClock: getMediaTime_l - mAnchorTimeRealUs is '-1'
06-02 07:06:57.004  1131 14346 V MediaPlayerService: [61] getRoutedDeviceIds
06-02 07:06:57.005  1131 14346 V AudioSink: getRoutedDeviceIds
06-02 07:06:57.011  1131 19803 I MediaClock: getMediaTime_l - mAnchorTimeRealUs is '-1'
06-02 07:06:57.014  1924  2741 D SoundCraft.PlayingAudioConditionHandler: onPlaybackConfigChanged : lastStartedPackageName=null, lastStartedUid=-1, newStartedUid=-1, newStartPackageName=null, thread=Thread[RoutineHandlerThread,5,main]
06-02 07:06:57.014 19343 19343 I View    : setRequestedFrameRate frameRate=NaN, this=androidx.compose.ui.platform.AndroidComposeView{8bddf81 VFED..... ........ 0,0-1080,2340 aid=1073741824}, caller=android.view.ViewGroup.setRequestedFrameRate:9952 fr.a:1 androidx.compose.ui.platform.AndroidComposeView.dispatchDraw:100 android.view.View.draw:26345 android.view.View.updateDisplayListIfDirty:25175 
06-02 07:06:57.014 19343 19343 I View    : setRequestedFrameRate frameRate=NaN, this=android.view.View{e6a08d0 V.ED..... ........ 0,0-0,0}, caller=fr.a:1 androidx.compose.ui.platform.AndroidComposeView.dispatchDraw:109 android.view.View.draw:26345 android.view.View.updateDisplayListIfDirty:25175 android.view.ViewGroup.recreateChildDisplayList:4794 
06-02 07:06:57.017  1131 19803 I MediaClock: getMediaTime_l - mAnchorTimeRealUs is '-1'
06-02 07:06:57.017  1131 19803 I MediaClock: getMediaTime_l - mAnchorTimeRealUs is '-1'
06-02 07:06:57.021  1131 19803 I MediaClock: getMediaTime_l - mAnchorTimeRealUs is '-1'
06-02 07:06:57.022  1131 19803 I MediaClock: getMediaTime_l - mAnchorTimeRealUs is '-1'
06-02 07:06:57.023  1131 19803 I MediaClock: getMediaTime_l - mAnchorTimeRealUs is '-1'
06-02 07:06:57.024  1131 19803 I MediaClock: getMediaTime_l - mAnchorTimeRealUs is '-1'
06-02 07:06:57.025  1131 19803 I MediaClock: getMediaTime_l - mAnchorTimeRealUs is '-1'
06-02 07:06:57.026  1131 19803 I MediaClock: getMediaTime_l - mAnchorTimeRealUs is '-1'
06-02 07:06:57.026  1131 19803 I MediaClock: getMediaTime_l - mAnchorTimeRealUs is '-1'
06-02 07:06:57.026  1131 19803 I MediaClock: getMediaTime_l - mAnchorTimeRealUs is '-1'
06-02 07:06:57.031   870  1432 D AudioALSAStreamOut: write(), flag 0x2, usePolicyDevice: 1, output_devices: 0x2 -> latest policyDevice 0x2 (ori policyDevice 0x2)
06-02 07:06:57.032   870  1432 D AudioALSAStreamManager: +syncSharedOutDevice(), originDevice/routingSharedOutDevice: 0x2/0x2, mAudioMode: 0
06-02 07:06:57.032   870  1432 D AudioIEMsController: routing(+), cur out 0x0 in 0x0, hs 0, bt 0, usb 0, device 0x2, mask 0x1, on 0
06-02 07:06:57.032   870  1432 D AudioIEMsController: routing(-), cur out 0x0 in 0x0
06-02 07:06:57.032   870  1432 D AudioALSAStreamManager: getFactoryTestRouteMode(), misFactoryTestRouteMode = 0
06-02 07:06:57.033   870  1432 D AudioMTKGainController: setNormalVolume(), mSceneIndex = 0, stream 5, devices 0x2, index 3, mode 0x0, gainDevice 0x2
06-02 07:06:57.033   870  1432 D AudioALSAStreamOut: open(), flags 2
06-02 07:06:57.034   870  1432 D AudioALSAStreamManager: +createPlaybackHandler(), mAudioMode = 0, output_devices = 0x2, isMixerOut = 0, isBypassAurisys = 0, flag = 2, isIEMsSource = 0, isIEMsOn = 0
06-02 07:06:57.034   870  1432 D AudioALSAStreamManager: needEnableVoip(), output_devices = 0x2, flags: 0x2, mAvailableOutputFlags: 0x1000e, enable: 0
06-02 07:06:57.038   870  1432 D AudioSpeechEnhanceInfo: IsAPDMNRTuningEnable(), 0
06-02 07:06:57.038   870  1432 D AudioALSAPlaybackHandlerMixer: open(+), source flag 2, mDevice = 0x2, buffer_size 4096, sample_rate 48000
06-02 07:06:57.044   870  1432 D AudioALSAPlaybackHandlerBase: CreateAurisysLibManager, ph type: 11, voip: 0, mAurisysScenario: 0
06-02 07:06:57.044   870  1432 D aurisys_utility: input dev: 0x80000080, fmt = 0x1, fs: 48000, max fs: 48000, ch: 2, max ch: 2, ch maks: 0x3, hw_info_mask: 0x0; output dev: 0x2, fmt = 0x1, fs: 48000, max fs: 48000, ch: 2, max ch: 2, ch maks: 0x3, hw_info_mask: 0x8; task_scene: 2, audio_mode: 0, stream_type: 5, output_flags: 0x2, input_source: 0, input_flags: 0x0; network_info: 0, enhancement_feature_mask: 0x0
06-02 07:06:57.044   870  1432 D AudioUtility: setupCustomInfoStr(), custom_info = "SetAudioCustomScene=;", (scene = , vol_level = -1, bt_codec = -1, gameChatMode = -1)
06-02 07:06:57.046  1131 19803 I MediaClock: getMediaTime_l - mAnchorTimeRealUs is '-1'
06-02 07:06:57.046   870  1432 D aurisys_utility: lib, working fs: 48000, fmt: 0x3, frame = 0, b_interleave = 1, num_ul_ref_buf_array = 0, num_dl_ref_buf_array = 0
06-02 07:06:57.047   870  1432 D aurisys_utility: dl in[type:2], ch: 2, ch_mask: 0x3, buf fs: 48000, buf content fs: 48000, fmt: 0x3; dl out[type:3], ch: 2, ch_mask: 0x3, buf fs: 48000, buf content fs: 48000, fmt: 0x3
06-02 07:06:57.047   870  1432 D aurisys_lib_handler: aurisys_arsi_parsing_param_file(), gProductInfo "platform=MT6835,device=a15x,model=SM-A156U", file_path "/vendor/etc/audio_param", enhancement_mode 0, param_buf_size 128, data_size 128, custom_info SetAudioCustomScene=;
06-02 07:06:57.047   870  1432 D aurisys_lib_handler: aurisys_arsi_create_handler(), lib_name aurisys_demo, 0xe6f0ff00, memory_size 876, arsi_handler 0xe7893180, retval 0x0
06-02 07:06:57.047   870  1432 D aurisys_lib_handler: aurisys_arsi_create_handler(), arsi_query_process_unit_bytes, ul 4096, dl 4096, retval 0
06-02 07:06:57.047   870  1432 D aurisys_lib_manager: DL Lib, lib_name aurisys_demo, 0xe6f0ff00, sample_rate: 48000 => 48000, num_channels: 2 => 2, audio_format: 0x1 => 0x3, interleave: 1 => 1, frame: 0 => 0
06-02 07:06:57.048   870  1432 D aurisys_lib_manager: DL out, sample_rate: 48000 => 48000, num_channels: 2 => 2, audio_format: 0x3 => 0x1, interleave: 1 => 1, frame: 0 => 0
06-02 07:06:57.048   870  1432 D audio_sw_mixer: sw_mixer_source_attach(), MIXER_PLAYBACK  , name T_PRIMARY    order 4 sz 4096 fmt 1 ch 2 rate 48000 latency_us 21333
06-02 07:06:57.048   870  1432 D AudioUtility: chooseTargetSampleRate() hiFiState 1 isDeviceSupportHiFi 0 sampleRate 48000 targetSampleRate 48000, isUltra96k 0
06-02 07:06:57.048   870  1432 D AudioALSAStreamManager: +createPlaybackHandler(), mAudioMode = 0, output_devices = 0x2, isMixerOut = 1, isBypassAurisys = 1, flag = 2, isIEMsSource = 0, isIEMsOn = 0
06-02 07:06:57.048   870  1432 D AudioALSAStreamManager: needEnableVoip(), output_devices = 0x2, flags: 0x2, mAvailableOutputFlags: 0x1000e, enable: 0
06-02 07:06:57.048   870  1432 D AudioSpeechEnhanceInfo: IsAPDMNRTuningEnable(), 0
06-02 07:06:57.048   870  1432 D AudioALSAPlaybackHandlerNormal: +open(), flag = 2, source output_devices = 0x2, audio_format = 1, buffer_size = 4096, sample_rate = 48000
06-02 07:06:57.049  1131 19803 I MediaClock: getMediaTime_l - mAnchorTimeRealUs is '-1'
06-02 07:06:57.051  1131 19803 I MediaClock: getMediaTime_l - mAnchorTimeRealUs is '-1'
06-02 07:06:57.051   870  1432 D AudioALSADeviceParser: compare pcm success = 0, stringpair = Playback_1
06-02 07:06:57.052  1131 19803 I MediaClock: getMediaTime_l - mAnchorTimeRealUs is '-1'
06-02 07:06:57.052   870  1432 D AudioALSADeviceConfigManager: ApplyDeviceTurnonSequenceByName() DeviceName = PLAYBACK1_TO_I2S3 descriptor->DeviceStatusCounte = 0, Ctlsize=4
06-02 07:06:57.059 19343 19343 I View    : setRequestedFrameRate frameRate=NaN, this=androidx.compose.ui.platform.AndroidComposeView{8bddf81 VFED..... ........ 0,0-1080,2340 aid=1073741824}, caller=android.view.ViewGroup.setRequestedFrameRate:9952 fr.a:1 androidx.compose.ui.platform.AndroidComposeView.dispatchDraw:100 android.view.View.draw:26345 android.view.View.updateDisplayListIfDirty:25175 
06-02 07:06:57.059 19343 19343 I View    : setRequestedFrameRate frameRate=NaN, this=android.view.View{e6a08d0 V.ED..... ........ 0,0-0,0}, caller=fr.a:1 androidx.compose.ui.platform.AndroidComposeView.dispatchDraw:109 android.view.View.draw:26345 android.view.View.updateDisplayListIfDirty:25175 android.view.ViewGroup.recreateChildDisplayList:4794 
06-02 07:06:57.081   870  1432 D AudioUtility: chooseTargetSampleRate() hiFiState 1 isDeviceSupportHiFi 0 sampleRate 48000 targetSampleRate 48000, isUltra96k 0
06-02 07:06:57.082   870  1432 D AudioALSAPlaybackHandlerBase: transferAudioFormatToPcmFormat(), audio_format(0x4) => pcm_format(0x3)
06-02 07:06:57.082   870  1432 D AudioALSAPlaybackHandlerNormal: open(), flag = 2, mConfig: channels = 2, sample_rate(target) = 48000, period_size = 1024, period_count = 2, format = 3, avail_min = 1024, start_threshold = 2048
06-02 07:06:57.089  1090  1090 D data_transfer: waitConnection: socketFd=6
06-02 07:06:57.089  1090  1090 D data_transfer: clientlisten thread is running
06-02 07:06:57.089  1090  1090 D data_transfer: waitConnection: wait clientfd=-1
06-02 07:06:57.089   870  1432 D AudioALSAPlaybackHandlerBase: openPcmDriverWithFlag(), pcm device = 0 flag = 0x8 mPcm = 0xe72a9a00
06-02 07:06:57.089   870  1432 D AudioALSAPlaybackHandlerBase: CreateAurisysLibManager, ph type: 0, voip: 0, mAurisysScenario: 9
06-02 07:06:57.089   870  1432 D aurisys_utility: input dev: 0x80000080, fmt = 0x1, fs: 48000, max fs: 48000, ch: 2, max ch: 2, ch maks: 0x3, hw_info_mask: 0x0; output dev: 0x2, fmt = 0x1, fs: 48000, max fs: 48000, ch: 2, max ch: 2, ch maks: 0x3, hw_info_mask: 0x8; task_scene: 9, audio_mode: 0, stream_type: 5, output_flags: 0x2, input_source: 0, input_flags: 0x0; network_info: 0, enhancement_feature_mask: 0x0
06-02 07:06:57.089   870  1432 D AudioUtility: setupCustomInfoStr(), custom_info = "SetAudioCustomScene=;", (scene = , vol_level = -1, bt_codec = -1, gameChatMode = -1)
06-02 07:06:57.089   870  1432 D aurisys_utility: lib, working fs: 48000, fmt: 0x1, frame = 5, b_interleave = 1, num_ul_ref_buf_array = 0, num_dl_ref_buf_array = 0
06-02 07:06:57.089   870  1432 D aurisys_utility: dl in[type:2], ch: 2, ch_mask: 0x3, buf fs: 48000, buf content fs: 48000, fmt: 0x1; dl out[type:3], ch: 2, ch_mask: 0x3, buf fs: 48000, buf content fs: 48000, fmt: 0x1
06-02 07:06:57.091   870  1432 D aurisys_lib_handler: [LIB] aps_arsi_query_param_buf_size_by_custom_info(), get param buf size 128 for enh mode SetAudioCustomScene=; from file /vendor/etc/audio_param
06-02 07:06:57.091   945   945 I BufferQueueProducer: [com.lotterynet.pro/com.lotterynet.pro.ui.sales.SalesActivity$_19343#2616](this:0xb40000731b077638,id:-1,api:0,p:-1,c:945) queueBuffer: fps=87.99 dur=1000.16 max=22.46 min=10.23
06-02 07:06:57.092   870  1432 D aurisys_lib_handler: [LIB] aps_arsi_parsing_param_file_by_custom_info(), parsing file /vendor/etc/audio_param, custom_info = SetAudioCustomScene=;, private buf 0xe79a3200
06-02 07:06:57.092   870  1432 D aurisys_lib_handler: [LIB] p_sph_param: 0xe72a9b00, memory_size: 256, sizeof(aps_sph_param_t) = 128
06-02 07:06:57.093   870  1432 D aurisys_lib_handler: [LIB] product info: key: platform, value: MT6835
06-02 07:06:57.093   870  1432 D aurisys_lib_handler: [LIB] product info: key: device, value: a15x
06-02 07:06:57.093   870  1432 D aurisys_lib_handler: [LIB] product info: key: model, value: SM-A156U
06-02 07:06:57.093   870  1432 D aurisys_lib_handler: aurisys_arsi_parsing_param_file(), gProductInfo "platform=MT6835,device=a15x,model=SM-A156U", file_path "/vendor/etc/audio_param", enhancement_mode 0, param_buf_size 128, data_size 128, custom_info SetAudioCustomScene=;
06-02 07:06:57.093   870  1432 D aurisys_lib_handler: [LIB] aps_arsi_query_working_buf_size(), scene = 9
06-02 07:06:57.093   870  1432 D aurisys_lib_handler: [LIB] input dev: 0x80000080, fmt = 0x1, fs: 48000, max fs: 48000, ch: 2, max ch: 2
06-02 07:06:57.093   870  1432 D aurisys_lib_handler: [LIB] output dev: 0x2, fmt = 0x1, fs: 48000, max fs: 48000, ch: 2, max ch: 2
06-02 07:06:57.093   870  1432 D aurisys_lib_handler: [LIB] lib, working fs: 48000, fmt: 0x1, frame = 5, b_interleave = 1
06-02 07:06:57.093   870  1432 D aurisys_lib_handler: [LIB] dl in, ch: 2, buf fs: 48000, read data fs: 48000, fmt: 0x1
06-02 07:06:57.093   870  1432 D aurisys_lib_handler: [LIB] dl out, ch: 2, buf fs: 48000, read data fs: 48000, fmt: 0x1
06-02 07:06:57.093   870  1432 D aurisys_lib_handler: [LIB] aps_arsi_query_working_buf_size(), working_buf_size = 880
06-02 07:06:57.093   870  1432 D aurisys_lib_handler: [LIB] aps_arsi_create_handler(), Ex: Version 1.0.9, Data: 2023-12-27
06-02 07:06:57.094   870  1432 D aurisys_lib_handler: aurisys_arsi_create_handler(), lib_name aurisys_aps, 0xe6f10180, memory_size 880, arsi_handler 0xe7897400, retval 0x0
06-02 07:06:57.095   870  1432 D aurisys_lib_handler: aurisys_arsi_create_handler(), arsi_query_process_unit_bytes, ul 0, dl 960, retval 0
06-02 07:06:57.095   870  1432 D aurisys_lib_manager: DL Lib, lib_name aurisys_aps, 0xe6f10180, sample_rate: 48000 => 48000, num_channels: 2 => 2, audio_format: 0x1 => 0x1, interleave: 1 => 1, frame: 0 => 5
06-02 07:06:57.095   870  1432 D aurisys_lib_manager: DL out, sample_rate: 48000 => 48000, num_channels: 2 => 2, audio_format: 0x1 => 0x4, interleave: 1 => 1, frame: 5 => 0
06-02 07:06:57.101   870  1432 D AudioALSAHardwareResourceManager: +startOutputDevice(), new_devices = 0x2, mOutputDevices = 0x0, mStartOutputDevicesCount = 0 SampleRate = 48000
06-02 07:06:57.103   870  1432 D AudioSmartPaController: +dspOnBoardSpeakerOn(), SampleRate: 48000, MD_type: 0, isI2sInEchoRefEn: 0
06-02 07:06:57.103   870  1432 D AudioALSAHardwareResourceManager: notifyOutputDeviceStatusChange(), device = 2, status = 0, sampleRate = 48000, mOpenSpeakerPathCount = 1
06-02 07:06:57.103   870  1432 D AudioALSAStreamManager: speakerStatusChangeCb(), status = 0, sampleRate = 48000
06-02 07:06:57.103   870  1432 D AudioALSAPlaybackHandlerNormal: -open()
06-02 07:06:57.104   870  1432 D audio_sw_mixer: sw_mixer_target_attach(), MIXER_PLAYBACK  , name T_PRIMARY    order 4 sz 4096 fmt 1 ch 2 rate 48000 latency_us 21333
06-02 07:06:57.104   870  1432 D audio_sw_mixer: sw_mixer_manager_create_path(), MIXER_PLAYBACK  , path T_PRIMARY=>T_PRIMARY, source: order 4 sz 4096 fmt 1 ch 2 rate 48000 latency_us 21333, target: order 4 sz 4096 fmt 1 ch 2 rate 48000 latency_us 21333
06-02 07:06:57.104   870  1432 D audio_sw_mixer: dump_path_list(), MIXER_PLAYBACK  , T_PRIMARY=>T_PRIMARY[4096, 4, y] 
06-02 07:06:57.104   870  1432 D AudioALSAPlaybackHandlerMixer: open(-), target flag 2, mDevice 0x2, buffer_size 4096, frame_count 1024, sample_rate 48000
06-02 07:06:57.104   870  1358 D audio_sw_mixer: sw_mixer_mix_thread(), thread mix1:0 running: target T_PRIMARY
06-02 07:06:57.104   870  1432 D AudioALSAPlaybackHandlerNormal: setScreenState(), flag = 0x2, mode = 1, sample_rate(source/target) = 48000/48000, buffer_size(source/target) = 4096/16384, device_support_hifi = 0
06-02 07:06:57.104   870  1432 D AudioALSAPlaybackHandlerNormal: setScreenState(), flag = 2, rate = 1024, mInterrupt = 0.021333, mode = 1, sample_rate(target) = 48000, buffer_size = 4096, channel = 2, format = 4, reduceInterruptSize = 1024
06-02 07:06:57.106  1433  4742 D InputDispatcher: Inject motion (19834/2000): action=0x0, time=17758899000000, f=0x0, d=0 dsdx=1.000000 dtdx=0.000000
06-02 07:06:57.107  1433  1622 I InputDispatcher: Delivering touch to (1924): action: 0x4, f=0x0, d=0, '9339104', t=1 
06-02 07:06:57.107  1433  1622 I InputDispatcher: Delivering touch to (19343): action: 0x0, f=0x0, d=0, 'a8b223f', t=1 
06-02 07:06:57.107  1433  1465 I GestureDetector: obtain mCurrentDownEvent. id: -52441481 caller: com.android.server.wm.SystemGesturesPointerEventListener.onPointerEvent:17 com.android.server.wm.PointerEventDispatcher.onInputEvent:51 android.view.InputEventReceiver.dispatchInputEvent:392 
06-02 07:06:57.107  1433  1465 I GestureDetector: obtain mCurrentDownEvent. id: -52441481 caller: com.android.server.wm.SystemPerformancePointerEventListener.onPointerEvent:13 com.android.server.wm.PointerEventDispatcher.onInputEvent:51 android.view.InputEventReceiver.dispatchInputEvent:392 
06-02 07:06:57.107   870  1358 D audio_sw_mixer: sw_mixer_wait_to_mix(), MIXER_PLAYBACK  , target T_PRIMARY    thread enter direct mode
06-02 07:06:57.107 19343 19343 I VRI[SalesActivity]@5294ec6: ViewPostIme pointer 0
06-02 07:06:57.108 19343 19343 I GestureDetector: obtain mCurrentDownEvent. id: -52441481 caller: io.sentry.android.core.internal.gestures.g.a:5 io.sentry.android.core.internal.gestures.g.dispatchTouchEvent:12 com.android.internal.policy.DecorView.dispatchTouchEvent:728 
06-02 07:06:57.108  3933  3933 I SemDvfsHyPerManager: acquire hyper - TATouchBoost/3933@21, type = -999
06-02 07:06:57.109  3933  3933 I SemDvfsHyPerManager: acquire hyper - TaskTurbo/3933@22, type = -999
06-02 07:06:57.109   887   902 I HYPER-HAL: [RequestManager.cpp]acquire(): Acquired ID : 7819056  [3933 / 21]    HINT :      list : [TABoost / 40] [TIMEOUT / 1500] 
06-02 07:06:57.109   887   902 I HYPER-HAL: [RequestManager.cpp]acquire(): Acquired ID : 7823012  [3933 / 22]    HINT :      list : [TaskTurbo / 15] [TIMEOUT / 1500] 
06-02 07:06:57.110  1433  4742 D InputDispatcher: Inject motion (19834/2000): action=0x1, time=17758899000000, f=0x0, d=0 dsdx=1.000000 dtdx=0.000000
06-02 07:06:57.110  1433  1622 I InputDispatcher: Delivering touch to (19343): action: 0x1, f=0x0, d=0, 'a8b223f', t=1 
06-02 07:06:57.110  1433  1465 I GestureDetector: obtain mCurrentMotionEventRaw. action: 1 id: -346734968
06-02 07:06:57.110 19343 19343 I VRI[SalesActivity]@5294ec6: ViewPostIme pointer 1
06-02 07:06:57.110 19343 19343 I GestureDetector: obtain mCurrentMotionEventRaw. action: 1 id: -346734968
06-02 07:06:57.111  1433  1465 I GestureDetector: obtain mCurrentMotionEventRaw. action: 1 id: -346734968
06-02 07:06:57.114 19343 19343 I View    : setRequestedFrameRate frameRate=NaN, this=androidx.compose.ui.platform.AndroidComposeView{8bddf81 VFED..... ........ 0,0-1080,2340 aid=1073741824}, caller=android.view.ViewGroup.setRequestedFrameRate:9952 fr.a:1 androidx.compose.ui.platform.AndroidComposeView.dispatchDraw:100 android.view.View.draw:26345 android.view.View.updateDisplayListIfDirty:25175 
06-02 07:06:57.115 19343 19343 I View    : setRequestedFrameRate frameRate=NaN, this=android.view.View{e6a08d0 V.ED..... ........ 0,0-0,0}, caller=fr.a:1 androidx.compose.ui.platform.AndroidComposeView.dispatchDraw:109 android.view.View.draw:26345 android.view.View.updateDisplayListIfDirty:25175 android.view.ViewGroup.recreateChildDisplayList:4794 
06-02 07:06:57.115   870  1432 E AudioALSAPlaybackHandlerBase: getQueuedFramesInfo(), pcm_get_htimestamp or trylock fail, ret -1, pcm_get_error 
06-02 07:06:57.118   925  1379 I AudioMixer: create resampler src 44100, 2, dst 48000, 2, f 0x5, q 8
06-02 07:06:57.120  1131 19803 D AudioTrack: getTimestamp_l(216): device stall time corrected using current time 17758913056827
06-02 07:06:57.121   925  1379 I SoundAlive_SRC384 arch64: SoundAlive_SRC384() ID = 43 GID = 44
06-02 07:06:57.121   925  1379 I SoundAlive_SRC384 arch64: SoundAlive_SRC384: Instance 43 Init(outFs 7, InFs 7, chnum 0, outBW 0, inBW 0)
06-02 07:06:57.121   925  1379 I Samsung_SoundAlive_SRC arch64: SRC384 version Samsung SoundAlive SRC ver320 arch64  2021.08.04 (Cppref for ARM64, ver.300.c 32bit 07_10_2016 based)
06-02 07:06:57.122   925  1379 D SoundAliveResampler: [SoundAliveResampler] Init+++
06-02 07:06:57.122   925  1379 I SoundAlive_SRC384 arch64: SoundAlive_SRC384: Instance 43 Init(outFs 8, InFs 7, chnum 2, outBW 3, inBW 3)
06-02 07:06:57.122   925  1379 I Samsung_SoundAlive_SRC arch64: SRC384 version Samsung SoundAlive SRC ver320 arch64  2021.08.04 (Cppref for ARM64, ver.300.c 32bit 07_10_2016 based)
06-02 07:06:57.151   876   876 I hwcomposer: [HWCDisplay] [Display_0 (type:1, mode:2)] fps:87.752777,dur:1002.82,max:22.55,min:8.76  
06-02 07:06:57.158  1131 19803 I NuPlayerRenderer: kWhatPollingAudioStarted clock running played_out : 6203 us, audio_out : 0 us, gap : 6203 us
06-02 07:06:57.158  1131 19803 I NuPlayerRenderer: kWhatPollingAudioStarted update nowMediaUs : 51917 us
06-02 07:06:57.158  1131 19803 I MediaClock: setPlaybackRate rate : 1.000000
06-02 07:06:57.158  1131 19803 I MediaClock: setSpeedAjust mSASpeed (0), mMinClockModificationTimeUs (80000)
06-02 07:06:57.158  1131 19781 V MediaPlayerService: [61] notify (211, 0, 0)
06-02 07:06:57.158  1131 19781 V MediaPlayerService: [61] notify (211, 0, 0)
06-02 07:06:57.159  1924  2604 V MediaPlayerNative: message received msg=211, ext1=0, ext2=0
06-02 07:06:57.159  1924  2604 V MediaPlayerNative: message received msg=211, ext1=0, ext2=0
06-02 07:06:57.172 19343 19343 I View    : setRequestedFrameRate frameRate=NaN, this=androidx.compose.ui.platform.AndroidComposeView{8bddf81 VFED..... ........ 0,0-1080,2340 aid=1073741824}, caller=android.view.ViewGroup.setRequestedFrameRate:9952 fr.a:1 androidx.compose.ui.platform.AndroidComposeView.dispatchDraw:100 android.view.View.draw:26345 android.view.View.updateDisplayListIfDirty:25175 
06-02 07:06:57.173 19343 19343 I View    : setRequestedFrameRate frameRate=NaN, this=android.view.View{e6a08d0 V.ED..... ........ 0,0-0,0}, caller=fr.a:1 androidx.compose.ui.platform.AndroidComposeView.dispatchDraw:109 android.view.View.draw:26345 android.view.View.updateDisplayListIfDirty:25175 android.view.ViewGroup.recreateChildDisplayList:4794 
06-02 07:06:57.219  1433  4742 D TrafficStateDatabaseController: onDnsEvent():  objTrafficStats.size= 152, mInsertList= true
06-02 07:06:57.219  1902  1911 E PhoneInterfaceManager: getServiceStateForSlot retuning null for invalid slotIndex=-1
06-02 07:06:57.225  1433  1856 D NetdEventListenerService: DNS Requested by 100, 10501(com.lotterynet.pro), SUCCESS, 57ms
06-02 07:06:57.262  1433  4742 D InputDispatcher: Inject motion (19842/2000): action=0x0, time=17759054000000, f=0x0, d=0 dsdx=1.000000 dtdx=0.000000
06-02 07:06:57.262  1433  1622 I InputDispatcher: Delivering touch to (1924): action: 0x4, f=0x0, d=0, '9339104', t=1 
06-02 07:06:57.262  1433  1622 I InputDispatcher: Delivering touch to (19343): action: 0x0, f=0x0, d=0, 'a8b223f', t=1 
06-02 07:06:57.262  1433  1465 I GestureDetector: obtain mCurrentDownEvent. id: -757951252 caller: com.android.server.wm.SystemGesturesPointerEventListener.onPointerEvent:17 com.android.server.wm.PointerEventDispatcher.onInputEvent:51 android.view.InputEventReceiver.dispatchInputEvent:392 
06-02 07:06:57.263  1433  1465 I GestureDetector: obtain mCurrentDownEvent. id: -757951252 caller: com.android.server.wm.SystemPerformancePointerEventListener.onPointerEvent:13 com.android.server.wm.PointerEventDispatcher.onInputEvent:51 android.view.InputEventReceiver.dispatchInputEvent:392 
06-02 07:06:57.263 19343 19343 I VRI[SalesActivity]@5294ec6: ViewPostIme pointer 0
06-02 07:06:57.263  3933  3933 I SemDvfsHyPerManager: acquire hyper - TATouchBoost/3933@21, type = -999
06-02 07:06:57.264  3933  3933 I SemDvfsHyPerManager: acquire hyper - TaskTurbo/3933@22, type = -999
06-02 07:06:57.264 19343 19343 I GestureDetector: obtain mCurrentDownEvent. id: -757951252 caller: io.sentry.android.core.internal.gestures.g.a:5 io.sentry.android.core.internal.gestures.g.dispatchTouchEvent:12 com.android.internal.policy.DecorView.dispatchTouchEvent:728 
06-02 07:06:57.264   887   902 I HYPER-HAL: [RequestManager.cpp]acquire(): Acquired ID : 7819056  [3933 / 21]    HINT :      list : [TABoost / 40] [TIMEOUT / 1500] 
06-02 07:06:57.264   887   902 I HYPER-HAL: [RequestManager.cpp]acquire(): Acquired ID : 7823012  [3933 / 22]    HINT :      list : [TaskTurbo / 15] [TIMEOUT / 1500] 
06-02 07:06:57.265  1433  4742 D InputDispatcher: Inject motion (19842/2000): action=0x1, time=17759054000000, f=0x0, d=0 dsdx=1.000000 dtdx=0.000000
06-02 07:06:57.265  1433  1622 I InputDispatcher: Delivering touch to (19343): action: 0x1, f=0x0, d=0, 'a8b223f', t=1 
06-02 07:06:57.266  1433  1465 I GestureDetector: obtain mCurrentMotionEventRaw. action: 1 id: -538009318
06-02 07:06:57.266 19343 19343 I VRI[SalesActivity]@5294ec6: ViewPostIme pointer 1
06-02 07:06:57.266  1433  1465 I GestureDetector: obtain mCurrentMotionEventRaw. action: 1 id: -538009318
06-02 07:06:57.266 19343 19343 I GestureDetector: obtain mCurrentMotionEventRaw. action: 1 id: -538009318
06-02 07:06:57.270 19343 19343 I View    : setRequestedFrameRate frameRate=NaN, this=androidx.compose.ui.platform.AndroidComposeView{8bddf81 VFED..... ........ 0,0-1080,2340 aid=1073741824}, caller=android.view.ViewGroup.setRequestedFrameRate:9952 fr.a:1 androidx.compose.ui.platform.AndroidComposeView.dispatchDraw:100 android.view.View.draw:26345 android.view.View.updateDisplayListIfDirty:25175 
06-02 07:06:57.270 19343 19343 I View    : setRequestedFrameRate frameRate=NaN, this=android.view.View{e6a08d0 V.ED..... ........ 0,0-0,0}, caller=fr.a:1 androidx.compose.ui.platform.AndroidComposeView.dispatchDraw:109 android.view.View.draw:26345 android.view.View.updateDisplayListIfDirty:25175 android.view.ViewGroup.recreateChildDisplayList:4794 
06-02 07:06:57.294  1433  2893 I NSLocationMonitor: getGPSUsingApps() called
06-02 07:06:57.295  2888  2910 I NSLocationManager_FLP: getGPSUsingApps, No change
06-02 07:06:57.303  1433  2893 D FreecessHandler: freeze com.whatsapp(10274) result : 2
06-02 07:06:57.326 19343 19343 I View    : setRequestedFrameRate frameRate=NaN, this=androidx.compose.ui.platform.AndroidComposeView{8bddf81 VFED..... ........ 0,0-1080,2340 aid=1073741824}, caller=android.view.ViewGroup.setRequestedFrameRate:9952 fr.a:1 androidx.compose.ui.platform.AndroidComposeView.dispatchDraw:100 android.view.View.draw:26345 android.view.View.updateDisplayListIfDirty:25175 
06-02 07:06:57.327 19343 19343 I View    : setRequestedFrameRate frameRate=NaN, this=android.view.View{e6a08d0 V.ED..... ........ 0,0-0,0}, caller=fr.a:1 androidx.compose.ui.platform.AndroidComposeView.dispatchDraw:109 android.view.View.draw:26345 android.view.View.updateDisplayListIfDirty:25175 android.view.ViewGroup.recreateChildDisplayList:4794 
06-02 07:06:57.380  1433  3030 D MotionRecognitionService: inject vibrator info = 0.0
06-02 07:06:57.385   880   880 I SensorsHub: SensorBase::injectSensorData: LSM6DSL Accelerometer default injection, type=268435461
06-02 07:06:57.410  1433  4742 D InputDispatcher: Inject motion (19847/2000): action=0x0, time=17759202000000, f=0x0, d=0 dsdx=1.000000 dtdx=0.000000
06-02 07:06:57.410  1433  1622 I InputDispatcher: Delivering touch to (1924): action: 0x4, f=0x0, d=0, '9339104', t=1 
06-02 07:06:57.410  1433  1622 I InputDispatcher: Delivering touch to (19343): action: 0x0, f=0x0, d=0, 'a8b223f', t=1 
06-02 07:06:57.411  1433  1465 I GestureDetector: obtain mCurrentDownEvent. id: -353930462 caller: com.android.server.wm.SystemGesturesPointerEventListener.onPointerEvent:17 com.android.server.wm.PointerEventDispatcher.onInputEvent:51 android.view.InputEventReceiver.dispatchInputEvent:392 
06-02 07:06:57.411 19343 19343 I VRI[SalesActivity]@5294ec6: ViewPostIme pointer 0
06-02 07:06:57.412  1433  1465 I GestureDetector: obtain mCurrentDownEvent. id: -353930462 caller: com.android.server.wm.SystemPerformancePointerEventListener.onPointerEvent:13 com.android.server.wm.PointerEventDispatcher.onInputEvent:51 android.view.InputEventReceiver.dispatchInputEvent:392 
06-02 07:06:57.412 19343 19343 I GestureDetector: obtain mCurrentDownEvent. id: -353930462 caller: io.sentry.android.core.internal.gestures.g.a:5 io.sentry.android.core.internal.gestures.g.dispatchTouchEvent:12 com.android.internal.policy.DecorView.dispatchTouchEvent:728 
06-02 07:06:57.412  3933  3933 I SemDvfsHyPerManager: acquire hyper - TATouchBoost/3933@21, type = -999
06-02 07:06:57.413   887   902 I HYPER-HAL: [RequestManager.cpp]acquire(): Acquired ID : 7819056  [3933 / 21]    HINT :      list : [TABoost / 40] [TIMEOUT / 1500] 
06-02 07:06:57.413  3933  3933 I SemDvfsHyPerManager: acquire hyper - TaskTurbo/3933@22, type = -999
06-02 07:06:57.413  1433  4742 D InputDispatcher: Inject motion (19847/2000): action=0x1, time=17759202000000, f=0x0, d=0 dsdx=1.000000 dtdx=0.000000
06-02 07:06:57.414   887   902 I HYPER-HAL: [RequestManager.cpp]acquire(): Acquired ID : 7823012  [3933 / 22]    HINT :      list : [TaskTurbo / 15] [TIMEOUT / 1500] 
06-02 07:06:57.414  1433  1622 I InputDispatcher: Delivering touch to (19343): action: 0x1, f=0x0, d=0, 'a8b223f', t=1 
06-02 07:06:57.414  1433  1465 I GestureDetector: obtain mCurrentMotionEventRaw. action: 1 id: -44459658
06-02 07:06:57.414   870 11872 W AudioALSACaptureDataProviderNormal: readThread, latency_in_s,0.000002,0.039861,0.000083, totalTime 0.039946 > logTimeout 0.022000 TIMEOUT!!
06-02 07:06:57.415  1433  1465 I GestureDetector: obtain mCurrentMotionEventRaw. action: 1 id: -44459658
06-02 07:06:57.416 19343 19343 I View    : setRequestedFrameRate frameRate=NaN, this=androidx.compose.ui.platform.AndroidComposeView{8bddf81 VFED..... ........ 0,0-1080,2340 aid=1073741824}, caller=android.view.ViewGroup.setRequestedFrameRate:9952 fr.a:1 androidx.compose.ui.platform.AndroidComposeView.dispatchDraw:100 android.view.View.draw:26345 android.view.View.updateDisplayListIfDirty:25175 
06-02 07:06:57.416 19343 19343 I View    : setRequestedFrameRate frameRate=NaN, this=android.view.View{e6a08d0 V.ED..... ........ 0,0-0,0}, caller=fr.a:1 androidx.compose.ui.platform.AndroidComposeView.dispatchDraw:109 android.view.View.draw:26345 android.view.View.updateDisplayListIfDirty:25175 android.view.ViewGroup.recreateChildDisplayList:4794 
06-02 07:06:57.418 19343 19343 I VRI[SalesActivity]@5294ec6: ViewPostIme pointer 1
06-02 07:06:57.418 19343 19343 I GestureDetector: obtain mCurrentMotionEventRaw. action: 1 id: -44459658
06-02 07:06:57.427 19343 19343 I View    : setRequestedFrameRate frameRate=NaN, this=androidx.compose.ui.platform.AndroidComposeView{8bddf81 VFED..... ........ 0,0-1080,2340 aid=1073741824}, caller=android.view.ViewGroup.setRequestedFrameRate:9952 fr.a:1 androidx.compose.ui.platform.AndroidComposeView.dispatchDraw:100 android.view.View.draw:26345 android.view.View.updateDisplayListIfDirty:25175 
06-02 07:06:57.427 19343 19343 I View    : setRequestedFrameRate frameRate=NaN, this=android.view.View{e6a08d0 V.ED..... ........ 0,0-0,0}, caller=fr.a:1 androidx.compose.ui.platform.AndroidComposeView.dispatchDraw:109 android.view.View.draw:26345 android.view.View.updateDisplayListIfDirty:25175 android.view.ViewGroup.recreateChildDisplayList:4794 
06-02 07:06:57.478  1433  1580 D MotionEngine: [@@@ Motion Engine @@@] GetMotionScenarioId 0.933739 -0.220267 9.823410 0.007000 -0.027300 -0.060200 8 51 20
06-02 07:06:57.478  1433  1580 D MotionEngine: [@@@ Motion Engine @@@] GnStuckMode 0 
06-02 07:06:57.498   637   637 D io_stats: !@   8,32 r 10571444 141038192 w 883172 6323096 d 100140 3933492 f 34764 56746 iot 2606388 0 th 0 0 0 pt 0 inp 0 0 17759.290
06-02 07:06:57.499   637   637 D io_stats: !@ Read_top(KB): facebook.katana(19620) 40292 mediaserver32(1131) 8372 audioserver(925) 7144
06-02 07:06:57.499   637   637 D io_stats: !@ Write_top(KB): .lotterynet.pro(19343) 288 id.diagmonagent(3911) 28 sait.sohservice(17203) 24
06-02 07:06:57.570  1433  4742 D InputDispatcher: Inject motion (19852/2000): action=0x0, time=17759363000000, f=0x0, d=0 dsdx=1.000000 dtdx=0.000000
06-02 07:06:57.570  1433  1622 I InputDispatcher: Delivering touch to (1924): action: 0x4, f=0x0, d=0, '9339104', t=1 
06-02 07:06:57.571  1433  1622 I InputDispatcher: Delivering touch to (19343): action: 0x0, f=0x0, d=0, 'a8b223f', t=1 
06-02 07:06:57.571  1433  1465 I GestureDetector: obtain mCurrentDownEvent. id: -732963855 caller: com.android.server.wm.SystemGesturesPointerEventListener.onPointerEvent:17 com.android.server.wm.PointerEventDispatcher.onInputEvent:51 android.view.InputEventReceiver.dispatchInputEvent:392 
06-02 07:06:57.571  1433  1465 I GestureDetector: obtain mCurrentDownEvent. id: -732963855 caller: com.android.server.wm.SystemPerformancePointerEventListener.onPointerEvent:13 com.android.server.wm.PointerEventDispatcher.onInputEvent:51 android.view.InputEventReceiver.dispatchInputEvent:392 
06-02 07:06:57.571 19343 19343 I VRI[SalesActivity]@5294ec6: ViewPostIme pointer 0
06-02 07:06:57.572 19343 19343 I GestureDetector: obtain mCurrentDownEvent. id: -732963855 caller: io.sentry.android.core.internal.gestures.g.a:5 io.sentry.android.core.internal.gestures.g.dispatchTouchEvent:12 com.android.internal.policy.DecorView.dispatchTouchEvent:728 
06-02 07:06:57.572  3933  3933 I SemDvfsHyPerManager: acquire hyper - TATouchBoost/3933@21, type = -999
06-02 07:06:57.573   887   902 I HYPER-HAL: [RequestManager.cpp]acquire(): Acquired ID : 7819056  [3933 / 21]    HINT :      list : [TABoost / 40] [TIMEOUT / 1500] 
06-02 07:06:57.573  1433  4742 D InputDispatcher: Inject motion (19852/2000): action=0x1, time=17759363000000, f=0x0, d=0 dsdx=1.000000 dtdx=0.000000
06-02 07:06:57.573  3933  3933 I SemDvfsHyPerManager: acquire hyper - TaskTurbo/3933@22, type = -999
06-02 07:06:57.573  1433  1622 I InputDispatcher: Delivering touch to (19343): action: 0x1, f=0x0, d=0, 'a8b223f', t=1 
06-02 07:06:57.573  1433  1465 I GestureDetector: obtain mCurrentMotionEventRaw. action: 1 id: -752555532
06-02 07:06:57.573  1433  1465 I GestureDetector: obtain mCurrentMotionEventRaw. action: 1 id: -752555532
06-02 07:06:57.573 19343 19343 I VRI[SalesActivity]@5294ec6: ViewPostIme pointer 1
06-02 07:06:57.574 19343 19343 I GestureDetector: obtain mCurrentMotionEventRaw. action: 1 id: -752555532
06-02 07:06:57.574   887   902 I HYPER-HAL: [RequestManager.cpp]acquire(): Acquired ID : 7823012  [3933 / 22]    HINT :      list : [TaskTurbo / 15] [TIMEOUT / 1500] 
06-02 07:06:57.582 19343 19343 I View    : setRequestedFrameRate frameRate=NaN, this=androidx.compose.ui.platform.AndroidComposeView{8bddf81 VFED..... ........ 0,0-1080,2340 aid=1073741824}, caller=android.view.ViewGroup.setRequestedFrameRate:9952 fr.a:1 androidx.compose.ui.platform.AndroidComposeView.dispatchDraw:100 android.view.View.draw:26345 android.view.View.updateDisplayListIfDirty:25175 
06-02 07:06:57.582 19343 19343 I View    : setRequestedFrameRate frameRate=NaN, this=android.view.View{e6a08d0 V.ED..... ........ 0,0-0,0}, caller=fr.a:1 androidx.compose.ui.platform.AndroidComposeView.dispatchDraw:109 android.view.View.draw:26345 android.view.View.updateDisplayListIfDirty:25175 android.view.ViewGroup.recreateChildDisplayList:4794 
06-02 07:06:57.626 19343 19343 I View    : setRequestedFrameRate frameRate=NaN, this=androidx.compose.ui.platform.AndroidComposeView{8bddf81 VFED..... ........ 0,0-1080,2340 aid=1073741824}, caller=android.view.ViewGroup.setRequestedFrameRate:9952 fr.a:1 androidx.compose.ui.platform.AndroidComposeView.dispatchDraw:100 android.view.View.draw:26345 android.view.View.updateDisplayListIfDirty:25175 
06-02 07:06:57.626 19343 19343 I View    : setRequestedFrameRate frameRate=NaN, this=android.view.View{e6a08d0 V.ED..... ........ 0,0-0,0}, caller=fr.a:1 androidx.compose.ui.platform.AndroidComposeView.dispatchDraw:109 android.view.View.draw:26345 android.view.View.updateDisplayListIfDirty:25175 android.view.ViewGroup.recreateChildDisplayList:4794 
06-02 07:06:57.721  1433  4742 E ProcessStats: Executing service ServiceState{303c6ae org.chromium.content.app.SandboxedProcessService0 pkg=com.sec.android.app.sbrowser proc=457405f} without owner
06-02 07:06:57.723  1433  4742 I ActivityManager: Changes in 99685 19 to 10, 128 to 0
06-02 07:06:57.725  1433  4742 E ProcessStats: Binding service ServiceState{303c6ae org.chromium.content.app.SandboxedProcessService0 pkg=com.sec.android.app.sbrowser proc=457405f} without owner
06-02 07:06:57.726   925  2616 V APM_AudioPolicyManager: setAppState(portId:200, state:1)
06-02 07:06:57.726  1433  4742 E ProcessStats: Starting service ServiceState{303c6ae org.chromium.content.app.SandboxedProcessService0 pkg=com.sec.android.app.sbrowser proc=457405f} without owner
06-02 07:06:57.726  1433  2205 D InputDispatcher: Inject motion (19857/2000): action=0x0, time=17759519000000, f=0x0, d=0 dsdx=1.000000 dtdx=0.000000
06-02 07:06:57.726  1433  1622 I InputDispatcher: Delivering touch to (1924): action: 0x4, f=0x0, d=0, '9339104', t=1 
06-02 07:06:57.726  1433  1622 I InputDispatcher: Delivering touch to (19343): action: 0x0, f=0x0, d=0, 'a8b223f', t=1 
06-02 07:06:57.727  1433  4742 E ProcessStats: Binding service ServiceState{303c6ae org.chromium.content.app.SandboxedProcessService0 pkg=com.sec.android.app.sbrowser proc=457405f} without owner
06-02 07:06:57.727  1433  1622 D PowerManagerService: [api] userActivityFromNative : touch displayId=0 eventTime=17759519
06-02 07:06:57.727  1433  1465 I GestureDetector: obtain mCurrentDownEvent. id: -407498275 caller: com.android.server.wm.SystemGesturesPointerEventListener.onPointerEvent:17 com.android.server.wm.PointerEventDispatcher.onInputEvent:51 android.view.InputEventReceiver.dispatchInputEvent:392 
06-02 07:06:57.727  1433  1465 I GestureDetector: obtain mCurrentDownEvent. id: -407498275 caller: com.android.server.wm.SystemPerformancePointerEventListener.onPointerEvent:13 com.android.server.wm.PointerEventDispatcher.onInputEvent:51 android.view.InputEventReceiver.dispatchInputEvent:392 
06-02 07:06:57.728 19343 19343 I VRI[SalesActivity]@5294ec6: ViewPostIme pointer 0
06-02 07:06:57.728 19343 19343 I GestureDetector: obtain mCurrentDownEvent. id: -407498275 caller: io.sentry.android.core.internal.gestures.g.a:5 io.sentry.android.core.internal.gestures.g.dispatchTouchEvent:12 com.android.internal.policy.DecorView.dispatchTouchEvent:728 
06-02 07:06:57.728  1433  4742 I ActivityManager: Killing 19495:com.sec.android.app.sbrowser:sandboxed_process0:org.chromium.content.app.SandboxedProcessService0:3/u0a202i685 (adj 0): isolated not needed
06-02 07:06:57.729  1433  2205 D InputDispatcher: Inject motion (19857/2000): action=0x1, time=17759519000000, f=0x0, d=0 dsdx=1.000000 dtdx=0.000000
06-02 07:06:57.729  1433  1622 I InputDispatcher: Delivering touch to (19343): action: 0x1, f=0x0, d=0, 'a8b223f', t=1 
06-02 07:06:57.729  1433  1465 I GestureDetector: obtain mCurrentMotionEventRaw. action: 1 id: -652725043
06-02 07:06:57.729 19343 19343 I VRI[SalesActivity]@5294ec6: ViewPostIme pointer 1
06-02 07:06:57.729 19343 19343 I GestureDetector: obtain mCurrentMotionEventRaw. action: 1 id: -652725043
06-02 07:06:57.730  1433  1465 I GestureDetector: obtain mCurrentMotionEventRaw. action: 1 id: -652725043
06-02 07:06:57.730  1433  1481 D DeviceReportingSecurityChecker: getStatus
06-02 07:06:57.730  1433  1481 D DeviceReportingSecurityChecker: mIsICDStatus is true
06-02 07:06:57.730  1433  1481 D DeviceReportingSecurityChecker: mIsEchoAppSignature is true
06-02 07:06:57.730  1433  1481 D DeviceReportingSecurityChecker: security check NOT passed
06-02 07:06:57.730  1433  1481 D DeviceReportingSecurityChecker: mIsICDStatus === true mIsSim == false mIsMyAccountSignature== false mIsEchoAppSignature== true mIsSprintHubSignature== false
06-02 07:06:57.730 19026 19026 I chromium: INFO:content/browser/renderer_host/render_process_host_impl.cc:5003] [Renderer][Exit] ChildProcessLauncher::OnChildProcessDied called through JNI pid = 19495, renderer_id =-1
06-02 07:06:57.732   925  2616 V APM_AudioPolicyManager: setAppState(portId:200, state:1)
06-02 07:06:57.733  3933  3933 I SemDvfsHyPerManager: acquire hyper - TATouchBoost/3933@21, type = -999
06-02 07:06:57.733  3933  3933 I SemDvfsHyPerManager: acquire hyper - TaskTurbo/3933@22, type = -999
06-02 07:06:57.733   887   902 I HYPER-HAL: [RequestManager.cpp]acquire(): Acquired ID : 7819056  [3933 / 21]    HINT :      list : [TABoost / 40] [TIMEOUT / 1500] 
06-02 07:06:57.733   887   902 I HYPER-HAL: [RequestManager.cpp]acquire(): Acquired ID : 7823012  [3933 / 22]    HINT :      list : [TaskTurbo / 15] [TIMEOUT / 1500] 
