06-02 07:06:58.608  1924 19777 V MediaPlayer: resetDrmState:  mDrmInfo=null mDrmProvisioningThread=null mPrepareDrmInProgress=false mActiveDrmScheme=false
06-02 07:06:58.608  1924 19777 V MediaPlayer: cleanDrmObj: mDrmObj=null mDrmSessionId=null
06-02 07:06:58.608  1924 19777 V MediaPlayer-JNI: release
06-02 07:06:58.608  1924 19777 V MediaPlayerNative: setListener
06-02 07:06:58.609  1924 19777 V MediaPlayerNative: disconnect
06-02 07:06:58.609  1131 14346 V MediaPlayerService: disconnect(61) from AttributionSource AttributionSourceState{pid: 1924, uid: 10063, deviceId: 0, packageName: com.android.systemui, attributionTag: (null), token: binder:0xe8789b00, renouncedPermissions: [], next: []}
06-02 07:06:58.609  1131 14346 D NuPlayerDriver: reset(0xe81ad940) at state 6
06-02 07:06:58.609  1131 14346 V NuPlayerDriver: updateMetrics(0xe81ad940) from reset at state 6
06-02 07:06:58.609  1131 14346 V NuPlayer: updateInternalTimers()
06-02 07:06:58.610  1131 14346 V NuPlayer: updatePlaybackTimer(snap)  time                    0 (updateInternalTimers)
06-02 07:06:58.610  1131 14346 V NuPlayer: updateRebufferingTimer(snap)  time                    0 (exiting 0)
06-02 07:06:58.610  1131 14346 V NuPlayerDriver: logMetrics(0xe81ad940) from reset at state 6
06-02 07:06:58.610  1131 19781 V NuPlayer: kWhatReset
06-02 07:06:58.611  1131 19781 I MediaMonitor: stop time 17760370414
06-02 07:06:58.611  1131 19781 V NuPlayer: setDecoderBooster enable = No
06-02 07:06:58.611  1131 19781 V NuPlayer: updatePlaybackTimer(stop)  time                    0 (kWhatReset)
06-02 07:06:58.611  1131 19781 V NuPlayer: updateRebufferingTimer(stop)  time                    0 (exiting 1)
06-02 07:06:58.611  1131 19781 V NuPlayer: performDecoderFlush audio=2, video=2
06-02 07:06:58.611  1131 19781 V NuPlayer: [audio] flushDecoder needShutdown=1
06-02 07:06:58.611  1131 19781 V NuPlayer: postponing action mFlushingAudio=2, mFlushingVideo=0
06-02 07:06:58.611  1924  1924 W RefactorFlag: New code path expects SceneContainerFlag to be enabled.
06-02 07:06:58.611  1131 19804 I NuPlayerRenderer: flush audio, notifyComplete 1, shutdown Yes
06-02 07:06:58.611  1924  1924 D ExpandableNotifRow: mMaxSmallHeight different before reInflateViews mMaxSmallHeight: 233 mTempSmallHeight:0 0|com.facebook.katana|17756643|null|10304
06-02 07:06:58.611  1924  1924 D ExpandableNotifRow: mMaxSmallHeight different before reInflateViews mMaxSmallHeight: 233 mTempSmallHeight:0 0|com.facebook.katana|17756643|null|10304
06-02 07:06:58.612  1131 19803 I NuPlayerRenderer: flushing audio
06-02 07:06:58.612  1131 19803 I NuPlayerRenderer: onFlush mAudioDrainGeneration : 2
06-02 07:06:58.612  1131 19803 V AudioSink: flush
06-02 07:06:58.613  1131 19803 V AudioSink: stop
06-02 07:06:58.613  1131 19781 V NuPlayer: renderer audio flush completed.
06-02 07:06:58.613  1924  1924 I LockscreenNotificationIconsOnlyController: onNotificationInfoUpdated 0
06-02 07:06:58.613  1131 19804 D NuPlayerRenderer: signalTimeDiscontinuity() mHasAudio = 0 , mHasVideo = 0
06-02 07:06:58.614  1924  1924 I AODNotificationManager: updateNotification() 
06-02 07:06:58.614  1131 19805 I CCodec  : [c2.android.aac.decoder] state->set(FLUSHING)
06-02 07:06:58.614  1131 19805 I CCodec  : [c2.android.aac.decoder] state->set(FLUSHED)
06-02 07:06:58.614  1924  2741 D SoundCraft.PlayingAudioConditionHandler: onPlaybackConfigChanged : lastStartedPackageName=null, lastStartedUid=-1, newStartedUid=-1, newStartPackageName=null, thread=Thread[RoutineHandlerThread,5,main]
06-02 07:06:58.615  1131 19781 V NuPlayer: decoder audio flush completed
06-02 07:06:58.615  1131 19781 V NuPlayer: initiating audio decoder shutdown
06-02 07:06:58.615  1131 19805 I CCodec  : [c2.android.aac.decoder] state->set(RELEASING)
06-02 07:06:58.616  1131 19883 I CCodec  : [release][3409] surface -> component
06-02 07:06:58.616  1131 19781 V NuPlayer: audio shutdown completed
06-02 07:06:58.616  1131 19781 V NuPlayer: both audio and video are flushed now.
06-02 07:06:58.616  1131 19781 V NuPlayer: performReset
06-02 07:06:58.616  1131 19781 V NuPlayer: updatePlaybackTimer(stop)  time                    0 (performReset)
06-02 07:06:58.616  1131 19781 V NuPlayer: updateRebufferingTimer(stop)  time                    0 (exiting 1)
06-02 07:06:58.617  1131 19781 D NuPlayerDriver: notifyResetComplete(0xe81ad940)
06-02 07:06:58.617  1131 14346 V NuPlayerDriver: ~NuPlayerDriver(0xe81ad940)
06-02 07:06:58.618  1131 19883 I CCodec  : [c2.android.aac.decoder] state->set(RELEASED)
06-02 07:06:58.618  1131 19805 I Codec2Client: Component destructing
06-02 07:06:58.618  1131 19805 I hw-BpHwBinder: onLastStrongRef automatically unlinking death recipients
06-02 07:06:58.618  1167 13471 I hw-BpHwBinder: onLastStrongRef automatically unlinking death recipients
06-02 07:06:58.619  1167 13471 I hw-BpHwBinder: onLastStrongRef automatically unlinking death recipients
06-02 07:06:58.619  1131 14346 V NuPlayerDriver: updateMetrics(0xe81ad940) from destructor at state 0
06-02 07:06:58.619  1131 14346 V NuPlayer: updateInternalTimers()
06-02 07:06:58.619  1131 14346 V NuPlayer: updatePlaybackTimer(snap)  time                    0 (updateInternalTimers)
06-02 07:06:58.619  1131 14346 V NuPlayer: updateRebufferingTimer(snap)  time                    0 (exiting 0)
06-02 07:06:58.619  1131 14346 V NuPlayerDriver: logMetrics(0xe81ad940) from destructor at state 0
06-02 07:06:58.619  1131 14346 V NuPlayerDriver: nothing to record (only 3 fields)
06-02 07:06:58.620  1924 19777 V MediaPlayerNative: destructor
06-02 07:06:58.620  1131 19805 I MediaCodec: Codec shutdown complete
06-02 07:06:58.620  1131 14346 V MediaPlayerService: Client(61) destructor AttributionSource = AttributionSourceState{pid: 1924, uid: 10063, deviceId: 0, packageName: com.android.systemui, attributionTag: (null), token: binder:0xe8789b00, renouncedPermissions: [], next: []}
06-02 07:06:58.620  1131 14346 V MediaPlayerService: disconnect(61) from AttributionSource AttributionSourceState{pid: 1924, uid: 10063, deviceId: 0, packageName: com.android.systemui, attributionTag: (null), token: binder:0xe8789b00, renouncedPermissions: [], next: []}
06-02 07:06:58.621  1131 19804 I NuPlayerDecoder: kWhatAsyncReleaseComplete
06-02 07:06:58.621  1924 19777 V MediaPlayerNative: disconnect
06-02 07:06:58.623  1167 13471 D BufferPoolAccessor2.0: Destruction - bufferpool2 0xb40000792052e828 cached: 0/0M, 0/0% in use; allocs: 0, 0% recycled; transfers: 0, 0% unfetched
06-02 07:06:58.625  1131 19804 I CCodecBufferChannel: CCodecBufferChannel destructing c2.android.aac.decoder#831
06-02 07:06:58.628  1131 19804 V AudioSink: +++ close
06-02 07:06:58.628  1131 19804 V AudioSink: --- close
06-02 07:06:58.630   925  1162 V APM_AudioPolicyManager: releaseOutput portId 216
06-02 07:06:58.630   925  1162 V APM_AudioPolicyManager: releaseOutput() 13
06-02 07:06:58.631  1131 19804 W AMessage: failed to post message as target looper for handler 0 is gone.
06-02 07:06:58.636   925  1379 I SoundAlive_SRC384 arch64: ~SoundAlive_SRC384(): instance 43
06-02 07:06:58.654   870 11872 W AudioALSACaptureDataProviderNormal: readThread, latency_in_s,0.000001,0.040028,0.000084, totalTime 0.040113 > logTimeout 0.022000 TIMEOUT!!
06-02 07:06:58.656  1902  1911 E PhoneInterfaceManager: getDataNetworkTypeForSubscriber: phone is null for sub -1
06-02 07:06:58.759   876  1253 I hwcomposer: [HWC] (0)fire a callback of refresh to SF[4]  
06-02 07:06:58.774   870 11872 W AudioALSACaptureDataProviderNormal: readThread, latency_in_s,0.000002,0.039451,0.000086, totalTime 0.039538 > logTimeout 0.022000 TIMEOUT!!
06-02 07:06:58.784   945   945 I BufferQueueProducer: [FramebufferSurface](this:0xb40000734f0f0370,id:-1,api:1,p:945,c:945) queueBuffer: fps=0.55 dur=3641.56 max=3287.04 min=354.53
06-02 07:06:59.065 19343 19343 I View    : setRequestedFrameRate frameRate=NaN, this=androidx.compose.ui.platform.AndroidComposeView{8bddf81 VFED..... ........ 0,0-1080,2340 aid=1073741824}, caller=android.view.ViewGroup.setRequestedFrameRate:9952 fr.a:1 androidx.compose.ui.platform.AndroidComposeView.dispatchDraw:100 android.view.View.draw:26345 android.view.View.updateDisplayListIfDirty:25175 
06-02 07:06:59.066 19343 19343 I View    : setRequestedFrameRate frameRate=NaN, this=android.view.View{e6a08d0 V.ED..... ........ 0,0-0,0}, caller=fr.a:1 androidx.compose.ui.platform.AndroidComposeView.dispatchDraw:109 android.view.View.draw:26345 android.view.View.updateDisplayListIfDirty:25175 android.view.ViewGroup.recreateChildDisplayList:4794 
06-02 07:06:59.089  1090  1090 D data_transfer: waitConnection: socketFd=6
06-02 07:06:59.090  1090  1090 D data_transfer: clientlisten thread is running
06-02 07:06:59.090  1090  1090 D data_transfer: waitConnection: wait clientfd=-1
06-02 07:06:59.106  1085  1473 E thermal_core: Failed to read /sys/class/thermal/thermal_zone24/temp: Invalid argument
06-02 07:06:59.114   870 11872 W AudioALSACaptureDataProviderNormal: readThread, latency_in_s,0.000001,0.039871,0.000087, totalTime 0.039959 > logTimeout 0.022000 TIMEOUT!!
06-02 07:06:59.127   876  1253 I hwcomposer: [HWC] (0)fire a callback of refresh to SF[4]  
06-02 07:06:59.254   870 11872 W AudioALSACaptureDataProviderNormal: readThread, latency_in_s,0.000001,0.039807,0.000080, totalTime 0.039888 > logTimeout 0.022000 TIMEOUT!!
06-02 07:06:59.259 19343 19343 I View    : setRequestedFrameRate frameRate=NaN, this=androidx.compose.ui.platform.AndroidComposeView{8bddf81 VFED..... ......ID 0,0-1080,2340 aid=1073741824}, caller=android.view.ViewGroup.setRequestedFrameRate:9952 fr.a:1 androidx.compose.ui.platform.AndroidComposeView.dispatchDraw:100 android.view.View.draw:26345 android.view.View.updateDisplayListIfDirty:25175 
06-02 07:06:59.260 19343 19343 I View    : setRequestedFrameRate frameRate=-4.0, this=android.view.View{e6a08d0 V.ED..... ........ 0,0-0,0}, caller=fr.a:1 androidx.compose.ui.platform.AndroidComposeView.dispatchDraw:109 android.view.View.draw:26345 android.view.View.updateDisplayListIfDirty:25175 android.view.ViewGroup.recreateChildDisplayList:4794 
06-02 07:06:59.265 19343 19343 I View    : setRequestedFrameRate frameRate=NaN, this=androidx.compose.ui.platform.AndroidComposeView{8bddf81 VFED..... ........ 0,0-1080,2340 aid=1073741824}, caller=android.view.ViewGroup.setRequestedFrameRate:9952 fr.a:1 androidx.compose.ui.platform.AndroidComposeView.dispatchDraw:100 android.view.View.draw:26345 android.view.View.updateDisplayListIfDirty:25175 
06-02 07:06:59.266 19343 19343 I View    : setRequestedFrameRate frameRate=NaN, this=android.view.View{e6a08d0 V.ED..... ........ 0,0-0,0}, caller=fr.a:1 androidx.compose.ui.platform.AndroidComposeView.dispatchDraw:109 android.view.View.draw:26345 android.view.View.updateDisplayListIfDirty:25175 android.view.ViewGroup.recreateChildDisplayList:4794 
06-02 07:06:59.268   945   945 I BufferQueueProducer: [com.lotterynet.pro/com.lotterynet.pro.ui.sales.SalesActivity$_19343#2616](this:0xb40000731b077638,id:-1,api:0,p:-1,c:945) queueBuffer: fps=46.75 dur=1176.38 max=399.09 min=9.47
06-02 07:06:59.270   876   876 I hwcomposer: [HWCDisplay] [Display_0 (type:1, mode:2)] fps:45.916214,dur:1110.72,max:298.33,min:7.32  
06-02 07:06:59.355   870 11872 W AudioALSACaptureDataProviderNormal: readThread, latency_in_s,0.000002,0.040241,0.000092, totalTime 0.040335 > logTimeout 0.022000 TIMEOUT!!
06-02 07:06:59.356   876  1253 I hwcomposer: [HWC] (0)fire a callback of refresh to SF[4]  
06-02 07:06:59.500   637   637 D io_stats: !@   8,32 r 10571669 141039840 w 883255 6323700 d 100140 3933492 f 34764 56746 iot 2606708 0 th 0 0 0 pt 0 inp 0 0 17761.293
06-02 07:06:59.541   870   992 D AudioALSAStreamOut: standby(), flag 2
06-02 07:06:59.541   870   992 D AudioALSAStreamOut: standbyStreamOut(), halRequest 0, mDestroy 0, flag 2
06-02 07:06:59.541   870   992 D AudioALSAStreamOut: close(), flags 2
06-02 07:06:59.542   870   992 D AudioALSAPlaybackHandlerMixer: close(+), source flag 2, mDevice = 0x2, buffer_size 4096
06-02 07:06:59.542   870   992 D audio_sw_mixer: sw_mixer_source_detach(), MIXER_PLAYBACK  , name T_PRIMARY
06-02 07:06:59.542   870   992 D audio_sw_mixer: sw_mixer_manager_destroy_path(), MIXER_PLAYBACK  , path T_PRIMARY=>T_PRIMARY
06-02 07:06:59.542   870   992 D audio_sw_mixer: dump_path_list(), MIXER_PLAYBACK  , no path
06-02 07:06:59.543   870   992 D audio_sw_mixer: sw_mixer_target_detach(), MIXER_PLAYBACK  , name T_PRIMARY
06-02 07:06:59.543   870  1358 D audio_sw_mixer: sw_mixer_wait_to_mix(), MIXER_PLAYBACK  , target T_PRIMARY    thread exit direct mode
06-02 07:06:59.543   870  1358 D audio_sw_mixer: sw_mixer_mix_thread(), thread mix1:0 idle
06-02 07:06:59.544   870   992 D AudioALSAPlaybackHandlerNormal: +close(), flag = 2, mDevice = 0x2
06-02 07:06:59.544   870   992 D AudioALSAHardwareResourceManager: +stopOutputDevice(), mOutputDevices = 0x2, mStartOutputDevicesCount = 1
06-02 07:06:59.544   870   992 D AudioSmartPaController: +dspOnBoardSpeakerOff()
06-02 07:06:59.544   870   992 D AudioALSAHardwareResourceManager: notifyOutputDeviceStatusChange(), device = 2, status = 1, sampleRate = 0, mOpenSpeakerPathCount = 0
06-02 07:06:59.544   870   992 D AudioALSAStreamManager: speakerStatusChangeCb(), status = 1, sampleRate = 0
06-02 07:06:59.621   870   992 D AudioALSAPlaybackHandlerBase: -closePcmDriver(), mPcm = 0x0
06-02 07:06:59.622   870   992 D AudioALSADeviceConfigManager: ApplyDeviceTurnoffSequenceByName(), DeviceName = PLAYBACK1_TO_I2S3 descriptor->DeviceStatusCounter = 1, Ctlsize=4
06-02 07:06:59.624   870   992 D AudioALSAPlaybackHandlerBase: DestroyAurisysLibManager()
06-02 07:06:59.624   870   992 D aurisys_lib_handler: [LIB] aps_arsi_destroy_handler(), p_handler = 0xe7897400
06-02 07:06:59.624   870   992 D aurisys_lib_handler: aurisys_arsi_destroy_handler(), lib_name aurisys_aps, 0xe6f10180, arsi_destroy_handler, arsi_handler = 0xe7897400, retval = 0
06-02 07:06:59.625   870   992 D aurisys_lib_manager: delete_aurisys_lib_manager(), manager 0xe7961e00
06-02 07:06:59.626   870   992 D AudioALSAPlaybackHandlerBase: closeWavDump()
06-02 07:06:59.626   870   992 D AudioALSAPlaybackHandlerNormal: -close()
06-02 07:06:59.626   870   992 D AudioALSAPlaybackHandlerBase: DestroyAurisysLibManager()
06-02 07:06:59.627   870   992 D aurisys_lib_handler: aurisys_arsi_destroy_handler(), lib_name aurisys_demo, 0xe6f0ff00, arsi_destroy_handler, arsi_handler = 0xe7893180, retval = 0
06-02 07:06:59.627   870   992 D aurisys_lib_manager: delete_aurisys_lib_manager(), manager 0xe7961d90
06-02 07:06:59.629   870   992 D AudioALSAPlaybackHandlerBase: closeWavDump()
06-02 07:06:59.629   870   992 D AudioALSAPlaybackHandlerMixer: close(-)
06-02 07:06:59.636   870   992 D AudioUtility: power_hal_hint - custPowerHint 38, data 0
06-02 07:06:59.688  1433  3989 D TrafficStateDatabaseController: onDnsEvent():  objTrafficStats.size= 153, mInsertList= true
06-02 07:06:59.691  1902  1911 E PhoneInterfaceManager: getServiceStateForSlot retuning null for invalid slotIndex=-1
06-02 07:06:59.694 17462 17607 E msys    : E[N mns:DGWClient]_LogError(290)=>Failed to resolve using system DNS resolver, getaddrinfo(): No address associated with hostname
06-02 07:06:59.694  1433  1856 D NetdEventListenerService: DNS Requested by 100, 10306(com.instagram.android), 4(FAIL), isBlocked=true, 0ms
06-02 07:06:59.701 17462 17607 E msys    : E[N mns:DGWClient]_LogError(290)=>Failed to resolve using system DNS resolver, getaddrinfo(): No address associated with hostname
06-02 07:06:59.701  1433  3989 D TrafficStateDatabaseController: onDnsEvent():  objTrafficStats.size= 154, mInsertList= true
06-02 07:06:59.702  1902  1911 E PhoneInterfaceManager: getServiceStateForSlot retuning null for invalid slotIndex=-1
06-02 07:06:59.705  1433  1856 D NetdEventListenerService: DNS Requested by 100, 10306(com.instagram.android), 4(FAIL), isBlocked=true, 0ms
06-02 07:06:59.793   887 19785 I HYPER-HAL: [RequestManager.cpp]releaseLocked(): Released ID : 7819056
06-02 07:06:59.794   887 19786 I mtkpower_client: perf_lock_rel, hdl:3678, tid:19786
06-02 07:06:59.795   887 19786 I HYPER-HAL: [RequestManager.cpp]releaseLocked(): Released ID : 7823012
06-02 07:06:59.796   895   941 I libPowerHal: [perfLockRel] hdl:3678, idx:0
06-02 07:06:59.796   895   941 I libPowerHal: [PD] vendor.samsung. update cmd:300c000 param:0
06-02 07:07:00.009  1433  1433 I EyeComfortSolutionService: action  :  android.intent.action.TIME_TICK
06-02 07:07:00.010  1924  2615 I DateTimeView: updateAll - getTimeFormat
06-02 07:07:00.013  1924  1924 D ClockFaceEvents: onTimeTick. callers : com.android.keyguard.ClockEventController$keyguardUpdateMonitorCallback$1.refreshTime:19
06-02 07:07:00.013  1924  1924 D ClockFaceEvents: com.android.keyguard.ClockEventController$keyguardUpdateMonitorCallback$1.onTimeChanged:1
06-02 07:07:00.013  1924  1924 D ClockFaceEvents: com.android.keyguard.KeyguardUpdateMonitor$16.handleMessage:732
06-02 07:07:00.014  1924  1924 D ClockFaceEvents: onTimeTick. callers : com.android.keyguard.ClockEventController$keyguardUpdateMonitorCallback$1.refreshTime:38
06-02 07:07:00.014  1924  1924 D ClockFaceEvents: com.android.keyguard.ClockEventController$keyguardUpdateMonitorCallback$1.onTimeChanged:1
06-02 07:07:00.014  1924  1924 D ClockFaceEvents: com.android.keyguard.KeyguardUpdateMonitor$16.handleMessage:732
06-02 07:07:00.014  1924  1924 D FaceWidgetPagesController: onTimeChanged()
06-02 07:07:00.014  1924  2615 D QSClockBellTower: onReceive(android.intent.action.TIME_TICK) mTimeZoneString:America/Santo_Domingo
06-02 07:07:00.022  1924  1924 D QSClockBellTower: He is ready to ring the bell. (((QSClockBellSound - TimeText:7:07, TimeContentDescription:7:07 a.m., DateText:mar, 2 de junio, ShortDateText:mar, 2 de jun, Demo:false)))
06-02 07:07:00.022  1924  1924 D QSClock : StatusBar clock=7:07 notifyTimeChanged(QSClockBellSound - TimeText:7:07, TimeContentDescription:7:07 a.m., DateText:mar, 2 de junio, ShortDateText:mar, 2 de jun, Demo:false) clockVisibleByPolicy=true, clockVisibleByUser=true, visible=true, parent=android.widget.LinearLayout{ed5d2eb V.E...... ......ID 0,0-82,72 #7f0a069b app:id/left_clock_container} caller=com.android.systemui.statusbar.phone.fragment.CollapsedStatusBarFragment.animateShow:52 com.android.systemui.statusbar.phone.fragment.CollapsedStatusBarFragment.updateStatusBarVisibilitiesInner:230 com.android.systemui.statusbar.phone.fragment.CollapsedStatusBarFragment.updateStatusBarVisibilities:65 com.android.systemui.statusbar.phone.fragment.CollapsedStatusBarFragment.disable:71 com.android.systemui.statusbar.CommandQueue$H.handleMessage:2997  
06-02 07:07:00.022  1924  1924 D QSClockBellTower: Everyone heard the bell. run(currentTime:1780398420021, getTime():Tue Jun 02 07:07:00 AST 2026, getTimeZone():libcore.util.ZoneInfo[mDstSavings=0,mUseDst=false,mDelegate=[id="America/Santo_Domingo",mRawOffset=-14400000,mEarliestRawOffset=-16776000,transitions=17]])
06-02 07:07:00.024  1924  1924 D {OngoingChipAdapter}: updateEnableMaxWidth : 317 -:> 319
06-02 07:07:00.028  1924  1924 W RefactorFlag: New code path expects SceneContainerFlag to be enabled.
06-02 07:07:00.034   945   945 I BufferQueueProducer: [StatusBar$_1924#100](this:0xb40000731d4a0638,id:-1,api:0,p:-1,c:945) queueBuffer: fps=3.08 dur=1621.63 max=1409.90 min=11.29
06-02 07:07:00.079   876  1253 I hwcomposer: [HWC] (0)fire a callback of refresh to SF[4]  
06-02 07:07:00.090  1090  1090 D data_transfer: waitConnection: socketFd=6
06-02 07:07:00.090  1090  1090 D data_transfer: clientlisten thread is running
06-02 07:07:00.090  1090  1090 D data_transfer: waitConnection: wait clientfd=-1
06-02 07:07:00.093   945   945 I BufferQueueProducer: [FramebufferSurface](this:0xb40000734f0f0370,id:-1,api:1,p:945,c:945) queueBuffer: fps=2.29 dur=1309.52 max=729.55 min=221.65
06-02 07:07:00.095 19343 19343 I View    : setRequestedFrameRate frameRate=NaN, this=androidx.compose.ui.platform.AndroidComposeView{8bddf81 VFED..... ........ 0,0-1080,2340 aid=1073741824}, caller=android.view.ViewGroup.setRequestedFrameRate:9952 fr.a:1 androidx.compose.ui.platform.AndroidComposeView.dispatchDraw:100 android.view.View.draw:26345 android.view.View.updateDisplayListIfDirty:25175 
06-02 07:07:00.095 19343 19343 I View    : setRequestedFrameRate frameRate=NaN, this=android.view.View{e6a08d0 V.ED..... ........ 0,0-0,0}, caller=fr.a:1 androidx.compose.ui.platform.AndroidComposeView.dispatchDraw:109 android.view.View.draw:26345 android.view.View.updateDisplayListIfDirty:25175 android.view.ViewGroup.recreateChildDisplayList:4794 
06-02 07:07:00.179   876  1253 I hwcomposer: [HWC] (0)fire a callback of refresh to SF[4]  
06-02 07:07:00.269  1433  1782 I ChimeraPolicyHandler: onPsiMonitorTriggered() - psiLevel: 0
06-02 07:07:00.270  1433  1782 I ChimeraAggressivePolicyHandler: executePolicy() - triggerSource: TRIGGER_SOURCE_PSI_MEM_MONITOR
06-02 07:07:00.271  1433  1782 I ChimeraAggressivePolicyHandler: available memory: 869376, free memory target: 747520, quit chimera
06-02 07:07:00.909  1433  1472 I ActivityManager: Changes in 10052 5 to 15, 144 to 0
06-02 07:07:00.911   925  2616 V APM_AudioPolicyManager: setAppState(portId:200, state:1)
06-02 07:07:00.914  1433  1472 I ActivityManager: Changes in 15010052 5 to 15, 144 to 0
06-02 07:07:00.917   925  2616 V APM_AudioPolicyManager: setAppState(portId:200, state:1)
06-02 07:07:01.073 19343 19343 I View    : setRequestedFrameRate frameRate=NaN, this=androidx.compose.ui.platform.AndroidComposeView{8bddf81 VFED..... ........ 0,0-1080,2340 aid=1073741824}, caller=android.view.ViewGroup.setRequestedFrameRate:9952 fr.a:1 androidx.compose.ui.platform.AndroidComposeView.dispatchDraw:100 android.view.View.draw:26345 android.view.View.updateDisplayListIfDirty:25175 
06-02 07:07:01.073 19343 19343 I View    : setRequestedFrameRate frameRate=NaN, this=android.view.View{e6a08d0 V.ED..... ........ 0,0-0,0}, caller=fr.a:1 androidx.compose.ui.platform.AndroidComposeView.dispatchDraw:109 android.view.View.draw:26345 android.view.View.updateDisplayListIfDirty:25175 android.view.ViewGroup.recreateChildDisplayList:4794 
06-02 07:07:01.090  1090  1090 D data_transfer: waitConnection: socketFd=6
06-02 07:07:01.090  1090  1090 D data_transfer: clientlisten thread is running
06-02 07:07:01.090  1090  1090 D data_transfer: waitConnection: wait clientfd=-1
06-02 07:07:01.102   945   945 I BufferQueueProducer: [com.lotterynet.pro/com.lotterynet.pro.ui.sales.SalesActivity$_19343#2616](this:0xb40000731b077638,id:-1,api:0,p:-1,c:945) queueBuffer: fps=1.64 dur=1833.55 max=989.45 min=11.69
06-02 07:07:01.107   876   876 I hwcomposer: [HWCDisplay] [Display_0 (type:1, mode:2)] fps:3.810297,dur:1837.13,max:909.71,min:11.78  
06-02 07:07:01.152   876  1253 I hwcomposer: [HWC] (0)fire a callback of refresh to SF[4]  
06-02 07:07:01.161   945   945 I BufferQueueProducer: [FramebufferSurface](this:0xb40000734f0f0370,id:-1,api:1,p:945,c:945) queueBuffer: fps=1.87 dur=1067.48 max=964.21 min=103.27
06-02 07:07:01.261  1433  3155 D SemWifiUsabilityStatsMonitor: onWifiUsabilityStats - seqNum 5744, isSameBssidAndFreq true
06-02 07:07:01.263  1433  1804 I SemWifiLinkQualityMonitor: Link stat: 0 / 0 / 1.00 (193) / 433 / -41.0 || 100.0 : 433.00 / 0.5 : 1.00 / 0.55 : 0.30 / G (G) || e31f063a5745: 0.121 / 65.934 / D || N N / 0 0 / Y 2.0 / Y X 0 / 17763054 0 || Invalid
06-02 07:07:01.291  1433  1526 D PowerManagerService: UserActivityStateListenerState: 0
06-02 07:07:01.295 19343 19343 I VRI[SalesActivity]@5294ec6: call setFrameRateCategory for touch hint category=no preference, reason=boost timeout, vri=VRI[SalesActivity]@5294ec6
06-02 07:07:01.301   945   945 I SurfaceFlinger: [com.lotterynet.pro/com.lotterynet.pro.ui.sales.SalesActivity$_19343#2616] setFrameRateCategory: NoPreference
06-02 07:07:01.302   945   945 E RefreshRateSelector: Can't find HRR max refresh rate by policy with the same group 0
06-02 07:07:01.501   637   637 D io_stats: !@   8,32 r 10571704 141040364 w 883257 6323772 d 100140 3933492 f 34764 56746 iot 2606792 0 th 0 0 0 pt 0 inp 0 0 17763.294
06-02 07:07:01.502   637   637 D io_stats: !@ Read_top(KB): .lotterynet.pro(19343) 452 ndroid.systemui(1924) 404 system_server(1433) 216
06-02 07:07:01.502   637   637 D io_stats: !@ Write_top(KB): kworker/u16:1(17411) 404 .lotterynet.pro(19343) 240 sait.sohservice(17203) 32
06-02 07:07:01.523  1433  3989 D NetdEventListenerService: CSC Feature value: true
06-02 07:07:01.524  1433  3989 D TrafficStateDatabaseController: onDnsEvent():  objTrafficStats.size= 155, mInsertList= true
06-02 07:07:01.525  1902  2522 E PhoneInterfaceManager: getServiceStateForSlot retuning null for invalid slotIndex=-1
06-02 07:07:01.528  1433  1856 D NetdEventListenerService: DNS Requested by 100, 10306(com.instagram.android), 4(FAIL), isBlocked=true, 0ms
06-02 07:07:01.528 17462 17607 E msys    : E[N mns:DGWClient]_LogError(290)=>Failed to resolve using system DNS resolver, getaddrinfo(): No address associated with hostname
06-02 07:07:02.071 19343 19343 I View    : setRequestedFrameRate frameRate=NaN, this=androidx.compose.ui.platform.AndroidComposeView{8bddf81 VFED..... ........ 0,0-1080,2340 aid=1073741824}, caller=android.view.ViewGroup.setRequestedFrameRate:9952 fr.a:1 androidx.compose.ui.platform.AndroidComposeView.dispatchDraw:100 android.view.View.draw:26345 android.view.View.updateDisplayListIfDirty:25175 
06-02 07:07:02.071 19343 19343 I View    : setRequestedFrameRate frameRate=NaN, this=android.view.View{e6a08d0 V.ED..... ........ 0,0-0,0}, caller=fr.a:1 androidx.compose.ui.platform.AndroidComposeView.dispatchDraw:109 android.view.View.draw:26345 android.view.View.updateDisplayListIfDirty:25175 android.view.ViewGroup.recreateChildDisplayList:4794 
06-02 07:07:02.080  1433  3989 D TrafficStateDatabaseController: onDnsEvent():  objTrafficStats.size= 156, mInsertList= true
06-02 07:07:02.081  1902  2522 E PhoneInterfaceManager: getServiceStateForSlot retuning null for invalid slotIndex=-1
06-02 07:07:02.084  1433  1856 D NetdEventListenerService: DNS Requested by 100, 10306(com.instagram.android), 4(FAIL), isBlocked=true, 0ms
06-02 07:07:02.084 17462 17607 E msys    : E[N mns:DGWClient]_LogError(290)=>Failed to resolve using system DNS resolver, getaddrinfo(): No address associated with hostname
06-02 07:07:02.091  1090  1090 D data_transfer: waitConnection: socketFd=6
06-02 07:07:02.091  1090  1090 D data_transfer: clientlisten thread is running
06-02 07:07:02.091  1090  1090 D data_transfer: waitConnection: wait clientfd=-1
06-02 07:07:02.097  1433  3989 D TrafficStateDatabaseController: onDnsEvent():  objTrafficStats.size= 157, mInsertList= true
06-02 07:07:02.098  1902  2522 E PhoneInterfaceManager: getServiceStateForSlot retuning null for invalid slotIndex=-1
06-02 07:07:02.101 17462 17607 E msys    : E[N mns:DGWClient]_LogError(290)=>Failed to resolve using system DNS resolver, getaddrinfo(): No address associated with hostname
06-02 07:07:02.101  1433  1856 D NetdEventListenerService: DNS Requested by 100, 10306(com.instagram.android), 4(FAIL), isBlocked=true, 0ms
06-02 07:07:02.148   876  1253 I hwcomposer: [HWC] (0)fire a callback of refresh to SF[4]  
06-02 07:07:02.164   945   945 I BufferQueueProducer: [FramebufferSurface](this:0xb40000734f0f0370,id:-1,api:1,p:945,c:945) queueBuffer: fps=1.00 dur=1003.23 max=1003.23 min=1003.23
06-02 07:07:02.165   876   876 I hwcomposer: [HWCDisplay] [Display_0 (type:1, mode:2)] fps:2.835019,dur:1058.19,max:942.35,min:54.56  
06-02 07:07:02.434  1902  2341 D SatelliteController: isInCarrierRoamingNbIotNtn: satellite is disabled
06-02 07:07:02.453  1167  1376 D BufferPoolAccessor2.0: evictor expired: 1, evicted: 0
06-02 07:07:02.654  1433  1583 I ActivityManager: Changes in 99682 19 to 19, 128 to 0
06-02 07:07:02.655  1433  1583 I ActivityManager: Changes in 10202 19 to 19, 128 to 0
06-02 07:07:02.656   925  2616 V APM_AudioPolicyManager: setAppState(portId:200, state:1)
06-02 07:07:02.670  1433  1721 D InetDiagMessage: Destroyed 2 sockets, proto=IPPROTO_TCP, family=AF_INET, states=14
06-02 07:07:02.672  1433  1721 D InetDiagMessage: Destroyed 0 sockets, proto=IPPROTO_TCP, family=AF_INET6, states=14
06-02 07:07:02.672  1433  1721 D InetDiagMessage: Destroyed live tcp sockets for uids={10202} in 5ms
06-02 07:07:02.673  1433  1721 D InetDiagMessage: Destroyed 0 sockets, proto=IPPROTO_TCP, family=AF_INET, states=14
06-02 07:07:02.675  1433  1721 D InetDiagMessage: Destroyed 0 sockets, proto=IPPROTO_TCP, family=AF_INET6, states=14
06-02 07:07:02.676  1433  1721 D InetDiagMessage: Destroyed live tcp sockets for uids={20202} in 4ms
06-02 07:07:02.677  1433  1721 D InetDiagMessage: Destroyed 0 sockets, proto=IPPROTO_TCP, family=AF_INET, states=14
06-02 07:07:02.679  1433  1721 D InetDiagMessage: Destroyed 0 sockets, proto=IPPROTO_TCP, family=AF_INET6, states=14
06-02 07:07:02.680  1433  1721 D InetDiagMessage: Destroyed live tcp sockets for uids={15010202} in 4ms
06-02 07:07:02.681  1433  1721 D InetDiagMessage: Destroyed 0 sockets, proto=IPPROTO_TCP, family=AF_INET, states=14
06-02 07:07:02.682  1433  1721 D InetDiagMessage: Destroyed 0 sockets, proto=IPPROTO_TCP, family=AF_INET6, states=14
06-02 07:07:02.682  1433  1721 D InetDiagMessage: Destroyed live tcp sockets for uids={15020202} in 2ms
06-02 07:07:02.810   960   968 D ccci_mdinit: (1):monitor_time_update_thread round:627 ########
06-02 07:07:03.044  1896  1896 I wpa_supplicant: Heartbeat 1771
06-02 07:07:03.076 19343 19343 I View    : setRequestedFrameRate frameRate=NaN, this=androidx.compose.ui.platform.AndroidComposeView{8bddf81 VFED..... ........ 0,0-1080,2340 aid=1073741824}, caller=android.view.ViewGroup.setRequestedFrameRate:9952 fr.a:1 androidx.compose.ui.platform.AndroidComposeView.dispatchDraw:100 android.view.View.draw:26345 android.view.View.updateDisplayListIfDirty:25175 
06-02 07:07:03.076 19343 19343 I View    : setRequestedFrameRate frameRate=NaN, this=android.view.View{e6a08d0 V.ED..... ........ 0,0-0,0}, caller=fr.a:1 androidx.compose.ui.platform.AndroidComposeView.dispatchDraw:109 android.view.View.draw:26345 android.view.View.updateDisplayListIfDirty:25175 android.view.ViewGroup.recreateChildDisplayList:4794 
06-02 07:07:03.091  1090  1090 D data_transfer: waitConnection: socketFd=6
06-02 07:07:03.091  1090  1090 D data_transfer: clientlisten thread is running
06-02 07:07:03.091  1090  1090 D data_transfer: waitConnection: wait clientfd=-1
06-02 07:07:03.100   945   945 I BufferQueueProducer: [com.lotterynet.pro/com.lotterynet.pro.ui.sales.SalesActivity$_19343#2616](this:0xb40000731b077638,id:-1,api:0,p:-1,c:945) queueBuffer: fps=1.00 dur=1998.35 max=999.22 min=999.14
06-02 07:07:03.148   876  1253 I hwcomposer: [HWC] (0)fire a callback of refresh to SF[4]  
06-02 07:07:03.312  1433  2893 I NSLocationMonitor: getGPSUsingApps() called
06-02 07:07:03.313  2888  2910 I NSLocationManager_FLP: getGPSUsingApps, No change
06-02 07:07:03.331  1433  2893 D FreecessHandler: freeze com.whatsapp(10274) result : 2
06-02 07:07:03.503   637   637 D io_stats: !@   8,32 r 10572181 141046104 w 883269 6323980 d 100140 3933492 f 34765 56747 iot 2607008 0 th 0 0 0 pt 0 inp 0 0 17765.296
06-02 07:07:03.961  2560  2560 D BoundBrokerSvc: onUnbind: Intent { act=com.google.android.gms.auth.aang.events.services.START dat=chimera-action:/... xflg=0x4 cmp=com.google.android.gms/.chimera.PersistentApiService }
06-02 07:07:03.980  7785  8022 I native  : I0000 00:00:1780398423.980098    8022 soda_async_impl.cc:1424] Current audio timestamp: 1780398423784796
06-02 07:07:04.077 19343 19343 I View    : setRequestedFrameRate frameRate=NaN, this=androidx.compose.ui.platform.AndroidComposeView{8bddf81 VFED..... ........ 0,0-1080,2340 aid=1073741824}, caller=android.view.ViewGroup.setRequestedFrameRate:9952 fr.a:1 androidx.compose.ui.platform.AndroidComposeView.dispatchDraw:100 android.view.View.draw:26345 android.view.View.updateDisplayListIfDirty:25175 
06-02 07:07:04.077 19343 19343 I View    : setRequestedFrameRate frameRate=NaN, this=android.view.View{e6a08d0 V.ED..... ........ 0,0-0,0}, caller=fr.a:1 androidx.compose.ui.platform.AndroidComposeView.dispatchDraw:109 android.view.View.draw:26345 android.view.View.updateDisplayListIfDirty:25175 android.view.ViewGroup.recreateChildDisplayList:4794 
06-02 07:07:04.093  1090  1090 D data_transfer: waitConnection: socketFd=6
06-02 07:07:04.093  1090  1090 D data_transfer: clientlisten thread is running
06-02 07:07:04.093  1090  1090 D data_transfer: waitConnection: wait clientfd=-1
06-02 07:07:04.102   876   876 I hwcomposer: [HWCDisplay] [Display_0 (type:1, mode:2)] fps:1.548602,dur:1937.23,max:938.52,min:60.89  
06-02 07:07:04.148   876  1253 I hwcomposer: [HWC] (0)fire a callback of refresh to SF[4]  
06-02 07:07:04.164   945   945 I BufferQueueProducer: [FramebufferSurface](this:0xb40000734f0f0370,id:-1,api:1,p:945,c:945) queueBuffer: fps=1.00 dur=1999.99 max=1001.17 min=998.82
06-02 07:07:04.280  1433  3155 D SemWifiUsabilityStatsMonitor: onWifiUsabilityStats - seqNum 5745, isSameBssidAndFreq true
06-02 07:07:04.282  1433  1804 I SemWifiLinkQualityMonitor: Link stat: 0 / 0 / 1.00 (277) / 433 / -44.0 || 100.0 : 433.00 / 0.5 : 1.00 / 0.55 : 0.30 / G (G) || e31f063a5745: 0.121 / 65.934 / D || N N / 0 0 / Y 2.0 / Y X 0 / 17766074 0 || Invalid
06-02 07:07:04.455  1167  1376 D BufferPoolAccessor2.0: bufferpool2 0xb40000792058f228 : 0(0 size) total buffers - 0(0 size) used buffers - 60/64 (recycle/alloc) - 4/64 (fetch/transfer)
06-02 07:07:04.455  1167  1376 D BufferPoolAccessor2.0: evictor expired: 2, evicted: 1
06-02 07:07:04.563  1131  9455 D BufferPoolAccessor2.0: bufferpool2 0xe8659918 : 0(0 size) total buffers - 0(0 size) used buffers - 61/69 (recycle/alloc) - 8/66 (fetch/transfer)
06-02 07:07:04.563  1131  9455 D BufferPoolAccessor2.0: evictor expired: 1, evicted: 1
06-02 07:07:04.838   898   926 E BatteryDump: !@new_battery_dump : 3832,240,475,550,43,334,337,372,0,0,342,372,0,Charging,NO_CHARGING,Normal,Good,USB,1,Normal,0,0,9600,0x0,0x10000,0x0,0,0,0000,0000,00000000,0,0,0,0,567,3832000,430,0,0,
06-02 07:07:04.841   898   898 I sehhealth-service: updateLrpSysfs: write: 342
06-02 07:07:04.958  2560  2560 D BoundBrokerSvc: onUnbind: Intent { act=com.google.android.gms.libs.gmscorelogger.service.START dat=chimera-action:/... xflg=0x4 cmp=com.google.android.gms/.chimera.PersistentDirectBootAwareApiService }
06-02 07:07:04.999  1902  2341 D SatelliteController: isInCarrierRoamingNbIotNtn: satellite is disabled
06-02 07:07:05.085 19343 19343 I View    : setRequestedFrameRate frameRate=NaN, this=androidx.compose.ui.platform.AndroidComposeView{8bddf81 VFED..... ........ 0,0-1080,2340 aid=1073741824}, caller=android.view.ViewGroup.setRequestedFrameRate:9952 fr.a:1 androidx.compose.ui.platform.AndroidComposeView.dispatchDraw:100 android.view.View.draw:26345 android.view.View.updateDisplayListIfDirty:25175 
06-02 07:07:05.085 19343 19343 I View    : setRequestedFrameRate frameRate=NaN, this=android.view.View{e6a08d0 V.ED..... ........ 0,0-0,0}, caller=fr.a:1 androidx.compose.ui.platform.AndroidComposeView.dispatchDraw:109 android.view.View.draw:26345 android.view.View.updateDisplayListIfDirty:25175 android.view.ViewGroup.recreateChildDisplayList:4794 
06-02 07:07:05.094  1090  1090 D data_transfer: waitConnection: socketFd=6
06-02 07:07:05.094  1090  1090 D data_transfer: clientlisten thread is running
06-02 07:07:05.094  1090  1090 D data_transfer: waitConnection: wait clientfd=-1
06-02 07:07:05.111   945   945 I BufferQueueProducer: [com.lotterynet.pro/com.lotterynet.pro.ui.sales.SalesActivity$_19343#2616](this:0xb40000731b077638,id:-1,api:0,p:-1,c:945) queueBuffer: fps=0.99 dur=2010.72 max=1011.01 min=999.71
06-02 07:07:05.114   876   876 I hwcomposer: [HWCDisplay] [Display_0 (type:1, mode:2)] fps:1.976562,dur:1011.86,max:948.94,min:62.92  
06-02 07:07:05.159   876  1253 I hwcomposer: [HWC] (0)fire a callback of refresh to SF[4]  
06-02 07:07:05.174   945   945 I BufferQueueProducer: [FramebufferSurface](this:0xb40000734f0f0370,id:-1,api:1,p:945,c:945) queueBuffer: fps=0.99 dur=1010.31 max=1010.31 min=1010.31
06-02 07:07:05.505   637   637 D io_stats: !@   8,32 r 10572205 141046212 w 883278 6324084 d 100140 3933492 f 34765 56747 iot 2607084 0 th 0 0 0 pt 0 inp 0 0 17767.298
06-02 07:07:05.505   637   637 D io_stats: !@ Read_top(KB): ocessService0:0(19072) 3300 ileged_process0(19071) 800 id.app.sbrowser(19026) 784
06-02 07:07:05.505   637   637 D io_stats: !@ Write_top(KB): kworker/u16:1(17411) 176 .lotterynet.pro(19343) 80 sait.sohservice(17203) 24
06-02 07:07:06.084 19343 19343 I View    : setRequestedFrameRate frameRate=NaN, this=androidx.compose.ui.platform.AndroidComposeView{8bddf81 VFED..... ........ 0,0-1080,2340 aid=1073741824}, caller=android.view.ViewGroup.setRequestedFrameRate:9952 fr.a:1 androidx.compose.ui.platform.AndroidComposeView.dispatchDraw:100 android.view.View.draw:26345 android.view.View.updateDisplayListIfDirty:25175 
06-02 07:07:06.084 19343 19343 I View    : setRequestedFrameRate frameRate=NaN, this=android.view.View{e6a08d0 V.ED..... ........ 0,0-0,0}, caller=fr.a:1 androidx.compose.ui.platform.AndroidComposeView.dispatchDraw:109 android.view.View.draw:26345 android.view.View.updateDisplayListIfDirty:25175 android.view.ViewGroup.recreateChildDisplayList:4794 
06-02 07:07:06.094  1090  1090 D data_transfer: waitConnection: socketFd=6
06-02 07:07:06.095  1090  1090 D data_transfer: clientlisten thread is running
06-02 07:07:06.095  1090  1090 D data_transfer: waitConnection: wait clientfd=-1
06-02 07:07:06.155   876  1253 I hwcomposer: [HWC] (0)fire a callback of refresh to SF[4]  
06-02 07:07:06.174   876   876 I hwcomposer: [HWCDisplay] [Display_0 (type:1, mode:2)] fps:2.829836,dur:1060.13,max:937.38,min:61.34  
06-02 07:07:06.454  8939  9171 E msys    : E[N WA]_WAJMNSStreamImplOnMNSFailure(287)=>[LogLevel:I] WAJMNSStream/impl/callback/onMNSFailure/p=0xb400007248c87a80 (error=MNSTCPSocketReceive(): Received EOF)
06-02 07:07:06.458  8939  9171 E msys    : E[N WA]_WAJMNSStreamImplCreateConnectionReport(194)=>[LogLevel:I] WAJMNSStream/impl/report port=5222, connectedIPVersion=4, resolvedIPAddressCount=1, dnsResolutionStartTimeMS=17666284, dnsResolutionEndTimeMS=17666294, dnsCacheHit=Yes, connectStartTimeMS=17666294, connectEndTimeMS=17666340, proxyConnectStartTimeMS=0, proxyConnectEndTimeMS=0
06-02 07:07:06.460  8939  9171 E msys    : E[N WA]_WAJMNSStreamImplUpdateStreamState(230)=>[LogLevel:I] WAJMNSStream/impl/state-changed/p=0xb400007248c87a80 (connected=>disconnected)
06-02 07:07:06.492  8939  9122 E msys    : E[N WA]WAJMNSStreamImplDisconnectSync(506)=>[LogLevel:W] WAJMNSStream/impl/disconnect/p=0xb400007248c87a80 (bytesSent=2363)(bytesRecv=15819)
06-02 07:07:06.528   925  2616 V APM_AudioPolicyManager: setAppState(portId:200, state:1)
06-02 07:07:06.698  7785  8161 W ProxyAndroidLoggerBackend: Too many Flogger logs received before configuration. Dropping old logs.
06-02 07:07:06.808 19900 19900 W screencap: Thread Pool max thread count is 0. Cannot cache binder as linkToDeath cannot be implemented. serviceName: SurfaceFlingerAIDL
06-02 07:07:06.808 19900 19900 W BpBinder: Linking to death on android.gui.ISurfaceComposer but there are no threads (yet?) listening to incoming transactions. See ProcessState::startThreadPool and ProcessState::setThreadPoolMaxThreadCount. Generally you should setup the binder threadpool before other initialization steps.
06-02 07:07:06.811 19900 19900 W screencap: Thread Pool max thread count is 0. Cannot cache binder as linkToDeath cannot be implemented. serviceName: edmnativehelper
06-02 07:07:06.811  1433  2205 I EDMNativeHelperService: isScreenCaptureEnabled
06-02 07:07:06.813  1433  2205 D RestrictionPolicy: isScreenCaptureEnabled : ret=true userId=0
06-02 07:07:06.813 19900 19900 W ProcessState: Extra binder thread started, but 0 threads requested. Do not use *startThreadPool when zero threads are requested.
06-02 07:07:06.813 19900 19900 I SurfaceComposerClient: captureDisplay:Display-4627039422300187648
06-02 07:07:06.817  3933  3933 I SDHMS:LOAD: type: LoadsFreqs, value: 0:0:12:848000:2200000:700000:780000:2000000:650000:87:467:0
06-02 07:07:06.819   945   995 I SurfaceFlinger: Capture layer list: 	 com.lotterynet.pro/com.lotterynet.pro.ui.sales.SalesActivity$_19343#2616(seamlessTransition:0)
06-02 07:07:06.819   945   995 I SurfaceFlinger: Capture layer list: 	 StatusBar$_1924#100(seamlessTransition:0)
06-02 07:07:06.820   945   995 I SurfaceFlinger: Capture layer list: 	 NavigationBar0$_1924#96(seamlessTransition:0)
06-02 07:07:06.871 19343 19343 I View    : setRequestedFrameRate frameRate=NaN, this=androidx.compose.ui.platform.AndroidComposeView{8bddf81 VFED..... ........ 0,0-1080,2340 aid=1073741824}, caller=android.view.ViewGroup.setRequestedFrameRate:9952 fr.a:1 androidx.compose.ui.platform.AndroidComposeView.dispatchDraw:100 android.view.View.draw:26345 android.view.View.updateDisplayListIfDirty:25175 
06-02 07:07:06.872 19343 19343 I View    : setRequestedFrameRate frameRate=NaN, this=android.view.View{e6a08d0 V.ED..... ........ 0,0-0,0}, caller=fr.a:1 androidx.compose.ui.platform.AndroidComposeView.dispatchDraw:109 android.view.View.draw:26345 android.view.View.updateDisplayListIfDirty:25175 android.view.ViewGroup.recreateChildDisplayList:4794 
06-02 07:07:06.899   945   945 I BufferQueueProducer: [com.lotterynet.pro/com.lotterynet.pro.ui.sales.SalesActivity$_19343#2616](this:0xb40000731b077638,id:-1,api:0,p:-1,c:945) queueBuffer: fps=1.12 dur=1787.81 max=999.29 min=788.52
06-02 07:07:06.907  1433  2205 D TrafficStateDatabaseController: onDnsEvent():  objTrafficStats.size= 158, mInsertList= true
06-02 07:07:06.908  1902  1911 E PhoneInterfaceManager: getServiceStateForSlot retuning null for invalid slotIndex=-1
06-02 07:07:06.911 17462 17607 E msys    : E[N mns:DGWClient]_LogError(290)=>Failed to resolve using system DNS resolver, getaddrinfo(): No address associated with hostname
06-02 07:07:06.911  1433  1856 D NetdEventListenerService: DNS Requested by 100, 10306(com.instagram.android), 4(FAIL), isBlocked=true, 0ms
06-02 07:07:06.915 17462 17607 E msys    : E[N mns:DGWClient]_LogError(290)=>Failed to resolve using system DNS resolver, getaddrinfo(): No address associated with hostname
06-02 07:07:06.916  1433  2205 D TrafficStateDatabaseController: onDnsEvent():  objTrafficStats.size= 159, mInsertList= true
06-02 07:07:06.916  1902  1911 E PhoneInterfaceManager: getServiceStateForSlot retuning null for invalid slotIndex=-1
06-02 07:07:06.921  1433  1856 D NetdEventListenerService: DNS Requested by 100, 10306(com.instagram.android), 4(FAIL), isBlocked=true, 0ms
06-02 07:07:06.947   876  1253 I hwcomposer: [HWC] (0)fire a callback of refresh to SF[4]  
06-02 07:07:06.959   945   945 I BufferQueueProducer: [FramebufferSurface](this:0xb40000734f0f0370,id:-1,api:1,p:945,c:945) queueBuffer: fps=1.12 dur=1784.69 max=999.25 min=785.44
06-02 07:07:06.991 19900 19900 I DMABUFHEAPS: Using DMA-BUF heap named: mtk_mm
06-02 07:07:06.991 19900 19900 I DMABUFHEAPS: Using DMA-BUF heap named: mtk_mm-uncached
06-02 07:07:06.991 19900 19900 I DMABUFHEAPS: Using DMA-BUF heap named: mtk_svp_region-aligned
06-02 07:07:06.991 19900 19900 I DMABUFHEAPS: Using DMA-BUF heap named: mtk_prot_region-aligned
06-02 07:07:06.991 19900 19900 I DMABUFHEAPS: Using DMA-BUF heap named: mtk_2d_fr_region
06-02 07:07:06.991 19900 19900 I DMABUFHEAPS: Using DMA-BUF heap named: mtk_wfd_region-aligned
06-02 07:07:07.086 19343 19343 I View    : setRequestedFrameRate frameRate=NaN, this=androidx.compose.ui.platform.AndroidComposeView{8bddf81 VFED..... ........ 0,0-1080,2340 aid=1073741824}, caller=android.view.ViewGroup.setRequestedFrameRate:9952 fr.a:1 androidx.compose.ui.platform.AndroidComposeView.dispatchDraw:100 android.view.View.draw:26345 android.view.View.updateDisplayListIfDirty:25175 
06-02 07:07:07.086 19343 19343 I View    : setRequestedFrameRate frameRate=NaN, this=android.view.View{e6a08d0 V.ED..... ........ 0,0-0,0}, caller=fr.a:1 androidx.compose.ui.platform.AndroidComposeView.dispatchDraw:109 android.view.View.draw:26345 android.view.View.updateDisplayListIfDirty:25175 android.view.ViewGroup.recreateChildDisplayList:4794 
06-02 07:07:07.095  1090  1090 D data_transfer: waitConnection: socketFd=6
06-02 07:07:07.095  1090  1090 D data_transfer: clientlisten thread is running
06-02 07:07:07.095  1090  1090 D data_transfer: waitConnection: wait clientfd=-1
06-02 07:07:07.155   876  1253 I hwcomposer: [HWC] (0)fire a callback of refresh to SF[4]  
06-02 07:07:07.272 19900 19900 W RefBase : RefBase: Explicit destruction, weak count = 0 (in 0x7f1e1b6838). Use sp<> to manage this object. Note - if weak count is 0, this leaks mRefs (weakref_impl).
06-02 07:07:07.280 19900 19900 D RefBase :   #00 pc 00000000000ab1b0  /apex/com.android.runtime/lib64/bionic/libc.so (__cxa_finalize+144) (BuildId: 39d1497b7605b6389fe7c9e36a557060)
06-02 07:07:07.280 19900 19900 D RefBase :   #01 pc 00000000000af8a4  /apex/com.android.runtime/lib64/bionic/libc.so (exit+36) (BuildId: 39d1497b7605b6389fe7c9e36a557060)
06-02 07:07:07.280 19900 19900 D RefBase :   #02 pc 00000000000a374c  /apex/com.android.runtime/lib64/bionic/libc.so (__libc_init+124) (BuildId: 39d1497b7605b6389fe7c9e36a557060)
06-02 07:07:07.306  1433  3155 D SemWifiUsabilityStatsMonitor: onWifiUsabilityStats - seqNum 5746, isSameBssidAndFreq true
06-02 07:07:07.308  1433  1804 I SemWifiLinkQualityMonitor: Link stat: 0 / 0 / 1.00 (193) / 433 / -41.0 || 100.0 : 433.00 / 0.5 : 1.00 / 0.55 : 0.30 / G (G) || e31f063a5745: 0.121 / 65.934 / D || N N / 0 0 / Y 2.0 / Y X 0 / 17769099 0 || Invalid
06-02 07:07:07.438  1433  1583 I ActivityManager: Changes in 10304 19 to 19, 128 to 0
06-02 07:07:07.445  1433  1721 D InetDiagMessage: Destroyed 4 sockets, proto=IPPROTO_TCP, family=AF_INET, states=14
06-02 07:07:07.446  1433  1721 D InetDiagMessage: Destroyed 0 sockets, proto=IPPROTO_TCP, family=AF_INET6, states=14
06-02 07:07:07.446  1433  1721 D InetDiagMessage: Destroyed live tcp sockets for uids={10304} in 2ms
06-02 07:07:07.446  1433  1721 D InetDiagMessage: Destroyed 0 sockets, proto=IPPROTO_TCP, family=AF_INET, states=14
06-02 07:07:07.447  1433  1721 D InetDiagMessage: Destroyed 0 sockets, proto=IPPROTO_TCP, family=AF_INET6, states=14
06-02 07:07:07.447  1433  1721 D InetDiagMessage: Destroyed live tcp sockets for uids={20304} in 1ms
06-02 07:07:07.506   637   637 D io_stats: !@   8,32 r 10573578 141060540 w 883291 6324180 d 100140 3933492 f 34765 56747 iot 2607692 0 th 0 0 0 pt 0 inp 0 1 17769.299
06-02 07:07:07.578 19343 19343 I View    : setRequestedFrameRate frameRate=NaN, this=androidx.compose.ui.platform.AndroidComposeView{8bddf81 VFED..... ........ 0,0-1080,2340 aid=1073741824}, caller=android.view.ViewGroup.setRequestedFrameRate:9952 fr.a:1 androidx.compose.ui.platform.AndroidComposeView.dispatchDraw:100 android.view.View.draw:26345 android.view.View.updateDisplayListIfDirty:25175 
06-02 07:07:07.578 19343 19343 I View    : setRequestedFrameRate frameRate=NaN, this=android.view.View{e6a08d0 V.ED..... ........ 0,0-0,0}, caller=fr.a:1 androidx.compose.ui.platform.AndroidComposeView.dispatchDraw:109 android.view.View.draw:26345 android.view.View.updateDisplayListIfDirty:25175 android.view.ViewGroup.recreateChildDisplayList:4794 
06-02 07:07:07.579 19906 19906 D AndroidRuntime: >>>>>> START com.android.internal.os.RuntimeInit uid 2000 <<<<<<
06-02 07:07:07.589 19906 19906 I app_process: MMAP_TRYLOCK is supported in uffd errno:2 addr:0x76b6c5b000 size:4096
06-02 07:07:07.591 19906 19906 I AndroidRuntime: Using default boot image
06-02 07:07:07.591 19906 19906 I AndroidRuntime: Leaving lock profiling enabled
06-02 07:07:07.594 19906 19906 I app_process: Using CollectorTypeCMC GC.
06-02 07:07:07.599   876   876 I hwcomposer: [HWCDisplay] [Display_0 (type:1, mode:2)] fps:3.509651,dur:1424.64,max:727.40,min:57.86  
06-02 07:07:07.643   876  1253 I hwcomposer: [HWC] (0)fire a callback of refresh to SF[4]  
06-02 07:07:07.732 19906 19906 D nativeloader: InitDefaultPublicLibraries for_preload=1: libandroid.so:libaaudio.so:libamidi.so:libbinder_ndk.so:libc.so:libcamera2ndk.so:libdl.so:libEGL.so:libGLESv1_CM.so:libGLESv2.so:libGLESv3.so:libicu.so:libicui18n.so:libicuuc.so:libjnigraphics.so:liblog.so:libmediandk.so:libm.so:libnativehelper.so:libnativewindow.so:libOpenMAXAL.so:libOpenSLES.so:libRS.so:libstdc++.so:libsync.so:libvulkan.so:libwebviewchromium_plat_support.so:libz.so
06-02 07:07:07.758 19906 19906 D nativeloader: Load libicu_jni.so using APEX ns com_android_art for caller /apex/com.android.art/javalib/core-oj.jar: ok
06-02 07:07:07.758 19906 19906 D app_process: u_setTimeZoneFilesDirectory("/apex/com.android.tzdata/etc/tz/versioned/9/icu") succeeded. 
06-02 07:07:07.758 19906 19906 D app_process: I18n APEX ICU file found: /apex/com.android.i18n/etc/icu/icudt76l.dat
06-02 07:07:07.760 19906 19906 D nativeloader: Load libjavacore.so using APEX ns com_android_art for caller /apex/com.android.art/javalib/core-oj.jar: ok
06-02 07:07:07.763 19906 19906 D nativeloader: Load libopenjdk.so using APEX ns com_android_art for caller /apex/com.android.art/javalib/core-oj.jar: ok
06-02 07:07:07.765 19906 19906 I app_process: Priority-to-niceness mapping: 19, 16, 13, 10, 0, -2, -4, -5, -6, -8
06-02 07:07:07.800 19906 19906 E SemDvfsManager_JNI: SemDvfsManager: registerfunction enter
06-02 07:07:07.801 19906 19906 E SemAffinityControl: SemAffinityControl: registerfunction enter
06-02 07:07:07.823 19906 19906 D nativeloader: Load libframework-connectivity-tiramisu-jni.so using APEX ns com_android_tethering for caller /apex/com.android.tethering/javalib/framework-connectivity-t.jar: ok
06-02 07:07:07.823 19906 19906 D AndroidRuntime: Calling main entry com.android.commands.uiautomator.Launcher
