06-02 07:06:57.739 19343 19343 I View    : setRequestedFrameRate frameRate=NaN, this=androidx.compose.ui.platform.AndroidComposeView{8bddf81 VFED..... ........ 0,0-1080,2340 aid=1073741824}, caller=android.view.ViewGroup.setRequestedFrameRate:9952 fr.a:1 androidx.compose.ui.platform.AndroidComposeView.dispatchDraw:100 android.view.View.draw:26345 android.view.View.updateDisplayListIfDirty:25175 
06-02 07:06:57.739 19343 19343 I View    : setRequestedFrameRate frameRate=NaN, this=android.view.View{e6a08d0 V.ED..... ........ 0,0-0,0}, caller=fr.a:1 androidx.compose.ui.platform.AndroidComposeView.dispatchDraw:109 android.view.View.draw:26345 android.view.View.updateDisplayListIfDirty:25175 android.view.ViewGroup.recreateChildDisplayList:4794 
06-02 07:06:57.766  1433  1478 I libprocessgroup: Removed cgroup /sys/fs/cgroup/apps/uid_99685/pid_19495
06-02 07:06:57.766  1433  1489 D BatteryExternalStatsWorker: update stats : remove-uid (1)
06-02 07:06:57.767   862   862 I Zygote  : Process 19495 exited cleanly (0)
06-02 07:06:57.792 19343 19343 I View    : setRequestedFrameRate frameRate=NaN, this=androidx.compose.ui.platform.AndroidComposeView{8bddf81 VFED..... ........ 0,0-1080,2340 aid=1073741824}, caller=android.view.ViewGroup.setRequestedFrameRate:9952 fr.a:1 androidx.compose.ui.platform.AndroidComposeView.dispatchDraw:100 android.view.View.draw:26345 android.view.View.updateDisplayListIfDirty:25175 
06-02 07:06:57.793 19343 19343 I View    : setRequestedFrameRate frameRate=NaN, this=android.view.View{e6a08d0 V.ED..... ........ 0,0-0,0}, caller=fr.a:1 androidx.compose.ui.platform.AndroidComposeView.dispatchDraw:109 android.view.View.draw:26345 android.view.View.updateDisplayListIfDirty:25175 android.view.ViewGroup.recreateChildDisplayList:4794 
06-02 07:06:57.856  1433  1489 D BatteryExternalStatsWorker: Update CPU state
06-02 07:06:57.856  1433  1489 D BatteryExternalStatsWorker: mStats lock released
06-02 07:06:57.856  1433  1489 D BatteryExternalStatsWorker: done updateExternalStatsLocked
06-02 07:06:57.857  1433  1489 D KernelCpuUidUserSysTimeReader: Removing uids 99673-99673
06-02 07:06:57.865  1433  2205 D InputDispatcher: Inject motion (19862/2000): action=0x0, time=17759657000000, f=0x0, d=0 dsdx=1.000000 dtdx=0.000000
06-02 07:06:57.865  1433  1622 I InputDispatcher: Delivering touch to (1924): action: 0x4, f=0x0, d=0, '9339104', t=1 
06-02 07:06:57.865  1433  1622 I InputDispatcher: Delivering touch to (19343): action: 0x0, f=0x0, d=0, 'a8b223f', t=1 
06-02 07:06:57.865 19343 19343 I VRI[SalesActivity]@5294ec6: ViewPostIme pointer 0
06-02 07:06:57.865  1433  1465 I GestureDetector: obtain mCurrentDownEvent. id: -288535569 caller: com.android.server.wm.SystemGesturesPointerEventListener.onPointerEvent:17 com.android.server.wm.PointerEventDispatcher.onInputEvent:51 android.view.InputEventReceiver.dispatchInputEvent:392 
06-02 07:06:57.866  1433  1465 I GestureDetector: obtain mCurrentDownEvent. id: -288535569 caller: com.android.server.wm.SystemPerformancePointerEventListener.onPointerEvent:13 com.android.server.wm.PointerEventDispatcher.onInputEvent:51 android.view.InputEventReceiver.dispatchInputEvent:392 
06-02 07:06:57.866  3933  3933 I SemDvfsHyPerManager: acquire hyper - TATouchBoost/3933@21, type = -999
06-02 07:06:57.866  3933  3933 I SemDvfsHyPerManager: acquire hyper - TaskTurbo/3933@22, type = -999
06-02 07:06:57.866 19343 19343 I GestureDetector: obtain mCurrentDownEvent. id: -288535569 caller: io.sentry.android.core.internal.gestures.g.a:5 io.sentry.android.core.internal.gestures.g.dispatchTouchEvent:12 com.android.internal.policy.DecorView.dispatchTouchEvent:728 
06-02 07:06:57.866   887   902 I HYPER-HAL: [RequestManager.cpp]acquire(): Acquired ID : 7819056  [3933 / 21]    HINT :      list : [TABoost / 40] [TIMEOUT / 1500] 
06-02 07:06:57.866   887   902 I HYPER-HAL: [RequestManager.cpp]acquire(): Acquired ID : 7823012  [3933 / 22]    HINT :      list : [TaskTurbo / 15] [TIMEOUT / 1500] 
06-02 07:06:57.866  1433  2205 D InputDispatcher: Inject motion (19862/2000): action=0x1, time=17759657000000, f=0x0, d=0 dsdx=1.000000 dtdx=0.000000
06-02 07:06:57.867  1433  1622 I InputDispatcher: Delivering touch to (19343): action: 0x1, f=0x0, d=0, 'a8b223f', t=1 
06-02 07:06:57.867  1433  1465 I GestureDetector: obtain mCurrentMotionEventRaw. action: 1 id: -245453903
06-02 07:06:57.867 19343 19343 I VRI[SalesActivity]@5294ec6: ViewPostIme pointer 1
06-02 07:06:57.867 19343 19343 I GestureDetector: obtain mCurrentMotionEventRaw. action: 1 id: -245453903
06-02 07:06:57.867  1433  1465 I GestureDetector: obtain mCurrentMotionEventRaw. action: 1 id: -245453903
06-02 07:06:57.869 19343 19343 I View    : setRequestedFrameRate frameRate=NaN, this=androidx.compose.ui.platform.AndroidComposeView{8bddf81 VFED..... ........ 0,0-1080,2340 aid=1073741824}, caller=android.view.ViewGroup.setRequestedFrameRate:9952 fr.a:1 androidx.compose.ui.platform.AndroidComposeView.dispatchDraw:100 android.view.View.draw:26345 android.view.View.updateDisplayListIfDirty:25175 
06-02 07:06:57.870 19343 19343 I View    : setRequestedFrameRate frameRate=NaN, this=android.view.View{e6a08d0 V.ED..... ........ 0,0-0,0}, caller=fr.a:1 androidx.compose.ui.platform.AndroidComposeView.dispatchDraw:109 android.view.View.draw:26345 android.view.View.updateDisplayListIfDirty:25175 android.view.ViewGroup.recreateChildDisplayList:4794 
06-02 07:06:57.877  1433  1580 D MotionEngine: [CALIBRATION] Calibration Secess(1)[-0.0392 0.0105 -0.0182]
06-02 07:06:57.885  1131 19789 I GenericSource: readBuffer(Audio) mode = 0, EOS
06-02 07:06:57.888  1131 19789 I GenericSource: readBuffer(Audio) mode = 0, EOS
06-02 07:06:57.889  1131 19804 I NuPlayerDecoder: End of Stream
06-02 07:06:57.891  1131 19804 I NuPlayerDecoder: End of Stream
06-02 07:06:57.891  1131 19805 D CCodecBufferChannel: [c2.android.aac.decoder#831] buffers after EOS ignored (0 us)
06-02 07:06:57.892  1131 19804 I NuPlayerDecoder: End of Stream
06-02 07:06:57.892  1131 19805 D CCodecBufferChannel: [c2.android.aac.decoder#831] buffers after EOS ignored (0 us)
06-02 07:06:57.927 19343 19343 I View    : setRequestedFrameRate frameRate=NaN, this=androidx.compose.ui.platform.AndroidComposeView{8bddf81 VFED..... ........ 0,0-1080,2340 aid=1073741824}, caller=android.view.ViewGroup.setRequestedFrameRate:9952 fr.a:1 androidx.compose.ui.platform.AndroidComposeView.dispatchDraw:100 android.view.View.draw:26345 android.view.View.updateDisplayListIfDirty:25175 
06-02 07:06:57.928 19343 19343 I View    : setRequestedFrameRate frameRate=NaN, this=android.view.View{e6a08d0 V.ED..... ........ 0,0-0,0}, caller=fr.a:1 androidx.compose.ui.platform.AndroidComposeView.dispatchDraw:109 android.view.View.draw:26345 android.view.View.updateDisplayListIfDirty:25175 android.view.ViewGroup.recreateChildDisplayList:4794 
06-02 07:06:58.010  1433  2205 D InputDispatcher: Inject motion (19867/2000): action=0x0, time=17759803000000, f=0x0, d=0 dsdx=1.000000 dtdx=0.000000
06-02 07:06:58.011  1433  1622 I InputDispatcher: Delivering touch to (1924): action: 0x4, f=0x0, d=0, '9339104', t=1 
06-02 07:06:58.011  1433  1622 I InputDispatcher: Delivering touch to (19343): action: 0x0, f=0x0, d=0, 'a8b223f', t=1 
06-02 07:06:58.011  1433  1465 I GestureDetector: obtain mCurrentDownEvent. id: -812585188 caller: com.android.server.wm.SystemGesturesPointerEventListener.onPointerEvent:17 com.android.server.wm.PointerEventDispatcher.onInputEvent:51 android.view.InputEventReceiver.dispatchInputEvent:392 
06-02 07:06:58.012  1433  1465 I GestureDetector: obtain mCurrentDownEvent. id: -812585188 caller: com.android.server.wm.SystemPerformancePointerEventListener.onPointerEvent:13 com.android.server.wm.PointerEventDispatcher.onInputEvent:51 android.view.InputEventReceiver.dispatchInputEvent:392 
06-02 07:06:58.012 19343 19343 I VRI[SalesActivity]@5294ec6: ViewPostIme pointer 0
06-02 07:06:58.012 19343 19343 I GestureDetector: obtain mCurrentDownEvent. id: -812585188 caller: io.sentry.android.core.internal.gestures.g.a:5 io.sentry.android.core.internal.gestures.g.dispatchTouchEvent:12 com.android.internal.policy.DecorView.dispatchTouchEvent:728 
06-02 07:06:58.013  1433  2205 D InputDispatcher: Inject motion (19867/2000): action=0x1, time=17759803000000, f=0x0, d=0 dsdx=1.000000 dtdx=0.000000
06-02 07:06:58.014  3933  3933 I SemDvfsHyPerManager: acquire hyper - TATouchBoost/3933@21, type = -999
06-02 07:06:58.014  1433  1622 I InputDispatcher: Delivering touch to (19343): action: 0x1, f=0x0, d=0, 'a8b223f', t=1 
06-02 07:06:58.014  3933  3933 I SemDvfsHyPerManager: acquire hyper - TaskTurbo/3933@22, type = -999
06-02 07:06:58.014  1433  1465 I GestureDetector: obtain mCurrentMotionEventRaw. action: 1 id: -781843146
06-02 07:06:58.014   887   902 I HYPER-HAL: [RequestManager.cpp]acquire(): Acquired ID : 7819056  [3933 / 21]    HINT :      list : [TABoost / 40] [TIMEOUT / 1500] 
06-02 07:06:58.014 19343 19343 I View    : setRequestedFrameRate frameRate=NaN, this=androidx.compose.ui.platform.AndroidComposeView{8bddf81 VFED..... ........ 0,0-1080,2340 aid=1073741824}, caller=android.view.ViewGroup.setRequestedFrameRate:9952 fr.a:1 androidx.compose.ui.platform.AndroidComposeView.dispatchDraw:100 android.view.View.draw:26345 android.view.View.updateDisplayListIfDirty:25175 
06-02 07:06:58.014   887   902 I HYPER-HAL: [RequestManager.cpp]acquire(): Acquired ID : 7823012  [3933 / 22]    HINT :      list : [TaskTurbo / 15] [TIMEOUT / 1500] 
06-02 07:06:58.014 19343 19343 I View    : setRequestedFrameRate frameRate=NaN, this=android.view.View{e6a08d0 V.ED..... ........ 0,0-0,0}, caller=fr.a:1 androidx.compose.ui.platform.AndroidComposeView.dispatchDraw:109 android.view.View.draw:26345 android.view.View.updateDisplayListIfDirty:25175 android.view.ViewGroup.recreateChildDisplayList:4794 
06-02 07:06:58.014  1433  1465 I GestureDetector: obtain mCurrentMotionEventRaw. action: 1 id: -781843146
06-02 07:06:58.015 19343 19343 I VRI[SalesActivity]@5294ec6: ViewPostIme pointer 1
06-02 07:06:58.015 19343 19343 I GestureDetector: obtain mCurrentMotionEventRaw. action: 1 id: -781843146
06-02 07:06:58.064 19343 19343 I View    : setRequestedFrameRate frameRate=NaN, this=androidx.compose.ui.platform.AndroidComposeView{8bddf81 VFED..... ........ 0,0-1080,2340 aid=1073741824}, caller=android.view.ViewGroup.setRequestedFrameRate:9952 fr.a:1 androidx.compose.ui.platform.AndroidComposeView.dispatchDraw:100 android.view.View.draw:26345 android.view.View.updateDisplayListIfDirty:25175 
06-02 07:06:58.064 19343 19343 I View    : setRequestedFrameRate frameRate=NaN, this=android.view.View{e6a08d0 V.ED..... ........ 0,0-0,0}, caller=fr.a:1 androidx.compose.ui.platform.AndroidComposeView.dispatchDraw:109 android.view.View.draw:26345 android.view.View.updateDisplayListIfDirty:25175 android.view.ViewGroup.recreateChildDisplayList:4794 
06-02 07:06:58.070 19343 19343 I View    : setRequestedFrameRate frameRate=NaN, this=androidx.compose.ui.platform.AndroidComposeView{8bddf81 VFED..... ........ 0,0-1080,2340 aid=1073741824}, caller=android.view.ViewGroup.setRequestedFrameRate:9952 fr.a:1 androidx.compose.ui.platform.AndroidComposeView.dispatchDraw:100 android.view.View.draw:26345 android.view.View.updateDisplayListIfDirty:25175 
06-02 07:06:58.071 19343 19343 I View    : setRequestedFrameRate frameRate=NaN, this=android.view.View{e6a08d0 V.ED..... ........ 0,0-0,0}, caller=fr.a:1 androidx.compose.ui.platform.AndroidComposeView.dispatchDraw:109 android.view.View.draw:26345 android.view.View.updateDisplayListIfDirty:25175 android.view.ViewGroup.recreateChildDisplayList:4794 
06-02 07:06:58.089  1090  1090 D data_transfer: waitConnection: socketFd=6
06-02 07:06:58.089  1090  1090 D data_transfer: clientlisten thread is running
06-02 07:06:58.089  1090  1090 D data_transfer: waitConnection: wait clientfd=-1
06-02 07:06:58.092   945   945 I BufferQueueProducer: [com.lotterynet.pro/com.lotterynet.pro.ui.sales.SalesActivity$_19343#2616](this:0xb40000731b077638,id:-1,api:0,p:-1,c:945) queueBuffer: fps=89.98 dur=1000.26 max=12.57 min=10.18
06-02 07:06:58.098   870  1432 W audio_sw_mixer: sw_mixer_mix_fp_direct_write(-),   MIXER_PLAYBACK  , path T_PRIMARY=>T_PRIMARY, size_out  4096, rb     0, latency/total: 21.333/27.719 (4.441+0.008+23.270) ms
06-02 07:06:58.147  1131 19803 I NuPlayerRenderer: onQueueEOS audio finalResult : -1011
06-02 07:06:58.148  1131 19803 I NuPlayerRenderer: [audio] notifyEOS() End of Stream, delayUs : 427444
06-02 07:06:58.148  1131 19803 V AudioSink: stop
06-02 07:06:58.148  1131 19803 D AudioTrack: stop(216): called with 62788 frames delivered
06-02 07:06:58.154   870 11872 W AudioALSACaptureDataProviderNormal: readThread, latency_in_s,0.000001,0.039848,0.000065, totalTime 0.039914 > logTimeout 0.022000 TIMEOUT!!
06-02 07:06:58.155  1433  2205 D InputDispatcher: Inject motion (19872/2000): action=0x0, time=17759947000000, f=0x0, d=0 dsdx=1.000000 dtdx=0.000000
06-02 07:06:58.155  1433  1622 I InputDispatcher: Delivering touch to (1924): action: 0x4, f=0x0, d=0, '9339104', t=1 
06-02 07:06:58.155  1433  1622 I InputDispatcher: Delivering touch to (19343): action: 0x0, f=0x0, d=0, 'a8b223f', t=1 
06-02 07:06:58.156  1433  1465 I GestureDetector: obtain mCurrentDownEvent. id: -583688753 caller: com.android.server.wm.SystemGesturesPointerEventListener.onPointerEvent:17 com.android.server.wm.PointerEventDispatcher.onInputEvent:51 android.view.InputEventReceiver.dispatchInputEvent:392 
06-02 07:06:58.156  1433  1465 I GestureDetector: obtain mCurrentDownEvent. id: -583688753 caller: com.android.server.wm.SystemPerformancePointerEventListener.onPointerEvent:13 com.android.server.wm.PointerEventDispatcher.onInputEvent:51 android.view.InputEventReceiver.dispatchInputEvent:392 
06-02 07:06:58.156 19343 19343 I VRI[SalesActivity]@5294ec6: ViewPostIme pointer 0
06-02 07:06:58.157 19343 19343 I GestureDetector: obtain mCurrentDownEvent. id: -583688753 caller: io.sentry.android.core.internal.gestures.g.a:5 io.sentry.android.core.internal.gestures.g.dispatchTouchEvent:12 com.android.internal.policy.DecorView.dispatchTouchEvent:728 
06-02 07:06:58.157  3933  3933 I SemDvfsHyPerManager: acquire hyper - TATouchBoost/3933@21, type = -999
06-02 07:06:58.158   887   902 I HYPER-HAL: [RequestManager.cpp]acquire(): Acquired ID : 7819056  [3933 / 21]    HINT :      list : [TABoost / 40] [TIMEOUT / 1500] 
06-02 07:06:58.158  1433  2205 D InputDispatcher: Inject motion (19872/2000): action=0x1, time=17759947000000, f=0x0, d=0 dsdx=1.000000 dtdx=0.000000
06-02 07:06:58.158 19343 19343 I View    : setRequestedFrameRate frameRate=NaN, this=androidx.compose.ui.platform.AndroidComposeView{8bddf81 VFED..... ........ 0,0-1080,2340 aid=1073741824}, caller=android.view.ViewGroup.setRequestedFrameRate:9952 fr.a:1 androidx.compose.ui.platform.AndroidComposeView.dispatchDraw:100 android.view.View.draw:26345 android.view.View.updateDisplayListIfDirty:25175 
06-02 07:06:58.158  1433  1622 I InputDispatcher: Delivering touch to (19343): action: 0x1, f=0x0, d=0, 'a8b223f', t=1 
06-02 07:06:58.158 19343 19343 I View    : setRequestedFrameRate frameRate=NaN, this=android.view.View{e6a08d0 V.ED..... ........ 0,0-0,0}, caller=fr.a:1 androidx.compose.ui.platform.AndroidComposeView.dispatchDraw:109 android.view.View.draw:26345 android.view.View.updateDisplayListIfDirty:25175 android.view.ViewGroup.recreateChildDisplayList:4794 
06-02 07:06:58.159  1433  1465 I GestureDetector: obtain mCurrentMotionEventRaw. action: 1 id: -252252263
06-02 07:06:58.159  1433  1465 I GestureDetector: obtain mCurrentMotionEventRaw. action: 1 id: -252252263
06-02 07:06:58.159 19343 19343 I VRI[SalesActivity]@5294ec6: ViewPostIme pointer 1
06-02 07:06:58.159  3933  3933 I SemDvfsHyPerManager: acquire hyper - TaskTurbo/3933@22, type = -999
06-02 07:06:58.159   876   876 I hwcomposer: [HWCDisplay] [Display_0 (type:1, mode:2)] fps:90.253624,dur:1008.27,max:14.20,min:8.39  
06-02 07:06:58.159 19343 19343 I GestureDetector: obtain mCurrentMotionEventRaw. action: 1 id: -252252263
06-02 07:06:58.160   887   902 I HYPER-HAL: [RequestManager.cpp]acquire(): Acquired ID : 7823012  [3933 / 22]    HINT :      list : [TaskTurbo / 15] [TIMEOUT / 1500] 
06-02 07:06:58.222 19343 19343 I View    : setRequestedFrameRate frameRate=NaN, this=androidx.compose.ui.platform.AndroidComposeView{8bddf81 VFED..... ......ID 0,0-1080,2340 aid=1073741824}, caller=android.view.ViewGroup.setRequestedFrameRate:9952 fr.a:1 androidx.compose.ui.platform.AndroidComposeView.dispatchDraw:100 android.view.View.draw:26345 android.view.View.updateDisplayListIfDirty:25175 
06-02 07:06:58.222 19343 19343 I View    : setRequestedFrameRate frameRate=-4.0, this=android.view.View{e6a08d0 V.ED..... ........ 0,0-0,0}, caller=fr.a:1 androidx.compose.ui.platform.AndroidComposeView.dispatchDraw:109 android.view.View.draw:26345 android.view.View.updateDisplayListIfDirty:25175 android.view.ViewGroup.recreateChildDisplayList:4794 
06-02 07:06:58.224 19343 19343 I View    : setRequestedFrameRate frameRate=NaN, this=androidx.compose.ui.platform.AndroidComposeView{8bddf81 VFED..... ........ 0,0-1080,2340 aid=1073741824}, caller=android.view.ViewGroup.setRequestedFrameRate:9952 fr.a:1 androidx.compose.ui.platform.AndroidComposeView.dispatchDraw:100 android.view.View.draw:26345 android.view.View.updateDisplayListIfDirty:25175 
06-02 07:06:58.225 19343 19343 I View    : setRequestedFrameRate frameRate=NaN, this=android.view.View{e6a08d0 V.ED..... ........ 0,0-0,0}, caller=fr.a:1 androidx.compose.ui.platform.AndroidComposeView.dispatchDraw:109 android.view.View.draw:26345 android.view.View.updateDisplayListIfDirty:25175 android.view.ViewGroup.recreateChildDisplayList:4794 
06-02 07:06:58.227   674   674 W keymint_tee: [WRN]begin req PARAMS: A32, BM32, PD1, 
06-02 07:06:58.228   674   674 D android.hardware.security.keymint-service: begin: ret 0
06-02 07:06:58.229   673   689 I keystore2: system/security/keystore2/src/security_level.rs:466 - In create_operation. Success to create IKeystoreOperation. 10501, None
06-02 07:06:58.230   674   674 D android.hardware.security.keymint-service: update: ret 0
06-02 07:06:58.231   674   674 D android.hardware.security.keymint-service: finish: ret 0
06-02 07:06:58.232   674   674 W keymint_tee: [WRN]begin req PARAMS: A32, BM32, PD1, 
06-02 07:06:58.233   674   674 D android.hardware.security.keymint-service: begin: ret 0
06-02 07:06:58.233   673   689 I keystore2: system/security/keystore2/src/security_level.rs:466 - In create_operation. Success to create IKeystoreOperation. 10501, None
06-02 07:06:58.234   674   674 D android.hardware.security.keymint-service: update: ret 0
06-02 07:06:58.235   674   674 D android.hardware.security.keymint-service: finish: ret 0
06-02 07:06:58.237   674   674 W keymint_tee: [WRN]begin req PARAMS: A32, BM32, PD1, 
06-02 07:06:58.238   674   674 D android.hardware.security.keymint-service: begin: ret 0
06-02 07:06:58.239   673   689 I keystore2: system/security/keystore2/src/security_level.rs:466 - In create_operation. Success to create IKeystoreOperation. 10501, None
06-02 07:06:58.240   674   674 D android.hardware.security.keymint-service: update: ret 0
06-02 07:06:58.241   674   674 D android.hardware.security.keymint-service: finish: ret 0
06-02 07:06:58.244   674   674 W keymint_tee: [WRN]begin req PARAMS: A32, BM32, PD1, 
06-02 07:06:58.245   674   674 D android.hardware.security.keymint-service: begin: ret 0
06-02 07:06:58.245   673   689 I keystore2: system/security/keystore2/src/security_level.rs:466 - In create_operation. Success to create IKeystoreOperation. 10501, None
06-02 07:06:58.246   674   674 D android.hardware.security.keymint-service: update: ret 0
06-02 07:06:58.247  1433  3155 D SemWifiUsabilityStatsMonitor: onWifiUsabilityStats - seqNum 5743, isSameBssidAndFreq true
06-02 07:06:58.249   674   674 D android.hardware.security.keymint-service: finish: ret 0
06-02 07:06:58.250  1433  1804 I SemWifiLinkQualityMonitor: Link stat: 0 / 0 / 1.00 (28) / 433 / -40.0 || 100.0 : 433.00 / 0.5 : 1.00 / 0.55 : 0.30 / G (G) || e31f063a5745: 0.121 / 65.934 / D || N N / 0 0 / Y 2.0 / Y X 0 / 17760041 0 || Invalid
06-02 07:06:58.251   674   674 W keymint_tee: [WRN]begin req PARAMS: A32, BM32, PD1, 
06-02 07:06:58.252   674   674 D android.hardware.security.keymint-service: begin: ret 0
06-02 07:06:58.252   673   689 I keystore2: system/security/keystore2/src/security_level.rs:466 - In create_operation. Success to create IKeystoreOperation. 10501, None
06-02 07:06:58.253   674   674 D android.hardware.security.keymint-service: update: ret 0
06-02 07:06:58.254   674   674 D android.hardware.security.keymint-service: finish: ret 0
06-02 07:06:58.255   674   674 W keymint_tee: [WRN]begin req PARAMS: A32, BM32, PD1, 
06-02 07:06:58.256   674   674 D android.hardware.security.keymint-service: begin: ret 0
06-02 07:06:58.258   673   689 I keystore2: system/security/keystore2/src/security_level.rs:466 - In create_operation. Success to create IKeystoreOperation. 10501, None
06-02 07:06:58.260   674   674 D android.hardware.security.keymint-service: update: ret 0
06-02 07:06:58.261   674   674 D android.hardware.security.keymint-service: finish: ret 0
06-02 07:06:58.289  1433  2205 D InputDispatcher: Inject motion (19878/2000): action=0x0, time=17760081000000, f=0x0, d=0 dsdx=1.000000 dtdx=0.000000
06-02 07:06:58.289  1433  1622 I InputDispatcher: Delivering touch to (1924): action: 0x4, f=0x0, d=0, '9339104', t=1 
06-02 07:06:58.289  1433  1622 I InputDispatcher: Delivering touch to (19343): action: 0x0, f=0x0, d=0, 'a8b223f', t=1 
06-02 07:06:58.289  1433  1465 I GestureDetector: obtain mCurrentDownEvent. id: -135040008 caller: com.android.server.wm.SystemGesturesPointerEventListener.onPointerEvent:17 com.android.server.wm.PointerEventDispatcher.onInputEvent:51 android.view.InputEventReceiver.dispatchInputEvent:392 
06-02 07:06:58.289  1433  1465 I GestureDetector: obtain mCurrentDownEvent. id: -135040008 caller: com.android.server.wm.SystemPerformancePointerEventListener.onPointerEvent:13 com.android.server.wm.PointerEventDispatcher.onInputEvent:51 android.view.InputEventReceiver.dispatchInputEvent:392 
06-02 07:06:58.290  3933  3933 I SemDvfsHyPerManager: acquire hyper - TATouchBoost/3933@21, type = -999
06-02 07:06:58.291  3933  3933 I SemDvfsHyPerManager: acquire hyper - TaskTurbo/3933@22, type = -999
06-02 07:06:58.291 19343 19343 I VRI[SalesActivity]@5294ec6: ViewPostIme pointer 0
06-02 07:06:58.291 19343 19343 I GestureDetector: obtain mCurrentDownEvent. id: -135040008 caller: io.sentry.android.core.internal.gestures.g.a:5 io.sentry.android.core.internal.gestures.g.dispatchTouchEvent:12 com.android.internal.policy.DecorView.dispatchTouchEvent:728 
06-02 07:06:58.291   887   902 I HYPER-HAL: [RequestManager.cpp]acquire(): Acquired ID : 7819056  [3933 / 21]    HINT :      list : [TABoost / 40] [TIMEOUT / 1500] 
06-02 07:06:58.291   887   902 I HYPER-HAL: [RequestManager.cpp]acquire(): Acquired ID : 7823012  [3933 / 22]    HINT :      list : [TaskTurbo / 15] [TIMEOUT / 1500] 
06-02 07:06:58.292  1433  2205 D InputDispatcher: Inject motion (19878/2000): action=0x1, time=17760081000000, f=0x0, d=0 dsdx=1.000000 dtdx=0.000000
06-02 07:06:58.292  1433  1622 I InputDispatcher: Delivering touch to (19343): action: 0x1, f=0x0, d=0, 'a8b223f', t=1 
06-02 07:06:58.293  1433  1465 I GestureDetector: obtain mCurrentMotionEventRaw. action: 1 id: -1031788772
06-02 07:06:58.293  1433  1465 I GestureDetector: obtain mCurrentMotionEventRaw. action: 1 id: -1031788772
06-02 07:06:58.293 19343 19343 I View    : setRequestedFrameRate frameRate=NaN, this=androidx.compose.ui.platform.AndroidComposeView{8bddf81 VFED..... ........ 0,0-1080,2340 aid=1073741824}, caller=android.view.ViewGroup.setRequestedFrameRate:9952 fr.a:1 androidx.compose.ui.platform.AndroidComposeView.dispatchDraw:100 android.view.View.draw:26345 android.view.View.updateDisplayListIfDirty:25175 
06-02 07:06:58.293 19343 19343 I View    : setRequestedFrameRate frameRate=NaN, this=android.view.View{e6a08d0 V.ED..... ........ 0,0-0,0}, caller=fr.a:1 androidx.compose.ui.platform.AndroidComposeView.dispatchDraw:109 android.view.View.draw:26345 android.view.View.updateDisplayListIfDirty:25175 android.view.ViewGroup.recreateChildDisplayList:4794 
06-02 07:06:58.294 19343 19343 I VRI[SalesActivity]@5294ec6: ViewPostIme pointer 1
06-02 07:06:58.294 19343 19343 I GestureDetector: obtain mCurrentMotionEventRaw. action: 1 id: -1031788772
06-02 07:06:58.294   870 11872 W AudioALSACaptureDataProviderNormal: readThread, latency_in_s,0.000001,0.039662,0.000048, totalTime 0.039710 > logTimeout 0.022000 TIMEOUT!!
06-02 07:06:58.303  1433  1433 D GroupHelper: onNotificationPostedWithDelay - isGroupChildWithoutSummary OR isGroupSummaryWithoutChildNotificationRecord(0x0c8f6dcc: pkg=com.facebook.katana user=UserHandle{0} id=17756643 tag=null importance=3 key=0|com.facebook.katana|17756643|null|10304: Notification(channel=99%#$default_channel%#$no_group shortcut=null contentView=null vibrate=null sound=null tick defaults=0 flags=AUTO_CANCEL color=0xff0866ff sortKey=zzz vis=PRIVATE semFlags=0x0 semPriority=0 semMissedCount=0))
06-02 07:06:58.304  1433  1433 I GroupHelper: Found aggregate summary => force grouping
06-02 07:06:58.328  1433  1728 D RingtoneManager: getActualDefaultRingtoneUri  type    :2
06-02 07:06:58.328  1433  1728 I RingtoneManager: Ringtone value : content://media/internal/audio/media/23?title=Spaceline&canonical=1
06-02 07:06:58.329  1433  1728 W Utils   : The vibration Uri is null.
06-02 07:06:58.329  1433  1728 D RingtoneManager: getActualDefaultRingtoneUri  type    :2
06-02 07:06:58.329  1433  1728 I RingtoneManager: Ringtone value : content://media/internal/audio/media/23?title=Spaceline&canonical=1
06-02 07:06:58.330  1433  1728 W Utils   : The vibration Uri is null.
06-02 07:06:58.333  1433  1728 D RingtoneManager: getActualDefaultRingtoneUri  type    :2
06-02 07:06:58.333  1433  1728 I RingtoneManager: Ringtone value : content://media/internal/audio/media/23?title=Spaceline&canonical=1
06-02 07:06:58.333  1433  1728 W Utils   : The vibration Uri is null.
06-02 07:06:58.334  1433  1728 D RingtoneManager: getActualDefaultRingtoneUri  type    :2
06-02 07:06:58.335  1433  1728 I RingtoneManager: Ringtone value : content://media/internal/audio/media/23?title=Spaceline&canonical=1
06-02 07:06:58.336  1433  1728 W Utils   : The vibration Uri is null.
06-02 07:06:58.337  1433  1728 D RingtoneManager: getActualDefaultRingtoneUri  type    :2
06-02 07:06:58.337  2570  6430 I HoneySpace.NotificationListener: onNotificationPosted com.facebook.katana: 0|com.facebook.katana|17756643|null|10304: 1
06-02 07:06:58.338  2570  6430 I HoneySpace.BadgeDataSourceImpl: Get notification count. PK(p='com.facebook.katana', u=UserHandle{0}) - forceBadgeCount: false, notification listener: 6, badge provider: 0
06-02 07:06:58.338  2570 18736 I HoneySpace.PackageEventOperator: [VerticalApplistViewModel] badge count is updated. com.facebook.katana/.LoginActivity#UserHandle{0}|96 : 6
06-02 07:06:58.339  1433  1728 I RingtoneManager: Ringtone value : content://media/internal/audio/media/23?title=Spaceline&canonical=1
06-02 07:06:58.340  1433  1728 W Utils   : The vibration Uri is null.
06-02 07:06:58.340  1433  1728 D RingtoneManager: getActualDefaultRingtoneUri  type    :2
06-02 07:06:58.341  1433  1728 I RingtoneManager: Ringtone value : content://media/internal/audio/media/23?title=Spaceline&canonical=1
06-02 07:06:58.341  1433  1728 W Utils   : The vibration Uri is null.
06-02 07:06:58.342  1433  1728 D RingtoneManager: getActualDefaultRingtoneUri  type    :2
06-02 07:06:58.342  1433  1728 I RingtoneManager: Ringtone value : content://media/internal/audio/media/23?title=Spaceline&canonical=1
06-02 07:06:58.342  1433  1728 W Utils   : The vibration Uri is null.
06-02 07:06:58.342  1433  1728 D RingtoneManager: getActualDefaultRingtoneUri  type    :2
06-02 07:06:58.343  1433  1728 I RingtoneManager: Ringtone value : content://media/internal/audio/media/23?title=Spaceline&canonical=1
06-02 07:06:58.343  7607  7607 I Routine@Core[4.9.04.16]: PreloadNotificationListenerService: onNotificationPosted: - begin  - ($)
06-02 07:06:58.343  7607  7607 I Routine@Core[4.9.04.16]: PreloadNotificationListenerService: isScreenedOut: not interested:  - ($)
06-02 07:06:58.343  1433  1728 W Utils   : The vibration Uri is null.
06-02 07:06:58.343  1433  1728 D RingtoneManager: getActualDefaultRingtoneUri  type    :2
06-02 07:06:58.343  1433  1728 I RingtoneManager: Ringtone value : content://media/internal/audio/media/23?title=Spaceline&canonical=1
06-02 07:06:58.344  1433  1728 W Utils   : The vibration Uri is null.
06-02 07:06:58.344  1433  1728 D RingtoneManager: getActualDefaultRingtoneUri  type    :2
06-02 07:06:58.344  1433  1728 I RingtoneManager: Ringtone value : content://media/internal/audio/media/23?title=Spaceline&canonical=1
06-02 07:06:58.344  1433  1728 W Utils   : The vibration Uri is null.
06-02 07:06:58.345  1433  1728 D RingtoneManager: getActualDefaultRingtoneUri  type    :2
06-02 07:06:58.345  1433  1728 I RingtoneManager: Ringtone value : content://media/internal/audio/media/23?title=Spaceline&canonical=1
06-02 07:06:58.345  1433  1728 W Utils   : The vibration Uri is null.
06-02 07:06:58.346  1433  1728 D RingtoneManager: getActualDefaultRingtoneUri  type    :2
06-02 07:06:58.346  1433  1728 I RingtoneManager: Ringtone value : content://media/internal/audio/media/23?title=Spaceline&canonical=1
06-02 07:06:58.346  1433  1728 W Utils   : The vibration Uri is null.
06-02 07:06:58.347  1433  1728 D RingtoneManager: getActualDefaultRingtoneUri  type    :2
06-02 07:06:58.347  1433  1728 I RingtoneManager: Ringtone value : content://media/internal/audio/media/23?title=Spaceline&canonical=1
06-02 07:06:58.348  1433  1728 W Utils   : The vibration Uri is null.
06-02 07:06:58.348 19343 19343 I View    : setRequestedFrameRate frameRate=NaN, this=androidx.compose.ui.platform.AndroidComposeView{8bddf81 VFED..... ........ 0,0-1080,2340 aid=1073741824}, caller=android.view.ViewGroup.setRequestedFrameRate:9952 fr.a:1 androidx.compose.ui.platform.AndroidComposeView.dispatchDraw:100 android.view.View.draw:26345 android.view.View.updateDisplayListIfDirty:25175 
06-02 07:06:58.348 19343 19343 I View    : setRequestedFrameRate frameRate=NaN, this=android.view.View{e6a08d0 V.ED..... ........ 0,0-0,0}, caller=fr.a:1 androidx.compose.ui.platform.AndroidComposeView.dispatchDraw:109 android.view.View.draw:26345 android.view.View.updateDisplayListIfDirty:25175 android.view.ViewGroup.recreateChildDisplayList:4794 
06-02 07:06:58.348  1433  1728 D RingtoneManager: getActualDefaultRingtoneUri  type    :2
06-02 07:06:58.348  1433  1728 I RingtoneManager: Ringtone value : content://media/internal/audio/media/23?title=Spaceline&canonical=1
06-02 07:06:58.349  1433  1728 W Utils   : The vibration Uri is null.
06-02 07:06:58.350  1433  1728 D RingtoneManager: getActualDefaultRingtoneUri  type    :2
06-02 07:06:58.350  1433  1728 I RingtoneManager: Ringtone value : content://media/internal/audio/media/23?title=Spaceline&canonical=1
06-02 07:06:58.350  1433  1728 W Utils   : The vibration Uri is null.
06-02 07:06:58.355  1924  1924 D PluginActionManager: stopListening
06-02 07:06:58.361  2570  2570 I HoneySpace.NotificationListener: onNotificationRankingUpdate
06-02 07:06:58.361  1924  1924 D PluginActionManager: stopListening
06-02 07:06:58.363  1924  1924 D PluginActionManager: stopListening
06-02 07:06:58.366  1924  1924 D PluginActionManager: stopListening
06-02 07:06:58.367  1924  1924 D PluginActionManager: stopListening
06-02 07:06:58.369  1924  1924 D PluginActionManager: stopListening
06-02 07:06:58.369  1924  1924 D PluginActionManager: stopListening
06-02 07:06:58.370  1924  1924 D PluginActionManager: startListening
06-02 07:06:58.371  1924  2302 D PluginActionManager: queryAll com.android.systemui.action.PLUGIN_NOTIFICATION_MENU_ROW
06-02 07:06:58.371  1924  2302 D PluginActionManager: Found 0 plugins
06-02 07:06:58.372  1924  1924 D PluginActionManager: startListening
06-02 07:06:58.372  1924  2302 D PluginActionManager: queryAll com.android.systemui.action.PLUGIN_NOTIFICATION_MENU_ROW
06-02 07:06:58.373  1924  2302 D PluginActionManager: Found 0 plugins
06-02 07:06:58.373  1924  1924 D PluginActionManager: startListening
06-02 07:06:58.373  1924  2302 D PluginActionManager: queryAll com.android.systemui.action.PLUGIN_NOTIFICATION_MENU_ROW
06-02 07:06:58.374  1924  1924 D PluginActionManager: startListening
06-02 07:06:58.374  1924  2302 D PluginActionManager: Found 0 plugins
06-02 07:06:58.374  1924  2302 D PluginActionManager: queryAll com.android.systemui.action.PLUGIN_NOTIFICATION_MENU_ROW
06-02 07:06:58.374  1924  2302 D PluginActionManager: Found 0 plugins
06-02 07:06:58.374  1924  1924 D PluginActionManager: startListening
06-02 07:06:58.374  1924  2302 D PluginActionManager: queryAll com.android.systemui.action.PLUGIN_NOTIFICATION_MENU_ROW
06-02 07:06:58.375  1924  1924 D PluginActionManager: startListening
06-02 07:06:58.375  1924  2302 D PluginActionManager: Found 0 plugins
06-02 07:06:58.375  1924  2302 D PluginActionManager: queryAll com.android.systemui.action.PLUGIN_NOTIFICATION_MENU_ROW
06-02 07:06:58.376  1924  2302 D PluginActionManager: Found 0 plugins
06-02 07:06:58.377  1433  2205 W ParceledListSlice: Element #13 is 17812 bytes.
06-02 07:06:58.377  1924  1924 D PluginActionManager: startListening
06-02 07:06:58.378  1924  2302 D PluginActionManager: queryAll com.android.systemui.action.PLUGIN_NOTIFICATION_MENU_ROW
06-02 07:06:58.378  1924  2302 D PluginActionManager: Found 0 plugins
06-02 07:06:58.378  1433  2205 W ParceledListSlice: Element #14 is 25824 bytes.
06-02 07:06:58.379  1433  2205 W ParceledListSlice: Element #16 is 23972 bytes.
06-02 07:06:58.380  1924  1924 W NotifRow: cancelAppearDrawing childKey: 0|com.facebook.katana|17756643|null|10304 wasDrawing:false
06-02 07:06:58.383  1433  2205 W ParceledListSlice: Element #20 is 17564 bytes.
06-02 07:06:58.383  1924  1924 D ExpandableNotifRow: mMaxSmallHeight different before reInflateViews mMaxSmallHeight: 233 mTempSmallHeight:0 0|com.facebook.katana|0|0|com.facebook.katana|g:Aggregate_NormalNotificationSection|10304|0|com.facebook.katana|g:Aggregate_NormalNotificationSection
06-02 07:06:58.383  1924  1924 D ExpandableNotifRow: mMaxSmallHeight different before reInflateViews mMaxSmallHeight: 233 mTempSmallHeight:0 0|com.facebook.katana|0|0|com.facebook.katana|g:Aggregate_NormalNotificationSection|10304|0|com.facebook.katana|g:Aggregate_NormalNotificationSection
06-02 07:06:58.383  1433  2205 W ParceledListSlice: Element #21 is 16760 bytes.
06-02 07:06:58.384  1924  1924 I View    : setRequestedFrameRate frameRate=-2.0, this=StatusBarIconView(slot='com.facebook.katana/0x0' alpha=1.0 icon=StatusBarIcon(icon=Icon(typ=RESOURCE pkg=com.facebook.katana id=0x7f1918af) visible user=0 ) visibleState=DOT iconColor=#ffffffff staticDrawableColor=#ffffffff decorColor=#ffffffff animationStartColor=#0 currentSetColor=#ffffffff notification=StatusBarNotification(pkg=com.facebook.katana user=UserHandle{0} id=0 tag=0|com.facebook.katana|g:Aggregate_NormalNotificationSection key=0|com.facebook.katana|0|0|com.facebook.katana|g:Aggregate_NormalNotificationSection|10304|0|com.facebook.katana|g:Aggregate_NormalNotificationSection: Notification(channel=99%#$default_channel%#$no_group shortcut=null contentView=null vibrate=null sound=null defaults=0 flags=AUTO_CANCEL|LOCAL_ONLY|GROUP_SUMMARY|AUTOGROUP_SUMMARY color=0xff0866ff groupKey=0|com.facebook.katana|g:Aggregate_NormalNotificationSection vis=PRIVATE semFlags=0x0 semPriority=0 semMissedCount=0))), caller=com.android.systemui.statusbar.StatusBarIconView.onAttachedToWindow:6 android.view.View.dispatchAttachedToWindow:24320 android.view.ViewGroup.addViewInner:5582 android.view.ViewGroup.addView:5358 android.view.ViewGroup.addView:5298 
06-02 07:06:58.385  1924  1924 I View    : setRequestedFrameRate frameRate=-2.0, this=StatusBarIconView(slot='com.facebook.katana/0x0' alpha=1.0 icon=StatusBarIcon(icon=Icon(typ=RESOURCE pkg=com.facebook.katana id=0x7f1918af) visible user=0 ) visibleState=ICON iconColor=#fffafaff staticDrawableColor=#fffafaff decorColor=#fffafaff animationStartColor=#0 currentSetColor=#fffafaff notification=StatusBarNotification(pkg=com.facebook.katana user=UserHandle{0} id=0 tag=0|com.facebook.katana|g:Aggregate_NormalNotificationSection key=0|com.facebook.katana|0|0|com.facebook.katana|g:Aggregate_NormalNotificationSection|10304|0|com.facebook.katana|g:Aggregate_NormalNotificationSection: Notification(channel=99%#$default_channel%#$no_group shortcut=null contentView=null vibrate=null sound=null defaults=0 flags=AUTO_CANCEL|LOCAL_ONLY|GROUP_SUMMARY|AUTOGROUP_SUMMARY color=0xff0866ff groupKey=0|com.facebook.katana|g:Aggregate_NormalNotificationSection vis=PRIVATE semFlags=0x0 semPriority=0 semMissedCount=0))), caller=com.android.systemui.statusbar.StatusBarIconView.onAttachedToWindow:6 android.view.View.dispatchAttachedToWindow:24320 android.view.ViewGroup.addViewInner:5582 android.view.ViewGroup.addView:5358 android.view.ViewGroup.addView:5298 
06-02 07:06:58.389  1433  2205 W ParceledListSlice: Element #22 is 18136 bytes.
06-02 07:06:58.390  1924  1924 W RefactorFlag: New code path expects SceneContainerFlag to be enabled.
06-02 07:06:58.390  1433  2205 W ParceledListSlice: Element #23 is 16824 bytes.
06-02 07:06:58.390  1924  1924 D ExpandableNotifRow: mMaxSmallHeight different before reInflateViews mMaxSmallHeight: 233 mTempSmallHeight:0 0|com.facebook.katana|17756643|null|10304
06-02 07:06:58.390  1924  1924 D ExpandableNotifRow: mMaxSmallHeight different before reInflateViews mMaxSmallHeight: 233 mTempSmallHeight:0 0|com.facebook.katana|17756643|null|10304
06-02 07:06:58.391  1433  2205 W ParceledListSlice: Element #24 is 18472 bytes.
06-02 07:06:58.391  1433  2205 W ParceledListSlice: Element #25 is 16384 bytes.
06-02 07:06:58.399  1433  2205 W ParceledListSlice: Element #26 is 17432 bytes.
06-02 07:06:58.399  1924  1924 I LockscreenNotificationIconsOnlyController: onNotificationInfoUpdated 0
06-02 07:06:58.399  1924  1924 I AODNotificationManager: updateNotification() 
06-02 07:06:58.400  1433  2205 W ParceledListSlice: Element #28 is 16508 bytes.
06-02 07:06:58.400  1433  2205 W ParceledListSlice: Element #29 is 18544 bytes.
06-02 07:06:58.401  1924  1924 W RefactorFlag: New code path expects SceneContainerFlag to be enabled.
06-02 07:06:58.409  1924  1924 I LockscreenNotificationIconsOnlyController: onNotificationInfoUpdated 0
06-02 07:06:58.409  1924  1924 I AODNotificationManager: updateNotification() 
06-02 07:06:58.413   945   945 I BufferQueueProducer: [StatusBar$_1924#100](this:0xb40000731d4a0638,id:-1,api:0,p:-1,c:945) queueBuffer: fps=1.01 dur=2976.71 max=2532.51 min=200.00
06-02 07:06:58.414   870 11872 W AudioALSACaptureDataProviderNormal: readThread, latency_in_s,0.000001,0.039843,0.000048, totalTime 0.039891 > logTimeout 0.022000 TIMEOUT!!
06-02 07:06:58.418  1924  1924 I AppIconSolution: return adaptive icon for com.facebook.katana, isNight = true
06-02 07:06:58.427  1924  1924 W RefactorFlag: New code path expects SceneContainerFlag to be enabled.
06-02 07:06:58.433  1924  1924 D ExpandableNotifRow: mMaxSmallHeight different before reInflateViews mMaxSmallHeight: 233 mTempSmallHeight:0 0|com.facebook.katana|17756643|null|10304
06-02 07:06:58.433  1924  1924 D ExpandableNotifRow: mMaxSmallHeight different before reInflateViews mMaxSmallHeight: 233 mTempSmallHeight:0 0|com.facebook.katana|17756643|null|10304
06-02 07:06:58.433  1924  1924 D ExpandableNotifRow: mMaxSmallHeight different before reInflateViews mMaxSmallHeight: 233 mTempSmallHeight:0 0|com.facebook.katana|17756643|null|10304
06-02 07:06:58.433  1924  1924 D ExpandableNotifRow: mMaxSmallHeight different before reInflateViews mMaxSmallHeight: 233 mTempSmallHeight:0 0|com.facebook.katana|17756643|null|10304
06-02 07:06:58.438  1924  1924 I AppIconSolution: return adaptive icon for com.facebook.katana, isNight = true
06-02 07:06:58.453  1924  1924 W RefactorFlag: New code path expects SceneContainerFlag to be enabled.
06-02 07:06:58.453  1924  1924 D ExpandableNotifRow: mMaxSmallHeight different before reInflateViews mMaxSmallHeight: 233 mTempSmallHeight:0 0|com.facebook.katana|17756643|null|10304
06-02 07:06:58.453  1924  1924 D ExpandableNotifRow: mMaxSmallHeight different before reInflateViews mMaxSmallHeight: 233 mTempSmallHeight:0 0|com.facebook.katana|17756643|null|10304
06-02 07:06:58.454   870 11872 W AudioALSACaptureDataProviderNormal: readThread, latency_in_s,0.000001,0.039723,0.000062, totalTime 0.039786 > logTimeout 0.022000 TIMEOUT!!
06-02 07:06:58.455  1924  1924 I LockscreenNotificationIconsOnlyController: onNotificationInfoUpdated 0
06-02 07:06:58.455  1924  1924 I AODNotificationManager: updateNotification() 
06-02 07:06:58.517  1433  1580 D MotionEngine: [@@@ Motion Engine @@@] GetMotionScenarioId 0.938527 -0.225055 9.806650 0.004200 0.024500 0.018200 8 51 20
06-02 07:06:58.518  1433  1580 D MotionEngine: [@@@ Motion Engine @@@] GnStuckMode 0 
06-02 07:06:58.522   925  1379 I SoundAlive_SRC384 arch64: SoundAlive_SRC384: Instance 43 Init(outFs 8, InFs 7, chnum 2, outBW 3, inBW 3)
06-02 07:06:58.523   925  1379 I Samsung_SoundAlive_SRC arch64: SRC384 version Samsung SoundAlive SRC ver320 arch64  2021.08.04 (Cppref for ARM64, ver.300.c 32bit 07_10_2016 based)
06-02 07:06:58.534  1924  1924 D Bubbles : onEntryUpdated : shouldBubbleUp=false ,key=0|com.facebook.katana|17756643|null|10304
06-02 07:06:58.535  1924  1924 I {OngoingActivityController}: onEntryUpdated and OA data is empty. So update latest task info
06-02 07:06:58.556  1924  1924 W RefactorFlag: New code path expects SceneContainerFlag to be enabled.
06-02 07:06:58.557  1924  1924 D ExpandableNotifRow: mMaxSmallHeight different before reInflateViews mMaxSmallHeight: 233 mTempSmallHeight:0 0|com.facebook.katana|17756643|null|10304
06-02 07:06:58.557  1924  1924 D ExpandableNotifRow: mMaxSmallHeight different before reInflateViews mMaxSmallHeight: 233 mTempSmallHeight:0 0|com.facebook.katana|17756643|null|10304
06-02 07:06:58.562  1924  1924 I LockscreenNotificationIconsOnlyController: onNotificationInfoUpdated 0
06-02 07:06:58.562  1924  1924 I AODNotificationManager: updateNotification() 
06-02 07:06:58.575  1131 19803 I NuPlayerRenderer: [audio] notifyEOS() End of Stream, delayUs : 0
06-02 07:06:58.576  1131 19781 V NuPlayer: reached audio EOS
06-02 07:06:58.576  1131 19781 V NuPlayerDriver: notifyListener_l(0xe81ad940), playback complete, loop setting(0, 0)
06-02 07:06:58.576  1131 19781 V MediaPlayerService: [61] notify (2, 0, 0)
06-02 07:06:58.577  1131 19781 V NuPlayer: updatePlaybackTimer(stop)  time       17758114361981 (onPause)
06-02 07:06:58.577  1131 19781 V NuPlayer: updatePlaybackTimer()  log            2255903384
06-02 07:06:58.577  1924  2604 V MediaPlayerNative: message received msg=2, ext1=0, ext2=0
06-02 07:06:58.577  1131 19781 I GenericSource: pause
06-02 07:06:58.577  1924  2604 V MediaPlayerNative: playback complete
06-02 07:06:58.577  1131 19803 I NuPlayerRenderer: onPause
06-02 07:06:58.577  1131 19789 I GenericSource: kWhatPause
06-02 07:06:58.577  1131 19803 I MediaClock: setPlaybackRate rate : 0.000000
06-02 07:06:58.577  1131 19803 V AudioSink: stop
06-02 07:06:58.577  1131 14346 V MediaPlayerService: [61] enableAudioDeviceCallback, 0
06-02 07:06:58.577  1131 14346 V AudioSink: enableAudioDeviceCallback, 0
06-02 07:06:58.578  1131 19781 V MediaPlayerService: [61] notify (211, 0, 0)
06-02 07:06:58.578  1924 19777 D RingtonePlayer: onCompletion() abandoning AudioFocus
06-02 07:06:58.579  1924  2604 V MediaPlayerNative: message received msg=211, ext1=0, ext2=0
06-02 07:06:58.580  1433  1433 D MediaSessionService: Audio playback is changed, config=AudioPlaybackConfiguration piid:1375 deviceIds:[3] type:android.media.MediaPlayer u/pid:10063/1924 state:stopped attr:AudioAttributes: usage=USAGE_NOTIFICATION content=CONTENT_TYPE_SONIFICATION flags=0x800 tags= bundle=null sessionId:2129 mutedState:none  FormatInfo{isSpatialized=false, channelMask=0x3, sampleRate=44100}, removed=false
06-02 07:06:58.580  1433  1433 D MediaSessionStack: updateMediaButtonSessionIfNeeded, callers=com.android.server.media.AudioPlayerStateMonitor$MessageHandler.handleMessage:19 android.os.Handler.dispatchMessage:110 
06-02 07:06:58.580  1433  1433 D MediaSessionStack: updateMediaButtonSessionIfNeeded, skipping uid=10063
06-02 07:06:58.580  1433  1433 D MediaSessionStack: updateMediaButtonSessionIfNeeded, skipping uid=10311
06-02 07:06:58.580  1433  1433 D MediaSessionStack: updateMediaButtonSessionIfNeeded, skipping uid=10274
06-02 07:06:58.580  1924  1924 I AppIconSolution: return adaptive icon for com.facebook.katana, isNight = true
06-02 07:06:58.580  1433  1433 D MediaSessionStack: updateMediaButtonSessionIfNeeded, skipping uid=10227
06-02 07:06:58.581  1433  1775 D MediaRouterService: onAudioPlayerActiveStateChanged: uid=10063, active=false, delaying
06-02 07:06:58.582  1924  2741 D SoundCraft.PlayingAudioConditionHandler: onPlaybackConfigChanged : lastStartedPackageName=null, lastStartedUid=-1, newStartedUid=-1, newStartPackageName=null, thread=Thread[RoutineHandlerThread,5,main]
06-02 07:06:58.582  1433  4742 I MediaFocusControl: abandonAudioFocus() from uid/pid 10063/1924 clientId=android.media.AudioManager@5d2c64c callingPack=com.android.systemui
06-02 07:06:58.583  1433  4742 D AS.AudioService: [Android Auto] isConnectedAndroidAuto = false
06-02 07:06:58.583  1433  4742 D MediaFocusControl: abandonAudioFocus, clientId = android.media.AudioManager@5d2c64c
06-02 07:06:58.583   925  1379 I SoundBoosterEffectPlus: SB_setVolume(0xb4000070e90e9200)
06-02 07:06:58.583  1433  4742 D MediaFocusControl: selectFocusStack, uid = 10063, appDevice = 0, device = 2
06-02 07:06:58.583  1433  4742 I MediaFocusControl: removeFocusStackEntry client:android.media.AudioManager@5d2c64c
06-02 07:06:58.583   925  1379 I SoundBoosterEffectPlus: command EFFECT_CMD_SET_VOLUME left = 0.000000, right =0.000000
06-02 07:06:58.583   925  1379 I SoundBooster_Interface2000_a64: BuffClear() mMode: 2
06-02 07:06:58.584   925  1379 I SoundBoosterEffectPlus: SB_reset SoundBooster sessionId(-1301)
06-02 07:06:58.584   925  1379 I SAG_EQ a64: SetVolumeFloat() inst_num [846930886] VolumeFloat [-100.000000] mModeFW [2] mMode [2]
06-02 07:06:58.584   925  1379 I SAG_EQ a64: mIsVolumeTableValid yes 
06-02 07:06:58.584   925  1379 I SAG_EQ a64: SetVolume() VolumeIndexInt [1] 
06-02 07:06:58.585   925  1162 V APM_AudioPolicyManager: stopOutput portId 216
06-02 07:06:58.586   925  1162 V APM_AudioPolicyManager: stopOutput() output 13, stream 5, session 2129
06-02 07:06:58.586   925  1162 V APM_AudioPolicyManager: setBeaconMute(1) mBeaconMuteRefCount=0 mBeaconPlayingRefCount=0
06-02 07:06:58.586   925  1162 V APM_AudioPolicyManager: getNewOutputDevices selected devices AUDIO_DEVICE_NONE
06-02 07:06:58.586   925  1162 V APM_AudioPolicyManager: setOutputDevices caller stopSource[[portId:1][io:13, primary-out]] device AUDIO_DEVICE_NONE delayMs 84
06-02 07:06:58.590   925  1162 V APM_AudioPolicyManager: setOutputDevices caller stopSource[[portId:1][io:13, primary-out]] setting same device AUDIO_DEVICE_NONE or null device, force=0, patch handle=4
06-02 07:06:58.592  1924  1924 W RefactorFlag: New code path expects SceneContainerFlag to be enabled.
06-02 07:06:58.595  1433  4742 I EasyMuteController: onCompletion
06-02 07:06:58.595  1924  1924 D ExpandableNotifRow: mMaxSmallHeight different before reInflateViews mMaxSmallHeight: 233 mTempSmallHeight:0 0|com.facebook.katana|17756643|null|10304
06-02 07:06:58.595  1924  1924 D ExpandableNotifRow: mMaxSmallHeight different before reInflateViews mMaxSmallHeight: 233 mTempSmallHeight:0 0|com.facebook.katana|17756643|null|10304
06-02 07:06:58.595  1924  1924 D ExpandableNotifRow: mMaxSmallHeight different before reInflateViews mMaxSmallHeight: 233 mTempSmallHeight:0 0|com.facebook.katana|17756643|null|10304
06-02 07:06:58.595  1924  1924 D ExpandableNotifRow: mMaxSmallHeight different before reInflateViews mMaxSmallHeight: 233 mTempSmallHeight:0 0|com.facebook.katana|17756643|null|10304
06-02 07:06:58.597  1433  4742 D MotionRecognitionManager: @ member 0 = com.android.server.notification.EasyMuteController$1@58899e3
06-02 07:06:58.599  1433  4742 D MotionRecognitionService:   .unregisterCallback : 0, client=com.android.server.notification.EasyMuteController$1@58899e3
06-02 07:06:58.600  1924  1924 I AppIconSolution: return adaptive icon for com.facebook.katana, isNight = true
06-02 07:06:58.601  1433  4742 D MotionRecognitionService: Acc/Gyro will be disabled by motion sensor  = 1
06-02 07:06:58.601  1433  4742 D MotionRecognitionService: Acc/Gyro will be disabled by motion sensor  = 2
06-02 07:06:58.602   880   880 I SensorsHub: queueActivate: handle 1 enable 0
06-02 07:06:58.602   880   880 I SensorsHub: type : 1, enable : 0
06-02 07:06:58.603   880   880 I SensorsHub: queueActivate: handle 4 enable 0
06-02 07:06:58.604   880   880 I SensorsHub: type : 4, enable : 0
06-02 07:06:58.605  1433  4742 D SensorManager: unregisterListener
06-02 07:06:58.605  1433  4742 D MotionRecognitionService:   .finalizeMotionEngine
06-02 07:06:58.606  1433  4742 I MotionRecognitionManager:   .unregisterListener : / listener count = 1->0, name :com.android.server.notification.EasyMuteController$1@58899e3
06-02 07:06:58.606  1433  4742 I EasyMuteController: UnReg. OverTurn
06-02 07:06:58.606  1924 19777 D RingtonePlayer: onCompletion queue size=0
06-02 07:06:58.606  1924 19777 D RingtonePlayer: in onCompletion quitting looper Looper (Thread-138, tid 665) {26fd989}
06-02 07:06:58.607  1924 19777 I NotificationPlayer: About to release MediaPlayer piid:1375 due to onCompletion
