06-02 07:12:09.839  1433  1465 I GestureDetector: obtain mCurrentDownEvent. id: -736136326 caller: com.android.server.wm.SystemGesturesPointerEventListener.onPointerEvent:17 com.android.server.wm.PointerEventDispatcher.onInputEvent:51 android.view.InputEventReceiver.dispatchInputEvent:392 
06-02 07:12:09.840  1433  4352 D InputDispatcher: Inject motion (21605/2000): action=0x1, time=18071629000000, f=0x0, d=0 dsdx=1.000000 dtdx=0.000000
06-02 07:12:09.840  1433  1465 I GestureDetector: obtain mCurrentDownEvent. id: -736136326 caller: com.android.server.wm.SystemPerformancePointerEventListener.onPointerEvent:13 com.android.server.wm.PointerEventDispatcher.onInputEvent:51 android.view.InputEventReceiver.dispatchInputEvent:392 
06-02 07:12:09.840  3933  3933 I SemDvfsHyPerManager: acquire hyper - TATouchBoost/3933@21, type = -999
06-02 07:12:09.840  1433  1622 I InputDispatcher: Delivering touch to (19343): action: 0x1, f=0x0, d=0, 'eac7a36', t=1 
06-02 07:12:09.841 19343 19343 I VRI[SalesActivity]@3d480d6: ViewPostIme pointer 1
06-02 07:12:09.841 19343 19343 I GestureDetector: obtain mCurrentMotionEventRaw. action: 1 id: -809454393
06-02 07:12:09.841  1433  1465 I GestureDetector: obtain mCurrentMotionEventRaw. action: 1 id: -809454393
06-02 07:12:09.841  1433  1465 I GestureDetector: obtain mCurrentMotionEventRaw. action: 1 id: -809454393
06-02 07:12:09.842  3933  3933 I SemDvfsHyPerManager: acquire hyper - TaskTurbo/3933@22, type = -999
06-02 07:12:09.843   887   902 I HYPER-HAL: [RequestManager.cpp]acquire(): Acquired ID : 7819056  [3933 / 21]    HINT :      list : [TABoost / 40] [TIMEOUT / 1500] 
06-02 07:12:09.843   887   902 I HYPER-HAL: [RequestManager.cpp]acquire(): Acquired ID : 7823012  [3933 / 22]    HINT :      list : [TaskTurbo / 15] [TIMEOUT / 1500] 
06-02 07:12:09.940 19343 19343 I View    : setRequestedFrameRate frameRate=NaN, this=androidx.compose.ui.platform.AndroidComposeView{d024ee5 VFED..... ........ 0,0-1080,2340 aid=1073741824}, caller=android.view.ViewGroup.setRequestedFrameRate:9952 fr.a:1 androidx.compose.ui.platform.AndroidComposeView.dispatchDraw:100 android.view.View.draw:26345 android.view.View.updateDisplayListIfDirty:25175 
06-02 07:12:09.941 19343 19343 I View    : setRequestedFrameRate frameRate=NaN, this=android.view.View{857b6a5 V.ED..... ........ 0,0-0,0}, caller=fr.a:1 androidx.compose.ui.platform.AndroidComposeView.dispatchDraw:109 android.view.View.draw:26345 android.view.View.updateDisplayListIfDirty:25175 android.view.ViewGroup.recreateChildDisplayList:4794 
06-02 07:12:09.956  1000  1000 I GBE     : GBE_BOOST_UNKNOWN cmd:-1
06-02 07:12:09.956   999   999 I FPSGO   : FPSGO_SET_UNKNOWN cmd:-1
06-02 07:12:10.008   876  1253 I hwcomposer: [HWC] (0)fire a callback of refresh to SF[4]  
06-02 07:12:10.021   876   876 I hwcomposer: [HWCDisplay] [Display_0 (type:1, mode:2)] fps:43.801903,dur:1027.35,max:394.71,min:9.05  
06-02 07:12:10.083  1433  4352 D InputDispatcher: Inject motion (21610/2000): action=0x0, time=18071876000000, f=0x0, d=0 dsdx=1.000000 dtdx=0.000000
06-02 07:12:10.084  1433  1622 I InputDispatcher: Delivering touch to (1924): action: 0x4, f=0x0, d=0, '9339104', t=1 
06-02 07:12:10.084  1433  1622 I InputDispatcher: Delivering touch to (19343): action: 0x0, f=0x0, d=0, 'eac7a36', t=1 
06-02 07:12:10.084  1433  1622 D PowerManagerService: [api] userActivityFromNative : touch displayId=0 eventTime=18071876
06-02 07:12:10.085  1433  1465 I GestureDetector: obtain mCurrentDownEvent. id: -514619723 caller: com.android.server.wm.SystemGesturesPointerEventListener.onPointerEvent:17 com.android.server.wm.PointerEventDispatcher.onInputEvent:51 android.view.InputEventReceiver.dispatchInputEvent:392 
06-02 07:12:10.085  1433  1465 I GestureDetector: obtain mCurrentDownEvent. id: -514619723 caller: com.android.server.wm.SystemPerformancePointerEventListener.onPointerEvent:13 com.android.server.wm.PointerEventDispatcher.onInputEvent:51 android.view.InputEventReceiver.dispatchInputEvent:392 
06-02 07:12:10.086 19343 19343 I VRI[SalesActivity]@3d480d6: ViewPostIme pointer 0
06-02 07:12:10.086  3933  3933 I SemDvfsHyPerManager: acquire hyper - TATouchBoost/3933@21, type = -999
06-02 07:12:10.086 19343 19343 I GestureDetector: obtain mCurrentDownEvent. id: -514619723 caller: io.sentry.android.core.internal.gestures.g.a:5 io.sentry.android.core.internal.gestures.g.dispatchTouchEvent:12 com.android.internal.policy.DecorView.dispatchTouchEvent:728 
06-02 07:12:10.086  3933  3933 I SemDvfsHyPerManager: acquire hyper - TaskTurbo/3933@22, type = -999
06-02 07:12:10.087   887   902 I HYPER-HAL: [RequestManager.cpp]acquire(): Acquired ID : 7819056  [3933 / 21]    HINT :      list : [TABoost / 40] [TIMEOUT / 1500] 
06-02 07:12:10.087   887   902 I HYPER-HAL: [RequestManager.cpp]acquire(): Acquired ID : 7823012  [3933 / 22]    HINT :      list : [TaskTurbo / 15] [TIMEOUT / 1500] 
06-02 07:12:10.087  1433  4352 D InputDispatcher: Inject motion (21610/2000): action=0x1, time=18071876000000, f=0x0, d=0 dsdx=1.000000 dtdx=0.000000
06-02 07:12:10.088  1433  1622 I InputDispatcher: Delivering touch to (19343): action: 0x1, f=0x0, d=0, 'eac7a36', t=1 
06-02 07:12:10.089 19343 19343 I VRI[SalesActivity]@3d480d6: ViewPostIme pointer 1
06-02 07:12:10.089 19343 19343 I GestureDetector: obtain mCurrentMotionEventRaw. action: 1 id: -774387031
06-02 07:12:10.089  1433  1465 I GestureDetector: obtain mCurrentMotionEventRaw. action: 1 id: -774387031
06-02 07:12:10.089  1433  1465 I GestureDetector: obtain mCurrentMotionEventRaw. action: 1 id: -774387031
06-02 07:12:10.296  1090  1090 D data_transfer: waitConnection: socketFd=6
06-02 07:12:10.296  1090  1090 D data_transfer: clientlisten thread is running
06-02 07:12:10.296  1090  1090 D data_transfer: waitConnection: wait clientfd=-1
06-02 07:12:10.316  2560 21393 D ConnectivityManager: StackLog: [android.net.ConnectivityManager.reportNetworkConnectivity(ConnectivityManager.java:3687)] [cdcv.a(:com.google.android.gms@261934035@26.19.34 (260400-919740205):15)] [cdfb.n(:com.google.android.gms@261934035@26.19.34 (260400-919740205):6)] [cdep.run(:com.google.android.gms@261934035@26.19.34 (260400-919740205):501)] [cdfm.run(:com.google.android.gms@261934035@26.19.34 (260400-919740205):5)] [hcpo.run(:com.google.android.gms@261934035@26.19.34 (260400-919740205):23)] [bklb.c(:com.google.android.gms@261934035@26.19.34 (260400-919740205):50)] [bklb.run(:com.google.android.gms@261934035@26.19.34 (260400-919740205):66)] [java.util.concurrent.ThreadPoolExecutor.runWorker(ThreadPoolExecutor.java:1154)] [java.util.concurrent.ThreadPoolExecutor$Worker.run(ThreadPoolExecutor.java:652)] [bkqs.run(:com.google.android.gms@261934035@26.19.34 (260400-919740205):8)] [java.lang.Thread.run(Thread.java:1564)]
06-02 07:12:10.318  2560 21393 I AlarmManager: setExactAndAllowWhileIdle [name: GCM_HB_ALARM type: 2 triggerAtMillis: 18915608]
06-02 07:12:10.319  1433  4352 D AlarmManager: force change alarm method to setWindow() callingUid=10217, sourcePackage=com.google.android.gms, action=com.google.android.gms.gcm.HEARTBEAT_ALARM, origTriggerAtTime=18915608, triggerAtTime=18555609, windowLength=359999
06-02 07:12:10.333  2560 21368 W ChimeraUtils: Module com.google.android.gms.gcm missing resource null(0)
06-02 07:12:10.338  2560 21368 I AlarmManager: setExactAndAllowWhileIdle [name: FcmRetry type: 2 triggerAtMillis: 18315627]
06-02 07:12:10.353   925 16439 V APM_AudioPolicyManager: setAppState(portId:200, state:1)
06-02 07:12:10.360   925 16439 V APM_AudioPolicyManager: setAppState(portId:200, state:1)
06-02 07:12:10.361  1433  1780 D BackgroundInstallControlService: Package event received: 0
06-02 07:12:10.363 20936 21617 I FirebaseMessaging: FirebaseApp has not being initialized. Device might be in direct boot mode. Skip exporting delivery metrics to Big Query
06-02 07:12:10.363 20936 21617 I SmpLog  : [SMP] message received : general
06-02 07:12:10.364 20936 21617 I SmpLog  : [SMP] reqId is empty. do not send ack
06-02 07:12:10.368   925 16439 V APM_AudioPolicyManager: setAppState(portId:200, state:1)
06-02 07:12:10.377   925 16439 V APM_AudioPolicyManager: setAppState(portId:200, state:1)
06-02 07:12:10.379  1433  2893 I NSLocationMonitor: getGPSUsingApps() called
06-02 07:12:10.379  2888  2910 I NSLocationManager_FLP: getGPSUsingApps, No change
06-02 07:12:10.385  1433  2893 D FreecessHandler: freeze com.whatsapp(10274) result : 2
06-02 07:12:10.394  1433  4352 D InputDispatcher: Inject motion (21618/2000): action=0x0, time=18072187000000, f=0x0, d=0 dsdx=1.000000 dtdx=0.000000
06-02 07:12:10.395  1433  1622 I InputDispatcher: Delivering touch to (1924): action: 0x4, f=0x0, d=0, '9339104', t=1 
06-02 07:12:10.395  1433  1622 I InputDispatcher: Delivering touch to (19343): action: 0x0, f=0x0, d=0, 'eac7a36', t=1 
06-02 07:12:10.395  1433  1465 I GestureDetector: obtain mCurrentDownEvent. id: -914539886 caller: com.android.server.wm.SystemGesturesPointerEventListener.onPointerEvent:17 com.android.server.wm.PointerEventDispatcher.onInputEvent:51 android.view.InputEventReceiver.dispatchInputEvent:392 
06-02 07:12:10.396  1433  1465 I GestureDetector: obtain mCurrentDownEvent. id: -914539886 caller: com.android.server.wm.SystemPerformancePointerEventListener.onPointerEvent:13 com.android.server.wm.PointerEventDispatcher.onInputEvent:51 android.view.InputEventReceiver.dispatchInputEvent:392 
06-02 07:12:10.396 19343 19343 I VRI[SalesActivity]@3d480d6: ViewPostIme pointer 0
06-02 07:12:10.396 19343 19343 I GestureDetector: obtain mCurrentDownEvent. id: -914539886 caller: io.sentry.android.core.internal.gestures.g.a:5 io.sentry.android.core.internal.gestures.g.dispatchTouchEvent:12 com.android.internal.policy.DecorView.dispatchTouchEvent:728 
06-02 07:12:10.396  3933  3933 I SemDvfsHyPerManager: acquire hyper - TATouchBoost/3933@21, type = -999
06-02 07:12:10.397  3933  3933 I SemDvfsHyPerManager: acquire hyper - TaskTurbo/3933@22, type = -999
06-02 07:12:10.397  1433  4352 D InputDispatcher: Inject motion (21618/2000): action=0x1, time=18072187000000, f=0x0, d=0 dsdx=1.000000 dtdx=0.000000
06-02 07:12:10.397  1433  1622 I InputDispatcher: Delivering touch to (19343): action: 0x1, f=0x0, d=0, 'eac7a36', t=1 
06-02 07:12:10.397   887   902 I HYPER-HAL: [RequestManager.cpp]acquire(): Acquired ID : 7819056  [3933 / 21]    HINT :      list : [TABoost / 40] [TIMEOUT / 1500] 
06-02 07:12:10.397   887   902 I HYPER-HAL: [RequestManager.cpp]acquire(): Acquired ID : 7823012  [3933 / 22]    HINT :      list : [TaskTurbo / 15] [TIMEOUT / 1500] 
06-02 07:12:10.397 19343 19343 I VRI[SalesActivity]@3d480d6: ViewPostIme pointer 1
06-02 07:12:10.397 19343 19343 I GestureDetector: obtain mCurrentMotionEventRaw. action: 1 id: -481596998
06-02 07:12:10.397  1433  1465 I GestureDetector: obtain mCurrentMotionEventRaw. action: 1 id: -481596998
06-02 07:12:10.398  1433  1465 I GestureDetector: obtain mCurrentMotionEventRaw. action: 1 id: -481596998
06-02 07:12:10.415   870 11872 W AudioALSACaptureDataProviderNormal: readThread, latency_in_s,0.000001,0.040383,0.000102, totalTime 0.040486 > logTimeout 0.022000 TIMEOUT!!
06-02 07:12:10.517  3933  3933 I SDHMS:LOAD: type: LoadsFreqs, value: 0:0:16:920000:2200000:700000:993999:2000000:650000:148:390:0
06-02 07:12:10.696  1433  1465 I GestureDetector: handleMessage TAP
06-02 07:12:10.696  1433  1433 I GestureDetector: handleMessage TAP
06-02 07:12:10.778  3933  5399 I SDHMS:x : SIOP:: AP:350 BAT:327 USB:330 CHG:355 PA:350 CP:351 WIFI:356 BLK:0 SUBBAT:0 SKIN:331 SKINF:325 SKINB:331 LRP:331 LRP2:331 LRF2:325 LRB2:331 AP2:331 CHG2:321 MEM2:331 WIFI2:330 SPK2:329 VAP05:348 AVGCUR:307 AVGSYS:0 POWER:1180
06-02 07:12:10.953 19343 19343 I View    : setRequestedFrameRate frameRate=NaN, this=androidx.compose.ui.platform.AndroidComposeView{d024ee5 VFED..... ........ 0,0-1080,2340 aid=1073741824}, caller=android.view.ViewGroup.setRequestedFrameRate:9952 fr.a:1 androidx.compose.ui.platform.AndroidComposeView.dispatchDraw:100 android.view.View.draw:26345 android.view.View.updateDisplayListIfDirty:25175 
06-02 07:12:10.954 19343 19343 I View    : setRequestedFrameRate frameRate=NaN, this=android.view.View{857b6a5 V.ED..... ........ 0,0-0,0}, caller=fr.a:1 androidx.compose.ui.platform.AndroidComposeView.dispatchDraw:109 android.view.View.draw:26345 android.view.View.updateDisplayListIfDirty:25175 android.view.ViewGroup.recreateChildDisplayList:4794 
06-02 07:12:10.967   945   945 I BufferQueueProducer: [com.lotterynet.pro/com.lotterynet.pro.ui.sales.SalesActivity$_19343#2649](this:0xb40000731b10ae38,id:-1,api:0,p:-1,c:945) queueBuffer: fps=21.49 dur=1954.14 max=1009.58 min=10.25
06-02 07:12:10.995   870 11872 W AudioALSACaptureDataProviderNormal: readThread, latency_in_s,0.000001,0.040084,0.000064, totalTime 0.040149 > logTimeout 0.022000 TIMEOUT!!
06-02 07:12:11.017   876  1253 I hwcomposer: [HWC] (0)fire a callback of refresh to SF[4]  
06-02 07:12:11.030   945   945 I BufferQueueProducer: [FramebufferSurface](this:0xb40000734f0f0370,id:-1,api:1,p:945,c:945) queueBuffer: fps=1.37 dur=1463.72 max=1009.56 min=454.15
06-02 07:12:11.031   876   876 I hwcomposer: [HWCDisplay] [Display_0 (type:1, mode:2)] fps:1.980802,dur:1009.69,max:949.12,min:60.57  
06-02 07:12:11.253  1085  1473 E thermal_core: Failed to read /sys/class/thermal/thermal_zone24/temp: Invalid argument
06-02 07:12:11.296  1090  1090 D data_transfer: waitConnection: socketFd=6
06-02 07:12:11.297  1090  1090 D data_transfer: clientlisten thread is running
06-02 07:12:11.297  1090  1090 D data_transfer: waitConnection: wait clientfd=-1
06-02 07:12:11.742   637   637 D io_stats: !@   8,32 r 10658609 142058052 w 892234 6376752 d 100153 3933756 f 35019 57301 iot 2639388 0 th 0 0 0 pt 0 inp 0 0 18073.535
06-02 07:12:11.898   887 21449 I HYPER-HAL: [RequestManager.cpp]releaseLocked(): Released ID : 7819056
06-02 07:12:11.899   887 21450 I mtkpower_client: perf_lock_rel, hdl:3712, tid:21450
06-02 07:12:11.900   887 21450 I HYPER-HAL: [RequestManager.cpp]releaseLocked(): Released ID : 7823012
06-02 07:12:11.901   895   941 I libPowerHal: [perfLockRel] hdl:3712, idx:0
06-02 07:12:11.902   895   941 I libPowerHal: [PD] vendor.samsung. update cmd:300c000 param:0
06-02 07:12:11.952 19343 19343 I View    : setRequestedFrameRate frameRate=NaN, this=androidx.compose.ui.platform.AndroidComposeView{d024ee5 VFED..... ........ 0,0-1080,2340 aid=1073741824}, caller=android.view.ViewGroup.setRequestedFrameRate:9952 fr.a:1 androidx.compose.ui.platform.AndroidComposeView.dispatchDraw:100 android.view.View.draw:26345 android.view.View.updateDisplayListIfDirty:25175 
06-02 07:12:11.952 19343 19343 I View    : setRequestedFrameRate frameRate=NaN, this=android.view.View{857b6a5 V.ED..... ........ 0,0-0,0}, caller=fr.a:1 androidx.compose.ui.platform.AndroidComposeView.dispatchDraw:109 android.view.View.draw:26345 android.view.View.updateDisplayListIfDirty:25175 android.view.ViewGroup.recreateChildDisplayList:4794 
06-02 07:12:11.978   945   945 I BufferQueueProducer: [com.lotterynet.pro/com.lotterynet.pro.ui.sales.SalesActivity$_19343#2649](this:0xb40000731b10ae38,id:-1,api:0,p:-1,c:945) queueBuffer: fps=0.99 dur=1011.20 max=1011.20 min=1011.20
06-02 07:12:12.028   876  1253 I hwcomposer: [HWC] (0)fire a callback of refresh to SF[4]  
06-02 07:12:12.041   945   945 I BufferQueueProducer: [FramebufferSurface](this:0xb40000734f0f0370,id:-1,api:1,p:945,c:945) queueBuffer: fps=0.99 dur=1011.27 max=1011.27 min=1011.27
06-02 07:12:12.042   876   876 I hwcomposer: [HWCDisplay] [Display_0 (type:1, mode:2)] fps:1.977839,dur:1011.20,max:950.90,min:60.31  
06-02 07:12:12.128  1433  3155 D SemWifiUsabilityStatsMonitor: onWifiUsabilityStats - seqNum 5847, isSameBssidAndFreq true
06-02 07:12:12.130  1433  1804 I SemWifiLinkQualityMonitor: Link stat: 0 / 0 / 1.00 (376) / 433 / -48.0 || 100.0 : 433.00 / 0.5 : 1.00 / 0.55 : 0.30 / G (G) || e31f063a5745: 0.121 / 65.934 / D || N N / 0 0 / Y 2.0 / Y X 0 / 18073921 0 || Invalid
06-02 07:12:12.298  1090  1090 D data_transfer: waitConnection: socketFd=6
06-02 07:12:12.298  1090  1090 D data_transfer: clientlisten thread is running
06-02 07:12:12.298  1090  1090 D data_transfer: waitConnection: wait clientfd=-1
06-02 07:12:12.953 19343 19343 I View    : setRequestedFrameRate frameRate=NaN, this=androidx.compose.ui.platform.AndroidComposeView{d024ee5 VFED..... ........ 0,0-1080,2340 aid=1073741824}, caller=android.view.ViewGroup.setRequestedFrameRate:9952 fr.a:1 androidx.compose.ui.platform.AndroidComposeView.dispatchDraw:100 android.view.View.draw:26345 android.view.View.updateDisplayListIfDirty:25175 
06-02 07:12:12.953 19343 19343 I View    : setRequestedFrameRate frameRate=NaN, this=android.view.View{857b6a5 V.ED..... ........ 0,0-0,0}, caller=fr.a:1 androidx.compose.ui.platform.AndroidComposeView.dispatchDraw:109 android.view.View.draw:26345 android.view.View.updateDisplayListIfDirty:25175 android.view.ViewGroup.recreateChildDisplayList:4794 
06-02 07:12:13.023   876  1253 I hwcomposer: [HWC] (0)fire a callback of refresh to SF[4]  
06-02 07:12:13.145  1433  1445 I system_server: Background concurrent mark compact GC freed 18MB AllocSpace bytes, 172(5620KB) LOS objects, 17% free, 115MB/139MB, paused 2.113ms,5.052ms total 468.245ms
06-02 07:12:13.298  1090  1090 D data_transfer: waitConnection: socketFd=6
06-02 07:12:13.299  1090  1090 D data_transfer: clientlisten thread is running
06-02 07:12:13.299  1090  1090 D data_transfer: waitConnection: wait clientfd=-1
06-02 07:12:13.332  1896  1896 I wpa_supplicant: Heartbeat 1802
06-02 07:12:13.397  1433  1526 D PowerManagerService: UserActivityStateListenerState: 0
06-02 07:12:13.399 19343 19343 I VRI[SalesActivity]@3d480d6: call setFrameRateCategory for touch hint category=no preference, reason=boost timeout, vri=VRI[SalesActivity]@3d480d6
06-02 07:12:13.412   945   945 I SurfaceFlinger: [com.lotterynet.pro/com.lotterynet.pro.ui.sales.SalesActivity$_19343#2649] setFrameRateCategory: NoPreference
06-02 07:12:13.413   945   945 E RefreshRateSelector: Can't find HRR max refresh rate by policy with the same group 0
06-02 07:12:13.744   637   637 D io_stats: !@   8,32 r 10658615 142058076 w 892234 6376752 d 100153 3933756 f 35019 57301 iot 2639400 0 th 0 0 0 pt 0 inp 0 0 18075.537
06-02 07:12:13.744   637   637 D io_stats: !@ Read_top(KB): c.android.sdhms(3933) 64 .lotterynet.pro(19343) 12 system_server(1433) 8
06-02 07:12:13.744   637   637 D io_stats: !@ Write_top(KB): kworker/u16:1(17411) 344 .lotterynet.pro(19343) 80 .gms.persistent(2560) 16
06-02 07:12:13.946 19343 19343 I View    : setRequestedFrameRate frameRate=NaN, this=androidx.compose.ui.platform.AndroidComposeView{d024ee5 VFED..... ........ 0,0-1080,2340 aid=1073741824}, caller=android.view.ViewGroup.setRequestedFrameRate:9952 fr.a:1 androidx.compose.ui.platform.AndroidComposeView.dispatchDraw:100 android.view.View.draw:26345 android.view.View.updateDisplayListIfDirty:25175 
06-02 07:12:13.946 19343 19343 I View    : setRequestedFrameRate frameRate=NaN, this=android.view.View{857b6a5 V.ED..... ........ 0,0-0,0}, caller=fr.a:1 androidx.compose.ui.platform.AndroidComposeView.dispatchDraw:109 android.view.View.draw:26345 android.view.View.updateDisplayListIfDirty:25175 android.view.ViewGroup.recreateChildDisplayList:4794 
06-02 07:12:13.965   945   945 I BufferQueueProducer: [com.lotterynet.pro/com.lotterynet.pro.ui.sales.SalesActivity$_19343#2649](this:0xb40000731b10ae38,id:-1,api:0,p:-1,c:945) queueBuffer: fps=1.01 dur=1987.43 max=998.97 min=988.46
06-02 07:12:13.969   876   876 I hwcomposer: [HWCDisplay] [Display_0 (type:1, mode:2)] fps:1.556975,dur:1926.81,max:937.65,min:57.99  
06-02 07:12:14.011   876  1253 I hwcomposer: [HWC] (0)fire a callback of refresh to SF[4]  
06-02 07:12:14.028   945   945 I BufferQueueProducer: [FramebufferSurface](this:0xb40000734f0f0370,id:-1,api:1,p:945,c:945) queueBuffer: fps=1.01 dur=1987.48 max=996.23 min=991.25
06-02 07:12:14.299  1090  1090 D data_transfer: waitConnection: socketFd=6
06-02 07:12:14.300  1090  1090 D data_transfer: clientlisten thread is running
06-02 07:12:14.300  1090  1090 D data_transfer: waitConnection: wait clientfd=-1
06-02 07:12:14.817 19343 19343 I View    : setRequestedFrameRate frameRate=NaN, this=androidx.compose.ui.platform.AndroidComposeView{d024ee5 VFED..... ........ 0,0-1080,2340 aid=1073741824}, caller=android.view.ViewGroup.setRequestedFrameRate:9952 fr.a:1 androidx.compose.ui.platform.AndroidComposeView.dispatchDraw:100 android.view.View.draw:26345 android.view.View.updateDisplayListIfDirty:25175 
06-02 07:12:14.817 19343 19343 I View    : setRequestedFrameRate frameRate=NaN, this=android.view.View{857b6a5 V.ED..... ........ 0,0-0,0}, caller=fr.a:1 androidx.compose.ui.platform.AndroidComposeView.dispatchDraw:109 android.view.View.draw:26345 android.view.View.updateDisplayListIfDirty:25175 android.view.ViewGroup.recreateChildDisplayList:4794 
06-02 07:12:14.888   876  1253 I hwcomposer: [HWC] (0)fire a callback of refresh to SF[4]  
06-02 07:12:14.958 19343 19343 I View    : setRequestedFrameRate frameRate=NaN, this=androidx.compose.ui.platform.AndroidComposeView{d024ee5 VFED..... ........ 0,0-1080,2340 aid=1073741824}, caller=android.view.ViewGroup.setRequestedFrameRate:9952 fr.a:1 androidx.compose.ui.platform.AndroidComposeView.dispatchDraw:100 android.view.View.draw:26345 android.view.View.updateDisplayListIfDirty:25175 
06-02 07:12:14.958 19343 19343 I View    : setRequestedFrameRate frameRate=NaN, this=android.view.View{857b6a5 V.ED..... ........ 0,0-0,0}, caller=fr.a:1 androidx.compose.ui.platform.AndroidComposeView.dispatchDraw:109 android.view.View.draw:26345 android.view.View.updateDisplayListIfDirty:25175 android.view.ViewGroup.recreateChildDisplayList:4794 
06-02 07:12:14.977   945   945 I BufferQueueProducer: [com.lotterynet.pro/com.lotterynet.pro.ui.sales.SalesActivity$_19343#2649](this:0xb40000731b10ae38,id:-1,api:0,p:-1,c:945) queueBuffer: fps=1.98 dur=1011.13 max=877.81 min=133.32
06-02 07:12:14.980   876   876 I hwcomposer: [HWCDisplay] [Display_0 (type:1, mode:2)] fps:3.956594,dur:1010.97,max:816.69,min:60.47  
06-02 07:12:15.024   876  1253 I hwcomposer: [HWC] (0)fire a callback of refresh to SF[4]  
06-02 07:12:15.040   945   945 I BufferQueueProducer: [FramebufferSurface](this:0xb40000734f0f0370,id:-1,api:1,p:945,c:945) queueBuffer: fps=1.98 dur=1011.47 max=877.76 min=133.71
06-02 07:12:15.145  1433  3155 D SemWifiUsabilityStatsMonitor: onWifiUsabilityStats - seqNum 5848, isSameBssidAndFreq true
06-02 07:12:15.147  1433  1804 I SemWifiLinkQualityMonitor: Link stat: 0 / 0 / 1.00 (659) / 433 / -48.0 || 100.0 : 433.00 / 0.5 : 1.00 / 0.55 : 0.30 / G (G) || e31f063a5745: 0.121 / 65.934 / D || N N / 0 0 / Y 2.0 / Y X 0 / 18076938 0 || Invalid
06-02 07:12:15.300  1090  1090 D data_transfer: waitConnection: socketFd=6
06-02 07:12:15.300  1090  1090 D data_transfer: clientlisten thread is running
06-02 07:12:15.300  1090  1090 D data_transfer: waitConnection: wait clientfd=-1
06-02 07:12:15.745   637   637 D io_stats: !@   8,32 r 10658627 142058144 w 892253 6376952 d 100153 3933756 f 35019 57302 iot 2639460 0 th 0 0 0 pt 0 inp 0 0 18077.538
06-02 07:12:15.961 19343 19343 I View    : setRequestedFrameRate frameRate=NaN, this=androidx.compose.ui.platform.AndroidComposeView{d024ee5 VFED..... ........ 0,0-1080,2340 aid=1073741824}, caller=android.view.ViewGroup.setRequestedFrameRate:9952 fr.a:1 androidx.compose.ui.platform.AndroidComposeView.dispatchDraw:100 android.view.View.draw:26345 android.view.View.updateDisplayListIfDirty:25175 
06-02 07:12:15.962 19343 19343 I View    : setRequestedFrameRate frameRate=NaN, this=android.view.View{857b6a5 V.ED..... ........ 0,0-0,0}, caller=fr.a:1 androidx.compose.ui.platform.AndroidComposeView.dispatchDraw:109 android.view.View.draw:26345 android.view.View.updateDisplayListIfDirty:25175 android.view.ViewGroup.recreateChildDisplayList:4794 
06-02 07:12:15.988   945   945 I BufferQueueProducer: [com.lotterynet.pro/com.lotterynet.pro.ui.sales.SalesActivity$_19343#2649](this:0xb40000731b10ae38,id:-1,api:0,p:-1,c:945) queueBuffer: fps=0.99 dur=1011.08 max=1011.08 min=1011.08
06-02 07:12:15.993   876   876 I hwcomposer: [HWCDisplay] [Display_0 (type:1, mode:2)] fps:1.974996,dur:1012.66,max:951.79,min:60.87  
06-02 07:12:16.034  2560 21368 D ConnectivityManager: StackLog: [android.net.ConnectivityManager.reportNetworkConnectivity(ConnectivityManager.java:3687)] [cdcv.a(:com.google.android.gms@261934035@26.19.34 (260400-919740205):15)] [cdfb.n(:com.google.android.gms@261934035@26.19.34 (260400-919740205):6)] [cdep.run(:com.google.android.gms@261934035@26.19.34 (260400-919740205):501)] [cdfm.run(:com.google.android.gms@261934035@26.19.34 (260400-919740205):5)] [hcpo.run(:com.google.android.gms@261934035@26.19.34 (260400-919740205):23)] [bklb.c(:com.google.android.gms@261934035@26.19.34 (260400-919740205):50)] [bklb.run(:com.google.android.gms@261934035@26.19.34 (260400-919740205):66)] [java.util.concurrent.ThreadPoolExecutor.runWorker(ThreadPoolExecutor.java:1154)] [java.util.concurrent.ThreadPoolExecutor$Worker.run(ThreadPoolExecutor.java:652)] [bkqs.run(:com.google.android.gms@261934035@26.19.34 (260400-919740205):8)] [java.lang.Thread.run(Thread.java:1564)]
06-02 07:12:16.035   876  1253 I hwcomposer: [HWC] (0)fire a callback of refresh to SF[4]  
06-02 07:12:16.036  2560 21368 I AlarmManager: setExactAndAllowWhileIdle [name: GCM_HB_ALARM type: 2 triggerAtMillis: 18921326]
06-02 07:12:16.037  1433  2205 D AlarmManager: force change alarm method to setWindow() callingUid=10217, sourcePackage=com.google.android.gms, action=com.google.android.gms.gcm.HEARTBEAT_ALARM, origTriggerAtTime=18921326, triggerAtTime=18561327, windowLength=359999
06-02 07:12:16.049   945   945 I BufferQueueProducer: [FramebufferSurface](this:0xb40000734f0f0370,id:-1,api:1,p:945,c:945) queueBuffer: fps=0.99 dur=1009.54 max=1009.54 min=1009.54
06-02 07:12:16.051  2560 21395 W ChimeraUtils: Module com.google.android.gms.gcm missing resource null(0)
06-02 07:12:16.058  2560 21395 I AlarmManager: setExactAndAllowWhileIdle [name: FcmRetry type: 2 triggerAtMillis: 18321347]
06-02 07:12:16.061  2560 21368 I AlarmManager: setExactAndAllowWhileIdle [name: GCM_HB_ALARM type: 2 triggerAtMillis: 18921351]
06-02 07:12:16.062  1433  2192 D AlarmManager: force change alarm method to setWindow() callingUid=10217, sourcePackage=com.google.android.gms, action=com.google.android.gms.gcm.HEARTBEAT_ALARM, origTriggerAtTime=18921351, triggerAtTime=18561352, windowLength=359999
06-02 07:12:16.066   925  2616 V APM_AudioPolicyManager: setAppState(portId:200, state:1)
06-02 07:12:16.070  1433  1780 D BackgroundInstallControlService: Package event received: 0
06-02 07:12:16.075   925  2616 V APM_AudioPolicyManager: setAppState(portId:200, state:1)
06-02 07:12:16.079 20936 21628 I FirebaseMessaging: FirebaseApp has not being initialized. Device might be in direct boot mode. Skip exporting delivery metrics to Big Query
06-02 07:12:16.080 20936 21628 I SmpLog  : [SMP] message received : general
06-02 07:12:16.080 20936 21628 I SmpLog  : [SMP] reqId is empty. do not send ack
06-02 07:12:16.083   925  2616 V APM_AudioPolicyManager: setAppState(portId:200, state:1)
06-02 07:12:16.088   925  2616 V APM_AudioPolicyManager: setAppState(portId:200, state:1)
06-02 07:12:16.097   925  2616 V APM_AudioPolicyManager: setAppState(portId:200, state:1)
06-02 07:12:16.106   862   862 D Zygote  : Forked child process 21629
06-02 07:12:16.106  1433  1477 D DeviceReportingSecurityChecker: getStatus
06-02 07:12:16.106  1433  1477 D DeviceReportingSecurityChecker: mIsICDStatus is true
06-02 07:12:16.106  1433  1477 D DeviceReportingSecurityChecker: mIsEchoAppSignature is true
06-02 07:12:16.106  1433  1477 D DeviceReportingSecurityChecker: security check NOT passed
06-02 07:12:16.106  1433  1477 D DeviceReportingSecurityChecker: mIsICDStatus === true mIsSim == false mIsMyAccountSignature== false mIsEchoAppSignature== true mIsSprintHubSignature== false
06-02 07:12:16.107  1433  1477 I ActivityManager: Start proc 21629:com.sec.android.app.sbrowser:sandboxed_process0:org.chromium.content.app.SandboxedProcessService0:7/u0i706 for service {com.sec.android.app.sbrowser/org.chromium.content.app.SandboxedProcessService0:7}
06-02 07:12:16.107  1433  1477 I ActivityManager: ProcessObserver broadcast disabled
06-02 07:12:16.129 21629 21629 I ocessService0:7: Using CollectorTypeCMC GC.
06-02 07:12:16.157   925  2616 V APM_AudioPolicyManager: setAppState(portId:200, state:1)
06-02 07:12:16.188 21629 21629 I CapsuleProvider_1.1.3: releasing initialize wait lock.
06-02 07:12:16.188 21629 21629 I Sbixby_1.1.3: initialized
06-02 07:12:16.190  1433  2192 I ActivityManager: Changes in 99706 19 to 10, 0 to 128
06-02 07:12:16.192   925  2616 V APM_AudioPolicyManager: setAppState(portId:200, state:1)
06-02 07:12:16.195 21629 21629 I cr_ChildProcessService: Creating new ChildProcessService pid=21629
06-02 07:12:16.200  1433  4352 I ActivityManager: Killing 20386:com.samsung.android.app.contacts/u150a106 (adj 975): empty #17
06-02 07:12:16.202  1433  1481 D DeviceReportingSecurityChecker: getStatus
06-02 07:12:16.202  1433  1481 D DeviceReportingSecurityChecker: mIsICDStatus is true
06-02 07:12:16.202  1433  1481 D DeviceReportingSecurityChecker: mIsEchoAppSignature is true
06-02 07:12:16.202  1433  1481 D DeviceReportingSecurityChecker: security check NOT passed
06-02 07:12:16.202  1433  1481 D DeviceReportingSecurityChecker: mIsICDStatus === true mIsSim == false mIsMyAccountSignature== false mIsEchoAppSignature== true mIsSprintHubSignature== false
06-02 07:12:16.204   925  2616 V APM_AudioPolicyManager: setAppState(portId:200, state:1)
06-02 07:12:16.241   862   862 I Zygote  : Process 20386 exited due to signal 9 (Killed)
06-02 07:12:16.243  1433  1478 I libprocessgroup: Removed cgroup /sys/fs/cgroup/apps/uid_15010106/pid_20386
06-02 07:12:16.301  1090  1090 D data_transfer: waitConnection: socketFd=6
06-02 07:12:16.301  1090  1090 D data_transfer: clientlisten thread is running
06-02 07:12:16.301  1090  1090 D data_transfer: waitConnection: wait clientfd=-1
06-02 07:12:16.333 21629 21641 I cr_LibraryLoader: Successfully loaded native library
06-02 07:12:16.334 21629 21641 I cr_CachingUmaRecorder: Flushed 2 samples from 2 histograms, 0 samples were dropped.
06-02 07:12:16.337 21629 21641 W chromium: WARNING:content/app/android/content_main_android.cc:82] android_setCpu already initialized
06-02 07:12:16.392  1433  2893 I NSLocationMonitor: getGPSUsingApps() called
06-02 07:12:16.392  2888  2910 I NSLocationManager_FLP: getGPSUsingApps, No change
06-02 07:12:16.395  1433  2893 W Binder  : Outgoing transactions from this process must be FLAG_ONEWAY
06-02 07:12:16.395  1433  2893 W Binder  : java.lang.Throwable
06-02 07:12:16.395  1433  2893 W Binder  : 	at android.os.BinderProxy.transact(BinderProxy.java:566)
06-02 07:12:16.395  1433  2893 W Binder  : 	at android.bluetooth.IBluetoothGatt$Stub$Proxy.getAdvertisingSetUids(IBluetoothGatt.java:1678)
06-02 07:12:16.395  1433  2893 W Binder  : 	at android.bluetooth.BluetoothAdapter.getAdvertisingSetUids(BluetoothAdapter.java:8476)
06-02 07:12:16.395  1433  2893 W Binder  : 	at android.bluetooth.BluetoothAdapter.getHWUsingApps(BluetoothAdapter.java:1342)
06-02 07:12:16.395  1433  2893 W Binder  : 	at com.android.server.am.mars.filter.filter.BlueToothConnectedFilter.updateBTUsingPackages(qb/109132888 b55fd9bfe7ec14de9d79caec4902994123ff5f40a08c24261808127e3cdb950e:22)
06-02 07:12:16.395  1433  2893 W Binder  : 	at com.android.server.am.FreecessController.freeze(qb/109132888 b55fd9bfe7ec14de9d79caec4902994123ff5f40a08c24261808127e3cdb950e:117)
06-02 07:12:16.395  1433  2893 W Binder  : 	at com.android.server.am.FreecessHandler$MainHandler.handleLcdOnFreeze(qb/109132888 b55fd9bfe7ec14de9d79caec4902994123ff5f40a08c24261808127e3cdb950e:55)
06-02 07:12:16.395  1433  2893 W Binder  : 	at com.android.server.am.FreecessHandler$MainHandler.handleMessage(qb/109132888 b55fd9bfe7ec14de9d79caec4902994123ff5f40a08c24261808127e3cdb950e:793)
06-02 07:12:16.395  1433  2893 W Binder  : 	at android.os.Handler.dispatchMessage(Handler.java:110)
06-02 07:12:16.395  1433  2893 W Binder  : 	at android.os.Looper.loopOnce(Looper.java:273)
06-02 07:12:16.395  1433  2893 W Binder  : 	at android.os.Looper.loop(Looper.java:363)
06-02 07:12:16.395  1433  2893 W Binder  : 	at android.os.HandlerThread.run(HandlerThread.java:85)
06-02 07:12:16.402  1433  2893 D MARs:ActiveTrafficFilter: filter : com.whatsapp(0)
06-02 07:12:16.402  1433  2893 D FreecessHandler: freeze com.whatsapp(10274) result : 8
06-02 07:12:16.432 21629 21641 I chromium: INFO:extensions/renderer/dispatcher.cc:1652] CreateBindingsSystem
06-02 07:12:16.510   898   926 E BatteryDump: !@new_battery_dump : 3832,112,475,550,44,327,330,356,0,0,329,356,0,Charging,NO_CHARGING,Normal,Good,USB,1,Normal,0,0,9600,0x0,0x10000,0x0,0,0,0000,0000,00000000,0,0,0,0,567,3832000,440,0,0,
06-02 07:12:16.515   898   898 I sehhealth-service: updateLrpSysfs: write: 331
06-02 07:12:16.559 20936 20936 I TinNotificationPlatformBridge: displayNotification Type:0 , Title:Marie (27)
06-02 07:12:16.560  1433  4352 D TrafficStateDatabaseController: onDnsEvent():  objTrafficStats.size= 81, mInsertList= true
06-02 07:12:16.561  1902  1911 E PhoneInterfaceManager: getServiceStateForSlot retuning null for invalid slotIndex=-1
06-02 07:12:16.566 20936 20936 I chromium: INFO:CONSOLE:17] "Uncaught (in promise) TypeError: Failed to fetch", source: https://xxxxxxxxxxxxxxxxxxxxxxxxxxxxxx (17)
06-02 07:12:16.568  1433  1856 D NetdEventListenerService: DNS Requested by 100, 10202(com.sec.android.app.sbrowser), 7(NODATA), isBlocked=false, 6ms
06-02 07:12:16.615 20936 20936 I NotificationManager: com.sec.android.app.sbrowser: notify(0, p#https://yourfantasys.com/#03531461, Notification(channel=SBROWSER_WEBSITES_NOTIFICATION_CHANNEL shortcut=null contentView=null vibrate=null sound=null defaults=0 flags=ONLY_ALERT_ONCE|AUTO_CANCEL|LOCAL_ONLY|GROUP_SUMMARY color=0xff695df2 groupKey=SBROWSER_WEBPUSH_NOTIFICATION_GROUP vis=PRIVATE semFlags=0x0 semPriority=0 semMissedCount=0)) as user
06-02 07:12:16.618  1433  2192 E NotificationService: isPkgBlocked = false
06-02 07:12:16.618  1433  2192 E NotificationService: isRecordBlocked = true
06-02 07:12:16.618  1433  2192 E NotificationService: Suppressing notification from package com.sec.android.app.sbrowser by user request.
06-02 07:12:16.620 20936 20936 I NotificationManager: com.sec.android.app.sbrowser: notify(-1, p#https://yourfantasys.com/#03531461, Notification(channel=SBROWSER_WEBSITES_NOTIFICATION_CHANNEL shortcut=null contentView=null vibrate=default sound=default tick defaults=ALL flags=SHOW_LIGHTS|ONLY_ALERT_ONCE|AUTO_CANCEL color=0xff695df2 groupKey=SBROWSER_WEBPUSH_NOTIFICATION_GROUP actions=1 vis=PRIVATE semFlags=0x0 semPriority=0 semMissedCount=0)) as user
06-02 07:12:16.625  1433  2192 E NotificationService: isPkgBlocked = false
06-02 07:12:16.625  1433  2192 E NotificationService: isRecordBlocked = true
06-02 07:12:16.625  1433  2192 E NotificationService: Suppressing notification from package com.sec.android.app.sbrowser by user request.
06-02 07:12:16.710 21653 21653 W screencap: Thread Pool max thread count is 0. Cannot cache binder as linkToDeath cannot be implemented. serviceName: SurfaceFlingerAIDL
06-02 07:12:16.713 21653 21653 W BpBinder: Linking to death on android.gui.ISurfaceComposer but there are no threads (yet?) listening to incoming transactions. See ProcessState::startThreadPool and ProcessState::setThreadPoolMaxThreadCount. Generally you should setup the binder threadpool before other initialization steps.
06-02 07:12:16.714 21653 21653 W screencap: Thread Pool max thread count is 0. Cannot cache binder as linkToDeath cannot be implemented. serviceName: edmnativehelper
06-02 07:12:16.715  1433  2192 I EDMNativeHelperService: isScreenCaptureEnabled
06-02 07:12:16.717  1433  2192 D RestrictionPolicy: isScreenCaptureEnabled : ret=true userId=0
06-02 07:12:16.717 21653 21653 W ProcessState: Extra binder thread started, but 0 threads requested. Do not use *startThreadPool when zero threads are requested.
06-02 07:12:16.718 21653 21653 I SurfaceComposerClient: captureDisplay:Display-4627039422300187648
06-02 07:12:16.721   945   994 I SurfaceFlinger: Capture layer list: 	 com.lotterynet.pro/com.lotterynet.pro.ui.sales.SalesActivity$_19343#2649(seamlessTransition:0)
06-02 07:12:16.721   945   994 I SurfaceFlinger: Capture layer list: 	 StatusBar$_1924#100(seamlessTransition:0)
06-02 07:12:16.721   945   994 I SurfaceFlinger: Capture layer list: 	 NavigationBar0$_1924#96(seamlessTransition:0)
06-02 07:12:16.735   870 11872 W AudioALSACaptureDataProviderNormal: readThread, latency_in_s,0.000001,0.039987,0.000080, totalTime 0.040067 > logTimeout 0.022000 TIMEOUT!!
06-02 07:12:16.914 21653 21653 I DMABUFHEAPS: Using DMA-BUF heap named: mtk_mm
06-02 07:12:16.914 21653 21653 I DMABUFHEAPS: Using DMA-BUF heap named: mtk_mm-uncached
06-02 07:12:16.914 21653 21653 I DMABUFHEAPS: Using DMA-BUF heap named: mtk_svp_region-aligned
06-02 07:12:16.914 21653 21653 I DMABUFHEAPS: Using DMA-BUF heap named: mtk_prot_region-aligned
06-02 07:12:16.914 21653 21653 I DMABUFHEAPS: Using DMA-BUF heap named: mtk_2d_fr_region
06-02 07:12:16.914 21653 21653 I DMABUFHEAPS: Using DMA-BUF heap named: mtk_wfd_region-aligned
06-02 07:12:16.962 19343 19343 I View    : setRequestedFrameRate frameRate=NaN, this=androidx.compose.ui.platform.AndroidComposeView{d024ee5 VFED..... ........ 0,0-1080,2340 aid=1073741824}, caller=android.view.ViewGroup.setRequestedFrameRate:9952 fr.a:1 androidx.compose.ui.platform.AndroidComposeView.dispatchDraw:100 android.view.View.draw:26345 android.view.View.updateDisplayListIfDirty:25175 
06-02 07:12:16.962 19343 19343 I View    : setRequestedFrameRate frameRate=NaN, this=android.view.View{857b6a5 V.ED..... ........ 0,0-0,0}, caller=fr.a:1 androidx.compose.ui.platform.AndroidComposeView.dispatchDraw:109 android.view.View.draw:26345 android.view.View.updateDisplayListIfDirty:25175 android.view.ViewGroup.recreateChildDisplayList:4794 
06-02 07:12:17.035   876  1253 I hwcomposer: [HWC] (0)fire a callback of refresh to SF[4]  
06-02 07:12:17.047   876   876 I hwcomposer: [HWCDisplay] [Display_0 (type:1, mode:2)] fps:2.843727,dur:1054.95,max:940.12,min:57.16  
06-02 07:12:17.172 21653 21653 W RefBase : RefBase: Explicit destruction, weak count = 0 (in 0x7636df5838). Use sp<> to manage this object. Note - if weak count is 0, this leaks mRefs (weakref_impl).
06-02 07:12:17.179 21653 21653 D RefBase :   #00 pc 00000000000ab1b0  /apex/com.android.runtime/lib64/bionic/libc.so (__cxa_finalize+144) (BuildId: 39d1497b7605b6389fe7c9e36a557060)
06-02 07:12:17.179 21653 21653 D RefBase :   #01 pc 00000000000af8a4  /apex/com.android.runtime/lib64/bionic/libc.so (exit+36) (BuildId: 39d1497b7605b6389fe7c9e36a557060)
06-02 07:12:17.179 21653 21653 D RefBase :   #02 pc 00000000000a374c  /apex/com.android.runtime/lib64/bionic/libc.so (__libc_init+124) (BuildId: 39d1497b7605b6389fe7c9e36a557060)
06-02 07:12:17.301  1090  1090 D data_transfer: waitConnection: socketFd=6
06-02 07:12:17.301  1090  1090 D data_transfer: clientlisten thread is running
06-02 07:12:17.301  1090  1090 D data_transfer: waitConnection: wait clientfd=-1
06-02 07:12:17.313  1902  2341 D SatelliteController: isInCarrierRoamingNbIotNtn: satellite is disabled
06-02 07:12:17.446 21660 21660 D AndroidRuntime: >>>>>> START com.android.internal.os.RuntimeInit uid 2000 <<<<<<
06-02 07:12:17.455 21660 21660 I app_process: MMAP_TRYLOCK is supported in uffd errno:2 addr:0x7c19e1e000 size:4096
06-02 07:12:17.457 21660 21660 I AndroidRuntime: Using default boot image
06-02 07:12:17.457 21660 21660 I AndroidRuntime: Leaving lock profiling enabled
06-02 07:12:17.461 21660 21660 I app_process: Using CollectorTypeCMC GC.
06-02 07:12:17.575 21660 21660 D nativeloader: InitDefaultPublicLibraries for_preload=1: libandroid.so:libaaudio.so:libamidi.so:libbinder_ndk.so:libc.so:libcamera2ndk.so:libdl.so:libEGL.so:libGLESv1_CM.so:libGLESv2.so:libGLESv3.so:libicu.so:libicui18n.so:libicuuc.so:libjnigraphics.so:liblog.so:libmediandk.so:libm.so:libnativehelper.so:libnativewindow.so:libOpenMAXAL.so:libOpenSLES.so:libRS.so:libstdc++.so:libsync.so:libvulkan.so:libwebviewchromium_plat_support.so:libz.so
06-02 07:12:17.593 21660 21660 D nativeloader: Load libicu_jni.so using APEX ns com_android_art for caller /apex/com.android.art/javalib/core-oj.jar: ok
06-02 07:12:17.593 21660 21660 D app_process: u_setTimeZoneFilesDirectory("/apex/com.android.tzdata/etc/tz/versioned/9/icu") succeeded. 
06-02 07:12:17.593 21660 21660 D app_process: I18n APEX ICU file found: /apex/com.android.i18n/etc/icu/icudt76l.dat
06-02 07:12:17.594 21660 21660 D nativeloader: Load libjavacore.so using APEX ns com_android_art for caller /apex/com.android.art/javalib/core-oj.jar: ok
06-02 07:12:17.596 21660 21660 D nativeloader: Load libopenjdk.so using APEX ns com_android_art for caller /apex/com.android.art/javalib/core-oj.jar: ok
06-02 07:12:17.598 21660 21660 I app_process: Priority-to-niceness mapping: 19, 16, 13, 10, 0, -2, -4, -5, -6, -8
06-02 07:12:17.624 21660 21660 E SemDvfsManager_JNI: SemDvfsManager: registerfunction enter
06-02 07:12:17.625 21660 21660 E SemAffinityControl: SemAffinityControl: registerfunction enter
06-02 07:12:17.643 21660 21660 D nativeloader: Load libframework-connectivity-tiramisu-jni.so using APEX ns com_android_tethering for caller /apex/com.android.tethering/javalib/framework-connectivity-t.jar: ok
06-02 07:12:17.643 21660 21660 D AndroidRuntime: Calling main entry com.android.commands.uiautomator.Launcher
06-02 07:12:17.649 21660 21660 W PlatformAconfigPackage: android.os.flagging.AconfigStorageReadException: ERROR_CANNOT_READ_STORAGE_FILE: Fail to mmap storage
06-02 07:12:17.649 21660 21660 I AconfigPackage: com.android.wifi.flags is mapped to com.android.wifi
06-02 07:12:17.650 21660 21660 I AconfigPackage: com.android.org.conscrypt.flags is mapped to com.android.conscrypt
06-02 07:12:17.650 21660 21660 I AconfigPackage: com.android.org.conscrypt.net.flags is mapped to com.android.conscrypt
06-02 07:12:17.650 21660 21660 I AconfigPackage: com.android.adservices.ondevicepersonalization.flags is mapped to com.android.ondevicepersonalization
06-02 07:12:17.650 21660 21660 I AconfigPackage: com.android.permission.flags is mapped to com.android.permission
06-02 07:12:17.650 21660 21660 I AconfigPackage: com.android.permissioncontroller.flags is mapped to com.android.permission
06-02 07:12:17.651 21660 21660 I AconfigPackage: com.android.art.flags is mapped to com.android.art
06-02 07:12:17.651 21660 21660 I AconfigPackage: com.android.art.rw.flags is mapped to com.android.art
06-02 07:12:17.651 21660 21660 I AconfigPackage: com.android.libcore is mapped to com.android.art
06-02 07:12:17.651 21660 21660 I AconfigPackage: com.android.bluetooth.flags is mapped to com.android.bt
06-02 07:12:17.651 21660 21660 I AconfigPackage: com.android.uwb.flags is mapped to com.android.uwb
06-02 07:12:17.651 21660 21660 I AconfigPackage: com.android.ranging.flags is mapped to com.android.uwb
06-02 07:12:17.651 21660 21660 I AconfigPackage: com.android.cellbroadcastreceiver.flags is mapped to com.android.cellbroadcast
06-02 07:12:17.652 21660 21660 I AconfigPackage: com.android.adbd.flags is mapped to com.android.adbd
06-02 07:12:17.652 21660 21660 I AconfigPackage: android.graphics.pdf.flags is mapped to com.android.mediaprovider
06-02 07:12:17.652 21660 21660 I AconfigPackage: com.android.providers.media.flags is mapped to com.android.mediaprovider
06-02 07:12:17.652 21660 21660 I AconfigPackage: android.graphics.pdf.flags.readonly is mapped to com.android.mediaprovider
06-02 07:12:17.652 21660 21660 I AconfigPackage: com.android.ipsec.flags is mapped to com.android.ipsec
06-02 07:12:17.653 21660 21660 I AconfigPackage: com.android.appsearch.flags is mapped to com.android.appsearch
06-02 07:12:17.653 21660 21660 I AconfigPackage: com.android.os.statsd.flags is mapped to com.android.os.statsd
06-02 07:12:17.653 21660 21660 I AconfigPackage: com.android.adservices.flags is mapped to com.android.adservices
06-02 07:12:17.653 21660 21660 I AconfigPackage: com.android.sdksandbox.flags is mapped to com.android.adservices
06-02 07:12:17.653 21660 21660 I AconfigPackage: com.android.rkpd.flags is mapped to com.android.rkpd
06-02 07:12:17.654 21660 21660 I AconfigPackage: com.android.system.virtualmachine.flags is mapped to com.android.virt
06-02 07:12:17.654 21660 21660 I AconfigPackage: android.media.swcodec.flags is mapped to com.android.media.swcodec
06-02 07:12:17.654 21660 21660 I AconfigPackage: com.android.media.extractor.flags is mapped to com.android.media
06-02 07:12:17.654 21660 21660 I AconfigPackage: com.android.media.mainline.flags is mapped to com.android.media
06-02 07:12:17.654 21660 21660 I AconfigPackage: android.os.profiling is mapped to com.android.profiling
06-02 07:12:17.654 21660 21660 I AconfigPackage: android.uprobestats.mainline.flags is mapped to com.android.uprobestats
06-02 07:12:17.655 21660 21660 I AconfigPackage: com.android.healthfitness.flags is mapped to com.android.healthfitness
06-02 07:12:17.655 21660 21660 I AconfigPackage: android.provider.flags is mapped to com.android.configinfrastructure
06-02 07:12:17.655 21660 21660 I AconfigPackage: com.android.server.deviceconfig is mapped to com.android.configinfrastructure
06-02 07:12:17.655 21660 21660 I AconfigPackage: com.android.tethering.mainline.beta is mapped to com.android.tethering
06-02 07:12:17.655 21660 21660 I AconfigPackage: android.net.http is mapped to com.android.tethering
06-02 07:12:17.655 21660 21660 I AconfigPackage: com.android.tethering.readonly.flags is mapped to com.android.tethering
06-02 07:12:17.655 21660 21660 I AconfigPackage: android.net.vcn is mapped to com.android.tethering
06-02 07:12:17.655 21660 21660 I AconfigPackage: com.android.net.flags is mapped to com.android.tethering
06-02 07:12:17.655 21660 21660 I AconfigPackage: com.android.tethering.flags is mapped to com.android.tethering
06-02 07:12:17.655 21660 21660 I AconfigPackage: com.android.tethering.beta.test is mapped to com.android.tethering
06-02 07:12:17.655 21660 21660 I AconfigPackage: com.android.nearby.flags is mapped to com.android.tethering
06-02 07:12:17.655 21660 21660 I AconfigPackage: com.android.net.thread.flags is mapped to com.android.tethering
06-02 07:12:17.655 21660 21660 I AconfigPackage: com.android.net.ct.flags is mapped to com.android.tethering
06-02 07:12:17.656 21660 21660 I AconfigPackage: com.android.devicelock.flags is mapped to com.android.devicelock
06-02 07:12:17.656 21660 21660 I AconfigPackage: com.android.icu is mapped to com.android.i18n
06-02 07:12:17.656 21660 21660 E FeatureFlagsImplExport: android.os.flagging.AconfigStorageReadException: ERROR_PACKAGE_NOT_FOUND: package android.xr cannot be found on the device
06-02 07:12:17.658 21660 21660 D UiAutomationConnection: Created on user UserHandle{0}
06-02 07:12:17.658 21660 21660 I UiAutomation: Initialized for user 0 on display 0
06-02 07:12:17.658 21660 21660 W UiAutomation: Created with deprecatead constructor, assumes DEFAULT_DISPLAY
06-02 07:12:17.661  1433  2192 D AccessibilityManagerService: changeCurrentUserForTestAutomationIfNeededLocked(0): ignoring because device doesn't support visible background users
06-02 07:12:17.661  1433  2192 I UiAutomationManager: Registering UiTestAutomationService (id=com.android.server.accessibility/UiAutomation, flags=0x0) when called by user 0
06-02 07:12:17.661  1433  2192 V AccessibilityManagerService: onUserStateChangedLocked for userId: 0, forceUpdate: false
06-02 07:12:17.661  1433  2192 D KNOX_MDM_SettingsProvider: isChangeAllowed() : name = accessibility_enabled
06-02 07:12:17.662  1433  2192 D SettingsProvider: PUT_ret(/secure/accessibility_enabled), callingPackage:android
06-02 07:12:17.663  1433  2192 D MagnificationConnectionManager: requestConnection :false mConnectionState : 3
06-02 07:12:17.663  1433  2192 W MagnificationConnectionManager: requestConnection duplicated request: connect=false, mConnectionState=DISCONNECTED
06-02 07:12:17.667   945   994 I SurfaceFlinger: id=2657 createSurf, flag=84004, WindowToken{d0bae6c type=2032 android.os.Binder@f3c9b1f}#2657
06-02 07:12:17.670  2570 18735 I HoneySpace.GlobalSettingDataSourceImpl: Setting accessibility_enabled changed to 1
06-02 07:12:17.674  1433  4352 V AccessibilityManagerService: onUserStateChangedLocked for userId: 0, forceUpdate: false
06-02 07:12:17.675  1433  1433 D BatterySaverPolicy: accessibility changed to true, updating policy.
06-02 07:12:17.678  1433  4352 D KNOX_MDM_SettingsProvider: isChangeAllowed() : name = accessibility_enabled
06-02 07:12:17.678   870 11872 W AudioALSACaptureDataProviderNormal: readThread, latency_in_s,0.000001,0.022841,0.000039, totalTime 0.022880 > logTimeout 0.022000 TIMEOUT!!
06-02 07:12:17.678  1433  4352 D SettingsProvider: PUT_ret(/secure/accessibility_enabled), callingPackage:android
06-02 07:12:17.680  1433  4352 D MagnificationConnectionManager: requestConnection :false mConnectionState : 3
06-02 07:12:17.680  1433  4352 W MagnificationConnectionManager: requestConnection duplicated request: connect=false, mConnectionState=DISCONNECTED
06-02 07:12:17.686   945   945 I SurfaceFlinger: RequestedLayer [WindowToken{d0bae6c type=2032 android.os.Binder@f3c9b1f}#2657] hidden!! flag  from(1) --> to(0)
06-02 07:12:17.686   945   945 I SurfaceFlinger: [WindowToken{d0bae6c type=2032 android.os.Binder@f3c9b1f}#2657] attach to parent LayerHierarchy{RequestedLayerState{Leaf:26:31#38 parentId=37} 3 children}
06-02 07:12:17.689  6507  6507 I SAMSUNGWALLET[US]: [WalletStartup] Screen reader is enabled
06-02 07:12:17.689  1433  1433 I AccessibilityManagerService: semIsAccessibilityServiceEnabled()
